Archive member included to satisfy reference by file (symbol)

C:/Applications/Microchip/XC32/bin/bin/../../lib/gcc/pic32c/13.2.1/../../../../pic32c/lib/thumb/v6-m/nofp\libpic32c.a(data_init.o)
                              build/default/production/_ext/1171490990/startup_xc32.o (__pic32c_data_initialization)
C:/Applications/Microchip/XC32/bin/bin/../../lib/gcc/pic32c/13.2.1/../../../../pic32c/lib/thumb/v6-m/nofp\libc-size-musl.a(memcmp.o)
                              build/default/production/_ext/1857064221/winc_dev.o (memcmp)
C:/Applications/Microchip/XC32/bin/bin/../../lib/gcc/pic32c/13.2.1/../../../../pic32c/lib/thumb/v6-m/nofp\libc-size-musl.a(memcpy.o)
                              build/default/production/_ext/622324608/wdrv_winc_spi.o (memcpy)
C:/Applications/Microchip/XC32/bin/bin/../../lib/gcc/pic32c/13.2.1/../../../../pic32c/lib/thumb/v6-m/nofp\libc-size-musl.a(memmove.o)
                              build/default/production/_ext/1857064221/winc_socket.o (memmove)
C:/Applications/Microchip/XC32/bin/bin/../../lib/gcc/pic32c/13.2.1/../../../../pic32c/lib/thumb/v6-m/nofp\libc-size-musl.a(memset.o)
                              build/default/production/_ext/1857064221/winc_cmds.o (memset)
C:/Applications/Microchip/XC32/bin/bin/../../lib/gcc/pic32c/13.2.1/../../../../pic32c/lib/thumb/v6-m/nofp\libc-size-musl.a(strlen.o)
                              build/default/production/_ext/1857064221/winc_socket.o (strlen)
C:/Applications/Microchip/XC32/bin/bin/../../lib/gcc/pic32c/13.2.1/../../../../pic32c/lib/thumb/v6-m/nofp\libc-size-musl.a(strstr.o)
                              build/default/production/_ext/634868841/sys_wincs_wifi_service.o (strstr)
C:/Applications/Microchip/XC32/bin/bin/../../lib/gcc/pic32c/13.2.1/../../../../pic32c/lib/thumb/v6-m/nofp\libc-size-musl.a(strchr.o)
                              build/default/production/_ext/1706628858/wdrv_winc_ota.o (strchr)
C:/Applications/Microchip/XC32/bin/bin/../../lib/gcc/pic32c/13.2.1/../../../../pic32c/lib/thumb/v6-m/nofp\libc-size-musl.a(strchrnul.o)
                              C:/Applications/Microchip/XC32/bin/bin/../../lib/gcc/pic32c/13.2.1/../../../../pic32c/lib/thumb/v6-m/nofp\libc-size-musl.a(strchr.o) (__strchrnul)
C:/Applications/Microchip/XC32/bin/bin/../../lib/gcc/pic32c/13.2.1/../../../../pic32c/lib/thumb/v6-m/nofp\libc-size-musl.a(strcpy.o)
                              build/default/production/_ext/1857064221/winc_socket.o (strcpy)
C:/Applications/Microchip/XC32/bin/bin/../../lib/gcc/pic32c/13.2.1/../../../../pic32c/lib/thumb/v6-m/nofp\libc-size-musl.a(strncmp.o)
                              build/default/production/_ext/1857064221/winc_tables.o (strncmp)
C:/Applications/Microchip/XC32/bin/bin/../../lib/gcc/pic32c/13.2.1/../../../../pic32c/lib/thumb/v6-m/nofp\libc-size-musl.a(strncpy.o)
                              build/default/production/_ext/1706628858/wdrv_winc_utils.o (strncpy)
C:/Applications/Microchip/XC32/bin/bin/../../lib/gcc/pic32c/13.2.1/../../../../pic32c/lib/thumb/v6-m/nofp\libc-size-musl.a(strnlen.o)
                              build/default/production/_ext/1857064221/winc_socket.o (strnlen)
C:/Applications/Microchip/XC32/bin/bin/../../lib/gcc/pic32c/13.2.1/../../../../pic32c/lib/thumb/v6-m/nofp\libc-size-musl.a(strrchr.o)
                              build/default/production/_ext/1706628858/wdrv_winc_ota.o (strrchr)
C:/Applications/Microchip/XC32/bin/bin/../../lib/gcc/pic32c/13.2.1/../../../../pic32c/lib/thumb/v6-m/nofp\libc-size-musl.a(strspn.o)
                              build/default/production/_ext/1857064221/winc_socket.o (strspn)
C:/Applications/Microchip/XC32/bin/bin/../../lib/gcc/pic32c/13.2.1/../../../../pic32c/lib/thumb/v6-m/nofp\libc-size-musl.a(memrchr.o)
                              C:/Applications/Microchip/XC32/bin/bin/../../lib/gcc/pic32c/13.2.1/../../../../pic32c/lib/thumb/v6-m/nofp\libc-size-musl.a(strrchr.o) (__memrchr)
C:/Applications/Microchip/XC32/bin/bin/../../lib/gcc/pic32c/13.2.1/../../../../pic32c/lib/thumb/v6-m/nofp\libc-size-musl.a(memchr.o)
                              C:/Applications/Microchip/XC32/bin/bin/../../lib/gcc/pic32c/13.2.1/../../../../pic32c/lib/thumb/v6-m/nofp\libc-size-musl.a(strnlen.o) (memchr)
C:/Applications/Microchip/XC32/bin/bin/../../lib/gcc/pic32c/13.2.1/../../../../pic32c/lib/thumb/v6-m/nofp\libc-size-musl.a(stpcpy.o)
                              C:/Applications/Microchip/XC32/bin/bin/../../lib/gcc/pic32c/13.2.1/../../../../pic32c/lib/thumb/v6-m/nofp\libc-size-musl.a(strcpy.o) (__stpcpy)
C:/Applications/Microchip/XC32/bin/bin/../../lib/gcc/pic32c/13.2.1/../../../../pic32c/lib/thumb/v6-m/nofp\libc-size-musl.a(stpncpy.o)
                              C:/Applications/Microchip/XC32/bin/bin/../../lib/gcc/pic32c/13.2.1/../../../../pic32c/lib/thumb/v6-m/nofp\libc-size-musl.a(strncpy.o) (__stpncpy)
C:/Applications/Microchip/XC32/bin/bin/../../lib/gcc/pic32c/13.2.1/../../../../pic32c/lib/thumb/v6-m/nofp\liblmalloc-musl.a(lite_free.o)
[...]
Memory Configuration

Name             Origin             Length             Attributes
rom              0x00000000         0x00080000         xrl
ram              0x20000000         0x00010000         xw!r
config_00804000  0x00804000         0x00000004
config_00804004  0x00804004         0x00000004
*default*        0x00000000         0xffffffff

Linker script and memory map

LOAD C:/Applications/Microchip/XC32/bin/bin/../../lib/gcc/pic32c/13.2.1/thumb/v6-m/nofp/crti.o
LOAD C:/Applications/Microchip/XC32/bin/bin/../../lib/gcc/pic32c/13.2.1/thumb/v6-m/nofp/crtbegin.o
LOAD build/default/production/_ext/158385033/drv_i2c.o
LOAD build/default/production/_ext/2070931557/drv_spi.o
LOAD build/default/production/_ext/869808652/drv_usart.o
LOAD build/default/production/_ext/622324608/wdrv_winc_spi.o
LOAD build/default/production/_ext/622324608/wdrv_winc_eint.o
LOAD build/default/production/_ext/1857064221/winc_cmds.o
LOAD build/default/production/_ext/1857064221/winc_cmd_req.o
LOAD build/default/production/_ext/1857064221/winc_dev.o
LOAD build/default/production/_ext/1857064221/winc_sdio_drv.o
LOAD build/default/production/_ext/1857064221/winc_socket.o
LOAD build/default/production/_ext/1857064221/winc_tables.o
LOAD build/default/production/_ext/1706628858/wdrv_winc.o
LOAD build/default/production/_ext/1706628858/wdrv_winc_assoc.o
LOAD build/default/production/_ext/1706628858/wdrv_winc_authctx.o
LOAD build/default/production/_ext/1706628858/wdrv_winc_bssctx.o
LOAD build/default/production/_ext/1706628858/wdrv_winc_bssfind.o
LOAD build/default/production/_ext/1706628858/wdrv_winc_dns.o
LOAD build/default/production/_ext/1706628858/wdrv_winc_dhcps.o
LOAD build/default/production/_ext/1706628858/wdrv_winc_extcrypto.o
LOAD build/default/production/_ext/1706628858/wdrv_winc_file.o
LOAD build/default/production/_ext/1706628858/wdrv_winc_mqtt.o
LOAD build/default/production/_ext/1706628858/wdrv_winc_netif.o
LOAD build/default/production/_ext/1706628858/wdrv_winc_ota.o
LOAD build/default/production/_ext/1706628858/wdrv_winc_pps.o
LOAD build/default/production/_ext/1706628858/wdrv_winc_nvm.o
LOAD build/default/production/_ext/1706628858/wdrv_winc_prov.o
LOAD build/default/production/_ext/1706628858/wdrv_winc_sntp.o
LOAD build/default/production/_ext/1706628858/wdrv_winc_socket.o
LOAD build/default/production/_ext/1706628858/wdrv_winc_softap.o
LOAD build/default/production/_ext/1706628858/wdrv_winc_sta.o
LOAD build/default/production/_ext/1706628858/wdrv_winc_systime.o
LOAD build/default/production/_ext/1706628858/wdrv_winc_tls.o
LOAD build/default/production/_ext/1706628858/wdrv_winc_utils.o
LOAD build/default/production/_ext/1706628858/wdrv_winc_wifi.o
LOAD build/default/production/_ext/60163342/plib_adc0.o
LOAD build/default/production/_ext/60165182/plib_can0.o
LOAD build/default/production/_ext/1984496892/plib_clock.o
LOAD build/default/production/_ext/60166132/plib_dac.o
LOAD build/default/production/_ext/1985337713/plib_divas.o
LOAD build/default/production/_ext/1865161661/plib_dmac.o
LOAD build/default/production/_ext/60167341/plib_eic.o
LOAD build/default/production/_ext/1986646378/plib_evsys.o
LOAD build/default/production/_ext/1987437027/plib_freqm.o
LOAD build/default/production/_ext/1865468468/plib_nvic.o
LOAD build/default/production/_ext/1593096446/plib_nvmctrl.o
LOAD build/default/production/_ext/829342769/plib_pm.o
LOAD build/default/production/_ext/1865521619/plib_port.o
LOAD build/default/production/_ext/1865585090/plib_rstc.o
LOAD build/default/production/_ext/60180175/plib_rtc_clock.o
LOAD build/default/production/_ext/508257091/plib_sercom2_i2c_master.o
LOAD build/default/production/_ext/17022449/plib_sercom3_spi_master.o
LOAD build/default/production/_ext/17022449/plib_sercom4_spi_master.o
LOAD build/default/production/_ext/17022449/plib_sercom5_spi_master.o
LOAD build/default/production/_ext/504274921/plib_sercom1_usart.o
LOAD build/default/production/_ext/504274921/plib_sercom0_usart.o
LOAD build/default/production/_ext/1865616679/plib_supc.o
LOAD build/default/production/_ext/1827571544/plib_systick.o
LOAD build/default/production/_ext/60181570/plib_tcc0.o
LOAD build/default/production/_ext/60184501/plib_wdt.o
LOAD build/default/production/_ext/163028504/xc32_monitor.o
LOAD build/default/production/_ext/1832805299/sys_console_uart.o
LOAD build/default/production/_ext/1832805299/sys_console.o
LOAD build/default/production/_ext/14461671/sys_dma.o
LOAD build/default/production/_ext/1881668453/sys_int.o
LOAD build/default/production/_ext/692303624/sys_wincs_mqtt_service.o
LOAD build/default/production/_ext/1766557203/sys_wincs_net_service.o
LOAD build/default/production/_ext/101884895/sys_time.o
LOAD build/default/production/_ext/634868841/sys_wincs_wifi_service.o
LOAD build/default/production/_ext/753841488/sys_wincs_system_service.o
LOAD build/default/production/_ext/1171490990/tasks.o
LOAD build/default/production/_ext/1171490990/initialization.o
LOAD build/default/production/_ext/1171490990/interrupts.o
LOAD build/default/production/_ext/1171490990/exceptions.o
LOAD build/default/production/_ext/1171490990/startup_xc32.o
LOAD build/default/production/_ext/1171490990/libc_syscalls.o
LOAD build/default/production/_ext/1360937237/ad9954_driver.o
LOAD build/default/production/_ext/1360937237/bme690_driver.o
LOAD build/default/production/_ext/1360937237/bmp585_driver.o
LOAD build/default/production/_ext/1360937237/can0_driver.o
LOAD build/default/production/_ext/1360937237/console_driver.o
LOAD build/default/production/_ext/1360937237/fcm360w_driver.o
LOAD build/default/production/_ext/1360937237/hdc302x_driver.o
LOAD build/default/production/_ext/1360937237/mcp9808_driver.o
LOAD build/default/production/_ext/1360937237/ntc_driver.o
LOAD build/default/production/_ext/1360937237/rstc_driver.o
LOAD build/default/production/_ext/1360937237/rtc_driver.o
LOAD build/default/production/_ext/1360937237/sen63c_driver.o
LOAD build/default/production/_ext/1360937237/sht4x_driver.o
LOAD build/default/production/_ext/1360937237/ssd1306_driver.o
LOAD build/default/production/_ext/1360937237/stcc4_driver.o
LOAD build/default/production/_ext/1360937237/timer_driver.o
LOAD build/default/production/_ext/1360937237/vcnl4200_driver.o
LOAD build/default/production/_ext/1360937237/ws281x_driver.o
LOAD build/default/production/_ext/1360937237/xm125_driver.o
LOAD build/default/production/_ext/1360937237/wincs02_driver.o
LOAD build/default/production/_ext/1360937237/app.o
LOAD build/default/production/_ext/1360937237/main.o
                0x00000001                        __MPLAB_BUILD = 0x1
                0x00080000                        __rom_end = (ORIGIN (rom) + LENGTH (rom))
                0x20010000                        __ram_end = (ORIGIN (ram) + LENGTH (ram))

.config_00804000
                0x00804000        0x4
 *(.config_00804000)
 .config_00804000
                0x00804000        0x4 build/default/production/_ext/1171490990/initialization.o
                0x00804000                __config_00804000

.config_00804004
                0x00804004        0x4
 *(.config_00804004)
 .config_00804004
                0x00804004        0x4 build/default/production/_ext/1171490990/initialization.o
                0x00804004                __config_00804004

.vectors        0x00000000       0xc0
                0x00000000                        . = ALIGN (0x4)
                0x00000000                        _sfixed = .
 *(.vectors .vectors.* .vectors_default .vectors_default.*)
 .vectors       0x00000000       0xc0 build/default/production/_ext/1171490990/interrupts.o
                0x00000000                exception_table
 *(.isr_vector)
 *(.reset*)
 *(.after_vectors)

.text           0x000000c0       0x20
                0x000000c0                        . = ALIGN (0x4)
 *(.glue_7t)
 .glue_7t       0x000000c0        0x0 linker stubs
 *(.glue_7)
 .glue_7        0x000000c0        0x0 linker stubs
 *(.gnu.linkonce.r.*)
 *(.ARM.extab* .gnu.linkonce.armextab.*)
                0x000000c0                        . = ALIGN (0x4)
 *(.init)
 .init          0x000000c0        0x4 C:/Applications/Microchip/XC32/bin/bin/../../lib/gcc/pic32c/13.2.1/thumb/v6-m/nofp/crti.o
                0x000000c0                _init
 .init          0x000000c4        0x8 C:/Applications/Microchip/XC32/bin/bin/../../lib/gcc/pic32c/13.2.1/thumb/v6-m/nofp/crtn.o
                0x000000cc                        . = ALIGN (0x4)
                0x000000cc                        __preinit_array_start = .
 *(.preinit_array)
                0x000000cc                        __preinit_array_end = .
                0x000000cc                        . = ALIGN (0x4)
                0x000000cc                        __init_array_start = .
 *(SORT_BY_NAME(.init_array.*))
 *(.init_array)
 .init_array    0x000000cc        0x4 C:/Applications/Microchip/XC32/bin/bin/../../lib/gcc/pic32c/13.2.1/thumb/v6-m/nofp/crtbegin.o
                0x000000d0                        __init_array_end = .
                0x000000d0                        . = ALIGN (0x4)
 *crtbegin.o(.ctors)
 *(EXCLUDE_FILE(*crtend.o) .ctors)
 *(SORT_BY_NAME(.ctors.*))
 *crtend.o(.ctors)
                0x000000d0                        . = ALIGN (0x4)
 *(.fini)
 .fini          0x000000d0        0x4 C:/Applications/Microchip/XC32/bin/bin/../../lib/gcc/pic32c/13.2.1/thumb/v6-m/nofp/crti.o
                0x000000d0                _fini
 .fini          0x000000d4        0x8 C:/Applications/Microchip/XC32/bin/bin/../../lib/gcc/pic32c/13.2.1/thumb/v6-m/nofp/crtn.o
                0x000000dc                        . = ALIGN (0x4)
                0x000000dc                        __fini_array_start = .
 *(.fini_array)
 .fini_array    0x000000dc        0x4 C:/Applications/Microchip/XC32/bin/bin/../../lib/gcc/pic32c/13.2.1/thumb/v6-m/nofp/crtbegin.o
 *(SORT_BY_NAME(.fini_array.*))
                0x000000e0                        __fini_array_end = .
 *crtbegin.o(.dtors)
 *(EXCLUDE_FILE(*crtend.o) .dtors)
 *(SORT_BY_NAME(.dtors.*))
 *crtend.o(.dtors)
                0x000000e0                        . = ALIGN (0x4)
                0x000000e0                        _efixed = .
                [!provide]                        PROVIDE (__exidx_start = .)

.ARM.exidx      0x000000e0        0x8
 *(.ARM.exidx* .gnu.linkonce.armexidx.*)
 .ARM.exidx     0x000000e0        0x8 C:/Applications/Microchip/XC32/bin/bin/../../lib/gcc/pic32c/13.2.1/thumb/v6-m/nofp\libgcc.a(_udivmoddi4.o)
                [!provide]                        PROVIDE (__exidx_end = .)
                0x000000e8                        . = ALIGN (0x4)
                0x000000e8                        _etext = .

.bss            0x20000000        0x0
                0x20000000                        . = ALIGN (0x4)
                0x20000000                        __bss_start__ = .
                0x20000000                        _sbss = .
                0x20000000                        _szero = .
 *(COMMON)
                0x20000000                        . = ALIGN (0x4)
                0x20000000                        __bss_end__ = .
                0x20000000                        _ebss = .
                0x20000000                        _ezero = .
                0x20000000                        . = ALIGN (0x4)
                0x20000000                        _end = .
                0x2000ffff                        _ram_end_ = ((ORIGIN (ram) + LENGTH (ram)) - 0x1)
                0x00002000                        _min_heap_size = 0x2000
START GROUP
LOAD C:/Applications/Microchip/XC32/bin/bin/../../lib/gcc/pic32c/13.2.1/../../../../pic32c/lib/thumb/v6-m/nofp\libpic32c.a
LOAD C:/Applications/Microchip/XC32/bin/bin/../../lib/gcc/pic32c/13.2.1/../../../../pic32c/lib/thumb/v6-m/nofp\libc-size-musl.a
LOAD C:/Applications/Microchip/XC32/bin/bin/../../lib/gcc/pic32c/13.2.1/../../../../pic32c/lib/thumb/v6-m/nofp\liblmalloc-musl.a
LOAD C:/Applications/Microchip/XC32/bin/bin/../../lib/gcc/pic32c/13.2.1/../../../../pic32c/lib/thumb/v6-m/nofp\libc-musl.a
LOAD C:/Applications/Microchip/XC32/bin/bin/../../lib/gcc/pic32c/13.2.1/../../../../pic32c/lib/thumb/v6-m/nofp\libm-fast-emfloat.a
LOAD C:/Applications/Microchip/XC32/bin/bin/../../lib/gcc/pic32c/13.2.1/../../../../pic32c/lib/thumb/v6-m/nofp\libm-musl.a
END GROUP
LOAD C:/Applications/Microchip/XC32/bin/bin/../../lib/gcc/pic32c/13.2.1/thumb/v6-m/nofp\libgcc.a
LOAD C:/Applications/Microchip/XC32/bin/bin/../../lib/gcc/pic32c/13.2.1/thumb/v6-m/nofp/crtend.o
LOAD C:/Applications/Microchip/XC32/bin/bin/../../lib/gcc/pic32c/13.2.1/thumb/v6-m/nofp/crtn.o
OUTPUT(dist/default/production/PIC32CMJH01.X.production.elf elf32-littlearm)
LOAD linker stubs
LOAD data_init

.note           0x00000000     0x10c8
 .note          0x00000000       0x18 C:/Applications/Microchip/XC32/bin/bin/../../lib/gcc/pic32c/13.2.1/thumb/v6-m/nofp/crti.o
 .note          0x00000018       0x18 C:/Applications/Microchip/XC32/bin/bin/../../lib/gcc/pic32c/13.2.1/thumb/v6-m/nofp/crtbegin.o
 .note          0x00000030       0x18 build/default/production/_ext/158385033/drv_i2c.o
 .note          0x00000048       0x18 build/default/production/_ext/2070931557/drv_spi.o
 .note          0x00000060       0x18 build/default/production/_ext/869808652/drv_usart.o
 .note          0x00000078       0x18 build/default/production/_ext/622324608/wdrv_winc_spi.o
 .note          0x00000090       0x18 build/default/production/_ext/622324608/wdrv_winc_eint.o
 .note          0x000000a8       0x18 build/default/production/_ext/1857064221/winc_cmds.o
 .note          0x000000c0       0x18 build/default/production/_ext/1857064221/winc_cmd_req.o
 .note          0x000000d8       0x18 build/default/production/_ext/1857064221/winc_dev.o
 .note          0x000000f0       0x18 build/default/production/_ext/1857064221/winc_sdio_drv.o
 .note          0x00000108       0x18 build/default/production/_ext/1857064221/winc_socket.o
 .note          0x00000120       0x18 build/default/production/_ext/1857064221/winc_tables.o
 .note          0x00000138       0x18 build/default/production/_ext/1706628858/wdrv_winc.o
 .note          0x00000150       0x18 build/default/production/_ext/1706628858/wdrv_winc_assoc.o
 .note          0x00000168       0x18 build/default/production/_ext/1706628858/wdrv_winc_authctx.o
 .note          0x00000180       0x18 build/default/production/_ext/1706628858/wdrv_winc_bssctx.o
 .note          0x00000198       0x18 build/default/production/_ext/1706628858/wdrv_winc_bssfind.o
 .note          0x000001b0       0x18 build/default/production/_ext/1706628858/wdrv_winc_dns.o
 .note          0x000001c8       0x18 build/default/production/_ext/1706628858/wdrv_winc_dhcps.o
 .note          0x000001e0       0x18 build/default/production/_ext/1706628858/wdrv_winc_extcrypto.o
 .note          0x000001f8       0x18 build/default/production/_ext/1706628858/wdrv_winc_file.o
 .note          0x00000210       0x18 build/default/production/_ext/1706628858/wdrv_winc_mqtt.o
 .note          0x00000228       0x18 build/default/production/_ext/1706628858/wdrv_winc_netif.o
 .note          0x00000240       0x18 build/default/production/_ext/1706628858/wdrv_winc_ota.o
 .note          0x00000258       0x18 build/default/production/_ext/1706628858/wdrv_winc_pps.o
 .note          0x00000270       0x18 build/default/production/_ext/1706628858/wdrv_winc_nvm.o
 .note          0x00000288       0x18 build/default/production/_ext/1706628858/wdrv_winc_prov.o
 .note          0x000002a0       0x18 build/default/production/_ext/1706628858/wdrv_winc_sntp.o
 .note          0x000002b8       0x18 build/default/production/_ext/1706628858/wdrv_winc_socket.o
 .note          0x000002d0       0x18 build/default/production/_ext/1706628858/wdrv_winc_softap.o
 .note          0x000002e8       0x18 build/default/production/_ext/1706628858/wdrv_winc_sta.o
 .note          0x00000300       0x18 build/default/production/_ext/1706628858/wdrv_winc_systime.o
 .note          0x00000318       0x18 build/default/production/_ext/1706628858/wdrv_winc_tls.o
 .note          0x00000330       0x18 build/default/production/_ext/1706628858/wdrv_winc_utils.o
 .note          0x00000348       0x18 build/default/production/_ext/1706628858/wdrv_winc_wifi.o
 .note          0x00000360       0x18 build/default/production/_ext/60163342/plib_adc0.o
 .note          0x00000378       0x18 build/default/production/_ext/60165182/plib_can0.o
 .note          0x00000390       0x18 build/default/production/_ext/1984496892/plib_clock.o
 .note          0x000003a8       0x18 build/default/production/_ext/60166132/plib_dac.o
 .note          0x000003c0       0x18 build/default/production/_ext/1985337713/plib_divas.o
 .note          0x000003d8       0x18 build/default/production/_ext/1865161661/plib_dmac.o
 .note          0x000003f0       0x18 build/default/production/_ext/60167341/plib_eic.o
 .note          0x00000408       0x18 build/default/production/_ext/1986646378/plib_evsys.o
 .note          0x00000420       0x18 build/default/production/_ext/1987437027/plib_freqm.o
 .note          0x00000438       0x18 build/default/production/_ext/1865468468/plib_nvic.o
 .note          0x00000450       0x18 build/default/production/_ext/1593096446/plib_nvmctrl.o
 .note          0x00000468       0x18 build/default/production/_ext/829342769/plib_pm.o
 .note          0x00000480       0x18 build/default/production/_ext/1865521619/plib_port.o
 .note          0x00000498       0x18 build/default/production/_ext/1865585090/plib_rstc.o
 .note          0x000004b0       0x18 build/default/production/_ext/60180175/plib_rtc_clock.o
 .note          0x000004c8       0x18 build/default/production/_ext/508257091/plib_sercom2_i2c_master.o
 .note          0x000004e0       0x18 build/default/production/_ext/17022449/plib_sercom3_spi_master.o
 .note          0x000004f8       0x18 build/default/production/_ext/17022449/plib_sercom4_spi_master.o
 .note          0x00000510       0x18 build/default/production/_ext/17022449/plib_sercom5_spi_master.o
 .note          0x00000528       0x18 build/default/production/_ext/504274921/plib_sercom1_usart.o
 .note          0x00000540       0x18 build/default/production/_ext/504274921/plib_sercom0_usart.o
 .note          0x00000558       0x18 build/default/production/_ext/1865616679/plib_supc.o
 .note          0x00000570       0x18 build/default/production/_ext/1827571544/plib_systick.o
 .note          0x00000588       0x18 build/default/production/_ext/60181570/plib_tcc0.o
 .note          0x000005a0       0x18 build/default/production/_ext/60184501/plib_wdt.o
 .note          0x000005b8       0x18 build/default/production/_ext/163028504/xc32_monitor.o
 .note          0x000005d0       0x18 build/default/production/_ext/1832805299/sys_console_uart.o
 .note          0x000005e8       0x18 build/default/production/_ext/1832805299/sys_console.o
 .note          0x00000600       0x18 build/default/production/_ext/14461671/sys_dma.o
 .note          0x00000618       0x18 build/default/production/_ext/1881668453/sys_int.o
 .note          0x00000630       0x18 build/default/production/_ext/692303624/sys_wincs_mqtt_service.o
 .note          0x00000648       0x18 build/default/production/_ext/1766557203/sys_wincs_net_service.o
 .note          0x00000660       0x18 build/default/production/_ext/101884895/sys_time.o
 .note          0x00000678       0x18 build/default/production/_ext/634868841/sys_wincs_wifi_service.o
 .note          0x00000690       0x18 build/default/production/_ext/753841488/sys_wincs_system_service.o
 .note          0x000006a8       0x18 build/default/production/_ext/1171490990/tasks.o
 .note          0x000006c0       0x78 build/default/production/_ext/1171490990/initialization.o
 .note          0x00000738       0x18 build/default/production/_ext/1171490990/interrupts.o
 .note          0x00000750       0x18 build/default/production/_ext/1171490990/exceptions.o
 .note          0x00000768       0x18 build/default/production/_ext/1171490990/startup_xc32.o
 .note          0x00000780       0x18 build/default/production/_ext/1171490990/libc_syscalls.o
 .note          0x00000798       0x18 build/default/production/_ext/1360937237/ad9954_driver.o
 .note          0x000007b0       0x18 build/default/production/_ext/1360937237/bme690_driver.o
 .note          0x000007c8       0x18 build/default/production/_ext/1360937237/bmp585_driver.o
 .note          0x000007e0       0x18 build/default/production/_ext/1360937237/can0_driver.o
 .note          0x000007f8       0x18 build/default/production/_ext/1360937237/console_driver.o
 .note          0x00000810       0x18 build/default/production/_ext/1360937237/fcm360w_driver.o
 .note          0x00000828       0x18 build/default/production/_ext/1360937237/hdc302x_driver.o
 .note          0x00000840       0x18 build/default/production/_ext/1360937237/mcp9808_driver.o
 .note          0x00000858       0x18 build/default/production/_ext/1360937237/ntc_driver.o
 .note          0x00000870       0x18 build/default/production/_ext/1360937237/rstc_driver.o
 .note          0x00000888       0x18 build/default/production/_ext/1360937237/rtc_driver.o
 .note          0x000008a0       0x18 build/default/production/_ext/1360937237/sen63c_driver.o
 .note          0x000008b8       0x18 build/default/production/_ext/1360937237/sht4x_driver.o
 .note          0x000008d0       0x18 build/default/production/_ext/1360937237/ssd1306_driver.o
 .note          0x000008e8       0x18 build/default/production/_ext/1360937237/stcc4_driver.o
 .note          0x00000900       0x18 build/default/production/_ext/1360937237/timer_driver.o
 .note          0x00000918       0x18 build/default/production/_ext/1360937237/vcnl4200_driver.o
 .note          0x00000930       0x18 build/default/production/_ext/1360937237/ws281x_driver.o
 .note          0x00000948       0x18 build/default/production/_ext/1360937237/xm125_driver.o
 .note          0x00000960       0x18 build/default/production/_ext/1360937237/wincs02_driver.o
 .note          0x00000978       0x18 build/default/production/_ext/1360937237/app.o
 .note          0x00000990       0x18 build/default/production/_ext/1360937237/main.o
 .note          0x000009a8       0x18 C:/Applications/Microchip/XC32/bin/bin/../../lib/gcc/pic32c/13.2.1/../../../../pic32c/lib/thumb/v6-m/nofp\libpic32c.a(data_init.o)
 .note          0x000009c0       0x18 C:/Applications/Microchip/XC32/bin/bin/../../lib/gcc/pic32c/13.2.1/../../../../pic32c/lib/thumb/v6-m/nofp\libc-size-musl.a(memcmp.o)
 .note          0x000009d8       0x18 C:/Applications/Microchip/XC32/bin/bin/../../lib/gcc/pic32c/13.2.1/../../../../pic32c/lib/thumb/v6-m/nofp\libc-size-musl.a(memcpy.o)
 .note          0x000009f0       0x18 C:/Applications/Microchip/XC32/bin/bin/../../lib/gcc/pic32c/13.2.1/../../../../pic32c/lib/thumb/v6-m/nofp\libc-size-musl.a(memmove.o)
 .note          0x00000a08       0x18 C:/Applications/Microchip/XC32/bin/bin/../../lib/gcc/pic32c/13.2.1/../../../../pic32c/lib/thumb/v6-m/nofp\libc-size-musl.a(memset.o)
 .note          0x00000a20       0x18 C:/Applications/Microchip/XC32/bin/bin/../../lib/gcc/pic32c/13.2.1/../../../../pic32c/lib/thumb/v6-m/nofp\libc-size-musl.a(strlen.o)
 .note          0x00000a38       0x18 C:/Applications/Microchip/XC32/bin/bin/../../lib/gcc/pic32c/13.2.1/../../../../pic32c/lib/thumb/v6-m/nofp\libc-size-musl.a(strstr.o)
 .note          0x00000a50       0x18 C:/Applications/Microchip/XC32/bin/bin/../../lib/gcc/pic32c/13.2.1/../../../../pic32c/lib/thumb/v6-m/nofp\libc-size-musl.a(strchr.o)
 .note          0x00000a68       0x18 C:/Applications/Microchip/XC32/bin/bin/../../lib/gcc/pic32c/13.2.1/../../../../pic32c/lib/thumb/v6-m/nofp\libc-size-musl.a(strchrnul.o)
 .note          0x00000a80       0x18 C:/Applications/Microchip/XC32/bin/bin/../../lib/gcc/pic32c/13.2.1/../../../../pic32c/lib/thumb/v6-m/nofp\libc-size-musl.a(strcpy.o)
 .note          0x00000a98       0x18 C:/Applications/Microchip/XC32/bin/bin/../../lib/gcc/pic32c/13.2.1/../../../../pic32c/lib/thumb/v6-m/nofp\libc-size-musl.a(strncmp.o)
 .note          0x00000ab0       0x18 C:/Applications/Microchip/XC32/bin/bin/../../lib/gcc/pic32c/13.2.1/../../../../pic32c/lib/thumb/v6-m/nofp\libc-size-musl.a(strncpy.o)
 .note          0x00000ac8       0x18 C:/Applications/Microchip/XC32/bin/bin/../../lib/gcc/pic32c/13.2.1/../../../../pic32c/lib/thumb/v6-m/nofp\libc-size-musl.a(strnlen.o)
 .note          0x00000ae0       0x18 C:/Applications/Microchip/XC32/bin/bin/../../lib/gcc/pic32c/13.2.1/../../../../pic32c/lib/thumb/v6-m/nofp\libc-size-musl.a(strrchr.o)
 .note          0x00000af8       0x18 C:/Applications/Microchip/XC32/bin/bin/../../lib/gcc/pic32c/13.2.1/../../../../pic32c/lib/thumb/v6-m/nofp\libc-size-musl.a(strspn.o)
 .note          0x00000b10       0x18 C:/Applications/Microchip/XC32/bin/bin/../../lib/gcc/pic32c/13.2.1/../../../../pic32c/lib/thumb/v6-m/nofp\libc-size-musl.a(memrchr.o)
 .note          0x00000b28       0x18 C:/Applications/Microchip/XC32/bin/bin/../../lib/gcc/pic32c/13.2.1/../../../../pic32c/lib/thumb/v6-m/nofp\libc-size-musl.a(memchr.o)
 .note          0x00000b40       0x18 C:/Applications/Microchip/XC32/bin/bin/../../lib/gcc/pic32c/13.2.1/../../../../pic32c/lib/thumb/v6-m/nofp\libc-size-musl.a(stpcpy.o)
 .note          0x00000b58       0x18 C:/Applications/Microchip/XC32/bin/bin/../../lib/gcc/pic32c/13.2.1/../../../../pic32c/lib/thumb/v6-m/nofp\libc-size-musl.a(stpncpy.o)
 .note          0x00000b70       0x18 C:/Applications/Microchip/XC32/bin/bin/../../lib/gcc/pic32c/13.2.1/../../../../pic32c/lib/thumb/v6-m/nofp\liblmalloc-musl.a(lite_free.o)
 .note          0x00000b88       0x18 C:/Applications/Microchip/XC32/bin/bin/../../lib/gcc/pic32c/13.2.1/../../../../pic32c/lib/thumb/v6-m/nofp\liblmalloc-musl.a(lite_malloc.o)
 .note          0x00000ba0       0x18 C:/Applications/Microchip/XC32/bin/bin/../../lib/gcc/pic32c/13.2.1/../../../../pic32c/lib/thumb/v6-m/nofp\libc-musl.a(isxdigit.o)
 .note          0x00000bb8       0x18 C:/Applications/Microchip/XC32/bin/bin/../../lib/gcc/pic32c/13.2.1/../../../../pic32c/lib/thumb/v6-m/nofp\libc-musl.a(__libc_start_main.o)
 .note          0x00000bd0       0x18 C:/Applications/Microchip/XC32/bin/bin/../../lib/gcc/pic32c/13.2.1/../../../../pic32c/lib/thumb/v6-m/nofp\libc-musl.a(__errno_location.o)
 .note          0x00000be8       0x18 C:/Applications/Microchip/XC32/bin/bin/../../lib/gcc/pic32c/13.2.1/../../../../pic32c/lib/thumb/v6-m/nofp\libc-musl.a(libc.o)
 .note          0x00000c00       0x18 C:/Applications/Microchip/XC32/bin/bin/../../lib/gcc/pic32c/13.2.1/../../../../pic32c/lib/thumb/v6-m/nofp\libc-musl.a(expand_heap.o)
 .note          0x00000c18       0x18 C:/Applications/Microchip/XC32/bin/bin/../../lib/gcc/pic32c/13.2.1/../../../../pic32c/lib/thumb/v6-m/nofp\libc-musl.a(vsnprintf.o)
 .note          0x00000c30       0x18 C:/Applications/Microchip/XC32/bin/bin/../../lib/gcc/pic32c/13.2.1/../../../../pic32c/lib/thumb/v6-m/nofp\libc-musl.a(snprintf.o)
 .note          0x00000c48       0x18 C:/Applications/Microchip/XC32/bin/bin/../../lib/gcc/pic32c/13.2.1/../../../../pic32c/lib/thumb/v6-m/nofp\libc-musl.a(sprintf.o)
 .note          0x00000c60       0x18 C:/Applications/Microchip/XC32/bin/bin/../../lib/gcc/pic32c/13.2.1/../../../../pic32c/lib/thumb/v6-m/nofp\libc-musl.a(vsprintf.o)
 .note          0x00000c78       0x18 C:/Applications/Microchip/XC32/bin/bin/../../lib/gcc/pic32c/13.2.1/../../../../pic32c/lib/thumb/v6-m/nofp\libc-musl.a(strtol.o)
 .note          0x00000c90       0x18 C:/Applications/Microchip/XC32/bin/bin/../../lib/gcc/pic32c/13.2.1/../../../../pic32c/lib/thumb/v6-m/nofp\libc-musl.a(gmtime.o)
 .note          0x00000ca8       0x18 C:/Applications/Microchip/XC32/bin/bin/../../lib/gcc/pic32c/13.2.1/../../../../pic32c/lib/thumb/v6-m/nofp\libc-musl.a(gmtime_r.o)
 .note          0x00000cc0       0x18 C:/Applications/Microchip/XC32/bin/bin/../../lib/gcc/pic32c/13.2.1/../../../../pic32c/lib/thumb/v6-m/nofp\libc-musl.a(__environ.o)
 .note          0x00000cd8       0x18 C:/Applications/Microchip/XC32/bin/bin/../../lib/gcc/pic32c/13.2.1/../../../../pic32c/lib/thumb/v6-m/nofp\libc-musl.a(intscan.o)
 .note          0x00000cf0       0x18 C:/Applications/Microchip/XC32/bin/bin/../../lib/gcc/pic32c/13.2.1/../../../../pic32c/lib/thumb/v6-m/nofp\libc-musl.a(shgetc.o)
 .note          0x00000d08       0x18 C:/Applications/Microchip/XC32/bin/bin/../../lib/gcc/pic32c/13.2.1/../../../../pic32c/lib/thumb/v6-m/nofp\libc-musl.a(__uflow.o)
 .note          0x00000d20       0x18 C:/Applications/Microchip/XC32/bin/bin/../../lib/gcc/pic32c/13.2.1/../../../../pic32c/lib/thumb/v6-m/nofp\libc-musl.a(vfprintf.o)
 .note          0x00000d38       0x18 C:/Applications/Microchip/XC32/bin/bin/../../lib/gcc/pic32c/13.2.1/../../../../pic32c/lib/thumb/v6-m/nofp\libc-musl.a(__secs_to_tm.o)
 .note          0x00000d50       0x18 C:/Applications/Microchip/XC32/bin/bin/../../lib/gcc/pic32c/13.2.1/../../../../pic32c/lib/thumb/v6-m/nofp\libc-musl.a(__toread.o)
 .note          0x00000d68       0x18 C:/Applications/Microchip/XC32/bin/bin/../../lib/gcc/pic32c/13.2.1/../../../../pic32c/lib/thumb/v6-m/nofp\libc-musl.a(__io_fmt_needed.o)
 .note          0x00000d80       0x18 C:/Applications/Microchip/XC32/bin/bin/../../lib/gcc/pic32c/13.2.1/../../../../pic32c/lib/thumb/v6-m/nofp\libc-musl.a(__pop_float.o)
 .note          0x00000d98       0x18 C:/Applications/Microchip/XC32/bin/bin/../../lib/gcc/pic32c/13.2.1/../../../../pic32c/lib/thumb/v6-m/nofp\libc-musl.a(__pop_int.o)
 .note          0x00000db0       0x18 C:/Applications/Microchip/XC32/bin/bin/../../lib/gcc/pic32c/13.2.1/../../../../pic32c/lib/thumb/v6-m/nofp\libc-musl.a(__pop_ptr.o)
 .note          0x00000dc8       0x18 C:/Applications/Microchip/XC32/bin/bin/../../lib/gcc/pic32c/13.2.1/../../../../pic32c/lib/thumb/v6-m/nofp\libc-musl.a(__printf_core.o)
 .note          0x00000de0       0x18 C:/Applications/Microchip/XC32/bin/bin/../../lib/gcc/pic32c/13.2.1/../../../../pic32c/lib/thumb/v6-m/nofp\libc-musl.a(__stdio_exit.o)
 .note          0x00000df8       0x18 C:/Applications/Microchip/XC32/bin/bin/../../lib/gcc/pic32c/13.2.1/../../../../pic32c/lib/thumb/v6-m/nofp\libc-musl.a(atoi.o)
 .note          0x00000e10       0x18 C:/Applications/Microchip/XC32/bin/bin/../../lib/gcc/pic32c/13.2.1/../../../../pic32c/lib/thumb/v6-m/nofp\libc-musl.a(tolower.o)
 .note          0x00000e28       0x18 C:/Applications/Microchip/XC32/bin/bin/../../lib/gcc/pic32c/13.2.1/../../../../pic32c/lib/thumb/v6-m/nofp\libc-musl.a(__fmt_a.o)
 .note          0x00000e40       0x18 C:/Applications/Microchip/XC32/bin/bin/../../lib/gcc/pic32c/13.2.1/../../../../pic32c/lib/thumb/v6-m/nofp\libc-musl.a(__fmt_d.o)
 .note          0x00000e58       0x18 C:/Applications/Microchip/XC32/bin/bin/../../lib/gcc/pic32c/13.2.1/../../../../pic32c/lib/thumb/v6-m/nofp\libc-musl.a(__fmt_fp.o)
 .note          0x00000e70       0x18 C:/Applications/Microchip/XC32/bin/bin/../../lib/gcc/pic32c/13.2.1/../../../../pic32c/lib/thumb/v6-m/nofp\libc-musl.a(__fmt_o.o)
 .note          0x00000e88       0x18 C:/Applications/Microchip/XC32/bin/bin/../../lib/gcc/pic32c/13.2.1/../../../../pic32c/lib/thumb/v6-m/nofp\libc-musl.a(__fmt_s.o)
 .note          0x00000ea0       0x18 C:/Applications/Microchip/XC32/bin/bin/../../lib/gcc/pic32c/13.2.1/../../../../pic32c/lib/thumb/v6-m/nofp\libc-musl.a(__fmt_u.o)
 .note          0x00000eb8       0x18 C:/Applications/Microchip/XC32/bin/bin/../../lib/gcc/pic32c/13.2.1/../../../../pic32c/lib/thumb/v6-m/nofp\libc-musl.a(__fmt_x.o)
 .note          0x00000ed0       0x18 C:/Applications/Microchip/XC32/bin/bin/../../lib/gcc/pic32c/13.2.1/../../../../pic32c/lib/thumb/v6-m/nofp\libc-musl.a(toupper.o)
 .note          0x00000ee8       0x18 C:/Applications/Microchip/XC32/bin/bin/../../lib/gcc/pic32c/13.2.1/../../../../pic32c/lib/thumb/v6-m/nofp\libc-musl.a(__cvt_u.o)
 .note          0x00000f00       0x18 C:/Applications/Microchip/XC32/bin/bin/../../lib/gcc/pic32c/13.2.1/../../../../pic32c/lib/thumb/v6-m/nofp\libpic32c.a(sbrk.o)
 .note          0x00000f18       0x18 C:/Applications/Microchip/XC32/bin/bin/../../lib/gcc/pic32c/13.2.1/thumb/v6-m/nofp\libgcc.a(_thumb1_case_uqi.o)
 .note          0x00000f30       0x18 C:/Applications/Microchip/XC32/bin/bin/../../lib/gcc/pic32c/13.2.1/thumb/v6-m/nofp\libgcc.a(_udivsi3.o)
 .note          0x00000f48       0x18 C:/Applications/Microchip/XC32/bin/bin/../../lib/gcc/pic32c/13.2.1/thumb/v6-m/nofp\libgcc.a(_divsi3.o)
 .note          0x00000f60       0x18 C:/Applications/Microchip/XC32/bin/bin/../../lib/gcc/pic32c/13.2.1/thumb/v6-m/nofp\libgcc.a(_dvmd_tls.o)
 .note          0x00000f78       0x18 C:/Applications/Microchip/XC32/bin/bin/../../lib/gcc/pic32c/13.2.1/thumb/v6-m/nofp\libgcc.a(_lshrdi3.o)
 .note          0x00000f90       0x18 C:/Applications/Microchip/XC32/bin/bin/../../lib/gcc/pic32c/13.2.1/thumb/v6-m/nofp\libgcc.a(_ashldi3.o)
 .note          0x00000fa8       0x18 C:/Applications/Microchip/XC32/bin/bin/../../lib/gcc/pic32c/13.2.1/thumb/v6-m/nofp\libgcc.a(_aeabi_ldivmod.o)
 .note          0x00000fc0       0x18 C:/Applications/Microchip/XC32/bin/bin/../../lib/gcc/pic32c/13.2.1/thumb/v6-m/nofp\libgcc.a(_aeabi_uldivmod.o)
 .note          0x00000fd8       0x18 C:/Applications/Microchip/XC32/bin/bin/../../lib/gcc/pic32c/13.2.1/thumb/v6-m/nofp\libgcc.a(_muldi3.o)
 .note          0x00000ff0       0x18 C:/Applications/Microchip/XC32/bin/bin/../../lib/gcc/pic32c/13.2.1/thumb/v6-m/nofp\libgcc.a(_udivmoddi4.o)
 .note          0x00001008       0x18 C:/Applications/Microchip/XC32/bin/bin/../../lib/gcc/pic32c/13.2.1/thumb/v6-m/nofp\libgcc.a(bpabi.o)
 .note          0x00001020       0x18 C:/Applications/Microchip/XC32/bin/bin/../../lib/gcc/pic32c/13.2.1/thumb/v6-m/nofp\libgcc.a(_clzdi2.o)
 .note          0x00001038       0x18 C:/Applications/Microchip/XC32/bin/bin/../../lib/gcc/pic32c/13.2.1/thumb/v6-m/nofp\libgcc.a(_divdi3.o)
 .note          0x00001050       0x18 C:/Applications/Microchip/XC32/bin/bin/../../lib/gcc/pic32c/13.2.1/thumb/v6-m/nofp\libgcc.a(_clzsi2.o)
 .note          0x00001068       0x18 C:/Applications/Microchip/XC32/bin/bin/../../lib/gcc/pic32c/13.2.1/thumb/v6-m/nofp/crtend.o
 .note          0x00001080       0x18 C:/Applications/Microchip/XC32/bin/bin/../../lib/gcc/pic32c/13.2.1/thumb/v6-m/nofp/crtn.o
 .note          0x00001098       0x18 C:/Applications/Microchip/XC32/bin/bin/../../lib/gcc/pic32c/13.2.1/../../../../pic32c/lib/thumb/v6-m/nofp\libpic32c.a(pic32_data_init_clear.o)
 .note          0x000010b0       0x18 C:/Applications/Microchip/XC32/bin/bin/../../lib/gcc/pic32c/13.2.1/../../../../pic32c/lib/thumb/v6-m/nofp\libpic32c.a(pic32_data_init_copy.o)

.ARM.attributes
                0x00000000       0x2a
 .ARM.attributes
                0x00000000       0x1e C:/Applications/Microchip/XC32/bin/bin/../../lib/gcc/pic32c/13.2.1/thumb/v6-m/nofp/crti.o
 .ARM.attributes
                0x0000001e       0x2c C:/Applications/Microchip/XC32/bin/bin/../../lib/gcc/pic32c/13.2.1/thumb/v6-m/nofp/crtbegin.o
 .ARM.attributes
                0x0000004a       0x2c build/default/production/_ext/158385033/drv_i2c.o
 .ARM.attributes
                0x00000076       0x2c build/default/production/_ext/2070931557/drv_spi.o
 .ARM.attributes
                0x000000a2       0x2c build/default/production/_ext/869808652/drv_usart.o
 .ARM.attributes
                0x000000ce       0x2c build/default/production/_ext/622324608/wdrv_winc_spi.o
 .ARM.attributes
                0x000000fa       0x2c build/default/production/_ext/622324608/wdrv_winc_eint.o
 .ARM.attributes
                0x00000126       0x2c build/default/production/_ext/1857064221/winc_cmds.o
 .ARM.attributes
                0x00000152       0x2c build/default/production/_ext/1857064221/winc_cmd_req.o
 .ARM.attributes
                0x0000017e       0x2c build/default/production/_ext/1857064221/winc_dev.o
 .ARM.attributes
                0x000001aa       0x2c build/default/production/_ext/1857064221/winc_sdio_drv.o
 .ARM.attributes
                0x000001d6       0x2c build/default/production/_ext/1857064221/winc_socket.o
 .ARM.attributes
                0x00000202       0x2c build/default/production/_ext/1706628858/wdrv_winc.o
 .ARM.attributes
                0x0000022e       0x2c build/default/production/_ext/1706628858/wdrv_winc_assoc.o
 .ARM.attributes
                0x0000025a       0x2c build/default/production/_ext/1706628858/wdrv_winc_bssfind.o
 .ARM.attributes
                0x00000286       0x2c build/default/production/_ext/1706628858/wdrv_winc_dns.o
 .ARM.attributes
                0x000002b2       0x2c build/default/production/_ext/1706628858/wdrv_winc_extcrypto.o
 .ARM.attributes
                0x000002de       0x2c build/default/production/_ext/1706628858/wdrv_winc_mqtt.o
 .ARM.attributes
                0x0000030a       0x2c build/default/production/_ext/1706628858/wdrv_winc_netif.o
 .ARM.attributes
                0x00000336       0x2c build/default/production/_ext/1706628858/wdrv_winc_ota.o
 .ARM.attributes
                0x00000362       0x2c build/default/production/_ext/1706628858/wdrv_winc_pps.o
 .ARM.attributes
                0x0000038e       0x2c build/default/production/_ext/1706628858/wdrv_winc_nvm.o
 .ARM.attributes
                0x000003ba       0x2c build/default/production/_ext/1706628858/wdrv_winc_prov.o
 .ARM.attributes
                0x000003e6       0x2c build/default/production/_ext/1706628858/wdrv_winc_socket.o
 .ARM.attributes
                0x00000412       0x2c build/default/production/_ext/1706628858/wdrv_winc_softap.o
 .ARM.attributes
                0x0000043e       0x2c build/default/production/_ext/1706628858/wdrv_winc_sta.o
 .ARM.attributes
                0x0000046a       0x2c build/default/production/_ext/1706628858/wdrv_winc_systime.o
 .ARM.attributes
                0x00000496       0x2c build/default/production/_ext/60163342/plib_adc0.o
 .ARM.attributes
                0x000004c2       0x2c build/default/production/_ext/60165182/plib_can0.o
 .ARM.attributes
                0x000004ee       0x2c build/default/production/_ext/1984496892/plib_clock.o
 .ARM.attributes
                0x0000051a       0x2c build/default/production/_ext/60166132/plib_dac.o
 .ARM.attributes
                0x00000546       0x2c build/default/production/_ext/1865161661/plib_dmac.o
 .ARM.attributes
                0x00000572       0x2c build/default/production/_ext/60167341/plib_eic.o
 .ARM.attributes
                0x0000059e       0x2c build/default/production/_ext/1986646378/plib_evsys.o
 .ARM.attributes
                0x000005ca       0x2c build/default/production/_ext/1987437027/plib_freqm.o
 .ARM.attributes
                0x000005f6       0x2c build/default/production/_ext/1865468468/plib_nvic.o
 .ARM.attributes
                0x00000622       0x2c build/default/production/_ext/1593096446/plib_nvmctrl.o
 .ARM.attributes
                0x0000064e       0x2c build/default/production/_ext/829342769/plib_pm.o
 .ARM.attributes
                0x0000067a       0x2c build/default/production/_ext/1865521619/plib_port.o
 .ARM.attributes
                0x000006a6       0x2c build/default/production/_ext/1865585090/plib_rstc.o
 .ARM.attributes
                0x000006d2       0x2c build/default/production/_ext/60180175/plib_rtc_clock.o
 .ARM.attributes
                0x000006fe       0x2c build/default/production/_ext/508257091/plib_sercom2_i2c_master.o
 .ARM.attributes
                0x0000072a       0x2c build/default/production/_ext/17022449/plib_sercom3_spi_master.o
 .ARM.attributes
                0x00000756       0x2c build/default/production/_ext/17022449/plib_sercom4_spi_master.o
 .ARM.attributes
                0x00000782       0x2c build/default/production/_ext/17022449/plib_sercom5_spi_master.o
 .ARM.attributes
                0x000007ae       0x2c build/default/production/_ext/504274921/plib_sercom1_usart.o
 .ARM.attributes
                0x000007da       0x2c build/default/production/_ext/504274921/plib_sercom0_usart.o
 .ARM.attributes
                0x00000806       0x2c build/default/production/_ext/1865616679/plib_supc.o
 .ARM.attributes
                0x00000832       0x2c build/default/production/_ext/1827571544/plib_systick.o
 .ARM.attributes
                0x0000085e       0x2c build/default/production/_ext/60181570/plib_tcc0.o
 .ARM.attributes
                0x0000088a       0x2c build/default/production/_ext/60184501/plib_wdt.o
 .ARM.attributes
                0x000008b6       0x2c build/default/production/_ext/1832805299/sys_console_uart.o
 .ARM.attributes
                0x000008e2       0x2c build/default/production/_ext/1832805299/sys_console.o
 .ARM.attributes
                0x0000090e       0x2c build/default/production/_ext/14461671/sys_dma.o
 .ARM.attributes
                0x0000093a       0x2c build/default/production/_ext/1881668453/sys_int.o
 .ARM.attributes
                0x00000966       0x2c build/default/production/_ext/101884895/sys_time.o
 .ARM.attributes
                0x00000992       0x2c build/default/production/_ext/1171490990/tasks.o
 .ARM.attributes
                0x000009be       0x2c build/default/production/_ext/1171490990/initialization.o
 .ARM.attributes
                0x000009ea       0x2c build/default/production/_ext/1171490990/interrupts.o
 .ARM.attributes
                0x00000a16       0x2c build/default/production/_ext/1171490990/exceptions.o
 .ARM.attributes
                0x00000a42       0x2c build/default/production/_ext/1171490990/startup_xc32.o
 .ARM.attributes
                0x00000a6e       0x2c build/default/production/_ext/1360937237/ad9954_driver.o
 .ARM.attributes
                0x00000a9a       0x2c build/default/production/_ext/1360937237/bme690_driver.o
 .ARM.attributes
                0x00000ac6       0x2c build/default/production/_ext/1360937237/bmp585_driver.o
 .ARM.attributes
                0x00000af2       0x2c build/default/production/_ext/1360937237/can0_driver.o
 .ARM.attributes
                0x00000b1e       0x2c build/default/production/_ext/1360937237/console_driver.o
 .ARM.attributes
                0x00000b4a       0x2c build/default/production/_ext/1360937237/fcm360w_driver.o
 .ARM.attributes
                0x00000b76       0x2c build/default/production/_ext/1360937237/hdc302x_driver.o
 .ARM.attributes
                0x00000ba2       0x2c build/default/production/_ext/1360937237/mcp9808_driver.o
 .ARM.attributes
                0x00000bce       0x2c build/default/production/_ext/1360937237/ntc_driver.o
 .ARM.attributes
                0x00000bfa       0x2c build/default/production/_ext/1360937237/rstc_driver.o
 .ARM.attributes
                0x00000c26       0x2c build/default/production/_ext/1360937237/rtc_driver.o
 .ARM.attributes
                0x00000c52       0x2c build/default/production/_ext/1360937237/sen63c_driver.o
 .ARM.attributes
                0x00000c7e       0x2c build/default/production/_ext/1360937237/sht4x_driver.o
 .ARM.attributes
                0x00000caa       0x2c build/default/production/_ext/1360937237/ssd1306_driver.o
 .ARM.attributes
                0x00000cd6       0x2c build/default/production/_ext/1360937237/stcc4_driver.o
 .ARM.attributes
                0x00000d02       0x2c build/default/production/_ext/1360937237/timer_driver.o
 .ARM.attributes
                0x00000d2e       0x2c build/default/production/_ext/1360937237/vcnl4200_driver.o
 .ARM.attributes
                0x00000d5a       0x2c build/default/production/_ext/1360937237/ws281x_driver.o
 .ARM.attributes
                0x00000d86       0x2c build/default/production/_ext/1360937237/xm125_driver.o
 .ARM.attributes
                0x00000db2       0x2c build/default/production/_ext/1360937237/wincs02_driver.o
 .ARM.attributes
                0x00000dde       0x2c build/default/production/_ext/1360937237/app.o
 .ARM.attributes
                0x00000e0a       0x2c build/default/production/_ext/1360937237/main.o
 .ARM.attributes
                0x00000e36       0x2c C:/Applications/Microchip/XC32/bin/bin/../../lib/gcc/pic32c/13.2.1/../../../../pic32c/lib/thumb/v6-m/nofp\libpic32c.a(data_init.o)
 .ARM.attributes
                0x00000e62       0x2e C:/Applications/Microchip/XC32/bin/bin/../../lib/gcc/pic32c/13.2.1/../../../../pic32c/lib/thumb/v6-m/nofp\libc-size-musl.a(memcmp.o)
 .ARM.attributes
                0x00000e90       0x2e C:/Applications/Microchip/XC32/bin/bin/../../lib/gcc/pic32c/13.2.1/../../../../pic32c/lib/thumb/v6-m/nofp\libc-size-musl.a(memcpy.o)
 .ARM.attributes
                0x00000ebe       0x2e C:/Applications/Microchip/XC32/bin/bin/../../lib/gcc/pic32c/13.2.1/../../../../pic32c/lib/thumb/v6-m/nofp\libc-size-musl.a(memset.o)
 .ARM.attributes
                0x00000eec       0x2e C:/Applications/Microchip/XC32/bin/bin/../../lib/gcc/pic32c/13.2.1/../../../../pic32c/lib/thumb/v6-m/nofp\libc-size-musl.a(strlen.o)
 .ARM.attributes
                0x00000f1a       0x2e C:/Applications/Microchip/XC32/bin/bin/../../lib/gcc/pic32c/13.2.1/../../../../pic32c/lib/thumb/v6-m/nofp\libc-size-musl.a(strstr.o)
 .ARM.attributes
                0x00000f48       0x2e C:/Applications/Microchip/XC32/bin/bin/../../lib/gcc/pic32c/13.2.1/../../../../pic32c/lib/thumb/v6-m/nofp\libc-size-musl.a(strchr.o)
 .ARM.attributes
                0x00000f76       0x2e C:/Applications/Microchip/XC32/bin/bin/../../lib/gcc/pic32c/13.2.1/../../../../pic32c/lib/thumb/v6-m/nofp\libc-size-musl.a(strchrnul.o)
 .ARM.attributes
                0x00000fa4       0x2e C:/Applications/Microchip/XC32/bin/bin/../../lib/gcc/pic32c/13.2.1/../../../../pic32c/lib/thumb/v6-m/nofp\libc-size-musl.a(strcpy.o)
 .ARM.attributes
                0x00000fd2       0x2e C:/Applications/Microchip/XC32/bin/bin/../../lib/gcc/pic32c/13.2.1/../../../../pic32c/lib/thumb/v6-m/nofp\libc-size-musl.a(stpcpy.o)
 .ARM.attributes
                0x00001000       0x2e C:/Applications/Microchip/XC32/bin/bin/../../lib/gcc/pic32c/13.2.1/../../../../pic32c/lib/thumb/v6-m/nofp\liblmalloc-musl.a(lite_free.o)
 .ARM.attributes
                0x0000102e       0x2e C:/Applications/Microchip/XC32/bin/bin/../../lib/gcc/pic32c/13.2.1/../../../../pic32c/lib/thumb/v6-m/nofp\liblmalloc-musl.a(lite_malloc.o)
 .ARM.attributes
                0x0000105c       0x2e C:/Applications/Microchip/XC32/bin/bin/../../lib/gcc/pic32c/13.2.1/../../../../pic32c/lib/thumb/v6-m/nofp\libc-musl.a(__libc_start_main.o)
 .ARM.attributes
                0x0000108a       0x2e C:/Applications/Microchip/XC32/bin/bin/../../lib/gcc/pic32c/13.2.1/../../../../pic32c/lib/thumb/v6-m/nofp\libc-musl.a(__errno_location.o)
 .ARM.attributes
                0x000010b8       0x2e C:/Applications/Microchip/XC32/bin/bin/../../lib/gcc/pic32c/13.2.1/../../../../pic32c/lib/thumb/v6-m/nofp\libc-musl.a(libc.o)
 .ARM.attributes
                0x000010e6       0x2e C:/Applications/Microchip/XC32/bin/bin/../../lib/gcc/pic32c/13.2.1/../../../../pic32c/lib/thumb/v6-m/nofp\libc-musl.a(expand_heap.o)
 .ARM.attributes
                0x00001114       0x2e C:/Applications/Microchip/XC32/bin/bin/../../lib/gcc/pic32c/13.2.1/../../../../pic32c/lib/thumb/v6-m/nofp\libc-musl.a(vsnprintf.o)
 .ARM.attributes
                0x00001142       0x2e C:/Applications/Microchip/XC32/bin/bin/../../lib/gcc/pic32c/13.2.1/../../../../pic32c/lib/thumb/v6-m/nofp\libc-musl.a(sprintf.o)
 .ARM.attributes
                0x00001170       0x2e C:/Applications/Microchip/XC32/bin/bin/../../lib/gcc/pic32c/13.2.1/../../../../pic32c/lib/thumb/v6-m/nofp\libc-musl.a(vsprintf.o)
 .ARM.attributes
                0x0000119e       0x2e C:/Applications/Microchip/XC32/bin/bin/../../lib/gcc/pic32c/13.2.1/../../../../pic32c/lib/thumb/v6-m/nofp\libc-musl.a(__environ.o)
 .ARM.attributes
                0x000011cc       0x2e C:/Applications/Microchip/XC32/bin/bin/../../lib/gcc/pic32c/13.2.1/../../../../pic32c/lib/thumb/v6-m/nofp\libc-musl.a(vfprintf.o)
 .ARM.attributes
                0x000011fa       0x2e C:/Applications/Microchip/XC32/bin/bin/../../lib/gcc/pic32c/13.2.1/../../../../pic32c/lib/thumb/v6-m/nofp\libc-musl.a(__pop_float.o)
 .ARM.attributes
                0x00001228       0x2e C:/Applications/Microchip/XC32/bin/bin/../../lib/gcc/pic32c/13.2.1/../../../../pic32c/lib/thumb/v6-m/nofp\libc-musl.a(__pop_int.o)
 .ARM.attributes
                0x00001256       0x2e C:/Applications/Microchip/XC32/bin/bin/../../lib/gcc/pic32c/13.2.1/../../../../pic32c/lib/thumb/v6-m/nofp\libc-musl.a(__pop_ptr.o)
 .ARM.attributes
                0x00001284       0x2e C:/Applications/Microchip/XC32/bin/bin/../../lib/gcc/pic32c/13.2.1/../../../../pic32c/lib/thumb/v6-m/nofp\libc-musl.a(__printf_core.o)
 .ARM.attributes
                0x000012b2       0x2e C:/Applications/Microchip/XC32/bin/bin/../../lib/gcc/pic32c/13.2.1/../../../../pic32c/lib/thumb/v6-m/nofp\libc-musl.a(atoi.o)
 .ARM.attributes
                0x000012e0       0x2e C:/Applications/Microchip/XC32/bin/bin/../../lib/gcc/pic32c/13.2.1/../../../../pic32c/lib/thumb/v6-m/nofp\libc-musl.a(tolower.o)
 .ARM.attributes
                0x0000130e       0x2e C:/Applications/Microchip/XC32/bin/bin/../../lib/gcc/pic32c/13.2.1/../../../../pic32c/lib/thumb/v6-m/nofp\libc-musl.a(__fmt_a.o)
 .ARM.attributes
                0x0000133c       0x2e C:/Applications/Microchip/XC32/bin/bin/../../lib/gcc/pic32c/13.2.1/../../../../pic32c/lib/thumb/v6-m/nofp\libc-musl.a(__fmt_d.o)
 .ARM.attributes
                0x0000136a       0x2e C:/Applications/Microchip/XC32/bin/bin/../../lib/gcc/pic32c/13.2.1/../../../../pic32c/lib/thumb/v6-m/nofp\libc-musl.a(__fmt_fp.o)
 .ARM.attributes
                0x00001398       0x2e C:/Applications/Microchip/XC32/bin/bin/../../lib/gcc/pic32c/13.2.1/../../../../pic32c/lib/thumb/v6-m/nofp\libc-musl.a(__fmt_o.o)
 .ARM.attributes
                0x000013c6       0x2e C:/Applications/Microchip/XC32/bin/bin/../../lib/gcc/pic32c/13.2.1/../../../../pic32c/lib/thumb/v6-m/nofp\libc-musl.a(__fmt_s.o)
 .ARM.attributes
                0x000013f4       0x2e C:/Applications/Microchip/XC32/bin/bin/../../lib/gcc/pic32c/13.2.1/../../../../pic32c/lib/thumb/v6-m/nofp\libc-musl.a(__fmt_u.o)
 .ARM.attributes
                0x00001422       0x2e C:/Applications/Microchip/XC32/bin/bin/../../lib/gcc/pic32c/13.2.1/../../../../pic32c/lib/thumb/v6-m/nofp\libc-musl.a(__fmt_x.o)
 .ARM.attributes
                0x00001450       0x2e C:/Applications/Microchip/XC32/bin/bin/../../lib/gcc/pic32c/13.2.1/../../../../pic32c/lib/thumb/v6-m/nofp\libc-musl.a(toupper.o)
 .ARM.attributes
                0x0000147e       0x2e C:/Applications/Microchip/XC32/bin/bin/../../lib/gcc/pic32c/13.2.1/../../../../pic32c/lib/thumb/v6-m/nofp\libc-musl.a(__cvt_u.o)
 .ARM.attributes
                0x000014ac       0x2c C:/Applications/Microchip/XC32/bin/bin/../../lib/gcc/pic32c/13.2.1/../../../../pic32c/lib/thumb/v6-m/nofp\libm-fast-emfloat.a(fma.o)
 .ARM.attributes
                0x000014d8       0x2c C:/Applications/Microchip/XC32/bin/bin/../../lib/gcc/pic32c/13.2.1/../../../../pic32c/lib/thumb/v6-m/nofp\libm-fast-emfloat.a(floor.o)
 .ARM.attributes
                0x00001504       0x1c C:/Applications/Microchip/XC32/bin/bin/../../lib/gcc/pic32c/13.2.1/../../../../pic32c/lib/thumb/v6-m/nofp\libm-fast-emfloat.a(__aeabi_fadd.o)
 .ARM.attributes
                0x00001520       0x1c C:/Applications/Microchip/XC32/bin/bin/../../lib/gcc/pic32c/13.2.1/../../../../pic32c/lib/thumb/v6-m/nofp\libm-fast-emfloat.a(__aeabi_dadd.o)
 .ARM.attributes
                0x0000153c       0x1c C:/Applications/Microchip/XC32/bin/bin/../../lib/gcc/pic32c/13.2.1/../../../../pic32c/lib/thumb/v6-m/nofp\libm-fast-emfloat.a(__aeabi_fsub.o)
 .ARM.attributes
                0x00001558       0x1c C:/Applications/Microchip/XC32/bin/bin/../../lib/gcc/pic32c/13.2.1/../../../../pic32c/lib/thumb/v6-m/nofp\libm-fast-emfloat.a(__aeabi_dsub.o)
 .ARM.attributes
                0x00001574       0x1c C:/Applications/Microchip/XC32/bin/bin/../../lib/gcc/pic32c/13.2.1/../../../../pic32c/lib/thumb/v6-m/nofp\libm-fast-emfloat.a(__aeabi_fmul.o)
 .ARM.attributes
                0x00001590       0x1c C:/Applications/Microchip/XC32/bin/bin/../../lib/gcc/pic32c/13.2.1/../../../../pic32c/lib/thumb/v6-m/nofp\libm-fast-emfloat.a(__aeabi_dmul_aux.o)
 .ARM.attributes
                0x000015ac       0x1c C:/Applications/Microchip/XC32/bin/bin/../../lib/gcc/pic32c/13.2.1/../../../../pic32c/lib/thumb/v6-m/nofp\libm-fast-emfloat.a(__aeabi_fdiv.o)
 .ARM.attributes
                0x000015c8       0x1c C:/Applications/Microchip/XC32/bin/bin/../../lib/gcc/pic32c/13.2.1/../../../../pic32c/lib/thumb/v6-m/nofp\libm-fast-emfloat.a(__aeabi_ddiv.o)
 .ARM.attributes
                0x000015e4       0x1c C:/Applications/Microchip/XC32/bin/bin/../../lib/gcc/pic32c/13.2.1/../../../../pic32c/lib/thumb/v6-m/nofp\libm-fast-emfloat.a(__aeabi_dcmple.o)
 .ARM.attributes
                0x00001600       0x1c C:/Applications/Microchip/XC32/bin/bin/../../lib/gcc/pic32c/13.2.1/../../../../pic32c/lib/thumb/v6-m/nofp\libm-fast-emfloat.a(__aeabi_dcmpeq.o)
 .ARM.attributes
                0x0000161c       0x1c C:/Applications/Microchip/XC32/bin/bin/../../lib/gcc/pic32c/13.2.1/../../../../pic32c/lib/thumb/v6-m/nofp\libm-fast-emfloat.a(__aeabi_dcmpgt.o)
 .ARM.attributes
                0x00001638       0x1c C:/Applications/Microchip/XC32/bin/bin/../../lib/gcc/pic32c/13.2.1/../../../../pic32c/lib/thumb/v6-m/nofp\libm-fast-emfloat.a(__aeabi_dcmplt.o)
 .ARM.attributes
                0x00001654       0x1c C:/Applications/Microchip/XC32/bin/bin/../../lib/gcc/pic32c/13.2.1/../../../../pic32c/lib/thumb/v6-m/nofp\libm-fast-emfloat.a(__aeabi_f2iz.o)
 .ARM.attributes
                0x00001670       0x1c C:/Applications/Microchip/XC32/bin/bin/../../lib/gcc/pic32c/13.2.1/../../../../pic32c/lib/thumb/v6-m/nofp\libm-fast-emfloat.a(__aeabi_d2iz.o)
 .ARM.attributes
                0x0000168c       0x1c C:/Applications/Microchip/XC32/bin/bin/../../lib/gcc/pic32c/13.2.1/../../../../pic32c/lib/thumb/v6-m/nofp\libm-fast-emfloat.a(__aeabi_f2uiz.o)
 .ARM.attributes
                0x000016a8       0x1c C:/Applications/Microchip/XC32/bin/bin/../../lib/gcc/pic32c/13.2.1/../../../../pic32c/lib/thumb/v6-m/nofp\libm-fast-emfloat.a(__aeabi_d2uiz.o)
 .ARM.attributes
                0x000016c4       0x1c C:/Applications/Microchip/XC32/bin/bin/../../lib/gcc/pic32c/13.2.1/../../../../pic32c/lib/thumb/v6-m/nofp\libm-fast-emfloat.a(__aeabi_i2f.o)
 .ARM.attributes
                0x000016e0       0x1c C:/Applications/Microchip/XC32/bin/bin/../../lib/gcc/pic32c/13.2.1/../../../../pic32c/lib/thumb/v6-m/nofp\libm-fast-emfloat.a(__aeabi_ui2f.o)
 .ARM.attributes
                0x000016fc       0x1c C:/Applications/Microchip/XC32/bin/bin/../../lib/gcc/pic32c/13.2.1/../../../../pic32c/lib/thumb/v6-m/nofp\libm-fast-emfloat.a(__aeabi_f2d.o)
 .ARM.attributes
                0x00001718       0x1c C:/Applications/Microchip/XC32/bin/bin/../../lib/gcc/pic32c/13.2.1/../../../../pic32c/lib/thumb/v6-m/nofp\libm-fast-emfloat.a(__aeabi_d2f.o)
 .ARM.attributes
                0x00001734       0x2c C:/Applications/Microchip/XC32/bin/bin/../../lib/gcc/pic32c/13.2.1/../../../../pic32c/lib/thumb/v6-m/nofp\libpic32c.a(sbrk.o)
 .ARM.attributes
                0x00001760       0x1e C:/Applications/Microchip/XC32/bin/bin/../../lib/gcc/pic32c/13.2.1/thumb/v6-m/nofp\libgcc.a(_thumb1_case_uqi.o)
 .ARM.attributes
                0x0000177e       0x1e C:/Applications/Microchip/XC32/bin/bin/../../lib/gcc/pic32c/13.2.1/thumb/v6-m/nofp\libgcc.a(_udivsi3.o)
 .ARM.attributes
                0x0000179c       0x1e C:/Applications/Microchip/XC32/bin/bin/../../lib/gcc/pic32c/13.2.1/thumb/v6-m/nofp\libgcc.a(_divsi3.o)
 .ARM.attributes
                0x000017ba       0x1e C:/Applications/Microchip/XC32/bin/bin/../../lib/gcc/pic32c/13.2.1/thumb/v6-m/nofp\libgcc.a(_dvmd_tls.o)
 .ARM.attributes
                0x000017d8       0x1e C:/Applications/Microchip/XC32/bin/bin/../../lib/gcc/pic32c/13.2.1/thumb/v6-m/nofp\libgcc.a(_lshrdi3.o)
 .ARM.attributes
                0x000017f6       0x1e C:/Applications/Microchip/XC32/bin/bin/../../lib/gcc/pic32c/13.2.1/thumb/v6-m/nofp\libgcc.a(_ashldi3.o)
 .ARM.attributes
                0x00001814       0x1e C:/Applications/Microchip/XC32/bin/bin/../../lib/gcc/pic32c/13.2.1/thumb/v6-m/nofp\libgcc.a(_aeabi_uldivmod.o)
 .ARM.attributes
                0x00001832       0x2c C:/Applications/Microchip/XC32/bin/bin/../../lib/gcc/pic32c/13.2.1/thumb/v6-m/nofp\libgcc.a(_muldi3.o)
 .ARM.attributes
                0x0000185e       0x2c C:/Applications/Microchip/XC32/bin/bin/../../lib/gcc/pic32c/13.2.1/thumb/v6-m/nofp\libgcc.a(_udivmoddi4.o)
 .ARM.attributes
                0x0000188a       0x1e C:/Applications/Microchip/XC32/bin/bin/../../lib/gcc/pic32c/13.2.1/thumb/v6-m/nofp\libgcc.a(_clzdi2.o)
 .ARM.attributes
                0x000018a8       0x1e C:/Applications/Microchip/XC32/bin/bin/../../lib/gcc/pic32c/13.2.1/thumb/v6-m/nofp\libgcc.a(_clzsi2.o)
 .ARM.attributes
                0x000018c6       0x1e C:/Applications/Microchip/XC32/bin/bin/../../lib/gcc/pic32c/13.2.1/thumb/v6-m/nofp/crtn.o
 .ARM.attributes
                0x000018e4       0x2c C:/Applications/Microchip/XC32/bin/bin/../../lib/gcc/pic32c/13.2.1/../../../../pic32c/lib/thumb/v6-m/nofp\libpic32c.a(pic32_data_init_clear.o)
 .ARM.attributes
                0x00001910       0x2c C:/Applications/Microchip/XC32/bin/bin/../../lib/gcc/pic32c/13.2.1/../../../../pic32c/lib/thumb/v6-m/nofp\libpic32c.a(pic32_data_init_copy.o)

.comment        0x00000000       0x35
 .comment       0x00000000       0x35 C:/Applications/Microchip/XC32/bin/bin/../../lib/gcc/pic32c/13.2.1/thumb/v6-m/nofp/crtbegin.o
                                 0x36 (size before relaxing)
 .comment       0x00000035       0x36 build/default/production/_ext/158385033/drv_i2c.o
 .comment       0x00000035       0x36 build/default/production/_ext/2070931557/drv_spi.o
 .comment       0x00000035       0x36 build/default/production/_ext/869808652/drv_usart.o
 .comment       0x00000035       0x36 build/default/production/_ext/622324608/wdrv_winc_spi.o
 .comment       0x00000035       0x36 build/default/production/_ext/622324608/wdrv_winc_eint.o
 .comment       0x00000035       0x36 build/default/production/_ext/1857064221/winc_cmds.o
 .comment       0x00000035       0x36 build/default/production/_ext/1857064221/winc_cmd_req.o
 .comment       0x00000035       0x36 build/default/production/_ext/1857064221/winc_dev.o
 .comment       0x00000035       0x36 build/default/production/_ext/1857064221/winc_sdio_drv.o
 .comment       0x00000035       0x36 build/default/production/_ext/1857064221/winc_socket.o
 .comment       0x00000035       0x36 build/default/production/_ext/1706628858/wdrv_winc.o
 .comment       0x00000035       0x36 build/default/production/_ext/1706628858/wdrv_winc_assoc.o
 .comment       0x00000035       0x36 build/default/production/_ext/1706628858/wdrv_winc_bssfind.o
 .comment       0x00000035       0x36 build/default/production/_ext/1706628858/wdrv_winc_dns.o
 .comment       0x00000035       0x36 build/default/production/_ext/1706628858/wdrv_winc_extcrypto.o
 .comment       0x00000035       0x36 build/default/production/_ext/1706628858/wdrv_winc_mqtt.o
 .comment       0x00000035       0x36 build/default/production/_ext/1706628858/wdrv_winc_netif.o
 .comment       0x00000035       0x36 build/default/production/_ext/1706628858/wdrv_winc_ota.o
 .comment       0x00000035       0x36 build/default/production/_ext/1706628858/wdrv_winc_pps.o
 .comment       0x00000035       0x36 build/default/production/_ext/1706628858/wdrv_winc_nvm.o
 .comment       0x00000035       0x36 build/default/production/_ext/1706628858/wdrv_winc_prov.o
 .comment       0x00000035       0x36 build/default/production/_ext/1706628858/wdrv_winc_socket.o
 .comment       0x00000035       0x36 build/default/production/_ext/1706628858/wdrv_winc_softap.o
 .comment       0x00000035       0x36 build/default/production/_ext/1706628858/wdrv_winc_sta.o
 .comment       0x00000035       0x36 build/default/production/_ext/1706628858/wdrv_winc_systime.o
 .comment       0x00000035       0x36 build/default/production/_ext/60163342/plib_adc0.o
 .comment       0x00000035       0x36 build/default/production/_ext/60165182/plib_can0.o
 .comment       0x00000035       0x36 build/default/production/_ext/1984496892/plib_clock.o
 .comment       0x00000035       0x36 build/default/production/_ext/60166132/plib_dac.o
 .comment       0x00000035       0x36 build/default/production/_ext/1865161661/plib_dmac.o
 .comment       0x00000035       0x36 build/default/production/_ext/60167341/plib_eic.o
 .comment       0x00000035       0x36 build/default/production/_ext/1986646378/plib_evsys.o
 .comment       0x00000035       0x36 build/default/production/_ext/1987437027/plib_freqm.o
 .comment       0x00000035       0x36 build/default/production/_ext/1865468468/plib_nvic.o
 .comment       0x00000035       0x36 build/default/production/_ext/1593096446/plib_nvmctrl.o
 .comment       0x00000035       0x36 build/default/production/_ext/829342769/plib_pm.o
 .comment       0x00000035       0x36 build/default/production/_ext/1865521619/plib_port.o
 .comment       0x00000035       0x36 build/default/production/_ext/1865585090/plib_rstc.o
 .comment       0x00000035       0x36 build/default/production/_ext/60180175/plib_rtc_clock.o
 .comment       0x00000035       0x36 build/default/production/_ext/508257091/plib_sercom2_i2c_master.o
 .comment       0x00000035       0x36 build/default/production/_ext/17022449/plib_sercom3_spi_master.o
 .comment       0x00000035       0x36 build/default/production/_ext/17022449/plib_sercom4_spi_master.o
 .comment       0x00000035       0x36 build/default/production/_ext/17022449/plib_sercom5_spi_master.o
 .comment       0x00000035       0x36 build/default/production/_ext/504274921/plib_sercom1_usart.o
 .comment       0x00000035       0x36 build/default/production/_ext/504274921/plib_sercom0_usart.o
 .comment       0x00000035       0x36 build/default/production/_ext/1865616679/plib_supc.o
 .comment       0x00000035       0x36 build/default/production/_ext/1827571544/plib_systick.o
 .comment       0x00000035       0x36 build/default/production/_ext/60181570/plib_tcc0.o
 .comment       0x00000035       0x36 build/default/production/_ext/60184501/plib_wdt.o
 .comment       0x00000035       0x36 build/default/production/_ext/1832805299/sys_console_uart.o
 .comment       0x00000035       0x36 build/default/production/_ext/1832805299/sys_console.o
 .comment       0x00000035       0x36 build/default/production/_ext/14461671/sys_dma.o
 .comment       0x00000035       0x36 build/default/production/_ext/1881668453/sys_int.o
 .comment       0x00000035       0x36 build/default/production/_ext/101884895/sys_time.o
 .comment       0x00000035       0x36 build/default/production/_ext/1171490990/tasks.o
 .comment       0x00000035       0x36 build/default/production/_ext/1171490990/initialization.o
 .comment       0x00000035       0x36 build/default/production/_ext/1171490990/interrupts.o
 .comment       0x00000035       0x36 build/default/production/_ext/1171490990/exceptions.o
 .comment       0x00000035       0x36 build/default/production/_ext/1171490990/startup_xc32.o
 .comment       0x00000035       0x36 build/default/production/_ext/1360937237/ad9954_driver.o
 .comment       0x00000035       0x36 build/default/production/_ext/1360937237/bme690_driver.o
 .comment       0x00000035       0x36 build/default/production/_ext/1360937237/bmp585_driver.o
 .comment       0x00000035       0x36 build/default/production/_ext/1360937237/can0_driver.o
 .comment       0x00000035       0x36 build/default/production/_ext/1360937237/console_driver.o
 .comment       0x00000035       0x36 build/default/production/_ext/1360937237/fcm360w_driver.o
 .comment       0x00000035       0x36 build/default/production/_ext/1360937237/hdc302x_driver.o
 .comment       0x00000035       0x36 build/default/production/_ext/1360937237/mcp9808_driver.o
 .comment       0x00000035       0x36 build/default/production/_ext/1360937237/ntc_driver.o
 .comment       0x00000035       0x36 build/default/production/_ext/1360937237/rstc_driver.o
 .comment       0x00000035       0x36 build/default/production/_ext/1360937237/rtc_driver.o
 .comment       0x00000035       0x36 build/default/production/_ext/1360937237/sen63c_driver.o
 .comment       0x00000035       0x36 build/default/production/_ext/1360937237/sht4x_driver.o
 .comment       0x00000035       0x36 build/default/production/_ext/1360937237/ssd1306_driver.o
 .comment       0x00000035       0x36 build/default/production/_ext/1360937237/stcc4_driver.o
 .comment       0x00000035       0x36 build/default/production/_ext/1360937237/timer_driver.o
 .comment       0x00000035       0x36 build/default/production/_ext/1360937237/vcnl4200_driver.o
 .comment       0x00000035       0x36 build/default/production/_ext/1360937237/ws281x_driver.o
 .comment       0x00000035       0x36 build/default/production/_ext/1360937237/xm125_driver.o
 .comment       0x00000035       0x36 build/default/production/_ext/1360937237/wincs02_driver.o
 .comment       0x00000035       0x36 build/default/production/_ext/1360937237/app.o
 .comment       0x00000035       0x36 build/default/production/_ext/1360937237/main.o
 .comment       0x00000035       0x36 C:/Applications/Microchip/XC32/bin/bin/../../lib/gcc/pic32c/13.2.1/../../../../pic32c/lib/thumb/v6-m/nofp\libpic32c.a(data_init.o)
 .comment       0x00000035       0x36 C:/Applications/Microchip/XC32/bin/bin/../../lib/gcc/pic32c/13.2.1/../../../../pic32c/lib/thumb/v6-m/nofp\libc-size-musl.a(memcmp.o)
 .comment       0x00000035       0x36 C:/Applications/Microchip/XC32/bin/bin/../../lib/gcc/pic32c/13.2.1/../../../../pic32c/lib/thumb/v6-m/nofp\libc-size-musl.a(memcpy.o)
 .comment       0x00000035       0x36 C:/Applications/Microchip/XC32/bin/bin/../../lib/gcc/pic32c/13.2.1/../../../../pic32c/lib/thumb/v6-m/nofp\libc-size-musl.a(memset.o)
 .comment       0x00000035       0x36 C:/Applications/Microchip/XC32/bin/bin/../../lib/gcc/pic32c/13.2.1/../../../../pic32c/lib/thumb/v6-m/nofp\libc-size-musl.a(strlen.o)
 .comment       0x00000035       0x36 C:/Applications/Microchip/XC32/bin/bin/../../lib/gcc/pic32c/13.2.1/../../../../pic32c/lib/thumb/v6-m/nofp\libc-size-musl.a(strstr.o)
 .comment       0x00000035       0x36 C:/Applications/Microchip/XC32/bin/bin/../../lib/gcc/pic32c/13.2.1/../../../../pic32c/lib/thumb/v6-m/nofp\libc-size-musl.a(strchr.o)
 .comment       0x00000035       0x36 C:/Applications/Microchip/XC32/bin/bin/../../lib/gcc/pic32c/13.2.1/../../../../pic32c/lib/thumb/v6-m/nofp\libc-size-musl.a(strchrnul.o)
 .comment       0x00000035       0x36 C:/Applications/Microchip/XC32/bin/bin/../../lib/gcc/pic32c/13.2.1/../../../../pic32c/lib/thumb/v6-m/nofp\libc-size-musl.a(strcpy.o)
 .comment       0x00000035       0x36 C:/Applications/Microchip/XC32/bin/bin/../../lib/gcc/pic32c/13.2.1/../../../../pic32c/lib/thumb/v6-m/nofp\libc-size-musl.a(stpcpy.o)
 .comment       0x00000035       0x36 C:/Applications/Microchip/XC32/bin/bin/../../lib/gcc/pic32c/13.2.1/../../../../pic32c/lib/thumb/v6-m/nofp\liblmalloc-musl.a(lite_free.o)
 .comment       0x00000035       0x36 C:/Applications/Microchip/XC32/bin/bin/../../lib/gcc/pic32c/13.2.1/../../../../pic32c/lib/thumb/v6-m/nofp\liblmalloc-musl.a(lite_malloc.o)
 .comment       0x00000035       0x36 C:/Applications/Microchip/XC32/bin/bin/../../lib/gcc/pic32c/13.2.1/../../../../pic32c/lib/thumb/v6-m/nofp\libc-musl.a(__libc_start_main.o)
 .comment       0x00000035       0x36 C:/Applications/Microchip/XC32/bin/bin/../../lib/gcc/pic32c/13.2.1/../../../../pic32c/lib/thumb/v6-m/nofp\libc-musl.a(__errno_location.o)
 .comment       0x00000035       0x36 C:/Applications/Microchip/XC32/bin/bin/../../lib/gcc/pic32c/13.2.1/../../../../pic32c/lib/thumb/v6-m/nofp\libc-musl.a(libc.o)
 .comment       0x00000035       0x36 C:/Applications/Microchip/XC32/bin/bin/../../lib/gcc/pic32c/13.2.1/../../../../pic32c/lib/thumb/v6-m/nofp\libc-musl.a(expand_heap.o)
 .comment       0x00000035       0x36 C:/Applications/Microchip/XC32/bin/bin/../../lib/gcc/pic32c/13.2.1/../../../../pic32c/lib/thumb/v6-m/nofp\libc-musl.a(vsnprintf.o)
 .comment       0x00000035       0x36 C:/Applications/Microchip/XC32/bin/bin/../../lib/gcc/pic32c/13.2.1/../../../../pic32c/lib/thumb/v6-m/nofp\libc-musl.a(sprintf.o)
 .comment       0x00000035       0x36 C:/Applications/Microchip/XC32/bin/bin/../../lib/gcc/pic32c/13.2.1/../../../../pic32c/lib/thumb/v6-m/nofp\libc-musl.a(vsprintf.o)
 .comment       0x00000035       0x36 C:/Applications/Microchip/XC32/bin/bin/../../lib/gcc/pic32c/13.2.1/../../../../pic32c/lib/thumb/v6-m/nofp\libc-musl.a(__environ.o)
 .comment       0x00000035       0x36 C:/Applications/Microchip/XC32/bin/bin/../../lib/gcc/pic32c/13.2.1/../../../../pic32c/lib/thumb/v6-m/nofp\libc-musl.a(vfprintf.o)
 .comment       0x00000035       0x36 C:/Applications/Microchip/XC32/bin/bin/../../lib/gcc/pic32c/13.2.1/../../../../pic32c/lib/thumb/v6-m/nofp\libc-musl.a(__pop_float.o)
 .comment       0x00000035       0x36 C:/Applications/Microchip/XC32/bin/bin/../../lib/gcc/pic32c/13.2.1/../../../../pic32c/lib/thumb/v6-m/nofp\libc-musl.a(__pop_int.o)
 .comment       0x00000035       0x36 C:/Applications/Microchip/XC32/bin/bin/../../lib/gcc/pic32c/13.2.1/../../../../pic32c/lib/thumb/v6-m/nofp\libc-musl.a(__pop_ptr.o)
 .comment       0x00000035       0x36 C:/Applications/Microchip/XC32/bin/bin/../../lib/gcc/pic32c/13.2.1/../../../../pic32c/lib/thumb/v6-m/nofp\libc-musl.a(__printf_core.o)
 .comment       0x00000035       0x36 C:/Applications/Microchip/XC32/bin/bin/../../lib/gcc/pic32c/13.2.1/../../../../pic32c/lib/thumb/v6-m/nofp\libc-musl.a(atoi.o)
 .comment       0x00000035       0x36 C:/Applications/Microchip/XC32/bin/bin/../../lib/gcc/pic32c/13.2.1/../../../../pic32c/lib/thumb/v6-m/nofp\libc-musl.a(tolower.o)
 .comment       0x00000035       0x36 C:/Applications/Microchip/XC32/bin/bin/../../lib/gcc/pic32c/13.2.1/../../../../pic32c/lib/thumb/v6-m/nofp\libc-musl.a(__fmt_a.o)
 .comment       0x00000035       0x36 C:/Applications/Microchip/XC32/bin/bin/../../lib/gcc/pic32c/13.2.1/../../../../pic32c/lib/thumb/v6-m/nofp\libc-musl.a(__fmt_d.o)
 .comment       0x00000035       0x36 C:/Applications/Microchip/XC32/bin/bin/../../lib/gcc/pic32c/13.2.1/../../../../pic32c/lib/thumb/v6-m/nofp\libc-musl.a(__fmt_fp.o)
 .comment       0x00000035       0x36 C:/Applications/Microchip/XC32/bin/bin/../../lib/gcc/pic32c/13.2.1/../../../../pic32c/lib/thumb/v6-m/nofp\libc-musl.a(__fmt_o.o)
 .comment       0x00000035       0x36 C:/Applications/Microchip/XC32/bin/bin/../../lib/gcc/pic32c/13.2.1/../../../../pic32c/lib/thumb/v6-m/nofp\libc-musl.a(__fmt_s.o)
 .comment       0x00000035       0x36 C:/Applications/Microchip/XC32/bin/bin/../../lib/gcc/pic32c/13.2.1/../../../../pic32c/lib/thumb/v6-m/nofp\libc-musl.a(__fmt_u.o)
 .comment       0x00000035       0x36 C:/Applications/Microchip/XC32/bin/bin/../../lib/gcc/pic32c/13.2.1/../../../../pic32c/lib/thumb/v6-m/nofp\libc-musl.a(__fmt_x.o)
 .comment       0x00000035       0x36 C:/Applications/Microchip/XC32/bin/bin/../../lib/gcc/pic32c/13.2.1/../../../../pic32c/lib/thumb/v6-m/nofp\libc-musl.a(toupper.o)
 .comment       0x00000035       0x36 C:/Applications/Microchip/XC32/bin/bin/../../lib/gcc/pic32c/13.2.1/../../../../pic32c/lib/thumb/v6-m/nofp\libc-musl.a(__cvt_u.o)
 .comment       0x00000035       0x36 C:/Applications/Microchip/XC32/bin/bin/../../lib/gcc/pic32c/13.2.1/../../../../pic32c/lib/thumb/v6-m/nofp\libm-fast-emfloat.a(fma.o)
 .comment       0x00000035       0x36 C:/Applications/Microchip/XC32/bin/bin/../../lib/gcc/pic32c/13.2.1/../../../../pic32c/lib/thumb/v6-m/nofp\libm-fast-emfloat.a(floor.o)
 .comment       0x00000035       0x36 C:/Applications/Microchip/XC32/bin/bin/../../lib/gcc/pic32c/13.2.1/../../../../pic32c/lib/thumb/v6-m/nofp\libpic32c.a(sbrk.o)
 .comment       0x00000035       0x36 C:/Applications/Microchip/XC32/bin/bin/../../lib/gcc/pic32c/13.2.1/thumb/v6-m/nofp\libgcc.a(_muldi3.o)
 .comment       0x00000035       0x36 C:/Applications/Microchip/XC32/bin/bin/../../lib/gcc/pic32c/13.2.1/thumb/v6-m/nofp\libgcc.a(_udivmoddi4.o)
 .comment       0x00000035       0x36 C:/Applications/Microchip/XC32/bin/bin/../../lib/gcc/pic32c/13.2.1/../../../../pic32c/lib/thumb/v6-m/nofp\libpic32c.a(pic32_data_init_clear.o)
 .comment       0x00000035       0x36 C:/Applications/Microchip/XC32/bin/bin/../../lib/gcc/pic32c/13.2.1/../../../../pic32c/lib/thumb/v6-m/nofp\libpic32c.a(pic32_data_init_copy.o)

.debug_info     0x00000000    0x73a81
 .debug_info    0x00000000     0x1f5d build/default/production/_ext/158385033/drv_i2c.o
 .debug_info    0x00001f5d     0x2ce9 build/default/production/_ext/2070931557/drv_spi.o
 .debug_info    0x00004c46     0x2aab build/default/production/_ext/869808652/drv_usart.o
 .debug_info    0x000076f1      0xb65 build/default/production/_ext/622324608/wdrv_winc_spi.o
 .debug_info    0x00008256      0x1fc build/default/production/_ext/622324608/wdrv_winc_eint.o
 .debug_info    0x00008452     0x5112 build/default/production/_ext/1857064221/winc_cmds.o
 .debug_info    0x0000d564      0x54c build/default/production/_ext/1857064221/winc_cmd_req.o
 .debug_info    0x0000dab0     0x1e84 build/default/production/_ext/1857064221/winc_dev.o
 .debug_info    0x0000f934      0xc7c build/default/production/_ext/1857064221/winc_sdio_drv.o
 .debug_info    0x000105b0     0x5980 build/default/production/_ext/1857064221/winc_socket.o
 .debug_info    0x00015f30     0x576f build/default/production/_ext/1706628858/wdrv_winc.o
 .debug_info    0x0001b69f     0x2b0a build/default/production/_ext/1706628858/wdrv_winc_assoc.o
 .debug_info    0x0001e1a9     0x3317 build/default/production/_ext/1706628858/wdrv_winc_bssfind.o
 .debug_info    0x000214c0     0x2c63 build/default/production/_ext/1706628858/wdrv_winc_dns.o
 .debug_info    0x00024123     0x29be build/default/production/_ext/1706628858/wdrv_winc_extcrypto.o
 .debug_info    0x00026ae1     0x4a08 build/default/production/_ext/1706628858/wdrv_winc_mqtt.o
 .debug_info    0x0002b4e9     0x310c build/default/production/_ext/1706628858/wdrv_winc_netif.o
 .debug_info    0x0002e5f5     0x3400 build/default/production/_ext/1706628858/wdrv_winc_ota.o
 .debug_info    0x000319f5     0x2a3b build/default/production/_ext/1706628858/wdrv_winc_pps.o
 .debug_info    0x00034430     0x3502 build/default/production/_ext/1706628858/wdrv_winc_nvm.o
 .debug_info    0x00037932     0x2967 build/default/production/_ext/1706628858/wdrv_winc_prov.o
 .debug_info    0x0003a299     0x2b38 build/default/production/_ext/1706628858/wdrv_winc_socket.o
 .debug_info    0x0003cdd1     0x3087 build/default/production/_ext/1706628858/wdrv_winc_softap.o
 .debug_info    0x0003fe58     0x2fd7 build/default/production/_ext/1706628858/wdrv_winc_sta.o
 .debug_info    0x00042e2f     0x27cb build/default/production/_ext/1706628858/wdrv_winc_systime.o
 .debug_info    0x000455fa      0x6dd build/default/production/_ext/60163342/plib_adc0.o
 .debug_info    0x00045cd7     0x142f build/default/production/_ext/60165182/plib_can0.o
 .debug_info    0x00047106      0x5c9 build/default/production/_ext/1984496892/plib_clock.o
 .debug_info    0x000476cf      0x24b build/default/production/_ext/60166132/plib_dac.o
 .debug_info    0x0004791a      0xc1b build/default/production/_ext/1865161661/plib_dmac.o
 .debug_info    0x00048535      0x3c0 build/default/production/_ext/60167341/plib_eic.o
 .debug_info    0x000488f5       0x9b build/default/production/_ext/1986646378/plib_evsys.o
 .debug_info    0x00048990      0x3d2 build/default/production/_ext/1987437027/plib_freqm.o
 .debug_info    0x00048d62      0xb47 build/default/production/_ext/1865468468/plib_nvic.o
 .debug_info    0x000498a9      0x868 build/default/production/_ext/1593096446/plib_nvmctrl.o
 .debug_info    0x0004a111      0x175 build/default/production/_ext/829342769/plib_pm.o
 .debug_info    0x0004a286      0x7b3 build/default/production/_ext/1865521619/plib_port.o
 .debug_info    0x0004aa39       0xf3 build/default/production/_ext/1865585090/plib_rstc.o
 .debug_info    0x0004ab2c      0x895 build/default/production/_ext/60180175/plib_rtc_clock.o
 .debug_info    0x0004b3c1     0x139d build/default/production/_ext/508257091/plib_sercom2_i2c_master.o
 .debug_info    0x0004c75e      0xf3c build/default/production/_ext/17022449/plib_sercom3_spi_master.o
 .debug_info    0x0004d69a      0xf3c build/default/production/_ext/17022449/plib_sercom4_spi_master.o
 .debug_info    0x0004e5d6      0xd22 build/default/production/_ext/17022449/plib_sercom5_spi_master.o
 .debug_info    0x0004f2f8     0x1283 build/default/production/_ext/504274921/plib_sercom1_usart.o
 .debug_info    0x0005057b     0x188a build/default/production/_ext/504274921/plib_sercom0_usart.o
 .debug_info    0x00051e05      0x262 build/default/production/_ext/1865616679/plib_supc.o
 .debug_info    0x00052067      0x6fb build/default/production/_ext/1827571544/plib_systick.o
 .debug_info    0x00052762      0x529 build/default/production/_ext/60181570/plib_tcc0.o
 .debug_info    0x00052c8b      0x27f build/default/production/_ext/60184501/plib_wdt.o
 .debug_info    0x00052f0a      0xdbb build/default/production/_ext/1832805299/sys_console_uart.o
 .debug_info    0x00053cc5      0xcc7 build/default/production/_ext/1832805299/sys_console.o
 .debug_info    0x0005498c      0x326 build/default/production/_ext/14461671/sys_dma.o
 .debug_info    0x00054cb2      0x5c7 build/default/production/_ext/1881668453/sys_int.o
 .debug_info    0x00055279     0x1ac7 build/default/production/_ext/101884895/sys_time.o
 .debug_info    0x00056d40      0x2e0 build/default/production/_ext/1171490990/tasks.o
 .debug_info    0x00057020     0x369d build/default/production/_ext/1171490990/initialization.o
 .debug_info    0x0005a6bd      0x54a build/default/production/_ext/1171490990/interrupts.o
 .debug_info    0x0005ac07       0xc1 build/default/production/_ext/1171490990/exceptions.o
 .debug_info    0x0005acc8      0x31f build/default/production/_ext/1171490990/startup_xc32.o
 .debug_info    0x0005afe7     0x1528 build/default/production/_ext/1360937237/ad9954_driver.o
 .debug_info    0x0005c50f     0x1eaa build/default/production/_ext/1360937237/bme690_driver.o
 .debug_info    0x0005e3b9     0x214a build/default/production/_ext/1360937237/bmp585_driver.o
 .debug_info    0x00060503      0xe34 build/default/production/_ext/1360937237/can0_driver.o
 .debug_info    0x00061337      0x34d build/default/production/_ext/1360937237/console_driver.o
 .debug_info    0x00061684      0x7ea build/default/production/_ext/1360937237/fcm360w_driver.o
 .debug_info    0x00061e6e     0x183f build/default/production/_ext/1360937237/hdc302x_driver.o
 .debug_info    0x000636ad      0xd95 build/default/production/_ext/1360937237/mcp9808_driver.o
 .debug_info    0x00064442      0x4d6 build/default/production/_ext/1360937237/ntc_driver.o
 .debug_info    0x00064918      0x539 build/default/production/_ext/1360937237/rstc_driver.o
 .debug_info    0x00064e51      0x68f build/default/production/_ext/1360937237/rtc_driver.o
 .debug_info    0x000654e0     0x104f build/default/production/_ext/1360937237/sen63c_driver.o
 .debug_info    0x0006652f      0xabc build/default/production/_ext/1360937237/sht4x_driver.o
 .debug_info    0x00066feb     0x13cf build/default/production/_ext/1360937237/ssd1306_driver.o
 .debug_info    0x000683ba     0x1307 build/default/production/_ext/1360937237/stcc4_driver.o
 .debug_info    0x000696c1      0x619 build/default/production/_ext/1360937237/timer_driver.o
 .debug_info    0x00069cda     0x1028 build/default/production/_ext/1360937237/vcnl4200_driver.o
 .debug_info    0x0006ad02      0xfc6 build/default/production/_ext/1360937237/ws281x_driver.o
 .debug_info    0x0006bcc8      0x5d3 build/default/production/_ext/1360937237/xm125_driver.o
 .debug_info    0x0006c29b      0xd73 build/default/production/_ext/1360937237/wincs02_driver.o
 .debug_info    0x0006d00e      0x57d build/default/production/_ext/1360937237/app.o
 .debug_info    0x0006d58b       0xed build/default/production/_ext/1360937237/main.o
 .debug_info    0x0006d678      0x212 C:/Applications/Microchip/XC32/bin/bin/../../lib/gcc/pic32c/13.2.1/../../../../pic32c/lib/thumb/v6-m/nofp\libpic32c.a(data_init.o)
 .debug_info    0x0006d88a       0xe7 C:/Applications/Microchip/XC32/bin/bin/../../lib/gcc/pic32c/13.2.1/../../../../pic32c/lib/thumb/v6-m/nofp\libc-size-musl.a(memcmp.o)
 .debug_info    0x0006d971       0xed C:/Applications/Microchip/XC32/bin/bin/../../lib/gcc/pic32c/13.2.1/../../../../pic32c/lib/thumb/v6-m/nofp\libc-size-musl.a(memcpy.o)
 .debug_info    0x0006da5e       0xc2 C:/Applications/Microchip/XC32/bin/bin/../../lib/gcc/pic32c/13.2.1/../../../../pic32c/lib/thumb/v6-m/nofp\libc-size-musl.a(memset.o)
 .debug_info    0x0006db20       0xab C:/Applications/Microchip/XC32/bin/bin/../../lib/gcc/pic32c/13.2.1/../../../../pic32c/lib/thumb/v6-m/nofp\libc-size-musl.a(strlen.o)
 .debug_info    0x0006dbcb       0xc7 C:/Applications/Microchip/XC32/bin/bin/../../lib/gcc/pic32c/13.2.1/../../../../pic32c/lib/thumb/v6-m/nofp\libc-size-musl.a(strstr.o)
 .debug_info    0x0006dc92       0xeb C:/Applications/Microchip/XC32/bin/bin/../../lib/gcc/pic32c/13.2.1/../../../../pic32c/lib/thumb/v6-m/nofp\libc-size-musl.a(strchr.o)
 .debug_info    0x0006dd7d      0x13a C:/Applications/Microchip/XC32/bin/bin/../../lib/gcc/pic32c/13.2.1/../../../../pic32c/lib/thumb/v6-m/nofp\libc-size-musl.a(strchrnul.o)
 .debug_info    0x0006deb7       0xdd C:/Applications/Microchip/XC32/bin/bin/../../lib/gcc/pic32c/13.2.1/../../../../pic32c/lib/thumb/v6-m/nofp\libc-size-musl.a(strcpy.o)
 .debug_info    0x0006df94       0xb3 C:/Applications/Microchip/XC32/bin/bin/../../lib/gcc/pic32c/13.2.1/../../../../pic32c/lib/thumb/v6-m/nofp\libc-size-musl.a(stpcpy.o)
 .debug_info    0x0006e047      0x276 C:/Applications/Microchip/XC32/bin/bin/../../lib/gcc/pic32c/13.2.1/../../../../pic32c/lib/thumb/v6-m/nofp\liblmalloc-musl.a(lite_free.o)
 .debug_info    0x0006e2bd      0x1dc C:/Applications/Microchip/XC32/bin/bin/../../lib/gcc/pic32c/13.2.1/../../../../pic32c/lib/thumb/v6-m/nofp\liblmalloc-musl.a(lite_malloc.o)
 .debug_info    0x0006e499      0x2fb C:/Applications/Microchip/XC32/bin/bin/../../lib/gcc/pic32c/13.2.1/../../../../pic32c/lib/thumb/v6-m/nofp\libc-musl.a(__libc_start_main.o)
 .debug_info    0x0006e794       0x5b C:/Applications/Microchip/XC32/bin/bin/../../lib/gcc/pic32c/13.2.1/../../../../pic32c/lib/thumb/v6-m/nofp\libc-musl.a(__errno_location.o)
 .debug_info    0x0006e7ef      0x276 C:/Applications/Microchip/XC32/bin/bin/../../lib/gcc/pic32c/13.2.1/../../../../pic32c/lib/thumb/v6-m/nofp\libc-musl.a(libc.o)
 .debug_info    0x0006ea65      0x115 C:/Applications/Microchip/XC32/bin/bin/../../lib/gcc/pic32c/13.2.1/../../../../pic32c/lib/thumb/v6-m/nofp\libc-musl.a(expand_heap.o)
 .debug_info    0x0006eb7a      0x45b C:/Applications/Microchip/XC32/bin/bin/../../lib/gcc/pic32c/13.2.1/../../../../pic32c/lib/thumb/v6-m/nofp\libc-musl.a(vsnprintf.o)
 .debug_info    0x0006efd5      0x140 C:/Applications/Microchip/XC32/bin/bin/../../lib/gcc/pic32c/13.2.1/../../../../pic32c/lib/thumb/v6-m/nofp\libc-musl.a(sprintf.o)
 .debug_info    0x0006f115      0x14f C:/Applications/Microchip/XC32/bin/bin/../../lib/gcc/pic32c/13.2.1/../../../../pic32c/lib/thumb/v6-m/nofp\libc-musl.a(vsprintf.o)
 .debug_info    0x0006f264       0x97 C:/Applications/Microchip/XC32/bin/bin/../../lib/gcc/pic32c/13.2.1/../../../../pic32c/lib/thumb/v6-m/nofp\libc-musl.a(__environ.o)
 .debug_info    0x0006f2fb      0x42c C:/Applications/Microchip/XC32/bin/bin/../../lib/gcc/pic32c/13.2.1/../../../../pic32c/lib/thumb/v6-m/nofp\libc-musl.a(vfprintf.o)
 .debug_info    0x0006f727      0x163 C:/Applications/Microchip/XC32/bin/bin/../../lib/gcc/pic32c/13.2.1/../../../../pic32c/lib/thumb/v6-m/nofp\libc-musl.a(__pop_float.o)
 .debug_info    0x0006f88a      0x183 C:/Applications/Microchip/XC32/bin/bin/../../lib/gcc/pic32c/13.2.1/../../../../pic32c/lib/thumb/v6-m/nofp\libc-musl.a(__pop_int.o)
 .debug_info    0x0006fa0d      0x18d C:/Applications/Microchip/XC32/bin/bin/../../lib/gcc/pic32c/13.2.1/../../../../pic32c/lib/thumb/v6-m/nofp\libc-musl.a(__pop_ptr.o)
 .debug_info    0x0006fb9a      0xb26 C:/Applications/Microchip/XC32/bin/bin/../../lib/gcc/pic32c/13.2.1/../../../../pic32c/lib/thumb/v6-m/nofp\libc-musl.a(__printf_core.o)
 .debug_info    0x000706c0       0xf4 C:/Applications/Microchip/XC32/bin/bin/../../lib/gcc/pic32c/13.2.1/../../../../pic32c/lib/thumb/v6-m/nofp\libc-musl.a(atoi.o)
 .debug_info    0x000707b4      0x13e C:/Applications/Microchip/XC32/bin/bin/../../lib/gcc/pic32c/13.2.1/../../../../pic32c/lib/thumb/v6-m/nofp\libc-musl.a(tolower.o)
 .debug_info    0x000708f2      0x7a3 C:/Applications/Microchip/XC32/bin/bin/../../lib/gcc/pic32c/13.2.1/../../../../pic32c/lib/thumb/v6-m/nofp\libc-musl.a(__fmt_a.o)
 .debug_info    0x00071095      0x374 C:/Applications/Microchip/XC32/bin/bin/../../lib/gcc/pic32c/13.2.1/../../../../pic32c/lib/thumb/v6-m/nofp\libc-musl.a(__fmt_d.o)
 .debug_info    0x00071409      0x80e C:/Applications/Microchip/XC32/bin/bin/../../lib/gcc/pic32c/13.2.1/../../../../pic32c/lib/thumb/v6-m/nofp\libc-musl.a(__fmt_fp.o)
 .debug_info    0x00071c17      0x345 C:/Applications/Microchip/XC32/bin/bin/../../lib/gcc/pic32c/13.2.1/../../../../pic32c/lib/thumb/v6-m/nofp\libc-musl.a(__fmt_o.o)
 .debug_info    0x00071f5c      0x31e C:/Applications/Microchip/XC32/bin/bin/../../lib/gcc/pic32c/13.2.1/../../../../pic32c/lib/thumb/v6-m/nofp\libc-musl.a(__fmt_s.o)
 .debug_info    0x0007227a      0x345 C:/Applications/Microchip/XC32/bin/bin/../../lib/gcc/pic32c/13.2.1/../../../../pic32c/lib/thumb/v6-m/nofp\libc-musl.a(__fmt_u.o)
 .debug_info    0x000725bf      0x35f C:/Applications/Microchip/XC32/bin/bin/../../lib/gcc/pic32c/13.2.1/../../../../pic32c/lib/thumb/v6-m/nofp\libc-musl.a(__fmt_x.o)
 .debug_info    0x0007291e      0x13e C:/Applications/Microchip/XC32/bin/bin/../../lib/gcc/pic32c/13.2.1/../../../../pic32c/lib/thumb/v6-m/nofp\libc-musl.a(toupper.o)
 .debug_info    0x00072a5c      0x1e3 C:/Applications/Microchip/XC32/bin/bin/../../lib/gcc/pic32c/13.2.1/../../../../pic32c/lib/thumb/v6-m/nofp\libc-musl.a(__cvt_u.o)
 .debug_info    0x00072c3f      0x186 C:/Applications/Microchip/XC32/bin/bin/../../lib/gcc/pic32c/13.2.1/../../../../pic32c/lib/thumb/v6-m/nofp\libpic32c.a(sbrk.o)
 .debug_info    0x00072dc5       0x35 C:/Applications/Microchip/XC32/bin/bin/../../lib/gcc/pic32c/13.2.1/thumb/v6-m/nofp\libgcc.a(_thumb1_case_uqi.o)
 .debug_info    0x00072dfa       0x51 C:/Applications/Microchip/XC32/bin/bin/../../lib/gcc/pic32c/13.2.1/thumb/v6-m/nofp\libgcc.a(_udivsi3.o)
 .debug_info    0x00072e4b       0x51 C:/Applications/Microchip/XC32/bin/bin/../../lib/gcc/pic32c/13.2.1/thumb/v6-m/nofp\libgcc.a(_divsi3.o)
 .debug_info    0x00072e9c       0x41 C:/Applications/Microchip/XC32/bin/bin/../../lib/gcc/pic32c/13.2.1/thumb/v6-m/nofp\libgcc.a(_dvmd_tls.o)
 .debug_info    0x00072edd       0x43 C:/Applications/Microchip/XC32/bin/bin/../../lib/gcc/pic32c/13.2.1/thumb/v6-m/nofp\libgcc.a(_lshrdi3.o)
 .debug_info    0x00072f20       0x43 C:/Applications/Microchip/XC32/bin/bin/../../lib/gcc/pic32c/13.2.1/thumb/v6-m/nofp\libgcc.a(_ashldi3.o)
 .debug_info    0x00072f63       0x35 C:/Applications/Microchip/XC32/bin/bin/../../lib/gcc/pic32c/13.2.1/thumb/v6-m/nofp\libgcc.a(_aeabi_uldivmod.o)
 .debug_info    0x00072f98      0x44f C:/Applications/Microchip/XC32/bin/bin/../../lib/gcc/pic32c/13.2.1/thumb/v6-m/nofp\libgcc.a(_muldi3.o)
 .debug_info    0x000733e7      0x3fc C:/Applications/Microchip/XC32/bin/bin/../../lib/gcc/pic32c/13.2.1/thumb/v6-m/nofp\libgcc.a(_udivmoddi4.o)
 .debug_info    0x000737e3       0x26 C:/Applications/Microchip/XC32/bin/bin/../../lib/gcc/pic32c/13.2.1/thumb/v6-m/nofp\libgcc.a(_clzdi2.o)
 .debug_info    0x00073809       0x35 C:/Applications/Microchip/XC32/bin/bin/../../lib/gcc/pic32c/13.2.1/thumb/v6-m/nofp\libgcc.a(_clzsi2.o)
 .debug_info    0x0007383e      0x117 C:/Applications/Microchip/XC32/bin/bin/../../lib/gcc/pic32c/13.2.1/../../../../pic32c/lib/thumb/v6-m/nofp\libpic32c.a(pic32_data_init_clear.o)
 .debug_info    0x00073955      0x12c C:/Applications/Microchip/XC32/bin/bin/../../lib/gcc/pic32c/13.2.1/../../../../pic32c/lib/thumb/v6-m/nofp\libpic32c.a(pic32_data_init_copy.o)

.debug_abbrev   0x00000000    0x10ed8
 .debug_abbrev  0x00000000      0x4d4 build/default/production/_ext/158385033/drv_i2c.o
 .debug_abbrev  0x000004d4      0x547 build/default/production/_ext/2070931557/drv_spi.o
 .debug_abbrev  0x00000a1b      0x580 build/default/production/_ext/869808652/drv_usart.o
 .debug_abbrev  0x00000f9b      0x35e build/default/production/_ext/622324608/wdrv_winc_spi.o
 .debug_abbrev  0x000012f9       0xe6 build/default/production/_ext/622324608/wdrv_winc_eint.o
 .debug_abbrev  0x000013df      0x302 build/default/production/_ext/1857064221/winc_cmds.o
 .debug_abbrev  0x000016e1      0x1af build/default/production/_ext/1857064221/winc_cmd_req.o
 .debug_abbrev  0x00001890      0x4ce build/default/production/_ext/1857064221/winc_dev.o
 .debug_abbrev  0x00001d5e      0x2e1 build/default/production/_ext/1857064221/winc_sdio_drv.o
 .debug_abbrev  0x0000203f      0x586 build/default/production/_ext/1857064221/winc_socket.o
 .debug_abbrev  0x000025c5      0x639 build/default/production/_ext/1706628858/wdrv_winc.o
 .debug_abbrev  0x00002bfe      0x3cd build/default/production/_ext/1706628858/wdrv_winc_assoc.o
 .debug_abbrev  0x00002fcb      0x41a build/default/production/_ext/1706628858/wdrv_winc_bssfind.o
 .debug_abbrev  0x000033e5      0x39d build/default/production/_ext/1706628858/wdrv_winc_dns.o
 .debug_abbrev  0x00003782      0x3ab build/default/production/_ext/1706628858/wdrv_winc_extcrypto.o
 .debug_abbrev  0x00003b2d      0x454 build/default/production/_ext/1706628858/wdrv_winc_mqtt.o
 .debug_abbrev  0x00003f81      0x43b build/default/production/_ext/1706628858/wdrv_winc_netif.o
 .debug_abbrev  0x000043bc      0x3f0 build/default/production/_ext/1706628858/wdrv_winc_ota.o
 .debug_abbrev  0x000047ac      0x350 build/default/production/_ext/1706628858/wdrv_winc_pps.o
 .debug_abbrev  0x00004afc      0x43c build/default/production/_ext/1706628858/wdrv_winc_nvm.o
 .debug_abbrev  0x00004f38      0x3a0 build/default/production/_ext/1706628858/wdrv_winc_prov.o
 .debug_abbrev  0x000052d8      0x3a6 build/default/production/_ext/1706628858/wdrv_winc_socket.o
 .debug_abbrev  0x0000567e      0x3ea build/default/production/_ext/1706628858/wdrv_winc_softap.o
 .debug_abbrev  0x00005a68      0x3ba build/default/production/_ext/1706628858/wdrv_winc_sta.o
 .debug_abbrev  0x00005e22      0x36b build/default/production/_ext/1706628858/wdrv_winc_systime.o
 .debug_abbrev  0x0000618d      0x1e1 build/default/production/_ext/60163342/plib_adc0.o
 .debug_abbrev  0x0000636e      0x340 build/default/production/_ext/60165182/plib_can0.o
 .debug_abbrev  0x000066ae      0x140 build/default/production/_ext/1984496892/plib_clock.o
 .debug_abbrev  0x000067ee       0xf0 build/default/production/_ext/60166132/plib_dac.o
 .debug_abbrev  0x000068de      0x2b9 build/default/production/_ext/1865161661/plib_dmac.o
 .debug_abbrev  0x00006b97      0x181 build/default/production/_ext/60167341/plib_eic.o
 .debug_abbrev  0x00006d18       0x46 build/default/production/_ext/1986646378/plib_evsys.o
 .debug_abbrev  0x00006d5e      0x1c4 build/default/production/_ext/1987437027/plib_freqm.o
 .debug_abbrev  0x00006f22      0x268 build/default/production/_ext/1865468468/plib_nvic.o
 .debug_abbrev  0x0000718a      0x21e build/default/production/_ext/1593096446/plib_nvmctrl.o
 .debug_abbrev  0x000073a8       0xa4 build/default/production/_ext/829342769/plib_pm.o
 .debug_abbrev  0x0000744c      0x1ea build/default/production/_ext/1865521619/plib_port.o
 .debug_abbrev  0x00007636       0x94 build/default/production/_ext/1865585090/plib_rstc.o
 .debug_abbrev  0x000076ca      0x1ed build/default/production/_ext/60180175/plib_rtc_clock.o
 .debug_abbrev  0x000078b7      0x3c2 build/default/production/_ext/508257091/plib_sercom2_i2c_master.o
 .debug_abbrev  0x00007c79      0x28f build/default/production/_ext/17022449/plib_sercom3_spi_master.o
 .debug_abbrev  0x00007f08      0x28f build/default/production/_ext/17022449/plib_sercom4_spi_master.o
 .debug_abbrev  0x00008197      0x1ef build/default/production/_ext/17022449/plib_sercom5_spi_master.o
 .debug_abbrev  0x00008386      0x315 build/default/production/_ext/504274921/plib_sercom1_usart.o
 .debug_abbrev  0x0000869b      0x428 build/default/production/_ext/504274921/plib_sercom0_usart.o
 .debug_abbrev  0x00008ac3      0x12b build/default/production/_ext/1865616679/plib_supc.o
 .debug_abbrev  0x00008bee      0x244 build/default/production/_ext/1827571544/plib_systick.o
 .debug_abbrev  0x00008e32      0x122 build/default/production/_ext/60181570/plib_tcc0.o
 .debug_abbrev  0x00008f54       0xed build/default/production/_ext/60184501/plib_wdt.o
 .debug_abbrev  0x00009041      0x2e9 build/default/production/_ext/1832805299/sys_console_uart.o
 .debug_abbrev  0x0000932a      0x3da build/default/production/_ext/1832805299/sys_console.o
 .debug_abbrev  0x00009704      0x121 build/default/production/_ext/14461671/sys_dma.o
 .debug_abbrev  0x00009825      0x2b9 build/default/production/_ext/1881668453/sys_int.o
 .debug_abbrev  0x00009ade      0x536 build/default/production/_ext/101884895/sys_time.o
 .debug_abbrev  0x0000a014       0xd5 build/default/production/_ext/1171490990/tasks.o
 .debug_abbrev  0x0000a0e9      0x2f8 build/default/production/_ext/1171490990/initialization.o
 .debug_abbrev  0x0000a3e1      0x11d build/default/production/_ext/1171490990/interrupts.o
 .debug_abbrev  0x0000a4fe       0x49 build/default/production/_ext/1171490990/exceptions.o
 .debug_abbrev  0x0000a547      0x190 build/default/production/_ext/1171490990/startup_xc32.o
 .debug_abbrev  0x0000a6d7      0x2e5 build/default/production/_ext/1360937237/ad9954_driver.o
 .debug_abbrev  0x0000a9bc      0x336 build/default/production/_ext/1360937237/bme690_driver.o
 .debug_abbrev  0x0000acf2      0x31d build/default/production/_ext/1360937237/bmp585_driver.o
 .debug_abbrev  0x0000b00f      0x408 build/default/production/_ext/1360937237/can0_driver.o
 .debug_abbrev  0x0000b417      0x227 build/default/production/_ext/1360937237/console_driver.o
 .debug_abbrev  0x0000b63e      0x2ff build/default/production/_ext/1360937237/fcm360w_driver.o
 .debug_abbrev  0x0000b93d      0x350 build/default/production/_ext/1360937237/hdc302x_driver.o
 .debug_abbrev  0x0000bc8d      0x2bf build/default/production/_ext/1360937237/mcp9808_driver.o
 .debug_abbrev  0x0000bf4c      0x274 build/default/production/_ext/1360937237/ntc_driver.o
 .debug_abbrev  0x0000c1c0      0x240 build/default/production/_ext/1360937237/rstc_driver.o