Archive member included to satisfy reference by file (symbol)

C:/Applications/Microchip/XC32/bin/bin/../../lib/gcc/pic32c/13.2.1/../../../../pic32c/lib/thumb/v6-m/nofp\libpic32c.a(data_init.o)
                              build/default/production/_ext/1171490990/startup_xc32.o (__pic32c_data_initialization)
C:/Applications/Microchip/XC32/bin/bin/../../lib/gcc/pic32c/13.2.1/../../../../pic32c/lib/thumb/v6-m/nofp\libc-size-musl.a(memcpy.o)
                              build/default/production/_ext/60165182/plib_can0.o (memcpy)
C:/Applications/Microchip/XC32/bin/bin/../../lib/gcc/pic32c/13.2.1/../../../../pic32c/lib/thumb/v6-m/nofp\libc-size-musl.a(memset.o)
                              build/default/production/_ext/60165182/plib_can0.o (memset)
C:/Applications/Microchip/XC32/bin/bin/../../lib/gcc/pic32c/13.2.1/../../../../pic32c/lib/thumb/v6-m/nofp\libc-size-musl.a(strlen.o)
                              build/default/production/_ext/1832805299/sys_console.o (strlen)
C:/Applications/Microchip/XC32/bin/bin/../../lib/gcc/pic32c/13.2.1/../../../../pic32c/lib/thumb/v6-m/nofp\libc-size-musl.a(strstr.o)
                              build/default/production/_ext/1360937237/fcm360w_driver.o (strstr)
C:/Applications/Microchip/XC32/bin/bin/../../lib/gcc/pic32c/13.2.1/../../../../pic32c/lib/thumb/v6-m/nofp\libc-size-musl.a(strchr.o)
                              build/default/production/_ext/1360937237/fcm360w_driver.o (strchr)
C:/Applications/Microchip/XC32/bin/bin/../../lib/gcc/pic32c/13.2.1/../../../../pic32c/lib/thumb/v6-m/nofp\libc-size-musl.a(strchrnul.o)
                              C:/Applications/Microchip/XC32/bin/bin/../../lib/gcc/pic32c/13.2.1/../../../../pic32c/lib/thumb/v6-m/nofp\libc-size-musl.a(strchr.o) (__strchrnul)
C:/Applications/Microchip/XC32/bin/bin/../../lib/gcc/pic32c/13.2.1/../../../../pic32c/lib/thumb/v6-m/nofp\libc-musl.a(__libc_start_main.o)
                              build/default/production/_ext/1171490990/startup_xc32.o (__libc_init_array)
C:/Applications/Microchip/XC32/bin/bin/../../lib/gcc/pic32c/13.2.1/../../../../pic32c/lib/thumb/v6-m/nofp\libc-musl.a(libc.o)
                              C:/Applications/Microchip/XC32/bin/bin/../../lib/gcc/pic32c/13.2.1/../../../../pic32c/lib/thumb/v6-m/nofp\libc-musl.a(__libc_start_main.o) (__progname_full)
C:/Applications/Microchip/XC32/bin/bin/../../lib/gcc/pic32c/13.2.1/../../../../pic32c/lib/thumb/v6-m/nofp\libc-musl.a(vsnprintf.o)
                              build/default/production/_ext/1832805299/sys_console.o (vsnprintf)
C:/Applications/Microchip/XC32/bin/bin/../../lib/gcc/pic32c/13.2.1/../../../../pic32c/lib/thumb/v6-m/nofp\libc-musl.a(sprintf.o)
                              (sprintf)
C:/Applications/Microchip/XC32/bin/bin/../../lib/gcc/pic32c/13.2.1/../../../../pic32c/lib/thumb/v6-m/nofp\libc-musl.a(vsprintf.o)
                              C:/Applications/Microchip/XC32/bin/bin/../../lib/gcc/pic32c/13.2.1/../../../../pic32c/lib/thumb/v6-m/nofp\libc-musl.a(sprintf.o) (vsprintf)
C:/Applications/Microchip/XC32/bin/bin/../../lib/gcc/pic32c/13.2.1/../../../../pic32c/lib/thumb/v6-m/nofp\libc-musl.a(__environ.o)
                              C:/Applications/Microchip/XC32/bin/bin/../../lib/gcc/pic32c/13.2.1/../../../../pic32c/lib/thumb/v6-m/nofp\libc-musl.a(__libc_start_main.o) (__environ)
C:/Applications/Microchip/XC32/bin/bin/../../lib/gcc/pic32c/13.2.1/../../../../pic32c/lib/thumb/v6-m/nofp\libc-musl.a(__errno_location.o)
                              C:/Applications/Microchip/XC32/bin/bin/../../lib/gcc/pic32c/13.2.1/../../../../pic32c/lib/thumb/v6-m/nofp\libc-musl.a(vsnprintf.o) (__errno_val)
C:/Applications/Microchip/XC32/bin/bin/../../lib/gcc/pic32c/13.2.1/../../../../pic32c/lib/thumb/v6-m/nofp\libc-musl.a(vfprintf.o)
                              C:/Applications/Microchip/XC32/bin/bin/../../lib/gcc/pic32c/13.2.1/../../../../pic32c/lib/thumb/v6-m/nofp\libc-musl.a(vsnprintf.o) (vfprintf)
C:/Applications/Microchip/XC32/bin/bin/../../lib/gcc/pic32c/13.2.1/../../../../pic32c/lib/thumb/v6-m/nofp\libc-musl.a(__io_fmt_needed.o)
                              C:/Applications/Microchip/XC32/bin/bin/../../lib/gcc/pic32c/13.2.1/../../../../pic32c/lib/thumb/v6-m/nofp\libc-musl.a(vfprintf.o) (__io_fmt_needed)
C:/Applications/Microchip/XC32/bin/bin/../../lib/gcc/pic32c/13.2.1/../../../../pic32c/lib/thumb/v6-m/nofp\libc-musl.a(__pop_float.o)
                              C:/Applications/Microchip/XC32/bin/bin/../../lib/gcc/pic32c/13.2.1/../../../../pic32c/lib/thumb/v6-m/nofp\libc-musl.a(__io_fmt_needed.o) (__pop_float_needed)
C:/Applications/Microchip/XC32/bin/bin/../../lib/gcc/pic32c/13.2.1/../../../../pic32c/lib/thumb/v6-m/nofp\libc-musl.a(__pop_int.o)
                              C:/Applications/Microchip/XC32/bin/bin/../../lib/gcc/pic32c/13.2.1/../../../../pic32c/lib/thumb/v6-m/nofp\libc-musl.a(__io_fmt_needed.o) (__pop_int_needed)
[...]
Memory Configuration

Name             Origin             Length             Attributes
rom              0x00000000         0x00080000         xrl
ram              0x20000000         0x00010000         xw!r
config_00804000  0x00804000         0x00000004
config_00804004  0x00804004         0x00000004
*default*        0x00000000         0xffffffff

Linker script and memory map

LOAD C:/Applications/Microchip/XC32/bin/bin/../../lib/gcc/pic32c/13.2.1/thumb/v6-m/nofp/crti.o
LOAD C:/Applications/Microchip/XC32/bin/bin/../../lib/gcc/pic32c/13.2.1/thumb/v6-m/nofp/crtbegin.o
LOAD build/default/production/_ext/158385033/drv_i2c.o
LOAD build/default/production/_ext/2070931557/drv_spi.o
LOAD build/default/production/_ext/869808652/drv_usart.o
LOAD build/default/production/_ext/60163342/plib_adc0.o
LOAD build/default/production/_ext/60165182/plib_can0.o
LOAD build/default/production/_ext/1984496892/plib_clock.o
LOAD build/default/production/_ext/60166132/plib_dac.o
LOAD build/default/production/_ext/1985337713/plib_divas.o
LOAD build/default/production/_ext/1865161661/plib_dmac.o
LOAD build/default/production/_ext/60167341/plib_eic.o
LOAD build/default/production/_ext/1986646378/plib_evsys.o
LOAD build/default/production/_ext/1987437027/plib_freqm.o
LOAD build/default/production/_ext/1865468468/plib_nvic.o
LOAD build/default/production/_ext/1593096446/plib_nvmctrl.o
LOAD build/default/production/_ext/829342769/plib_pm.o
LOAD build/default/production/_ext/1865521619/plib_port.o
LOAD build/default/production/_ext/1865585090/plib_rstc.o
LOAD build/default/production/_ext/60180175/plib_rtc_clock.o
LOAD build/default/production/_ext/508257091/plib_sercom2_i2c_master.o
LOAD build/default/production/_ext/17022449/plib_sercom3_spi_master.o
LOAD build/default/production/_ext/504274921/plib_sercom1_usart.o
LOAD build/default/production/_ext/504274921/plib_sercom0_usart.o
LOAD build/default/production/_ext/1865616679/plib_supc.o
LOAD build/default/production/_ext/163028504/xc32_monitor.o
LOAD build/default/production/_ext/1832805299/sys_console_uart.o
LOAD build/default/production/_ext/1832805299/sys_console.o
LOAD build/default/production/_ext/14461671/sys_dma.o
LOAD build/default/production/_ext/1881668453/sys_int.o
LOAD build/default/production/_ext/101884895/sys_time.o
LOAD build/default/production/_ext/1171490990/tasks.o
LOAD build/default/production/_ext/1171490990/initialization.o
LOAD build/default/production/_ext/1171490990/interrupts.o
LOAD build/default/production/_ext/1171490990/exceptions.o
LOAD build/default/production/_ext/1171490990/startup_xc32.o
LOAD build/default/production/_ext/1171490990/libc_syscalls.o
LOAD build/default/production/_ext/1360937237/app.o
LOAD build/default/production/_ext/1360937237/main.o
LOAD build/default/production/_ext/60184501/plib_wdt.o
LOAD build/default/production/_ext/1360937237/ad9954_driver.o
LOAD build/default/production/_ext/1360937237/bme690_driver.o
LOAD build/default/production/_ext/1360937237/bmp585_driver.o
LOAD build/default/production/_ext/1360937237/can0_driver.o
LOAD build/default/production/_ext/1360937237/console_driver.o
LOAD build/default/production/_ext/1360937237/fcm360w_driver.o
LOAD build/default/production/_ext/1360937237/hdc302x_driver.o
LOAD build/default/production/_ext/1360937237/mcp9808_driver.o
LOAD build/default/production/_ext/1360937237/ntc_driver.o
LOAD build/default/production/_ext/1360937237/rstc_driver.o
LOAD build/default/production/_ext/1360937237/rtc_driver.o
LOAD build/default/production/_ext/1360937237/sen63c_driver.o
LOAD build/default/production/_ext/1360937237/sht4x_driver.o
LOAD build/default/production/_ext/1360937237/ssd1306_driver.o
LOAD build/default/production/_ext/1360937237/stcc4_driver.o
LOAD build/default/production/_ext/1360937237/timer_driver.o
LOAD build/default/production/_ext/1360937237/vcnl4200_driver.o
LOAD build/default/production/_ext/1360937237/ws281x_driver.o
LOAD build/default/production/_ext/1360937237/xm125_driver.o
LOAD build/default/production/_ext/60181570/plib_tcc0.o
LOAD build/default/production/_ext/1827571544/plib_systick.o
                0x00000001                        __MPLAB_BUILD = 0x1
                0x00080000                        __rom_end = (ORIGIN (rom) + LENGTH (rom))
                0x20010000                        __ram_end = (ORIGIN (ram) + LENGTH (ram))

.config_00804000
                0x00804000        0x4
 *(.config_00804000)
 .config_00804000
                0x00804000        0x4 build/default/production/_ext/1171490990/initialization.o
                0x00804000                __config_00804000

.config_00804004
                0x00804004        0x4
 *(.config_00804004)
 .config_00804004
                0x00804004        0x4 build/default/production/_ext/1171490990/initialization.o
                0x00804004                __config_00804004

.vectors        0x00000000       0xc0
                0x00000000                        . = ALIGN (0x4)
                0x00000000                        _sfixed = .
 *(.vectors .vectors.* .vectors_default .vectors_default.*)
 .vectors       0x00000000       0xc0 build/default/production/_ext/1171490990/interrupts.o
                0x00000000                exception_table
 *(.isr_vector)
 *(.reset*)
 *(.after_vectors)

.text           0x000000c0       0x20
                0x000000c0                        . = ALIGN (0x4)
 *(.glue_7t)
 .glue_7t       0x000000c0        0x0 linker stubs
 *(.glue_7)
 .glue_7        0x000000c0        0x0 linker stubs
 *(.gnu.linkonce.r.*)
 *(.ARM.extab* .gnu.linkonce.armextab.*)
                0x000000c0                        . = ALIGN (0x4)
 *(.init)
 .init          0x000000c0        0x4 C:/Applications/Microchip/XC32/bin/bin/../../lib/gcc/pic32c/13.2.1/thumb/v6-m/nofp/crti.o
                0x000000c0                _init
 .init          0x000000c4        0x8 C:/Applications/Microchip/XC32/bin/bin/../../lib/gcc/pic32c/13.2.1/thumb/v6-m/nofp/crtn.o
                0x000000cc                        . = ALIGN (0x4)
                0x000000cc                        __preinit_array_start = .
 *(.preinit_array)
                0x000000cc                        __preinit_array_end = .
                0x000000cc                        . = ALIGN (0x4)
                0x000000cc                        __init_array_start = .
 *(SORT_BY_NAME(.init_array.*))
 *(.init_array)
 .init_array    0x000000cc        0x4 C:/Applications/Microchip/XC32/bin/bin/../../lib/gcc/pic32c/13.2.1/thumb/v6-m/nofp/crtbegin.o
                0x000000d0                        __init_array_end = .
                0x000000d0                        . = ALIGN (0x4)
 *crtbegin.o(.ctors)
 *(EXCLUDE_FILE(*crtend.o) .ctors)
 *(SORT_BY_NAME(.ctors.*))
 *crtend.o(.ctors)
                0x000000d0                        . = ALIGN (0x4)
 *(.fini)
 .fini          0x000000d0        0x4 C:/Applications/Microchip/XC32/bin/bin/../../lib/gcc/pic32c/13.2.1/thumb/v6-m/nofp/crti.o
                0x000000d0                _fini
 .fini          0x000000d4        0x8 C:/Applications/Microchip/XC32/bin/bin/../../lib/gcc/pic32c/13.2.1/thumb/v6-m/nofp/crtn.o
                0x000000dc                        . = ALIGN (0x4)
                0x000000dc                        __fini_array_start = .
 *(.fini_array)
 .fini_array    0x000000dc        0x4 C:/Applications/Microchip/XC32/bin/bin/../../lib/gcc/pic32c/13.2.1/thumb/v6-m/nofp/crtbegin.o
 *(SORT_BY_NAME(.fini_array.*))
                0x000000e0                        __fini_array_end = .
 *crtbegin.o(.dtors)
 *(EXCLUDE_FILE(*crtend.o) .dtors)
 *(SORT_BY_NAME(.dtors.*))
 *crtend.o(.dtors)
                0x000000e0                        . = ALIGN (0x4)
                0x000000e0                        _efixed = .
                [!provide]                        PROVIDE (__exidx_start = .)

.ARM.exidx      0x000000e0        0x8
 *(.ARM.exidx* .gnu.linkonce.armexidx.*)
 .ARM.exidx     0x000000e0        0x8 C:/Applications/Microchip/XC32/bin/bin/../../lib/gcc/pic32c/13.2.1/thumb/v6-m/nofp\libgcc.a(_udivmoddi4.o)
                [!provide]                        PROVIDE (__exidx_end = .)
                0x000000e8                        . = ALIGN (0x4)
                0x000000e8                        _etext = .

.bss            0x20000000        0x0
                0x20000000                        . = ALIGN (0x4)
                0x20000000                        __bss_start__ = .
                0x20000000                        _sbss = .
                0x20000000                        _szero = .
 *(COMMON)
                0x20000000                        . = ALIGN (0x4)
                0x20000000                        __bss_end__ = .
                0x20000000                        _ebss = .
                0x20000000                        _ezero = .
                0x20000000                        . = ALIGN (0x4)
                0x20000000                        _end = .
                0x2000ffff                        _ram_end_ = ((ORIGIN (ram) + LENGTH (ram)) - 0x1)
                0x00001000                        _min_heap_size = 0x1000
START GROUP
LOAD C:/Applications/Microchip/XC32/bin/bin/../../lib/gcc/pic32c/13.2.1/../../../../pic32c/lib/thumb/v6-m/nofp\libpic32c.a
LOAD C:/Applications/Microchip/XC32/bin/bin/../../lib/gcc/pic32c/13.2.1/../../../../pic32c/lib/thumb/v6-m/nofp\libc-size-musl.a
LOAD C:/Applications/Microchip/XC32/bin/bin/../../lib/gcc/pic32c/13.2.1/../../../../pic32c/lib/thumb/v6-m/nofp\liblmalloc-musl.a
LOAD C:/Applications/Microchip/XC32/bin/bin/../../lib/gcc/pic32c/13.2.1/../../../../pic32c/lib/thumb/v6-m/nofp\libc-musl.a
LOAD C:/Applications/Microchip/XC32/bin/bin/../../lib/gcc/pic32c/13.2.1/../../../../pic32c/lib/thumb/v6-m/nofp\libm-fast-emfloat.a
LOAD C:/Applications/Microchip/XC32/bin/bin/../../lib/gcc/pic32c/13.2.1/../../../../pic32c/lib/thumb/v6-m/nofp\libm-musl.a
END GROUP
LOAD C:/Applications/Microchip/XC32/bin/bin/../../lib/gcc/pic32c/13.2.1/thumb/v6-m/nofp\libgcc.a
LOAD C:/Applications/Microchip/XC32/bin/bin/../../lib/gcc/pic32c/13.2.1/thumb/v6-m/nofp/crtend.o
LOAD C:/Applications/Microchip/XC32/bin/bin/../../lib/gcc/pic32c/13.2.1/thumb/v6-m/nofp/crtn.o
OUTPUT(dist/default/production/PIC32CMJH01.X.production.elf elf32-littlearm)
LOAD linker stubs
LOAD data_init

.note           0x00000000      0xa98
 .note          0x00000000       0x18 C:/Applications/Microchip/XC32/bin/bin/../../lib/gcc/pic32c/13.2.1/thumb/v6-m/nofp/crti.o
 .note          0x00000018       0x18 C:/Applications/Microchip/XC32/bin/bin/../../lib/gcc/pic32c/13.2.1/thumb/v6-m/nofp/crtbegin.o
 .note          0x00000030       0x18 build/default/production/_ext/158385033/drv_i2c.o
 .note          0x00000048       0x18 build/default/production/_ext/2070931557/drv_spi.o
 .note          0x00000060       0x18 build/default/production/_ext/869808652/drv_usart.o
 .note          0x00000078       0x18 build/default/production/_ext/60163342/plib_adc0.o
 .note          0x00000090       0x18 build/default/production/_ext/60165182/plib_can0.o
 .note          0x000000a8       0x18 build/default/production/_ext/1984496892/plib_clock.o
 .note          0x000000c0       0x18 build/default/production/_ext/60166132/plib_dac.o
 .note          0x000000d8       0x18 build/default/production/_ext/1985337713/plib_divas.o
 .note          0x000000f0       0x18 build/default/production/_ext/1865161661/plib_dmac.o
 .note          0x00000108       0x18 build/default/production/_ext/60167341/plib_eic.o
 .note          0x00000120       0x18 build/default/production/_ext/1986646378/plib_evsys.o
 .note          0x00000138       0x18 build/default/production/_ext/1987437027/plib_freqm.o
 .note          0x00000150       0x18 build/default/production/_ext/1865468468/plib_nvic.o
 .note          0x00000168       0x18 build/default/production/_ext/1593096446/plib_nvmctrl.o
 .note          0x00000180       0x18 build/default/production/_ext/829342769/plib_pm.o
 .note          0x00000198       0x18 build/default/production/_ext/1865521619/plib_port.o
 .note          0x000001b0       0x18 build/default/production/_ext/1865585090/plib_rstc.o
 .note          0x000001c8       0x18 build/default/production/_ext/60180175/plib_rtc_clock.o
 .note          0x000001e0       0x18 build/default/production/_ext/508257091/plib_sercom2_i2c_master.o
 .note          0x000001f8       0x18 build/default/production/_ext/17022449/plib_sercom3_spi_master.o
 .note          0x00000210       0x18 build/default/production/_ext/504274921/plib_sercom1_usart.o
 .note          0x00000228       0x18 build/default/production/_ext/504274921/plib_sercom0_usart.o
 .note          0x00000240       0x18 build/default/production/_ext/1865616679/plib_supc.o
 .note          0x00000258       0x18 build/default/production/_ext/163028504/xc32_monitor.o
 .note          0x00000270       0x18 build/default/production/_ext/1832805299/sys_console_uart.o
 .note          0x00000288       0x18 build/default/production/_ext/1832805299/sys_console.o
 .note          0x000002a0       0x18 build/default/production/_ext/14461671/sys_dma.o
 .note          0x000002b8       0x18 build/default/production/_ext/1881668453/sys_int.o
 .note          0x000002d0       0x18 build/default/production/_ext/101884895/sys_time.o
 .note          0x000002e8       0x18 build/default/production/_ext/1171490990/tasks.o
 .note          0x00000300       0x78 build/default/production/_ext/1171490990/initialization.o
 .note          0x00000378       0x18 build/default/production/_ext/1171490990/interrupts.o
 .note          0x00000390       0x18 build/default/production/_ext/1171490990/exceptions.o
 .note          0x000003a8       0x18 build/default/production/_ext/1171490990/startup_xc32.o
 .note          0x000003c0       0x18 build/default/production/_ext/1171490990/libc_syscalls.o
 .note          0x000003d8       0x18 build/default/production/_ext/1360937237/app.o
 .note          0x000003f0       0x18 build/default/production/_ext/1360937237/main.o
 .note          0x00000408       0x18 build/default/production/_ext/60184501/plib_wdt.o
 .note          0x00000420       0x18 build/default/production/_ext/1360937237/ad9954_driver.o
 .note          0x00000438       0x18 build/default/production/_ext/1360937237/bme690_driver.o
 .note          0x00000450       0x18 build/default/production/_ext/1360937237/bmp585_driver.o
 .note          0x00000468       0x18 build/default/production/_ext/1360937237/can0_driver.o
 .note          0x00000480       0x18 build/default/production/_ext/1360937237/console_driver.o
 .note          0x00000498       0x18 build/default/production/_ext/1360937237/fcm360w_driver.o
 .note          0x000004b0       0x18 build/default/production/_ext/1360937237/hdc302x_driver.o
 .note          0x000004c8       0x18 build/default/production/_ext/1360937237/mcp9808_driver.o
 .note          0x000004e0       0x18 build/default/production/_ext/1360937237/ntc_driver.o
 .note          0x000004f8       0x18 build/default/production/_ext/1360937237/rstc_driver.o
 .note          0x00000510       0x18 build/default/production/_ext/1360937237/rtc_driver.o
 .note          0x00000528       0x18 build/default/production/_ext/1360937237/sen63c_driver.o
 .note          0x00000540       0x18 build/default/production/_ext/1360937237/sht4x_driver.o
 .note          0x00000558       0x18 build/default/production/_ext/1360937237/ssd1306_driver.o
 .note          0x00000570       0x18 build/default/production/_ext/1360937237/stcc4_driver.o
 .note          0x00000588       0x18 build/default/production/_ext/1360937237/timer_driver.o
 .note          0x000005a0       0x18 build/default/production/_ext/1360937237/vcnl4200_driver.o
 .note          0x000005b8       0x18 build/default/production/_ext/1360937237/ws281x_driver.o
 .note          0x000005d0       0x18 build/default/production/_ext/1360937237/xm125_driver.o
 .note          0x000005e8       0x18 build/default/production/_ext/60181570/plib_tcc0.o
 .note          0x00000600       0x18 build/default/production/_ext/1827571544/plib_systick.o
 .note          0x00000618       0x18 C:/Applications/Microchip/XC32/bin/bin/../../lib/gcc/pic32c/13.2.1/../../../../pic32c/lib/thumb/v6-m/nofp\libpic32c.a(data_init.o)
 .note          0x00000630       0x18 C:/Applications/Microchip/XC32/bin/bin/../../lib/gcc/pic32c/13.2.1/../../../../pic32c/lib/thumb/v6-m/nofp\libc-size-musl.a(memcpy.o)
 .note          0x00000648       0x18 C:/Applications/Microchip/XC32/bin/bin/../../lib/gcc/pic32c/13.2.1/../../../../pic32c/lib/thumb/v6-m/nofp\libc-size-musl.a(memset.o)
 .note          0x00000660       0x18 C:/Applications/Microchip/XC32/bin/bin/../../lib/gcc/pic32c/13.2.1/../../../../pic32c/lib/thumb/v6-m/nofp\libc-size-musl.a(strlen.o)
 .note          0x00000678       0x18 C:/Applications/Microchip/XC32/bin/bin/../../lib/gcc/pic32c/13.2.1/../../../../pic32c/lib/thumb/v6-m/nofp\libc-size-musl.a(strstr.o)
 .note          0x00000690       0x18 C:/Applications/Microchip/XC32/bin/bin/../../lib/gcc/pic32c/13.2.1/../../../../pic32c/lib/thumb/v6-m/nofp\libc-size-musl.a(strchr.o)
 .note          0x000006a8       0x18 C:/Applications/Microchip/XC32/bin/bin/../../lib/gcc/pic32c/13.2.1/../../../../pic32c/lib/thumb/v6-m/nofp\libc-size-musl.a(strchrnul.o)
 .note          0x000006c0       0x18 C:/Applications/Microchip/XC32/bin/bin/../../lib/gcc/pic32c/13.2.1/../../../../pic32c/lib/thumb/v6-m/nofp\libc-musl.a(__libc_start_main.o)
 .note          0x000006d8       0x18 C:/Applications/Microchip/XC32/bin/bin/../../lib/gcc/pic32c/13.2.1/../../../../pic32c/lib/thumb/v6-m/nofp\libc-musl.a(libc.o)
 .note          0x000006f0       0x18 C:/Applications/Microchip/XC32/bin/bin/../../lib/gcc/pic32c/13.2.1/../../../../pic32c/lib/thumb/v6-m/nofp\libc-musl.a(vsnprintf.o)
 .note          0x00000708       0x18 C:/Applications/Microchip/XC32/bin/bin/../../lib/gcc/pic32c/13.2.1/../../../../pic32c/lib/thumb/v6-m/nofp\libc-musl.a(sprintf.o)
 .note          0x00000720       0x18 C:/Applications/Microchip/XC32/bin/bin/../../lib/gcc/pic32c/13.2.1/../../../../pic32c/lib/thumb/v6-m/nofp\libc-musl.a(vsprintf.o)
 .note          0x00000738       0x18 C:/Applications/Microchip/XC32/bin/bin/../../lib/gcc/pic32c/13.2.1/../../../../pic32c/lib/thumb/v6-m/nofp\libc-musl.a(__environ.o)
 .note          0x00000750       0x18 C:/Applications/Microchip/XC32/bin/bin/../../lib/gcc/pic32c/13.2.1/../../../../pic32c/lib/thumb/v6-m/nofp\libc-musl.a(__errno_location.o)
 .note          0x00000768       0x18 C:/Applications/Microchip/XC32/bin/bin/../../lib/gcc/pic32c/13.2.1/../../../../pic32c/lib/thumb/v6-m/nofp\libc-musl.a(vfprintf.o)
 .note          0x00000780       0x18 C:/Applications/Microchip/XC32/bin/bin/../../lib/gcc/pic32c/13.2.1/../../../../pic32c/lib/thumb/v6-m/nofp\libc-musl.a(__io_fmt_needed.o)
 .note          0x00000798       0x18 C:/Applications/Microchip/XC32/bin/bin/../../lib/gcc/pic32c/13.2.1/../../../../pic32c/lib/thumb/v6-m/nofp\libc-musl.a(__pop_float.o)
 .note          0x000007b0       0x18 C:/Applications/Microchip/XC32/bin/bin/../../lib/gcc/pic32c/13.2.1/../../../../pic32c/lib/thumb/v6-m/nofp\libc-musl.a(__pop_int.o)
 .note          0x000007c8       0x18 C:/Applications/Microchip/XC32/bin/bin/../../lib/gcc/pic32c/13.2.1/../../../../pic32c/lib/thumb/v6-m/nofp\libc-musl.a(__pop_ptr.o)
 .note          0x000007e0       0x18 C:/Applications/Microchip/XC32/bin/bin/../../lib/gcc/pic32c/13.2.1/../../../../pic32c/lib/thumb/v6-m/nofp\libc-musl.a(__printf_core.o)
 .note          0x000007f8       0x18 C:/Applications/Microchip/XC32/bin/bin/../../lib/gcc/pic32c/13.2.1/../../../../pic32c/lib/thumb/v6-m/nofp\libc-musl.a(atoi.o)
 .note          0x00000810       0x18 C:/Applications/Microchip/XC32/bin/bin/../../lib/gcc/pic32c/13.2.1/../../../../pic32c/lib/thumb/v6-m/nofp\libc-musl.a(tolower.o)
 .note          0x00000828       0x18 C:/Applications/Microchip/XC32/bin/bin/../../lib/gcc/pic32c/13.2.1/../../../../pic32c/lib/thumb/v6-m/nofp\libc-musl.a(__fmt_a.o)
 .note          0x00000840       0x18 C:/Applications/Microchip/XC32/bin/bin/../../lib/gcc/pic32c/13.2.1/../../../../pic32c/lib/thumb/v6-m/nofp\libc-musl.a(__fmt_d.o)
 .note          0x00000858       0x18 C:/Applications/Microchip/XC32/bin/bin/../../lib/gcc/pic32c/13.2.1/../../../../pic32c/lib/thumb/v6-m/nofp\libc-musl.a(__fmt_fp.o)
 .note          0x00000870       0x18 C:/Applications/Microchip/XC32/bin/bin/../../lib/gcc/pic32c/13.2.1/../../../../pic32c/lib/thumb/v6-m/nofp\libc-musl.a(__fmt_o.o)
 .note          0x00000888       0x18 C:/Applications/Microchip/XC32/bin/bin/../../lib/gcc/pic32c/13.2.1/../../../../pic32c/lib/thumb/v6-m/nofp\libc-musl.a(__fmt_s.o)
 .note          0x000008a0       0x18 C:/Applications/Microchip/XC32/bin/bin/../../lib/gcc/pic32c/13.2.1/../../../../pic32c/lib/thumb/v6-m/nofp\libc-musl.a(__fmt_u.o)
 .note          0x000008b8       0x18 C:/Applications/Microchip/XC32/bin/bin/../../lib/gcc/pic32c/13.2.1/../../../../pic32c/lib/thumb/v6-m/nofp\libc-musl.a(__fmt_x.o)
 .note          0x000008d0       0x18 C:/Applications/Microchip/XC32/bin/bin/../../lib/gcc/pic32c/13.2.1/../../../../pic32c/lib/thumb/v6-m/nofp\libc-musl.a(toupper.o)
 .note          0x000008e8       0x18 C:/Applications/Microchip/XC32/bin/bin/../../lib/gcc/pic32c/13.2.1/../../../../pic32c/lib/thumb/v6-m/nofp\libc-musl.a(__cvt_u.o)
 .note          0x00000900       0x18 C:/Applications/Microchip/XC32/bin/bin/../../lib/gcc/pic32c/13.2.1/../../../../pic32c/lib/thumb/v6-m/nofp\libc-size-musl.a(strcpy.o)
 .note          0x00000918       0x18 C:/Applications/Microchip/XC32/bin/bin/../../lib/gcc/pic32c/13.2.1/../../../../pic32c/lib/thumb/v6-m/nofp\libc-size-musl.a(stpcpy.o)
 .note          0x00000930       0x18 C:/Applications/Microchip/XC32/bin/bin/../../lib/gcc/pic32c/13.2.1/thumb/v6-m/nofp\libgcc.a(_thumb1_case_uqi.o)
 .note          0x00000948       0x18 C:/Applications/Microchip/XC32/bin/bin/../../lib/gcc/pic32c/13.2.1/thumb/v6-m/nofp\libgcc.a(_udivsi3.o)
 .note          0x00000960       0x18 C:/Applications/Microchip/XC32/bin/bin/../../lib/gcc/pic32c/13.2.1/thumb/v6-m/nofp\libgcc.a(_divsi3.o)
 .note          0x00000978       0x18 C:/Applications/Microchip/XC32/bin/bin/../../lib/gcc/pic32c/13.2.1/thumb/v6-m/nofp\libgcc.a(_dvmd_tls.o)
 .note          0x00000990       0x18 C:/Applications/Microchip/XC32/bin/bin/../../lib/gcc/pic32c/13.2.1/thumb/v6-m/nofp\libgcc.a(_aeabi_uldivmod.o)
 .note          0x000009a8       0x18 C:/Applications/Microchip/XC32/bin/bin/../../lib/gcc/pic32c/13.2.1/thumb/v6-m/nofp\libgcc.a(_muldi3.o)
 .note          0x000009c0       0x18 C:/Applications/Microchip/XC32/bin/bin/../../lib/gcc/pic32c/13.2.1/thumb/v6-m/nofp\libgcc.a(_udivmoddi4.o)
 .note          0x000009d8       0x18 C:/Applications/Microchip/XC32/bin/bin/../../lib/gcc/pic32c/13.2.1/thumb/v6-m/nofp\libgcc.a(_lshrdi3.o)
 .note          0x000009f0       0x18 C:/Applications/Microchip/XC32/bin/bin/../../lib/gcc/pic32c/13.2.1/thumb/v6-m/nofp\libgcc.a(_ashldi3.o)
 .note          0x00000a08       0x18 C:/Applications/Microchip/XC32/bin/bin/../../lib/gcc/pic32c/13.2.1/thumb/v6-m/nofp\libgcc.a(_clzdi2.o)
 .note          0x00000a20       0x18 C:/Applications/Microchip/XC32/bin/bin/../../lib/gcc/pic32c/13.2.1/thumb/v6-m/nofp\libgcc.a(_clzsi2.o)
 .note          0x00000a38       0x18 C:/Applications/Microchip/XC32/bin/bin/../../lib/gcc/pic32c/13.2.1/thumb/v6-m/nofp/crtend.o
 .note          0x00000a50       0x18 C:/Applications/Microchip/XC32/bin/bin/../../lib/gcc/pic32c/13.2.1/thumb/v6-m/nofp/crtn.o
 .note          0x00000a68       0x18 C:/Applications/Microchip/XC32/bin/bin/../../lib/gcc/pic32c/13.2.1/../../../../pic32c/lib/thumb/v6-m/nofp\libpic32c.a(pic32_data_init_clear.o)
 .note          0x00000a80       0x18 C:/Applications/Microchip/XC32/bin/bin/../../lib/gcc/pic32c/13.2.1/../../../../pic32c/lib/thumb/v6-m/nofp\libpic32c.a(pic32_data_init_copy.o)

.ARM.attributes
                0x00000000       0x2a
 .ARM.attributes
                0x00000000       0x1e C:/Applications/Microchip/XC32/bin/bin/../../lib/gcc/pic32c/13.2.1/thumb/v6-m/nofp/crti.o
 .ARM.attributes
                0x0000001e       0x2c C:/Applications/Microchip/XC32/bin/bin/../../lib/gcc/pic32c/13.2.1/thumb/v6-m/nofp/crtbegin.o
 .ARM.attributes
                0x0000004a       0x2c build/default/production/_ext/158385033/drv_i2c.o
 .ARM.attributes
                0x00000076       0x2c build/default/production/_ext/2070931557/drv_spi.o
 .ARM.attributes
                0x000000a2       0x2c build/default/production/_ext/869808652/drv_usart.o
 .ARM.attributes
                0x000000ce       0x2c build/default/production/_ext/60163342/plib_adc0.o
 .ARM.attributes
                0x000000fa       0x2c build/default/production/_ext/60165182/plib_can0.o
 .ARM.attributes
                0x00000126       0x2c build/default/production/_ext/1984496892/plib_clock.o
 .ARM.attributes
                0x00000152       0x2c build/default/production/_ext/60166132/plib_dac.o
 .ARM.attributes
                0x0000017e       0x2c build/default/production/_ext/1865161661/plib_dmac.o
 .ARM.attributes
                0x000001aa       0x2c build/default/production/_ext/60167341/plib_eic.o
 .ARM.attributes
                0x000001d6       0x2c build/default/production/_ext/1986646378/plib_evsys.o
 .ARM.attributes
                0x00000202       0x2c build/default/production/_ext/1987437027/plib_freqm.o
 .ARM.attributes
                0x0000022e       0x2c build/default/production/_ext/1865468468/plib_nvic.o
 .ARM.attributes
                0x0000025a       0x2c build/default/production/_ext/1593096446/plib_nvmctrl.o
 .ARM.attributes
                0x00000286       0x2c build/default/production/_ext/829342769/plib_pm.o
 .ARM.attributes
                0x000002b2       0x2c build/default/production/_ext/1865521619/plib_port.o
 .ARM.attributes
                0x000002de       0x2c build/default/production/_ext/1865585090/plib_rstc.o
 .ARM.attributes
                0x0000030a       0x2c build/default/production/_ext/60180175/plib_rtc_clock.o
 .ARM.attributes
                0x00000336       0x2c build/default/production/_ext/508257091/plib_sercom2_i2c_master.o
 .ARM.attributes
                0x00000362       0x2c build/default/production/_ext/17022449/plib_sercom3_spi_master.o
 .ARM.attributes
                0x0000038e       0x2c build/default/production/_ext/504274921/plib_sercom1_usart.o
 .ARM.attributes
                0x000003ba       0x2c build/default/production/_ext/504274921/plib_sercom0_usart.o
 .ARM.attributes
                0x000003e6       0x2c build/default/production/_ext/1865616679/plib_supc.o
 .ARM.attributes
                0x00000412       0x2c build/default/production/_ext/1832805299/sys_console_uart.o
 .ARM.attributes
                0x0000043e       0x2c build/default/production/_ext/1832805299/sys_console.o
 .ARM.attributes
                0x0000046a       0x2c build/default/production/_ext/14461671/sys_dma.o
 .ARM.attributes
                0x00000496       0x2c build/default/production/_ext/1881668453/sys_int.o
 .ARM.attributes
                0x000004c2       0x2c build/default/production/_ext/101884895/sys_time.o
 .ARM.attributes
                0x000004ee       0x2c build/default/production/_ext/1171490990/tasks.o
 .ARM.attributes
                0x0000051a       0x2c build/default/production/_ext/1171490990/initialization.o
 .ARM.attributes
                0x00000546       0x2c build/default/production/_ext/1171490990/interrupts.o
 .ARM.attributes
                0x00000572       0x2c build/default/production/_ext/1171490990/exceptions.o
 .ARM.attributes
                0x0000059e       0x2c build/default/production/_ext/1171490990/startup_xc32.o
 .ARM.attributes
                0x000005ca       0x2c build/default/production/_ext/1360937237/app.o
 .ARM.attributes
                0x000005f6       0x2c build/default/production/_ext/1360937237/main.o
 .ARM.attributes
                0x00000622       0x2c build/default/production/_ext/60184501/plib_wdt.o
 .ARM.attributes
                0x0000064e       0x2c build/default/production/_ext/1360937237/ad9954_driver.o
 .ARM.attributes
                0x0000067a       0x2c build/default/production/_ext/1360937237/bme690_driver.o
 .ARM.attributes
                0x000006a6       0x2c build/default/production/_ext/1360937237/bmp585_driver.o
 .ARM.attributes
                0x000006d2       0x2c build/default/production/_ext/1360937237/can0_driver.o
 .ARM.attributes
                0x000006fe       0x2c build/default/production/_ext/1360937237/console_driver.o
 .ARM.attributes
                0x0000072a       0x2c build/default/production/_ext/1360937237/fcm360w_driver.o
 .ARM.attributes
                0x00000756       0x2c build/default/production/_ext/1360937237/hdc302x_driver.o
 .ARM.attributes
                0x00000782       0x2c build/default/production/_ext/1360937237/mcp9808_driver.o
 .ARM.attributes
                0x000007ae       0x2c build/default/production/_ext/1360937237/ntc_driver.o
 .ARM.attributes
                0x000007da       0x2c build/default/production/_ext/1360937237/rstc_driver.o
 .ARM.attributes
                0x00000806       0x2c build/default/production/_ext/1360937237/rtc_driver.o
 .ARM.attributes
                0x00000832       0x2c build/default/production/_ext/1360937237/sen63c_driver.o
 .ARM.attributes
                0x0000085e       0x2c build/default/production/_ext/1360937237/sht4x_driver.o
 .ARM.attributes
                0x0000088a       0x2c build/default/production/_ext/1360937237/ssd1306_driver.o
 .ARM.attributes
                0x000008b6       0x2c build/default/production/_ext/1360937237/stcc4_driver.o
 .ARM.attributes
                0x000008e2       0x2c build/default/production/_ext/1360937237/timer_driver.o
 .ARM.attributes
                0x0000090e       0x2c build/default/production/_ext/1360937237/vcnl4200_driver.o
 .ARM.attributes
                0x0000093a       0x2c build/default/production/_ext/1360937237/ws281x_driver.o
 .ARM.attributes
                0x00000966       0x2c build/default/production/_ext/1360937237/xm125_driver.o
 .ARM.attributes
                0x00000992       0x2c build/default/production/_ext/60181570/plib_tcc0.o
 .ARM.attributes
                0x000009be       0x2c build/default/production/_ext/1827571544/plib_systick.o
 .ARM.attributes
                0x000009ea       0x2c C:/Applications/Microchip/XC32/bin/bin/../../lib/gcc/pic32c/13.2.1/../../../../pic32c/lib/thumb/v6-m/nofp\libpic32c.a(data_init.o)
 .ARM.attributes
                0x00000a16       0x2e C:/Applications/Microchip/XC32/bin/bin/../../lib/gcc/pic32c/13.2.1/../../../../pic32c/lib/thumb/v6-m/nofp\libc-size-musl.a(memcpy.o)
 .ARM.attributes
                0x00000a44       0x2e C:/Applications/Microchip/XC32/bin/bin/../../lib/gcc/pic32c/13.2.1/../../../../pic32c/lib/thumb/v6-m/nofp\libc-size-musl.a(memset.o)
 .ARM.attributes
                0x00000a72       0x2e C:/Applications/Microchip/XC32/bin/bin/../../lib/gcc/pic32c/13.2.1/../../../../pic32c/lib/thumb/v6-m/nofp\libc-size-musl.a(strlen.o)
 .ARM.attributes
                0x00000aa0       0x2e C:/Applications/Microchip/XC32/bin/bin/../../lib/gcc/pic32c/13.2.1/../../../../pic32c/lib/thumb/v6-m/nofp\libc-size-musl.a(strstr.o)
 .ARM.attributes
                0x00000ace       0x2e C:/Applications/Microchip/XC32/bin/bin/../../lib/gcc/pic32c/13.2.1/../../../../pic32c/lib/thumb/v6-m/nofp\libc-size-musl.a(strchr.o)
 .ARM.attributes
                0x00000afc       0x2e C:/Applications/Microchip/XC32/bin/bin/../../lib/gcc/pic32c/13.2.1/../../../../pic32c/lib/thumb/v6-m/nofp\libc-size-musl.a(strchrnul.o)
 .ARM.attributes
                0x00000b2a       0x2e C:/Applications/Microchip/XC32/bin/bin/../../lib/gcc/pic32c/13.2.1/../../../../pic32c/lib/thumb/v6-m/nofp\libc-musl.a(__libc_start_main.o)
 .ARM.attributes
                0x00000b58       0x2e C:/Applications/Microchip/XC32/bin/bin/../../lib/gcc/pic32c/13.2.1/../../../../pic32c/lib/thumb/v6-m/nofp\libc-musl.a(libc.o)
 .ARM.attributes
                0x00000b86       0x2e C:/Applications/Microchip/XC32/bin/bin/../../lib/gcc/pic32c/13.2.1/../../../../pic32c/lib/thumb/v6-m/nofp\libc-musl.a(vsnprintf.o)
 .ARM.attributes
                0x00000bb4       0x2e C:/Applications/Microchip/XC32/bin/bin/../../lib/gcc/pic32c/13.2.1/../../../../pic32c/lib/thumb/v6-m/nofp\libc-musl.a(sprintf.o)
 .ARM.attributes
                0x00000be2       0x2e C:/Applications/Microchip/XC32/bin/bin/../../lib/gcc/pic32c/13.2.1/../../../../pic32c/lib/thumb/v6-m/nofp\libc-musl.a(vsprintf.o)
 .ARM.attributes
                0x00000c10       0x2e C:/Applications/Microchip/XC32/bin/bin/../../lib/gcc/pic32c/13.2.1/../../../../pic32c/lib/thumb/v6-m/nofp\libc-musl.a(__environ.o)
 .ARM.attributes
                0x00000c3e       0x2e C:/Applications/Microchip/XC32/bin/bin/../../lib/gcc/pic32c/13.2.1/../../../../pic32c/lib/thumb/v6-m/nofp\libc-musl.a(__errno_location.o)
 .ARM.attributes
                0x00000c6c       0x2e C:/Applications/Microchip/XC32/bin/bin/../../lib/gcc/pic32c/13.2.1/../../../../pic32c/lib/thumb/v6-m/nofp\libc-musl.a(vfprintf.o)
 .ARM.attributes
                0x00000c9a       0x2e C:/Applications/Microchip/XC32/bin/bin/../../lib/gcc/pic32c/13.2.1/../../../../pic32c/lib/thumb/v6-m/nofp\libc-musl.a(__pop_float.o)
 .ARM.attributes
                0x00000cc8       0x2e C:/Applications/Microchip/XC32/bin/bin/../../lib/gcc/pic32c/13.2.1/../../../../pic32c/lib/thumb/v6-m/nofp\libc-musl.a(__pop_int.o)
 .ARM.attributes
                0x00000cf6       0x2e C:/Applications/Microchip/XC32/bin/bin/../../lib/gcc/pic32c/13.2.1/../../../../pic32c/lib/thumb/v6-m/nofp\libc-musl.a(__pop_ptr.o)
 .ARM.attributes
                0x00000d24       0x2e C:/Applications/Microchip/XC32/bin/bin/../../lib/gcc/pic32c/13.2.1/../../../../pic32c/lib/thumb/v6-m/nofp\libc-musl.a(__printf_core.o)
 .ARM.attributes
                0x00000d52       0x2e C:/Applications/Microchip/XC32/bin/bin/../../lib/gcc/pic32c/13.2.1/../../../../pic32c/lib/thumb/v6-m/nofp\libc-musl.a(atoi.o)
 .ARM.attributes
                0x00000d80       0x2e C:/Applications/Microchip/XC32/bin/bin/../../lib/gcc/pic32c/13.2.1/../../../../pic32c/lib/thumb/v6-m/nofp\libc-musl.a(tolower.o)
 .ARM.attributes
                0x00000dae       0x2e C:/Applications/Microchip/XC32/bin/bin/../../lib/gcc/pic32c/13.2.1/../../../../pic32c/lib/thumb/v6-m/nofp\libc-musl.a(__fmt_a.o)
 .ARM.attributes
                0x00000ddc       0x2e C:/Applications/Microchip/XC32/bin/bin/../../lib/gcc/pic32c/13.2.1/../../../../pic32c/lib/thumb/v6-m/nofp\libc-musl.a(__fmt_d.o)
 .ARM.attributes
                0x00000e0a       0x2e C:/Applications/Microchip/XC32/bin/bin/../../lib/gcc/pic32c/13.2.1/../../../../pic32c/lib/thumb/v6-m/nofp\libc-musl.a(__fmt_fp.o)
 .ARM.attributes
                0x00000e38       0x2e C:/Applications/Microchip/XC32/bin/bin/../../lib/gcc/pic32c/13.2.1/../../../../pic32c/lib/thumb/v6-m/nofp\libc-musl.a(__fmt_o.o)
 .ARM.attributes
                0x00000e66       0x2e C:/Applications/Microchip/XC32/bin/bin/../../lib/gcc/pic32c/13.2.1/../../../../pic32c/lib/thumb/v6-m/nofp\libc-musl.a(__fmt_s.o)
 .ARM.attributes
                0x00000e94       0x2e C:/Applications/Microchip/XC32/bin/bin/../../lib/gcc/pic32c/13.2.1/../../../../pic32c/lib/thumb/v6-m/nofp\libc-musl.a(__fmt_u.o)
 .ARM.attributes
                0x00000ec2       0x2e C:/Applications/Microchip/XC32/bin/bin/../../lib/gcc/pic32c/13.2.1/../../../../pic32c/lib/thumb/v6-m/nofp\libc-musl.a(__fmt_x.o)
 .ARM.attributes
                0x00000ef0       0x2e C:/Applications/Microchip/XC32/bin/bin/../../lib/gcc/pic32c/13.2.1/../../../../pic32c/lib/thumb/v6-m/nofp\libc-musl.a(toupper.o)
 .ARM.attributes
                0x00000f1e       0x2e C:/Applications/Microchip/XC32/bin/bin/../../lib/gcc/pic32c/13.2.1/../../../../pic32c/lib/thumb/v6-m/nofp\libc-musl.a(__cvt_u.o)
 .ARM.attributes
                0x00000f4c       0x2c C:/Applications/Microchip/XC32/bin/bin/../../lib/gcc/pic32c/13.2.1/../../../../pic32c/lib/thumb/v6-m/nofp\libm-fast-emfloat.a(fma.o)
 .ARM.attributes
                0x00000f78       0x2c C:/Applications/Microchip/XC32/bin/bin/../../lib/gcc/pic32c/13.2.1/../../../../pic32c/lib/thumb/v6-m/nofp\libm-fast-emfloat.a(floor.o)
 .ARM.attributes
                0x00000fa4       0x1c C:/Applications/Microchip/XC32/bin/bin/../../lib/gcc/pic32c/13.2.1/../../../../pic32c/lib/thumb/v6-m/nofp\libm-fast-emfloat.a(__aeabi_fadd.o)
 .ARM.attributes
                0x00000fc0       0x1c C:/Applications/Microchip/XC32/bin/bin/../../lib/gcc/pic32c/13.2.1/../../../../pic32c/lib/thumb/v6-m/nofp\libm-fast-emfloat.a(__aeabi_dadd.o)
 .ARM.attributes
                0x00000fdc       0x1c C:/Applications/Microchip/XC32/bin/bin/../../lib/gcc/pic32c/13.2.1/../../../../pic32c/lib/thumb/v6-m/nofp\libm-fast-emfloat.a(__aeabi_fsub.o)
 .ARM.attributes
                0x00000ff8       0x1c C:/Applications/Microchip/XC32/bin/bin/../../lib/gcc/pic32c/13.2.1/../../../../pic32c/lib/thumb/v6-m/nofp\libm-fast-emfloat.a(__aeabi_dsub.o)
 .ARM.attributes
                0x00001014       0x1c C:/Applications/Microchip/XC32/bin/bin/../../lib/gcc/pic32c/13.2.1/../../../../pic32c/lib/thumb/v6-m/nofp\libm-fast-emfloat.a(__aeabi_fmul.o)
 .ARM.attributes
                0x00001030       0x1c C:/Applications/Microchip/XC32/bin/bin/../../lib/gcc/pic32c/13.2.1/../../../../pic32c/lib/thumb/v6-m/nofp\libm-fast-emfloat.a(__aeabi_dmul_aux.o)
 .ARM.attributes
                0x0000104c       0x1c C:/Applications/Microchip/XC32/bin/bin/../../lib/gcc/pic32c/13.2.1/../../../../pic32c/lib/thumb/v6-m/nofp\libm-fast-emfloat.a(__aeabi_fdiv.o)
 .ARM.attributes
                0x00001068       0x1c C:/Applications/Microchip/XC32/bin/bin/../../lib/gcc/pic32c/13.2.1/../../../../pic32c/lib/thumb/v6-m/nofp\libm-fast-emfloat.a(__aeabi_ddiv.o)
 .ARM.attributes
                0x00001084       0x1c C:/Applications/Microchip/XC32/bin/bin/../../lib/gcc/pic32c/13.2.1/../../../../pic32c/lib/thumb/v6-m/nofp\libm-fast-emfloat.a(__aeabi_dcmple.o)
 .ARM.attributes
                0x000010a0       0x1c C:/Applications/Microchip/XC32/bin/bin/../../lib/gcc/pic32c/13.2.1/../../../../pic32c/lib/thumb/v6-m/nofp\libm-fast-emfloat.a(__aeabi_dcmpeq.o)
 .ARM.attributes
                0x000010bc       0x1c C:/Applications/Microchip/XC32/bin/bin/../../lib/gcc/pic32c/13.2.1/../../../../pic32c/lib/thumb/v6-m/nofp\libm-fast-emfloat.a(__aeabi_dcmpgt.o)
 .ARM.attributes
                0x000010d8       0x1c C:/Applications/Microchip/XC32/bin/bin/../../lib/gcc/pic32c/13.2.1/../../../../pic32c/lib/thumb/v6-m/nofp\libm-fast-emfloat.a(__aeabi_dcmplt.o)
 .ARM.attributes
                0x000010f4       0x1c C:/Applications/Microchip/XC32/bin/bin/../../lib/gcc/pic32c/13.2.1/../../../../pic32c/lib/thumb/v6-m/nofp\libm-fast-emfloat.a(__aeabi_f2iz.o)
 .ARM.attributes
                0x00001110       0x1c C:/Applications/Microchip/XC32/bin/bin/../../lib/gcc/pic32c/13.2.1/../../../../pic32c/lib/thumb/v6-m/nofp\libm-fast-emfloat.a(__aeabi_d2iz.o)
 .ARM.attributes
                0x0000112c       0x1c C:/Applications/Microchip/XC32/bin/bin/../../lib/gcc/pic32c/13.2.1/../../../../pic32c/lib/thumb/v6-m/nofp\libm-fast-emfloat.a(__aeabi_f2uiz.o)
 .ARM.attributes
                0x00001148       0x1c C:/Applications/Microchip/XC32/bin/bin/../../lib/gcc/pic32c/13.2.1/../../../../pic32c/lib/thumb/v6-m/nofp\libm-fast-emfloat.a(__aeabi_d2uiz.o)
 .ARM.attributes
                0x00001164       0x1c C:/Applications/Microchip/XC32/bin/bin/../../lib/gcc/pic32c/13.2.1/../../../../pic32c/lib/thumb/v6-m/nofp\libm-fast-emfloat.a(__aeabi_i2f.o)
 .ARM.attributes
                0x00001180       0x1c C:/Applications/Microchip/XC32/bin/bin/../../lib/gcc/pic32c/13.2.1/../../../../pic32c/lib/thumb/v6-m/nofp\libm-fast-emfloat.a(__aeabi_ui2f.o)
 .ARM.attributes
                0x0000119c       0x1c C:/Applications/Microchip/XC32/bin/bin/../../lib/gcc/pic32c/13.2.1/../../../../pic32c/lib/thumb/v6-m/nofp\libm-fast-emfloat.a(__aeabi_f2d.o)
 .ARM.attributes
                0x000011b8       0x1c C:/Applications/Microchip/XC32/bin/bin/../../lib/gcc/pic32c/13.2.1/../../../../pic32c/lib/thumb/v6-m/nofp\libm-fast-emfloat.a(__aeabi_d2f.o)
 .ARM.attributes
                0x000011d4       0x2e C:/Applications/Microchip/XC32/bin/bin/../../lib/gcc/pic32c/13.2.1/../../../../pic32c/lib/thumb/v6-m/nofp\libc-size-musl.a(strcpy.o)
 .ARM.attributes
                0x00001202       0x2e C:/Applications/Microchip/XC32/bin/bin/../../lib/gcc/pic32c/13.2.1/../../../../pic32c/lib/thumb/v6-m/nofp\libc-size-musl.a(stpcpy.o)
 .ARM.attributes
                0x00001230       0x1e C:/Applications/Microchip/XC32/bin/bin/../../lib/gcc/pic32c/13.2.1/thumb/v6-m/nofp\libgcc.a(_thumb1_case_uqi.o)
 .ARM.attributes
                0x0000124e       0x1e C:/Applications/Microchip/XC32/bin/bin/../../lib/gcc/pic32c/13.2.1/thumb/v6-m/nofp\libgcc.a(_udivsi3.o)
 .ARM.attributes
                0x0000126c       0x1e C:/Applications/Microchip/XC32/bin/bin/../../lib/gcc/pic32c/13.2.1/thumb/v6-m/nofp\libgcc.a(_divsi3.o)
 .ARM.attributes
                0x0000128a       0x1e C:/Applications/Microchip/XC32/bin/bin/../../lib/gcc/pic32c/13.2.1/thumb/v6-m/nofp\libgcc.a(_dvmd_tls.o)
 .ARM.attributes
                0x000012a8       0x1e C:/Applications/Microchip/XC32/bin/bin/../../lib/gcc/pic32c/13.2.1/thumb/v6-m/nofp\libgcc.a(_aeabi_uldivmod.o)
 .ARM.attributes
                0x000012c6       0x2c C:/Applications/Microchip/XC32/bin/bin/../../lib/gcc/pic32c/13.2.1/thumb/v6-m/nofp\libgcc.a(_muldi3.o)
 .ARM.attributes
                0x000012f2       0x2c C:/Applications/Microchip/XC32/bin/bin/../../lib/gcc/pic32c/13.2.1/thumb/v6-m/nofp\libgcc.a(_udivmoddi4.o)
 .ARM.attributes
                0x0000131e       0x1e C:/Applications/Microchip/XC32/bin/bin/../../lib/gcc/pic32c/13.2.1/thumb/v6-m/nofp\libgcc.a(_lshrdi3.o)
 .ARM.attributes
                0x0000133c       0x1e C:/Applications/Microchip/XC32/bin/bin/../../lib/gcc/pic32c/13.2.1/thumb/v6-m/nofp\libgcc.a(_ashldi3.o)
 .ARM.attributes
                0x0000135a       0x1e C:/Applications/Microchip/XC32/bin/bin/../../lib/gcc/pic32c/13.2.1/thumb/v6-m/nofp\libgcc.a(_clzdi2.o)
 .ARM.attributes
                0x00001378       0x1e C:/Applications/Microchip/XC32/bin/bin/../../lib/gcc/pic32c/13.2.1/thumb/v6-m/nofp\libgcc.a(_clzsi2.o)
 .ARM.attributes
                0x00001396       0x1e C:/Applications/Microchip/XC32/bin/bin/../../lib/gcc/pic32c/13.2.1/thumb/v6-m/nofp/crtn.o
 .ARM.attributes
                0x000013b4       0x2c C:/Applications/Microchip/XC32/bin/bin/../../lib/gcc/pic32c/13.2.1/../../../../pic32c/lib/thumb/v6-m/nofp\libpic32c.a(pic32_data_init_clear.o)
 .ARM.attributes
                0x000013e0       0x2c C:/Applications/Microchip/XC32/bin/bin/../../lib/gcc/pic32c/13.2.1/../../../../pic32c/lib/thumb/v6-m/nofp\libpic32c.a(pic32_data_init_copy.o)

.comment        0x00000000       0x35
 .comment       0x00000000       0x35 C:/Applications/Microchip/XC32/bin/bin/../../lib/gcc/pic32c/13.2.1/thumb/v6-m/nofp/crtbegin.o
                                 0x36 (size before relaxing)
 .comment       0x00000035       0x36 build/default/production/_ext/158385033/drv_i2c.o
 .comment       0x00000035       0x36 build/default/production/_ext/2070931557/drv_spi.o
 .comment       0x00000035       0x36 build/default/production/_ext/869808652/drv_usart.o
 .comment       0x00000035       0x36 build/default/production/_ext/60163342/plib_adc0.o
 .comment       0x00000035       0x36 build/default/production/_ext/60165182/plib_can0.o
 .comment       0x00000035       0x36 build/default/production/_ext/1984496892/plib_clock.o
 .comment       0x00000035       0x36 build/default/production/_ext/60166132/plib_dac.o
 .comment       0x00000035       0x36 build/default/production/_ext/1865161661/plib_dmac.o
 .comment       0x00000035       0x36 build/default/production/_ext/60167341/plib_eic.o
 .comment       0x00000035       0x36 build/default/production/_ext/1986646378/plib_evsys.o
 .comment       0x00000035       0x36 build/default/production/_ext/1987437027/plib_freqm.o
 .comment       0x00000035       0x36 build/default/production/_ext/1865468468/plib_nvic.o
 .comment       0x00000035       0x36 build/default/production/_ext/1593096446/plib_nvmctrl.o
 .comment       0x00000035       0x36 build/default/production/_ext/829342769/plib_pm.o
 .comment       0x00000035       0x36 build/default/production/_ext/1865521619/plib_port.o
 .comment       0x00000035       0x36 build/default/production/_ext/1865585090/plib_rstc.o
 .comment       0x00000035       0x36 build/default/production/_ext/60180175/plib_rtc_clock.o
 .comment       0x00000035       0x36 build/default/production/_ext/508257091/plib_sercom2_i2c_master.o
 .comment       0x00000035       0x36 build/default/production/_ext/17022449/plib_sercom3_spi_master.o
 .comment       0x00000035       0x36 build/default/production/_ext/504274921/plib_sercom1_usart.o
 .comment       0x00000035       0x36 build/default/production/_ext/504274921/plib_sercom0_usart.o
 .comment       0x00000035       0x36 build/default/production/_ext/1865616679/plib_supc.o
 .comment       0x00000035       0x36 build/default/production/_ext/1832805299/sys_console_uart.o
 .comment       0x00000035       0x36 build/default/production/_ext/1832805299/sys_console.o
 .comment       0x00000035       0x36 build/default/production/_ext/14461671/sys_dma.o
 .comment       0x00000035       0x36 build/default/production/_ext/1881668453/sys_int.o
 .comment       0x00000035       0x36 build/default/production/_ext/101884895/sys_time.o
 .comment       0x00000035       0x36 build/default/production/_ext/1171490990/tasks.o
 .comment       0x00000035       0x36 build/default/production/_ext/1171490990/initialization.o
 .comment       0x00000035       0x36 build/default/production/_ext/1171490990/interrupts.o
 .comment       0x00000035       0x36 build/default/production/_ext/1171490990/exceptions.o
 .comment       0x00000035       0x36 build/default/production/_ext/1171490990/startup_xc32.o
 .comment       0x00000035       0x36 build/default/production/_ext/1360937237/app.o
 .comment       0x00000035       0x36 build/default/production/_ext/1360937237/main.o
 .comment       0x00000035       0x36 build/default/production/_ext/60184501/plib_wdt.o
 .comment       0x00000035       0x36 build/default/production/_ext/1360937237/ad9954_driver.o
 .comment       0x00000035       0x36 build/default/production/_ext/1360937237/bme690_driver.o
 .comment       0x00000035       0x36 build/default/production/_ext/1360937237/bmp585_driver.o
 .comment       0x00000035       0x36 build/default/production/_ext/1360937237/can0_driver.o
 .comment       0x00000035       0x36 build/default/production/_ext/1360937237/console_driver.o
 .comment       0x00000035       0x36 build/default/production/_ext/1360937237/fcm360w_driver.o
 .comment       0x00000035       0x36 build/default/production/_ext/1360937237/hdc302x_driver.o
 .comment       0x00000035       0x36 build/default/production/_ext/1360937237/mcp9808_driver.o
 .comment       0x00000035       0x36 build/default/production/_ext/1360937237/ntc_driver.o
 .comment       0x00000035       0x36 build/default/production/_ext/1360937237/rstc_driver.o
 .comment       0x00000035       0x36 build/default/production/_ext/1360937237/rtc_driver.o
 .comment       0x00000035       0x36 build/default/production/_ext/1360937237/sen63c_driver.o
 .comment       0x00000035       0x36 build/default/production/_ext/1360937237/sht4x_driver.o
 .comment       0x00000035       0x36 build/default/production/_ext/1360937237/ssd1306_driver.o
 .comment       0x00000035       0x36 build/default/production/_ext/1360937237/stcc4_driver.o
 .comment       0x00000035       0x36 build/default/production/_ext/1360937237/timer_driver.o
 .comment       0x00000035       0x36 build/default/production/_ext/1360937237/vcnl4200_driver.o
 .comment       0x00000035       0x36 build/default/production/_ext/1360937237/ws281x_driver.o
 .comment       0x00000035       0x36 build/default/production/_ext/1360937237/xm125_driver.o
 .comment       0x00000035       0x36 build/default/production/_ext/60181570/plib_tcc0.o
 .comment       0x00000035       0x36 build/default/production/_ext/1827571544/plib_systick.o
 .comment       0x00000035       0x36 C:/Applications/Microchip/XC32/bin/bin/../../lib/gcc/pic32c/13.2.1/../../../../pic32c/lib/thumb/v6-m/nofp\libpic32c.a(data_init.o)
 .comment       0x00000035       0x36 C:/Applications/Microchip/XC32/bin/bin/../../lib/gcc/pic32c/13.2.1/../../../../pic32c/lib/thumb/v6-m/nofp\libc-size-musl.a(memcpy.o)
 .comment       0x00000035       0x36 C:/Applications/Microchip/XC32/bin/bin/../../lib/gcc/pic32c/13.2.1/../../../../pic32c/lib/thumb/v6-m/nofp\libc-size-musl.a(memset.o)
 .comment       0x00000035       0x36 C:/Applications/Microchip/XC32/bin/bin/../../lib/gcc/pic32c/13.2.1/../../../../pic32c/lib/thumb/v6-m/nofp\libc-size-musl.a(strlen.o)
 .comment       0x00000035       0x36 C:/Applications/Microchip/XC32/bin/bin/../../lib/gcc/pic32c/13.2.1/../../../../pic32c/lib/thumb/v6-m/nofp\libc-size-musl.a(strstr.o)
 .comment       0x00000035       0x36 C:/Applications/Microchip/XC32/bin/bin/../../lib/gcc/pic32c/13.2.1/../../../../pic32c/lib/thumb/v6-m/nofp\libc-size-musl.a(strchr.o)
 .comment       0x00000035       0x36 C:/Applications/Microchip/XC32/bin/bin/../../lib/gcc/pic32c/13.2.1/../../../../pic32c/lib/thumb/v6-m/nofp\libc-size-musl.a(strchrnul.o)
 .comment       0x00000035       0x36 C:/Applications/Microchip/XC32/bin/bin/../../lib/gcc/pic32c/13.2.1/../../../../pic32c/lib/thumb/v6-m/nofp\libc-musl.a(__libc_start_main.o)
 .comment       0x00000035       0x36 C:/Applications/Microchip/XC32/bin/bin/../../lib/gcc/pic32c/13.2.1/../../../../pic32c/lib/thumb/v6-m/nofp\libc-musl.a(libc.o)
 .comment       0x00000035       0x36 C:/Applications/Microchip/XC32/bin/bin/../../lib/gcc/pic32c/13.2.1/../../../../pic32c/lib/thumb/v6-m/nofp\libc-musl.a(vsnprintf.o)
 .comment       0x00000035       0x36 C:/Applications/Microchip/XC32/bin/bin/../../lib/gcc/pic32c/13.2.1/../../../../pic32c/lib/thumb/v6-m/nofp\libc-musl.a(sprintf.o)
 .comment       0x00000035       0x36 C:/Applications/Microchip/XC32/bin/bin/../../lib/gcc/pic32c/13.2.1/../../../../pic32c/lib/thumb/v6-m/nofp\libc-musl.a(vsprintf.o)
 .comment       0x00000035       0x36 C:/Applications/Microchip/XC32/bin/bin/../../lib/gcc/pic32c/13.2.1/../../../../pic32c/lib/thumb/v6-m/nofp\libc-musl.a(__environ.o)
 .comment       0x00000035       0x36 C:/Applications/Microchip/XC32/bin/bin/../../lib/gcc/pic32c/13.2.1/../../../../pic32c/lib/thumb/v6-m/nofp\libc-musl.a(__errno_location.o)
 .comment       0x00000035       0x36 C:/Applications/Microchip/XC32/bin/bin/../../lib/gcc/pic32c/13.2.1/../../../../pic32c/lib/thumb/v6-m/nofp\libc-musl.a(vfprintf.o)
 .comment       0x00000035       0x36 C:/Applications/Microchip/XC32/bin/bin/../../lib/gcc/pic32c/13.2.1/../../../../pic32c/lib/thumb/v6-m/nofp\libc-musl.a(__pop_float.o)
 .comment       0x00000035       0x36 C:/Applications/Microchip/XC32/bin/bin/../../lib/gcc/pic32c/13.2.1/../../../../pic32c/lib/thumb/v6-m/nofp\libc-musl.a(__pop_int.o)
 .comment       0x00000035       0x36 C:/Applications/Microchip/XC32/bin/bin/../../lib/gcc/pic32c/13.2.1/../../../../pic32c/lib/thumb/v6-m/nofp\libc-musl.a(__pop_ptr.o)
 .comment       0x00000035       0x36 C:/Applications/Microchip/XC32/bin/bin/../../lib/gcc/pic32c/13.2.1/../../../../pic32c/lib/thumb/v6-m/nofp\libc-musl.a(__printf_core.o)
 .comment       0x00000035       0x36 C:/Applications/Microchip/XC32/bin/bin/../../lib/gcc/pic32c/13.2.1/../../../../pic32c/lib/thumb/v6-m/nofp\libc-musl.a(atoi.o)
 .comment       0x00000035       0x36 C:/Applications/Microchip/XC32/bin/bin/../../lib/gcc/pic32c/13.2.1/../../../../pic32c/lib/thumb/v6-m/nofp\libc-musl.a(tolower.o)
 .comment       0x00000035       0x36 C:/Applications/Microchip/XC32/bin/bin/../../lib/gcc/pic32c/13.2.1/../../../../pic32c/lib/thumb/v6-m/nofp\libc-musl.a(__fmt_a.o)
 .comment       0x00000035       0x36 C:/Applications/Microchip/XC32/bin/bin/../../lib/gcc/pic32c/13.2.1/../../../../pic32c/lib/thumb/v6-m/nofp\libc-musl.a(__fmt_d.o)
 .comment       0x00000035       0x36 C:/Applications/Microchip/XC32/bin/bin/../../lib/gcc/pic32c/13.2.1/../../../../pic32c/lib/thumb/v6-m/nofp\libc-musl.a(__fmt_fp.o)
 .comment       0x00000035       0x36 C:/Applications/Microchip/XC32/bin/bin/../../lib/gcc/pic32c/13.2.1/../../../../pic32c/lib/thumb/v6-m/nofp\libc-musl.a(__fmt_o.o)
 .comment       0x00000035       0x36 C:/Applications/Microchip/XC32/bin/bin/../../lib/gcc/pic32c/13.2.1/../../../../pic32c/lib/thumb/v6-m/nofp\libc-musl.a(__fmt_s.o)
 .comment       0x00000035       0x36 C:/Applications/Microchip/XC32/bin/bin/../../lib/gcc/pic32c/13.2.1/../../../../pic32c/lib/thumb/v6-m/nofp\libc-musl.a(__fmt_u.o)
 .comment       0x00000035       0x36 C:/Applications/Microchip/XC32/bin/bin/../../lib/gcc/pic32c/13.2.1/../../../../pic32c/lib/thumb/v6-m/nofp\libc-musl.a(__fmt_x.o)
 .comment       0x00000035       0x36 C:/Applications/Microchip/XC32/bin/bin/../../lib/gcc/pic32c/13.2.1/../../../../pic32c/lib/thumb/v6-m/nofp\libc-musl.a(toupper.o)
 .comment       0x00000035       0x36 C:/Applications/Microchip/XC32/bin/bin/../../lib/gcc/pic32c/13.2.1/../../../../pic32c/lib/thumb/v6-m/nofp\libc-musl.a(__cvt_u.o)
 .comment       0x00000035       0x36 C:/Applications/Microchip/XC32/bin/bin/../../lib/gcc/pic32c/13.2.1/../../../../pic32c/lib/thumb/v6-m/nofp\libm-fast-emfloat.a(fma.o)
 .comment       0x00000035       0x36 C:/Applications/Microchip/XC32/bin/bin/../../lib/gcc/pic32c/13.2.1/../../../../pic32c/lib/thumb/v6-m/nofp\libm-fast-emfloat.a(floor.o)
 .comment       0x00000035       0x36 C:/Applications/Microchip/XC32/bin/bin/../../lib/gcc/pic32c/13.2.1/../../../../pic32c/lib/thumb/v6-m/nofp\libc-size-musl.a(strcpy.o)
 .comment       0x00000035       0x36 C:/Applications/Microchip/XC32/bin/bin/../../lib/gcc/pic32c/13.2.1/../../../../pic32c/lib/thumb/v6-m/nofp\libc-size-musl.a(stpcpy.o)
 .comment       0x00000035       0x36 C:/Applications/Microchip/XC32/bin/bin/../../lib/gcc/pic32c/13.2.1/thumb/v6-m/nofp\libgcc.a(_muldi3.o)
 .comment       0x00000035       0x36 C:/Applications/Microchip/XC32/bin/bin/../../lib/gcc/pic32c/13.2.1/thumb/v6-m/nofp\libgcc.a(_udivmoddi4.o)
 .comment       0x00000035       0x36 C:/Applications/Microchip/XC32/bin/bin/../../lib/gcc/pic32c/13.2.1/../../../../pic32c/lib/thumb/v6-m/nofp\libpic32c.a(pic32_data_init_clear.o)
 .comment       0x00000035       0x36 C:/Applications/Microchip/XC32/bin/bin/../../lib/gcc/pic32c/13.2.1/../../../../pic32c/lib/thumb/v6-m/nofp\libpic32c.a(pic32_data_init_copy.o)

.debug_info     0x00000000    0x30ed0
 .debug_info    0x00000000     0x1f5d build/default/production/_ext/158385033/drv_i2c.o
 .debug_info    0x00001f5d     0x2cdd build/default/production/_ext/2070931557/drv_spi.o
 .debug_info    0x00004c3a     0x2a9f build/default/production/_ext/869808652/drv_usart.o
 .debug_info    0x000076d9      0x6dd build/default/production/_ext/60163342/plib_adc0.o
 .debug_info    0x00007db6     0x142f build/default/production/_ext/60165182/plib_can0.o
 .debug_info    0x000091e5      0x5c9 build/default/production/_ext/1984496892/plib_clock.o
 .debug_info    0x000097ae      0x24b build/default/production/_ext/60166132/plib_dac.o
 .debug_info    0x000099f9      0xc0d build/default/production/_ext/1865161661/plib_dmac.o
 .debug_info    0x0000a606      0x3c0 build/default/production/_ext/60167341/plib_eic.o
 .debug_info    0x0000a9c6       0x9b build/default/production/_ext/1986646378/plib_evsys.o
 .debug_info    0x0000aa61      0x3d2 build/default/production/_ext/1987437027/plib_freqm.o
 .debug_info    0x0000ae33      0xaec build/default/production/_ext/1865468468/plib_nvic.o
 .debug_info    0x0000b91f      0x868 build/default/production/_ext/1593096446/plib_nvmctrl.o
 .debug_info    0x0000c187      0x175 build/default/production/_ext/829342769/plib_pm.o
 .debug_info    0x0000c2fc      0x755 build/default/production/_ext/1865521619/plib_port.o
 .debug_info    0x0000ca51       0xf3 build/default/production/_ext/1865585090/plib_rstc.o
 .debug_info    0x0000cb44      0x895 build/default/production/_ext/60180175/plib_rtc_clock.o
 .debug_info    0x0000d3d9     0x139d build/default/production/_ext/508257091/plib_sercom2_i2c_master.o
 .debug_info    0x0000e776      0xf3c build/default/production/_ext/17022449/plib_sercom3_spi_master.o
 .debug_info    0x0000f6b2     0x1283 build/default/production/_ext/504274921/plib_sercom1_usart.o
 .debug_info    0x00010935     0x188a build/default/production/_ext/504274921/plib_sercom0_usart.o
 .debug_info    0x000121bf      0x262 build/default/production/_ext/1865616679/plib_supc.o
 .debug_info    0x00012421      0xdbb build/default/production/_ext/1832805299/sys_console_uart.o
 .debug_info    0x000131dc      0xcc7 build/default/production/_ext/1832805299/sys_console.o
 .debug_info    0x00013ea3      0x31a build/default/production/_ext/14461671/sys_dma.o
 .debug_info    0x000141bd      0x5c7 build/default/production/_ext/1881668453/sys_int.o
 .debug_info    0x00014784     0x1ac7 build/default/production/_ext/101884895/sys_time.o
 .debug_info    0x0001624b      0x22a build/default/production/_ext/1171490990/tasks.o
 .debug_info    0x00016475     0x3540 build/default/production/_ext/1171490990/initialization.o
 .debug_info    0x000199b5      0x53f build/default/production/_ext/1171490990/interrupts.o
 .debug_info    0x00019ef4       0xc1 build/default/production/_ext/1171490990/exceptions.o
 .debug_info    0x00019fb5      0x31f build/default/production/_ext/1171490990/startup_xc32.o
 .debug_info    0x0001a2d4      0x57d build/default/production/_ext/1360937237/app.o
 .debug_info    0x0001a851       0xed build/default/production/_ext/1360937237/main.o
 .debug_info    0x0001a93e      0x27f build/default/production/_ext/60184501/plib_wdt.o
 .debug_info    0x0001abbd     0x1528 build/default/production/_ext/1360937237/ad9954_driver.o
 .debug_info    0x0001c0e5     0x1eaa build/default/production/_ext/1360937237/bme690_driver.o
 .debug_info    0x0001df8f     0x214a build/default/production/_ext/1360937237/bmp585_driver.o
 .debug_info    0x000200d9      0xe34 build/default/production/_ext/1360937237/can0_driver.o
 .debug_info    0x00020f0d      0x34d build/default/production/_ext/1360937237/console_driver.o
 .debug_info    0x0002125a      0x7ea build/default/production/_ext/1360937237/fcm360w_driver.o
 .debug_info    0x00021a44     0x183f build/default/production/_ext/1360937237/hdc302x_driver.o
 .debug_info    0x00023283      0xd95 build/default/production/_ext/1360937237/mcp9808_driver.o
 .debug_info    0x00024018      0x4d6 build/default/production/_ext/1360937237/ntc_driver.o
 .debug_info    0x000244ee      0x539 build/default/production/_ext/1360937237/rstc_driver.o
 .debug_info    0x00024a27      0x68f build/default/production/_ext/1360937237/rtc_driver.o
 .debug_info    0x000250b6     0x104f build/default/production/_ext/1360937237/sen63c_driver.o
 .debug_info    0x00026105      0xabc build/default/production/_ext/1360937237/sht4x_driver.o
 .debug_info    0x00026bc1     0x13cf build/default/production/_ext/1360937237/ssd1306_driver.o
 .debug_info    0x00027f90      0x22a build/default/production/_ext/1360937237/stcc4_driver.o
 .debug_info    0x000281ba      0x619 build/default/production/_ext/1360937237/timer_driver.o
 .debug_info    0x000287d3     0x1028 build/default/production/_ext/1360937237/vcnl4200_driver.o
 .debug_info    0x000297fb      0x8a9 build/default/production/_ext/1360937237/ws281x_driver.o
 .debug_info    0x0002a0a4      0x5d3 build/default/production/_ext/1360937237/xm125_driver.o
 .debug_info    0x0002a677      0x529 build/default/production/_ext/60181570/plib_tcc0.o
 .debug_info    0x0002aba0      0x6fb build/default/production/_ext/1827571544/plib_systick.o
 .debug_info    0x0002b29b      0x212 C:/Applications/Microchip/XC32/bin/bin/../../lib/gcc/pic32c/13.2.1/../../../../pic32c/lib/thumb/v6-m/nofp\libpic32c.a(data_init.o)
 .debug_info    0x0002b4ad       0xed C:/Applications/Microchip/XC32/bin/bin/../../lib/gcc/pic32c/13.2.1/../../../../pic32c/lib/thumb/v6-m/nofp\libc-size-musl.a(memcpy.o)
 .debug_info    0x0002b59a       0xc2 C:/Applications/Microchip/XC32/bin/bin/../../lib/gcc/pic32c/13.2.1/../../../../pic32c/lib/thumb/v6-m/nofp\libc-size-musl.a(memset.o)
 .debug_info    0x0002b65c       0xab C:/Applications/Microchip/XC32/bin/bin/../../lib/gcc/pic32c/13.2.1/../../../../pic32c/lib/thumb/v6-m/nofp\libc-size-musl.a(strlen.o)
 .debug_info    0x0002b707       0xc7 C:/Applications/Microchip/XC32/bin/bin/../../lib/gcc/pic32c/13.2.1/../../../../pic32c/lib/thumb/v6-m/nofp\libc-size-musl.a(strstr.o)
 .debug_info    0x0002b7ce       0xeb C:/Applications/Microchip/XC32/bin/bin/../../lib/gcc/pic32c/13.2.1/../../../../pic32c/lib/thumb/v6-m/nofp\libc-size-musl.a(strchr.o)
 .debug_info    0x0002b8b9      0x13a C:/Applications/Microchip/XC32/bin/bin/../../lib/gcc/pic32c/13.2.1/../../../../pic32c/lib/thumb/v6-m/nofp\libc-size-musl.a(strchrnul.o)
 .debug_info    0x0002b9f3      0x2fb C:/Applications/Microchip/XC32/bin/bin/../../lib/gcc/pic32c/13.2.1/../../../../pic32c/lib/thumb/v6-m/nofp\libc-musl.a(__libc_start_main.o)
 .debug_info    0x0002bcee      0x276 C:/Applications/Microchip/XC32/bin/bin/../../lib/gcc/pic32c/13.2.1/../../../../pic32c/lib/thumb/v6-m/nofp\libc-musl.a(libc.o)
 .debug_info    0x0002bf64      0x45b C:/Applications/Microchip/XC32/bin/bin/../../lib/gcc/pic32c/13.2.1/../../../../pic32c/lib/thumb/v6-m/nofp\libc-musl.a(vsnprintf.o)
 .debug_info    0x0002c3bf      0x140 C:/Applications/Microchip/XC32/bin/bin/../../lib/gcc/pic32c/13.2.1/../../../../pic32c/lib/thumb/v6-m/nofp\libc-musl.a(sprintf.o)
 .debug_info    0x0002c4ff      0x14f C:/Applications/Microchip/XC32/bin/bin/../../lib/gcc/pic32c/13.2.1/../../../../pic32c/lib/thumb/v6-m/nofp\libc-musl.a(vsprintf.o)
 .debug_info    0x0002c64e       0x97 C:/Applications/Microchip/XC32/bin/bin/../../lib/gcc/pic32c/13.2.1/../../../../pic32c/lib/thumb/v6-m/nofp\libc-musl.a(__environ.o)
 .debug_info    0x0002c6e5       0x5b C:/Applications/Microchip/XC32/bin/bin/../../lib/gcc/pic32c/13.2.1/../../../../pic32c/lib/thumb/v6-m/nofp\libc-musl.a(__errno_location.o)
 .debug_info    0x0002c740      0x42c C:/Applications/Microchip/XC32/bin/bin/../../lib/gcc/pic32c/13.2.1/../../../../pic32c/lib/thumb/v6-m/nofp\libc-musl.a(vfprintf.o)
 .debug_info    0x0002cb6c      0x163 C:/Applications/Microchip/XC32/bin/bin/../../lib/gcc/pic32c/13.2.1/../../../../pic32c/lib/thumb/v6-m/nofp\libc-musl.a(__pop_float.o)
 .debug_info    0x0002cccf      0x183 C:/Applications/Microchip/XC32/bin/bin/../../lib/gcc/pic32c/13.2.1/../../../../pic32c/lib/thumb/v6-m/nofp\libc-musl.a(__pop_int.o)
 .debug_info    0x0002ce52      0x18d C:/Applications/Microchip/XC32/bin/bin/../../lib/gcc/pic32c/13.2.1/../../../../pic32c/lib/thumb/v6-m/nofp\libc-musl.a(__pop_ptr.o)
 .debug_info    0x0002cfdf      0xb26 C:/Applications/Microchip/XC32/bin/bin/../../lib/gcc/pic32c/13.2.1/../../../../pic32c/lib/thumb/v6-m/nofp\libc-musl.a(__printf_core.o)
 .debug_info    0x0002db05       0xf4 C:/Applications/Microchip/XC32/bin/bin/../../lib/gcc/pic32c/13.2.1/../../../../pic32c/lib/thumb/v6-m/nofp\libc-musl.a(atoi.o)
 .debug_info    0x0002dbf9      0x13e C:/Applications/Microchip/XC32/bin/bin/../../lib/gcc/pic32c/13.2.1/../../../../pic32c/lib/thumb/v6-m/nofp\libc-musl.a(tolower.o)
 .debug_info    0x0002dd37      0x7a3 C:/Applications/Microchip/XC32/bin/bin/../../lib/gcc/pic32c/13.2.1/../../../../pic32c/lib/thumb/v6-m/nofp\libc-musl.a(__fmt_a.o)
 .debug_info    0x0002e4da      0x374 C:/Applications/Microchip/XC32/bin/bin/../../lib/gcc/pic32c/13.2.1/../../../../pic32c/lib/thumb/v6-m/nofp\libc-musl.a(__fmt_d.o)
 .debug_info    0x0002e84e      0x80e C:/Applications/Microchip/XC32/bin/bin/../../lib/gcc/pic32c/13.2.1/../../../../pic32c/lib/thumb/v6-m/nofp\libc-musl.a(__fmt_fp.o)
 .debug_info    0x0002f05c      0x345 C:/Applications/Microchip/XC32/bin/bin/../../lib/gcc/pic32c/13.2.1/../../../../pic32c/lib/thumb/v6-m/nofp\libc-musl.a(__fmt_o.o)
 .debug_info    0x0002f3a1      0x31e C:/Applications/Microchip/XC32/bin/bin/../../lib/gcc/pic32c/13.2.1/../../../../pic32c/lib/thumb/v6-m/nofp\libc-musl.a(__fmt_s.o)
 .debug_info    0x0002f6bf      0x345 C:/Applications/Microchip/XC32/bin/bin/../../lib/gcc/pic32c/13.2.1/../../../../pic32c/lib/thumb/v6-m/nofp\libc-musl.a(__fmt_u.o)
 .debug_info    0x0002fa04      0x35f C:/Applications/Microchip/XC32/bin/bin/../../lib/gcc/pic32c/13.2.1/../../../../pic32c/lib/thumb/v6-m/nofp\libc-musl.a(__fmt_x.o)
 .debug_info    0x0002fd63      0x13e C:/Applications/Microchip/XC32/bin/bin/../../lib/gcc/pic32c/13.2.1/../../../../pic32c/lib/thumb/v6-m/nofp\libc-musl.a(toupper.o)
 .debug_info    0x0002fea1      0x1e3 C:/Applications/Microchip/XC32/bin/bin/../../lib/gcc/pic32c/13.2.1/../../../../pic32c/lib/thumb/v6-m/nofp\libc-musl.a(__cvt_u.o)
 .debug_info    0x00030084       0xdd C:/Applications/Microchip/XC32/bin/bin/../../lib/gcc/pic32c/13.2.1/../../../../pic32c/lib/thumb/v6-m/nofp\libc-size-musl.a(strcpy.o)
 .debug_info    0x00030161       0xb3 C:/Applications/Microchip/XC32/bin/bin/../../lib/gcc/pic32c/13.2.1/../../../../pic32c/lib/thumb/v6-m/nofp\libc-size-musl.a(stpcpy.o)
 .debug_info    0x00030214       0x35 C:/Applications/Microchip/XC32/bin/bin/../../lib/gcc/pic32c/13.2.1/thumb/v6-m/nofp\libgcc.a(_thumb1_case_uqi.o)
 .debug_info    0x00030249       0x51 C:/Applications/Microchip/XC32/bin/bin/../../lib/gcc/pic32c/13.2.1/thumb/v6-m/nofp\libgcc.a(_udivsi3.o)
 .debug_info    0x0003029a       0x51 C:/Applications/Microchip/XC32/bin/bin/../../lib/gcc/pic32c/13.2.1/thumb/v6-m/nofp\libgcc.a(_divsi3.o)
 .debug_info    0x000302eb       0x41 C:/Applications/Microchip/XC32/bin/bin/../../lib/gcc/pic32c/13.2.1/thumb/v6-m/nofp\libgcc.a(_dvmd_tls.o)
 .debug_info    0x0003032c       0x35 C:/Applications/Microchip/XC32/bin/bin/../../lib/gcc/pic32c/13.2.1/thumb/v6-m/nofp\libgcc.a(_aeabi_uldivmod.o)
 .debug_info    0x00030361      0x44f C:/Applications/Microchip/XC32/bin/bin/../../lib/gcc/pic32c/13.2.1/thumb/v6-m/nofp\libgcc.a(_muldi3.o)
 .debug_info    0x000307b0      0x3fc C:/Applications/Microchip/XC32/bin/bin/../../lib/gcc/pic32c/13.2.1/thumb/v6-m/nofp\libgcc.a(_udivmoddi4.o)
 .debug_info    0x00030bac       0x43 C:/Applications/Microchip/XC32/bin/bin/../../lib/gcc/pic32c/13.2.1/thumb/v6-m/nofp\libgcc.a(_lshrdi3.o)
 .debug_info    0x00030bef       0x43 C:/Applications/Microchip/XC32/bin/bin/../../lib/gcc/pic32c/13.2.1/thumb/v6-m/nofp\libgcc.a(_ashldi3.o)
 .debug_info    0x00030c32       0x26 C:/Applications/Microchip/XC32/bin/bin/../../lib/gcc/pic32c/13.2.1/thumb/v6-m/nofp\libgcc.a(_clzdi2.o)
 .debug_info    0x00030c58       0x35 C:/Applications/Microchip/XC32/bin/bin/../../lib/gcc/pic32c/13.2.1/thumb/v6-m/nofp\libgcc.a(_clzsi2.o)
 .debug_info    0x00030c8d      0x117 C:/Applications/Microchip/XC32/bin/bin/../../lib/gcc/pic32c/13.2.1/../../../../pic32c/lib/thumb/v6-m/nofp\libpic32c.a(pic32_data_init_clear.o)
 .debug_info    0x00030da4      0x12c C:/Applications/Microchip/XC32/bin/bin/../../lib/gcc/pic32c/13.2.1/../../../../pic32c/lib/thumb/v6-m/nofp\libpic32c.a(pic32_data_init_copy.o)

.debug_abbrev   0x00000000     0xad36
 .debug_abbrev  0x00000000      0x4d4 build/default/production/_ext/158385033/drv_i2c.o
 .debug_abbrev  0x000004d4      0x547 build/default/production/_ext/2070931557/drv_spi.o
 .debug_abbrev  0x00000a1b      0x580 build/default/production/_ext/869808652/drv_usart.o
 .debug_abbrev  0x00000f9b      0x1e1 build/default/production/_ext/60163342/plib_adc0.o
 .debug_abbrev  0x0000117c      0x340 build/default/production/_ext/60165182/plib_can0.o
 .debug_abbrev  0x000014bc      0x140 build/default/production/_ext/1984496892/plib_clock.o
 .debug_abbrev  0x000015fc       0xf0 build/default/production/_ext/60166132/plib_dac.o
 .debug_abbrev  0x000016ec      0x2b9 build/default/production/_ext/1865161661/plib_dmac.o
 .debug_abbrev  0x000019a5      0x181 build/default/production/_ext/60167341/plib_eic.o
 .debug_abbrev  0x00001b26       0x46 build/default/production/_ext/1986646378/plib_evsys.o
 .debug_abbrev  0x00001b6c      0x1c4 build/default/production/_ext/1987437027/plib_freqm.o
 .debug_abbrev  0x00001d30      0x268 build/default/production/_ext/1865468468/plib_nvic.o
 .debug_abbrev  0x00001f98      0x21e build/default/production/_ext/1593096446/plib_nvmctrl.o
 .debug_abbrev  0x000021b6       0xa4 build/default/production/_ext/829342769/plib_pm.o
 .debug_abbrev  0x0000225a      0x1e8 build/default/production/_ext/1865521619/plib_port.o
 .debug_abbrev  0x00002442       0x94 build/default/production/_ext/1865585090/plib_rstc.o
 .debug_abbrev  0x000024d6      0x1ed build/default/production/_ext/60180175/plib_rtc_clock.o
 .debug_abbrev  0x000026c3      0x3c2 build/default/production/_ext/508257091/plib_sercom2_i2c_master.o
 .debug_abbrev  0x00002a85      0x28f build/default/production/_ext/17022449/plib_sercom3_spi_master.o
 .debug_abbrev  0x00002d14      0x315 build/default/production/_ext/504274921/plib_sercom1_usart.o
 .debug_abbrev  0x00003029      0x428 build/default/production/_ext/504274921/plib_sercom0_usart.o
 .debug_abbrev  0x00003451      0x12b build/default/production/_ext/1865616679/plib_supc.o
 .debug_abbrev  0x0000357c      0x2e9 build/default/production/_ext/1832805299/sys_console_uart.o
 .debug_abbrev  0x00003865      0x3da build/default/production/_ext/1832805299/sys_console.o
 .debug_abbrev  0x00003c3f      0x121 build/default/production/_ext/14461671/sys_dma.o
 .debug_abbrev  0x00003d60      0x2b9 build/default/production/_ext/1881668453/sys_int.o
 .debug_abbrev  0x00004019      0x536 build/default/production/_ext/101884895/sys_time.o
 .debug_abbrev  0x0000454f       0x77 build/default/production/_ext/1171490990/tasks.o
 .debug_abbrev  0x000045c6      0x2f8 build/default/production/_ext/1171490990/initialization.o
 .debug_abbrev  0x000048be      0x11d build/default/production/_ext/1171490990/interrupts.o
 .debug_abbrev  0x000049db       0x49 build/default/production/_ext/1171490990/exceptions.o
 .debug_abbrev  0x00004a24      0x190 build/default/production/_ext/1171490990/startup_xc32.o
 .debug_abbrev  0x00004bb4      0x1ee build/default/production/_ext/1360937237/app.o
 .debug_abbrev  0x00004da2       0xa2 build/default/production/_ext/1360937237/main.o
 .debug_abbrev  0x00004e44       0xed build/default/production/_ext/60184501/plib_wdt.o
 .debug_abbrev  0x00004f31      0x2e5 build/default/production/_ext/1360937237/ad9954_driver.o
 .debug_abbrev  0x00005216      0x336 build/default/production/_ext/1360937237/bme690_driver.o
 .debug_abbrev  0x0000554c      0x31d build/default/production/_ext/1360937237/bmp585_driver.o
 .debug_abbrev  0x00005869      0x408 build/default/production/_ext/1360937237/can0_driver.o
 .debug_abbrev  0x00005c71      0x227 build/default/production/_ext/1360937237/console_driver.o
 .debug_abbrev  0x00005e98      0x2ff build/default/production/_ext/1360937237/fcm360w_driver.o
 .debug_abbrev  0x00006197      0x350 build/default/production/_ext/1360937237/hdc302x_driver.o
 .debug_abbrev  0x000064e7      0x2bf build/default/production/_ext/1360937237/mcp9808_driver.o
 .debug_abbrev  0x000067a6      0x274 build/default/production/_ext/1360937237/ntc_driver.o
 .debug_abbrev  0x00006a1a      0x240 build/default/production/_ext/1360937237/rstc_driver.o
 .debug_abbrev  0x00006c5a      0x2ad build/default/production/_ext/1360937237/rtc_driver.o
 .debug_abbrev  0x00006f07      0x331 build/default/production/_ext/1360937237/sen63c_driver.o
 .debug_abbrev  0x00007238      0x2a0 build/default/production/_ext/1360937237/sht4x_driver.o
 .debug_abbrev  0x000074d8      0x333 build/default/production/_ext/1360937237/ssd1306_driver.o
 .debug_abbrev  0x0000780b       0xd5 build/default/production/_ext/1360937237/stcc4_driver.o
 .debug_abbrev  0x000078e0      0x17c build/default/production/_ext/1360937237/timer_driver.o
 .debug_abbrev  0x00007a5c      0x2c4 build/default/production/_ext/1360937237/vcnl4200_driver.o
 .debug_abbrev  0x00007d20      0x2ca build/default/production/_ext/1360937237/ws281x_driver.o
 .debug_abbrev  0x00007fea      0x262 build/default/production/_ext/1360937237/xm125_driver.o
 .debug_abbrev  0x0000824c      0x122 build/default/production/_ext/60181570/plib_tcc0.o
 .debug_abbrev  0x0000836e      0x244 build/default/production/_ext/1827571544/plib_systick.o
 .debug_abbrev  0x000085b2      0x156 C:/Applications/Microchip/XC32/bin/bin/../../lib/gcc/pic32c/13.2.1/../../../../pic32c/lib/thumb/v6-m/nofp\libpic32c.a(data_init.o)
 .debug_abbrev  0x00008708       0xbb C:/Applications/Microchip/XC32/bin/bin/../../lib/gcc/pic32c/13.2.1/../../../../pic32c/lib/thumb/v6-m/nofp\libc-size-musl.a(memcpy.o)
 .debug_abbrev  0x000087c3       0xa2 C:/Applications/Microchip/XC32/bin/bin/../../lib/gcc/pic32c/13.2.1/../../../../pic32c/lib/thumb/v6-m/nofp\libc-size-musl.a(memset.o)
 .debug_abbrev  0x00008865       0x91 C:/Applications/Microchip/XC32/bin/bin/../../lib/gcc/pic32c/13.2.1/../../../../pic32c/lib/thumb/v6-m/nofp\libc-size-musl.a(strlen.o)
 .debug_abbrev  0x000088f6       0xa2 C:/Applications/Microchip/XC32/bin/bin/../../lib/gcc/pic32c/13.2.1/../../../../pic32c/lib/thumb/v6-m/nofp\libc-size-musl.a(strstr.o)
 .debug_abbrev  0x00008998       0xb5 C:/Applications/Microchip/XC32/bin/bin/../../lib/gcc/pic32c/13.2.1/../../../../pic32c/lib/thumb/v6-m/nofp\libc-size-musl.a(strchr.o)
 .debug_abbrev  0x00008a4d       0xc4 C:/Applications/Microchip/XC32/bin/bin/../../lib/gcc/pic32c/13.2.1/../../../../pic32c/lib/thumb/v6-m/nofp\libc-size-musl.a(strchrnul.o)
 .debug_abbrev  0x00008b11      0x133 C:/Applications/Microchip/XC32/bin/bin/../../lib/gcc/pic32c/13.2.1/../../../../pic32c/lib/thumb/v6-m/nofp\libc-musl.a(__libc_start_main.o)
 .debug_abbrev  0x00008c44       0xd4 C:/Applications/Microchip/XC32/bin/bin/../../lib/gcc/pic32c/13.2.1/../../../../pic32c/lib/thumb/v6-m/nofp\libc-musl.a(libc.o)
 .debug_abbrev  0x00008d18      0x198 C:/Applications/Microchip/XC32/bin/bin/../../lib/gcc/pic32c/13.2.1/../../../../pic32c/lib/thumb/v6-m/nofp\libc-musl.a(vsnprintf.o)
 .debug_abbrev  0x00008eb0      0x10e C:/Applications/Microchip/XC32/bin/bin/../../lib/gcc/pic32c/13.2.1/../../../../pic32c/lib/thumb/v6-m/nofp\libc-musl.a(sprintf.o)
 .debug_abbrev  0x00008fbe       0xd3 C:/Applications/Microchip/XC32/bin/bin/../../lib/gcc/pic32c/13.2.1/../../../../pic32c/lib/thumb/v6-m/nofp\libc-musl.a(vsprintf.o)
 .debug_abbrev  0x00009091       0x62 C:/Applications/Microchip/XC32/bin/bin/../../lib/gcc/pic32c/13.2.1/../../../../pic32c/lib/thumb/v6-m/nofp\libc-musl.a(__environ.o)
 .debug_abbrev  0x000090f3       0x39 C:/Applications/Microchip/XC32/bin/bin/../../lib/gcc/pic32c/13.2.1/../../../../pic32c/lib/thumb/v6-m/nofp\libc-musl.a(__errno_location.o)
 .debug_abbrev  0x0000912c      0x1a1 C:/Applications/Microchip/XC32/bin/bin/../../lib/gcc/pic32c/13.2.1/../../../../pic32c/lib/thumb/v6-m/nofp\libc-musl.a(vfprintf.o)
 .debug_abbrev  0x000092cd       0xdc C:/Applications/Microchip/XC32/bin/bin/../../lib/gcc/pic32c/13.2.1/../../../../pic32c/lib/thumb/v6-m/nofp\libc-musl.a(__pop_float.o)
 .debug_abbrev  0x000093a9       0xdc C:/Applications/Microchip/XC32/bin/bin/../../lib/gcc/pic32c/13.2.1/../../../../pic32c/lib/thumb/v6-m/nofp\libc-musl.a(__pop_int.o)
 .debug_abbrev  0x00009485       0xdc C:/Applications/Microchip/XC32/bin/bin/../../lib/gcc/pic32c/13.2.1/../../../../pic32c/lib/thumb/v6-m/nofp\libc-musl.a(__pop_ptr.o)
 .debug_abbrev  0x00009561      0x324 C:/Applications/Microchip/XC32/bin/bin/../../lib/gcc/pic32c/13.2.1/../../../../pic32c/lib/thumb/v6-m/nofp\libc-musl.a(__printf_core.o)
 .debug_abbrev  0x00009885       0xc6 C:/Applications/Microchip/XC32/bin/bin/../../lib/gcc/pic32c/13.2.1/../../../../pic32c/lib/thumb/v6-m/nofp\libc-musl.a(atoi.o)
 .debug_abbrev  0x0000994b       0xf4 C:/Applications/Microchip/XC32/bin/bin/../../lib/gcc/pic32c/13.2.1/../../../../pic32c/lib/thumb/v6-m/nofp\libc-musl.a(tolower.o)
 .debug_abbrev  0x00009a3f      0x1eb C:/Applications/Microchip/XC32/bin/bin/../../lib/gcc/pic32c/13.2.1/../../../../pic32c/lib/thumb/v6-m/nofp\libc-musl.a(__fmt_a.o)
 .debug_abbrev  0x00009c2a      0x16b C:/Applications/Microchip/XC32/bin/bin/../../lib/gcc/pic32c/13.2.1/../../../../pic32c/lib/thumb/v6-m/nofp\libc-musl.a(__fmt_d.o)
 .debug_abbrev  0x00009d95      0x1ee C:/Applications/Microchip/XC32/bin/bin/../../lib/gcc/pic32c/13.2.1/../../../../pic32c/lib/thumb/v6-m/nofp\libc-musl.a(__fmt_fp.o)
 .debug_abbrev  0x00009f83      0x16b C:/Applications/Microchip/XC32/bin/bin/../../lib/gcc/pic32c/13.2.1/../../../../pic32c/lib/thumb/v6-m/nofp\libc-musl.a(__fmt_o.o)
 .debug_abbrev  0x0000a0ee      0x16f C:/Applications/Microchip/XC32/bin/bin/../../lib/gcc/pic32c/13.2.1/../../../../pic32c/lib/thumb/v6-m/nofp\libc-musl.a(__fmt_s.o)
 .debug_abbrev  0x0000a25d      0x16b C:/Applications/Microchip/XC32/bin/bin/../../lib/gcc/pic32c/13.2.1/../../../../pic32c/lib/thumb/v6-m/nofp\libc-musl.a(__fmt_u.o)
 .debug_abbrev  0x0000a3c8      0x15a C:/Applications/Microchip/XC32/bin/bin/../../lib/gcc/pic32c/13.2.1/../../../../pic32c/lib/thumb/v6-m/nofp\libc-musl.a(__fmt_x.o)
 .debug_abbrev  0x0000a522       0xf4 C:/Applications/Microchip/XC32/bin/bin/../../lib/gcc/pic32c/13.2.1/../../../../pic32c/lib/thumb/v6-m/nofp\libc-musl.a(toupper.o)
 .debug_abbrev  0x0000a616      0x10c C:/Applications/Microchip/XC32/bin/bin/../../lib/gcc/pic32c/13.2.1/../../../../pic32c/lib/thumb/v6-m/nofp\libc-musl.a(__cvt_u.o)
 .debug_abbrev  0x0000a722       0xb5 C:/Applications/Microchip/XC32/bin/bin/../../lib/gcc/pic32c/13.2.1/../../../../pic32c/lib/thumb/v6-m/nofp\libc-size-musl.a(strcpy.o)
 .debug_abbrev  0x0000a7d7       0x6e C:/Applications/Microchip/XC32/bin/bin/../../lib/gcc/pic32c/13.2.1/../../../../pic32c/lib/thumb/v6-m/nofp\libc-size-musl.a(stpcpy.o)
 .debug_abbrev  0x0000a845       0x21 C:/Applications/Microchip/XC32/bin/bin/../../lib/gcc/pic32c/13.2.1/thumb/v6-m/nofp\libgcc.a(_thumb1_case_uqi.o)
 .debug_abbrev  0x0000a866       0x21 C:/Applications/Microchip/XC32/bin/bin/../../lib/gcc/pic32c/13.2.1/thumb/v6-m/nofp\libgcc.a(_udivsi3.o)
 .debug_abbrev  0x0000a887       0x21 C:/Applications/Microchip/XC32/bin/bin/../../lib/gcc/pic32c/13.2.1/thumb/v6-m/nofp\libgcc.a(_divsi3.o)
 .debug_abbrev  0x0000a8a8       0x1f C:/Applications/Microchip/XC32/bin/bin/../../lib/gcc/pic32c/13.2.1/thumb/v6-m/nofp\libgcc.a(_dvmd_tls.o)
 .debug_abbrev  0x0000a8c7       0x21 C:/Applications/Microchip/XC32/bin/bin/../../lib/gcc/pic32c/13.2.1/thumb/v6-m/nofp\libgcc.a(_aeabi_uldivmod.o)
 .debug_abbrev  0x0000a8e8      0x15d C:/Applications/Microchip/XC32/bin/bin/../../lib/gcc/pic32c/13.2.1/thumb/v6-m/nofp\libgcc.a(_muldi3.o)
 .debug_abbrev  0x0000aa45      0x11c C:/Applications/Microchip/XC32/bin/bin/../../lib/gcc/pic32c/13.2.1/thumb/v6-m/nofp\libgcc.a(_udivmoddi4.o)
 .debug_abbrev  0x0000ab61       0x21 C:/Applications/Microchip/XC32/bin/bin/../../lib/gcc/pic32c/13.2.1/thumb/v6-m/nofp\libgcc.a(_lshrdi3.o)
 .debug_abbrev  0x0000ab82       0x21 C:/Applications/Microchip/XC32/bin/bin/../../lib/gcc/pic32c/13.2.1/thumb/v6-m/nofp\libgcc.a(_ashldi3.o)
 .debug_abbrev  0x0000aba3       0x14 C:/Applications/Microchip/XC32/bin/bin/../../lib/gcc/pic32c/13.2.1/thumb/v6-m/nofp\libgcc.a(_clzdi2.o)
 .debug_abbrev  0x0000abb7       0x21 C:/Applications/Microchip/XC32/bin/bin/../../lib/gcc/pic32c/13.2.1/thumb/v6-m/nofp\libgcc.a(_clzsi2.o)
 .debug_abbrev  0x0000abd8       0xa5 C:/Applications/Microchip/XC32/bin/bin/../../lib/gcc/pic32c/13.2.1/../../../../pic32c/lib/thumb/v6-m/nofp\libpic32c.a(pic32_data_init_clear.o)
 .debug_abbrev  0x0000ac7d       0xb9 C:/Applications/Microchip/XC32/bin/bin/../../lib/gcc/pic32c/13.2.1/../../../../pic32c/lib/thumb/v6-m/nofp\libpic32c.a(pic32_data_init_copy.o)

.debug_loc      0x00000000    0x1c8ba
 .debug_loc     0x00000000     0x1dcc build/default/production/_ext/158385033/drv_i2c.o
 .debug_loc     0x00001dcc     0x274c build/default/production/_ext/2070931557/drv_spi.o
 .debug_loc     0x00004518     0x2b58 build/default/production/_ext/869808652/drv_usart.o
 .debug_loc     0x00007070      0x1d7 build/default/production/_ext/60163342/plib_adc0.o
 .debug_loc     0x00007247      0xeae build/default/production/_ext/60165182/plib_can0.o
 .debug_loc     0x000080f5       0x45 build/default/production/_ext/1984496892/plib_clock.o
 .debug_loc     0x0000813a       0x2b build/default/production/_ext/60166132/plib_dac.o
 .debug_loc     0x00008165      0xc0c build/default/production/_ext/1865161661/plib_dmac.o
 .debug_loc     0x00008d71       0xda build/default/production/_ext/60167341/plib_eic.o
 .debug_loc     0x00008e4b      0x13b build/default/production/_ext/1987437027/plib_freqm.o
 .debug_loc     0x00008f86      0x399 build/default/production/_ext/1865468468/plib_nvic.o
 .debug_loc     0x0000931f      0x725 build/default/production/_ext/1593096446/plib_nvmctrl.o
 .debug_loc     0x00009a44      0x2b8 build/default/production/_ext/1865521619/plib_port.o
 .debug_loc     0x00009cfc      0x1f8 build/default/production/_ext/60180175/plib_rtc_clock.o
 .debug_loc     0x00009ef4      0xce6 build/default/production/_ext/508257091/plib_sercom2_i2c_master.o
 .debug_loc     0x0000abda      0x6e2 build/default/production/_ext/17022449/plib_sercom3_spi_master.o
 .debug_loc     0x0000b2bc      0x8e6 build/default/production/_ext/504274921/plib_sercom1_usart.o
 .debug_loc     0x0000bba2      0xeba build/default/production/_ext/504274921/plib_sercom0_usart.o
 .debug_loc     0x0000ca5c       0x6e build/default/production/_ext/1865616679/plib_supc.o
 .debug_loc     0x0000caca      0xbf1 build/default/production/_ext/1832805299/sys_console_uart.o
 .debug_loc     0x0000d6bb      0xdc2 build/default/production/_ext/1832805299/sys_console.o
 .debug_loc     0x0000e47d      0x197 build/default/production/_ext/14461671/sys_dma.o
 .debug_loc     0x0000e614      0x161 build/default/production/_ext/1881668453/sys_int.o
 .debug_loc     0x0000e775     0x208d build/default/production/_ext/101884895/sys_time.o
 .debug_loc     0x00010802       0x20 build/default/production/_ext/1171490990/tasks.o
 .debug_loc     0x00010822       0x4b build/default/production/_ext/1171490990/initialization.o
 .debug_loc     0x0001086d       0x60 build/default/production/_ext/1171490990/interrupts.o
 .debug_loc     0x000108cd       0x6b build/default/production/_ext/1171490990/startup_xc32.o
 .debug_loc     0x00010938       0x20 build/default/production/_ext/1360937237/app.o
 .debug_loc     0x00010958       0x20 build/default/production/_ext/1360937237/main.o
 .debug_loc     0x00010978     0x1042 build/default/production/_ext/1360937237/ad9954_driver.o
 .debug_loc     0x000119ba      0xd8c build/default/production/_ext/1360937237/bme690_driver.o
 .debug_loc     0x00012746     0x15ac build/default/production/_ext/1360937237/bmp585_driver.o
 .debug_loc     0x00013cf2      0x42e build/default/production/_ext/1360937237/can0_driver.o
 .debug_loc     0x00014120       0x36 build/default/production/_ext/1360937237/console_driver.o
 .debug_loc     0x00014156       0xfa build/default/production/_ext/1360937237/fcm360w_driver.o
 .debug_loc     0x00014250     0x10d2 build/default/production/_ext/1360937237/hdc302x_driver.o
 .debug_loc     0x00015322      0x498 build/default/production/_ext/1360937237/mcp9808_driver.o
 .debug_loc     0x000157ba      0x124 build/default/production/_ext/1360937237/ntc_driver.o
 .debug_loc     0x000158de      0x173 build/default/production/_ext/1360937237/rstc_driver.o
 .debug_loc     0x00015a51      0x1b2 build/default/production/_ext/1360937237/rtc_driver.o
 .debug_loc     0x00015c03      0x9b9 build/default/production/_ext/1360937237/sen63c_driver.o
 .debug_loc     0x000165bc      0x334 build/default/production/_ext/1360937237/sht4x_driver.o
 .debug_loc     0x000168f0      0x5bb build/default/production/_ext/1360937237/ssd1306_driver.o
 .debug_loc     0x00016eab      0x120 build/default/production/_ext/1360937237/timer_driver.o
 .debug_loc     0x00016fcb      0x992 build/default/production/_ext/1360937237/vcnl4200_driver.o
 .debug_loc     0x0001795d      0x2c4 build/default/production/_ext/1360937237/ws281x_driver.o
 .debug_loc     0x00017c21       0x82 build/default/production/_ext/1360937237/xm125_driver.o
 .debug_loc     0x00017ca3      0x193 build/default/production/_ext/60181570/plib_tcc0.o
 .debug_loc     0x00017e36      0x509 build/default/production/_ext/1827571544/plib_systick.o
 .debug_loc     0x0001833f      0x113 C:/Applications/Microchip/XC32/bin/bin/../../lib/gcc/pic32c/13.2.1/../../../../pic32c/lib/thumb/v6-m/nofp\libpic32c.a(data_init.o)
 .debug_loc     0x00018452      0x12d C:/Applications/Microchip/XC32/bin/bin/../../lib/gcc/pic32c/13.2.1/../../../../pic32c/lib/thumb/v6-m/nofp\libc-size-musl.a(memcpy.o)
 .debug_loc     0x0001857f       0xe5 C:/Applications/Microchip/XC32/bin/bin/../../lib/gcc/pic32c/13.2.1/../../../../pic32c/lib/thumb/v6-m/nofp\libc-size-musl.a(memset.o)
 .debug_loc     0x00018664       0x93 C:/Applications/Microchip/XC32/bin/bin/../../lib/gcc/pic32c/13.2.1/../../../../pic32c/lib/thumb/v6-m/nofp\libc-size-musl.a(strlen.o)
 .debug_loc     0x000186f7       0xc1 C:/Applications/Microchip/XC32/bin/bin/../../lib/gcc/pic32c/13.2.1/../../../../pic32c/lib/thumb/v6-m/nofp\libc-size-musl.a(strstr.o)
 .debug_loc     0x000187b8       0x98 C:/Applications/Microchip/XC32/bin/bin/../../lib/gcc/pic32c/13.2.1/../../../../pic32c/lib/thumb/v6-m/nofp\libc-size-musl.a(strchr.o)
 .debug_loc     0x00018850       0xdb C:/Applications/Microchip/XC32/bin/bin/../../lib/gcc/pic32c/13.2.1/../../../../pic32c/lib/thumb/v6-m/nofp\libc-size-musl.a(strchrnul.o)
 .debug_loc     0x0001892b       0x5e C:/Applications/Microchip/XC32/bin/bin/../../lib/gcc/pic32c/13.2.1/../../../../pic32c/lib/thumb/v6-m/nofp\libc-musl.a(__libc_start_main.o)
 .debug_loc     0x00018989      0x120 C:/Applications/Microchip/XC32/bin/bin/../../lib/gcc/pic32c/13.2.1/../../../../pic32c/lib/thumb/v6-m/nofp\libc-musl.a(vsnprintf.o)
 .debug_loc     0x00018aa9       0x6c C:/Applications/Microchip/XC32/bin/bin/../../lib/gcc/pic32c/13.2.1/../../../../pic32c/lib/thumb/v6-m/nofp\libc-musl.a(sprintf.o)
 .debug_loc     0x00018b15       0x98 C:/Applications/Microchip/XC32/bin/bin/../../lib/gcc/pic32c/13.2.1/../../../../pic32c/lib/thumb/v6-m/nofp\libc-musl.a(vsprintf.o)
 .debug_loc     0x00018bad       0xdc C:/Applications/Microchip/XC32/bin/bin/../../lib/gcc/pic32c/13.2.1/../../../../pic32c/lib/thumb/v6-m/nofp\libc-musl.a(vfprintf.o)
 .debug_loc     0x00018c89       0xfb C:/Applications/Microchip/XC32/bin/bin/../../lib/gcc/pic32c/13.2.1/../../../../pic32c/lib/thumb/v6-m/nofp\libc-musl.a(__pop_float.o)
 .debug_loc     0x00018d84      0x374 C:/Applications/Microchip/XC32/bin/bin/../../lib/gcc/pic32c/13.2.1/../../../../pic32c/lib/thumb/v6-m/nofp\libc-musl.a(__pop_int.o)
 .debug_loc     0x000190f8      0x1a1 C:/Applications/Microchip/XC32/bin/bin/../../lib/gcc/pic32c/13.2.1/../../../../pic32c/lib/thumb/v6-m/nofp\libc-musl.a(__pop_ptr.o)
 .debug_loc     0x00019299      0x68c C:/Applications/Microchip/XC32/bin/bin/../../lib/gcc/pic32c/13.2.1/../../../../pic32c/lib/thumb/v6-m/nofp\libc-musl.a(__printf_core.o)
 .debug_loc     0x00019925       0xbc C:/Applications/Microchip/XC32/bin/bin/../../lib/gcc/pic32c/13.2.1/../../../../pic32c/lib/thumb/v6-m/nofp\libc-musl.a(atoi.o)
 .debug_loc     0x000199e1       0xa1 C:/Applications/Microchip/XC32/bin/bin/../../lib/gcc/pic32c/13.2.1/../../../../pic32c/lib/thumb/v6-m/nofp\libc-musl.a(tolower.o)
 .debug_loc     0x00019a82      0xd70 C:/Applications/Microchip/XC32/bin/bin/../../lib/gcc/pic32c/13.2.1/../../../../pic32c/lib/thumb/v6-m/nofp\libc-musl.a(__fmt_a.o)
 .debug_loc     0x0001a7f2      0x2b3 C:/Applications/Microchip/XC32/bin/bin/../../lib/gcc/pic32c/13.2.1/../../../../pic32c/lib/thumb/v6-m/nofp\libc-musl.a(__fmt_d.o)
 .debug_loc     0x0001aaa5      0xc86 C:/Applications/Microchip/XC32/bin/bin/../../lib/gcc/pic32c/13.2.1/../../../../pic32c/lib/thumb/v6-m/nofp\libc-musl.a(__fmt_fp.o)
 .debug_loc     0x0001b72b      0x13e C:/Applications/Microchip/XC32/bin/bin/../../lib/gcc/pic32c/13.2.1/../../../../pic32c/lib/thumb/v6-m/nofp\libc-musl.a(__fmt_o.o)
 .debug_loc     0x0001b869      0x150 C:/Applications/Microchip/XC32/bin/bin/../../lib/gcc/pic32c/13.2.1/../../../../pic32c/lib/thumb/v6-m/nofp\libc-musl.a(__fmt_s.o)
 .debug_loc     0x0001b9b9      0x13e C:/Applications/Microchip/XC32/bin/bin/../../lib/gcc/pic32c/13.2.1/../../../../pic32c/lib/thumb/v6-m/nofp\libc-musl.a(__fmt_u.o)
 .debug_loc     0x0001baf7      0x3d5 C:/Applications/Microchip/XC32/bin/bin/../../lib/gcc/pic32c/13.2.1/../../../../pic32c/lib/thumb/v6-m/nofp\libc-musl.a(__fmt_x.o)
 .debug_loc     0x0001becc       0xa1 C:/Applications/Microchip/XC32/bin/bin/../../lib/gcc/pic32c/13.2.1/../../../../pic32c/lib/thumb/v6-m/nofp\libc-musl.a(toupper.o)
 .debug_loc     0x0001bf6d      0x1d9 C:/Applications/Microchip/XC32/bin/bin/../../lib/gcc/pic32c/13.2.1/../../../../pic32c/lib/thumb/v6-m/nofp\libc-musl.a(__cvt_u.o)
 .debug_loc     0x0001c146       0x7a C:/Applications/Microchip/XC32/bin/bin/../../lib/gcc/pic32c/13.2.1/../../../../pic32c/lib/thumb/v6-m/nofp\libc-size-musl.a(strcpy.o)
 .debug_loc     0x0001c1c0       0xb5 C:/Applications/Microchip/XC32/bin/bin/../../lib/gcc/pic32c/13.2.1/../../../../pic32c/lib/thumb/v6-m/nofp\libc-size-musl.a(stpcpy.o)
 .debug_loc     0x0001c275      0x12d C:/Applications/Microchip/XC32/bin/bin/../../lib/gcc/pic32c/13.2.1/thumb/v6-m/nofp\libgcc.a(_muldi3.o)
 .debug_loc     0x0001c3a2      0x28a C:/Applications/Microchip/XC32/bin/bin/../../lib/gcc/pic32c/13.2.1/thumb/v6-m/nofp\libgcc.a(_udivmoddi4.o)
 .debug_loc     0x0001c62c       0xf7 C:/Applications/Microchip/XC32/bin/bin/../../lib/gcc/pic32c/13.2.1/../../../../pic32c/lib/thumb/v6-m/nofp\libpic32c.a(pic32_data_init_clear.o)
 .debug_loc     0x0001c723      0x197 C:/Applications/Microchip/XC32/bin/bin/../../lib/gcc/pic32c/13.2.1/../../../../pic32c/lib/thumb/v6-m/nofp\libpic32c.a(pic32_data_init_copy.o)

.debug_aranges  0x00000000     0x27d8
 .debug_aranges
                0x00000000       0xc0 build/default/production/_ext/158385033/drv_i2c.o
 .debug_aranges
                0x000000c0       0xb8 build/default/production/_ext/2070931557/drv_spi.o
 .debug_aranges
                0x00000178      0x110 build/default/production/_ext/869808652/drv_usart.o
 .debug_aranges
                0x00000288       0x88 build/default/production/_ext/60163342/plib_adc0.o
 .debug_aranges
                0x00000310       0xa0 build/default/production/_ext/60165182/plib_can0.o
 .debug_aranges
                0x000003b0       0x20 build/default/production/_ext/1984496892/plib_clock.o
 .debug_aranges
                0x000003d0       0x30 build/default/production/_ext/60166132/plib_dac.o
 .debug_aranges
                0x00000400       0x98 build/default/production/_ext/1865161661/plib_dmac.o
 .debug_aranges
                0x00000498       0x40 build/default/production/_ext/60167341/plib_eic.o
 .debug_aranges
                0x000004d8       0x20 build/default/production/_ext/1986646378/plib_evsys.o
 .debug_aranges
                0x000004f8       0x50 build/default/production/_ext/1987437027/plib_freqm.o
 .debug_aranges
                0x00000548       0x48 build/default/production/_ext/1865468468/plib_nvic.o
 .debug_aranges
                0x00000590       0xb0 build/default/production/_ext/1593096446/plib_nvmctrl.o
 .debug_aranges
                0x00000640       0x30 build/default/production/_ext/829342769/plib_pm.o
 .debug_aranges
                0x00000670       0x68 build/default/production/_ext/1865521619/plib_port.o
 .debug_aranges
                0x000006d8       0x20 build/default/production/_ext/1865585090/plib_rstc.o
 .debug_aranges
                0x000006f8       0x58 build/default/production/_ext/60180175/plib_rtc_clock.o
 .debug_aranges
                0x00000750       0x78 build/default/production/_ext/508257091/plib_sercom2_i2c_master.o
 .debug_aranges
                0x000007c8       0x60 build/default/production/_ext/17022449/plib_sercom3_spi_master.o
 .debug_aranges
                0x00000828       0xe0 build/default/production/_ext/504274921/plib_sercom1_usart.o
 .debug_aranges
                0x00000908       0xe8 build/default/production/_ext/504274921/plib_sercom0_usart.o
 .debug_aranges
                0x000009f0       0x30 build/default/production/_ext/1865616679/plib_supc.o
 .debug_aranges
                0x00000a20       0x68 build/default/production/_ext/1832805299/sys_console_uart.o
 .debug_aranges
                0x00000a88       0x88 build/default/production/_ext/1832805299/sys_console.o
 .debug_aranges
                0x00000b10       0x28 build/default/production/_ext/14461671/sys_dma.o
 .debug_aranges
                0x00000b38       0x40 build/default/production/_ext/1881668453/sys_int.o
 .debug_aranges
                0x00000b78      0x108 build/default/production/_ext/101884895/sys_time.o
 .debug_aranges
                0x00000c80       0x20 build/default/production/_ext/1171490990/tasks.o
 .debug_aranges
                0x00000ca0       0x20 build/default/production/_ext/1171490990/initialization.o
 .debug_aranges
                0x00000cc0       0x38 build/default/production/_ext/1171490990/interrupts.o
 .debug_aranges
                0x00000cf8       0x28 build/default/production/_ext/1171490990/exceptions.o
 .debug_aranges
                0x00000d20       0x28 build/default/production/_ext/1171490990/startup_xc32.o
 .debug_aranges
                0x00000d48       0x68 build/default/production/_ext/1360937237/app.o
 .debug_aranges
                0x00000db0       0x20 build/default/production/_ext/1360937237/main.o
 .debug_aranges
                0x00000dd0       0x68 build/default/production/_ext/60184501/plib_wdt.o
 .debug_aranges
                0x00000e38      0x190 build/default/production/_ext/1360937237/ad9954_driver.o
 .debug_aranges
                0x00000fc8      0x3d8 build/default/production/_ext/1360937237/bme690_driver.o
 .debug_aranges
                0x000013a0      0x298 build/default/production/_ext/1360937237/bmp585_driver.o
 .debug_aranges
                0x00001638       0x78 build/default/production/_ext/1360937237/can0_driver.o
 .debug_aranges
                0x000016b0       0x48 build/default/production/_ext/1360937237/console_driver.o
 .debug_aranges
                0x000016f8       0x68 build/default/production/_ext/1360937237/fcm360w_driver.o
 .debug_aranges
                0x00001760      0x1e8 build/default/production/_ext/1360937237/hdc302x_driver.o
 .debug_aranges
                0x00001948       0xd8 build/default/production/_ext/1360937237/mcp9808_driver.o
 .debug_aranges
                0x00001a20       0x60 build/default/production/_ext/1360937237/ntc_driver.o
 .debug_aranges