Archive member included to satisfy reference by file (symbol)

c:/applications/microchip/xc32/bin/bin/../../lib/gcc/pic32c/8.3.1/../../../../pic32c/lib/thumb/v8-m.main+fp/hard\libpic32c.a(data_init.o)
                              build/default/production/_ext/1171490990/startup_xc32.o (__pic32c_data_initialization)
c:/applications/microchip/xc32/bin/bin/../../lib/gcc/pic32c/8.3.1/../../../../pic32c/lib/thumb/v8-m.main+fp/hard\libc-size-musl.a(memset.o)
                              build/default/production/_ext/60165182/plib_can0.o (memset)
c:/applications/microchip/xc32/bin/bin/../../lib/gcc/pic32c/8.3.1/../../../../pic32c/lib/thumb/v8-m.main+fp/hard\libc-size-musl.a(strlen.o)
                              build/default/production/_ext/1832805299/sys_console.o (strlen)
c:/applications/microchip/xc32/bin/bin/../../lib/gcc/pic32c/8.3.1/../../../../pic32c/lib/thumb/v8-m.main+fp/hard\libm-fast-emfloat.a(__aeabi_ul2f.o)
                              build/default/production/_ext/101884895/sys_time.o (__aeabi_ul2f)
c:/applications/microchip/xc32/bin/bin/../../lib/gcc/pic32c/8.3.1/../../../../pic32c/lib/thumb/v8-m.main+fp/hard\libm-fast-emfloat.a(__aeabi_f2d.o)
                              build/default/production/_ext/1360937237/hdc302x_driver.o (__aeabi_f2d)
c:/applications/microchip/xc32/bin/bin/../../lib/gcc/pic32c/8.3.1/../../../../pic32c/lib/thumb/v8-m.main+fp/hard\libc-musl.a(__libc_start_main.o)
                              build/default/production/_ext/1171490990/startup_xc32.o (__libc_init_array)
c:/applications/microchip/xc32/bin/bin/../../lib/gcc/pic32c/8.3.1/../../../../pic32c/lib/thumb/v8-m.main+fp/hard\libc-musl.a(libc.o)
                              c:/applications/microchip/xc32/bin/bin/../../lib/gcc/pic32c/8.3.1/../../../../pic32c/lib/thumb/v8-m.main+fp/hard\libc-musl.a(__libc_start_main.o) (__progname_full)
c:/applications/microchip/xc32/bin/bin/../../lib/gcc/pic32c/8.3.1/../../../../pic32c/lib/thumb/v8-m.main+fp/hard\libc-musl.a(vsnprintf.o)
                              build/default/production/_ext/1832805299/sys_console.o (vsnprintf)
c:/applications/microchip/xc32/bin/bin/../../lib/gcc/pic32c/8.3.1/../../../../pic32c/lib/thumb/v8-m.main+fp/hard\libc-musl.a(__environ.o)
                              c:/applications/microchip/xc32/bin/bin/../../lib/gcc/pic32c/8.3.1/../../../../pic32c/lib/thumb/v8-m.main+fp/hard\libc-musl.a(__libc_start_main.o) (__environ)
c:/applications/microchip/xc32/bin/bin/../../lib/gcc/pic32c/8.3.1/../../../../pic32c/lib/thumb/v8-m.main+fp/hard\libc-musl.a(__errno_location.o)
                              c:/applications/microchip/xc32/bin/bin/../../lib/gcc/pic32c/8.3.1/../../../../pic32c/lib/thumb/v8-m.main+fp/hard\libc-musl.a(vsnprintf.o) (__errno_val)
c:/applications/microchip/xc32/bin/bin/../../lib/gcc/pic32c/8.3.1/../../../../pic32c/lib/thumb/v8-m.main+fp/hard\libc-musl.a(vfprintf.o)
                              c:/applications/microchip/xc32/bin/bin/../../lib/gcc/pic32c/8.3.1/../../../../pic32c/lib/thumb/v8-m.main+fp/hard\libc-musl.a(vsnprintf.o) (vfprintf)
c:/applications/microchip/xc32/bin/bin/../../lib/gcc/pic32c/8.3.1/../../../../pic32c/lib/thumb/v8-m.main+fp/hard\libc-musl.a(__io_fmt_needed.o)
                              c:/applications/microchip/xc32/bin/bin/../../lib/gcc/pic32c/8.3.1/../../../../pic32c/lib/thumb/v8-m.main+fp/hard\libc-musl.a(vfprintf.o) (__io_fmt_needed)
c:/applications/microchip/xc32/bin/bin/../../lib/gcc/pic32c/8.3.1/../../../../pic32c/lib/thumb/v8-m.main+fp/hard\libc-musl.a(__pop_float.o)
                              c:/applications/microchip/xc32/bin/bin/../../lib/gcc/pic32c/8.3.1/../../../../pic32c/lib/thumb/v8-m.main+fp/hard\libc-musl.a(__io_fmt_needed.o) (__pop_float_needed)
c:/applications/microchip/xc32/bin/bin/../../lib/gcc/pic32c/8.3.1/../../../../pic32c/lib/thumb/v8-m.main+fp/hard\libc-musl.a(__pop_int.o)
                              c:/applications/microchip/xc32/bin/bin/../../lib/gcc/pic32c/8.3.1/../../../../pic32c/lib/thumb/v8-m.main+fp/hard\libc-musl.a(__io_fmt_needed.o) (__pop_int_needed)
c:/applications/microchip/xc32/bin/bin/../../lib/gcc/pic32c/8.3.1/../../../../pic32c/lib/thumb/v8-m.main+fp/hard\libc-musl.a(__pop_ptr.o)
                              c:/applications/microchip/xc32/bin/bin/../../lib/gcc/pic32c/8.3.1/../../../../pic32c/lib/thumb/v8-m.main+fp/hard\libc-musl.a(__io_fmt_needed.o) (__pop_ptr_needed)
c:/applications/microchip/xc32/bin/bin/../../lib/gcc/pic32c/8.3.1/../../../../pic32c/lib/thumb/v8-m.main+fp/hard\libc-musl.a(__printf_core.o)
                              c:/applications/microchip/xc32/bin/bin/../../lib/gcc/pic32c/8.3.1/../../../../pic32c/lib/thumb/v8-m.main+fp/hard\libc-musl.a(vfprintf.o) (__printf_core)
c:/applications/microchip/xc32/bin/bin/../../lib/gcc/pic32c/8.3.1/../../../../pic32c/lib/thumb/v8-m.main+fp/hard\libc-musl.a(atoi.o)
[...]
Memory Configuration

Name             Origin             Length             Attributes
boot_rom         0x0000000008000000 0x0000000000020000 xrl
rom              0x000000000c000000 0x0000000000200000 xrl
ram              0x0000000020000000 0x0000000000080000 xw !r
tcm              0x0000000000000000 0x0000000000000000 xw
*default*        0x0000000000000000 0xffffffffffffffff

Linker script and memory map

LOAD c:/applications/microchip/xc32/bin/bin/../../lib/gcc/pic32c/8.3.1/thumb/v8-m.main+fp/hard/crti.o
LOAD c:/applications/microchip/xc32/bin/bin/../../lib/gcc/pic32c/8.3.1/thumb/v8-m.main+fp/hard/crtbegin.o
LOAD build/default/production/_ext/158385033/drv_i2c.o
LOAD build/default/production/_ext/2070931557/drv_spi.o
LOAD build/default/production/_ext/869808652/drv_usart.o
LOAD build/default/production/_ext/829343244/plib_ac.o
LOAD build/default/production/_ext/60165182/plib_can0.o
LOAD build/default/production/_ext/60165242/plib_ccl.o
LOAD build/default/production/_ext/1984496892/plib_clock.o
LOAD build/default/production/_ext/1865131932/plib_cmcc.o
LOAD build/default/production/_ext/60167341/plib_eic.o
LOAD build/default/production/_ext/1986646378/plib_evsys.o
LOAD build/default/production/_ext/1987437027/plib_freqm.o
LOAD build/default/production/_ext/1865468468/plib_nvic.o
LOAD build/default/production/_ext/1865510628/plib_pdec.o
LOAD build/default/production/_ext/829342769/plib_pm.o
LOAD build/default/production/_ext/1865521619/plib_port.o
LOAD build/default/production/_ext/1865585090/plib_rstc.o
LOAD build/default/production/_ext/60180175/plib_rtc_timer.o
LOAD build/default/production/_ext/508257091/plib_sercom0_i2c_master.o
LOAD build/default/production/_ext/17022449/plib_sercom1_spi_master.o
LOAD build/default/production/_ext/504274921/plib_sercom3_usart.o
LOAD build/default/production/_ext/504274921/plib_sercom2_usart.o
LOAD build/default/production/_ext/1865616679/plib_supc.o
LOAD build/default/production/_ext/1827571544/plib_systick.o
LOAD build/default/production/_ext/60181570/plib_tcc0.o
LOAD build/default/production/_ext/1865643529/plib_trng.o
LOAD build/default/production/_ext/163028504/xc32_monitor.o
LOAD build/default/production/_ext/1014039709/sys_cache.o
LOAD build/default/production/_ext/1832805299/sys_console.o
LOAD build/default/production/_ext/1832805299/sys_console_uart.o
LOAD build/default/production/_ext/1881668453/sys_int.o
LOAD build/default/production/_ext/101884895/sys_time.o
LOAD build/default/production/_ext/1171490990/startup_xc32.o
LOAD build/default/production/_ext/1171490990/libc_syscalls.o
LOAD build/default/production/_ext/1171490990/initialization.o
LOAD build/default/production/_ext/1171490990/exceptions.o
LOAD build/default/production/_ext/1171490990/tasks.o
LOAD build/default/production/_ext/1171490990/interrupts.o
LOAD build/default/production/_ext/1360937237/main.o
LOAD build/default/production/_ext/1360937237/console_driver.o
LOAD build/default/production/_ext/1360937237/mcp9808_driver.o
LOAD build/default/production/_ext/1360937237/hdc302x_driver.o
LOAD build/default/production/_ext/1360937237/sht4x_driver.o
LOAD build/default/production/_ext/1360937237/rtc_driver.o
LOAD build/default/production/_ext/1360937237/timer_driver.o
LOAD build/default/production/_ext/1360937237/can0_driver.o
LOAD build/default/production/_ext/1360937237/bme690_driver.o
LOAD build/default/production/_ext/1360937237/rstc_driver.o
LOAD build/default/production/_ext/1360937237/lc709204f_driver.o
                0x0000000000000001                __MPLAB_BUILD = 0x1
                0x000000000c200000                __rom_end = (ORIGIN (rom) + LENGTH (rom))
                0x0000000020080000                __ram_end = (ORIGIN (ram) + LENGTH (ram))

.vectors        0x0000000008000000      0x2b8
                0x0000000008000000                . = ALIGN (0x4)
                0x0000000008000000                _sfixed = .
 *(.vectors .vectors.* .vectors_default .vectors_default.*)
 .vectors.exception_table
                0x0000000008000000      0x2b8 build/default/production/_ext/1171490990/interrupts.o
                0x0000000008000000                exception_table
 *(.isr_vector)
 *(.reset*)
 *(.after_vectors)

.text           0x000000000c000000       0x20
                0x000000000c000000                . = ALIGN (0x4)
 *(.glue_7t)
 .glue_7t       0x000000000c000000        0x0 linker stubs
 *(.glue_7)
 .glue_7        0x000000000c000000        0x0 linker stubs
 *(.gnu.linkonce.r.*)
 *(.ARM.extab* .gnu.linkonce.armextab.*)
                0x000000000c000000                . = ALIGN (0x4)
 *(.init)
 .init          0x000000000c000000        0x4 c:/applications/microchip/xc32/bin/bin/../../lib/gcc/pic32c/8.3.1/thumb/v8-m.main+fp/hard/crti.o
                0x000000000c000000                _init
 .init          0x000000000c000004        0x8 c:/applications/microchip/xc32/bin/bin/../../lib/gcc/pic32c/8.3.1/thumb/v8-m.main+fp/hard/crtn.o
                0x000000000c00000c                . = ALIGN (0x4)
                0x000000000c00000c                __preinit_array_start = .
 *(.preinit_array)
                0x000000000c00000c                __preinit_array_end = .
                0x000000000c00000c                . = ALIGN (0x4)
                0x000000000c00000c                __init_array_start = .
 *(SORT_BY_NAME(.init_array.*))
 *(.init_array)
 .init_array    0x000000000c00000c        0x4 c:/applications/microchip/xc32/bin/bin/../../lib/gcc/pic32c/8.3.1/thumb/v8-m.main+fp/hard/crtbegin.o
                0x000000000c000010                __init_array_end = .
                0x000000000c000010                . = ALIGN (0x4)
 *crtbegin.o(.ctors)
 *(EXCLUDE_FILE(*crtend.o) .ctors)
 *(SORT_BY_NAME(.ctors.*))
 *crtend.o(.ctors)
                0x000000000c000010                . = ALIGN (0x4)
 *(.fini)
 .fini          0x000000000c000010        0x4 c:/applications/microchip/xc32/bin/bin/../../lib/gcc/pic32c/8.3.1/thumb/v8-m.main+fp/hard/crti.o
                0x000000000c000010                _fini
 .fini          0x000000000c000014        0x8 c:/applications/microchip/xc32/bin/bin/../../lib/gcc/pic32c/8.3.1/thumb/v8-m.main+fp/hard/crtn.o
                0x000000000c00001c                . = ALIGN (0x4)
                0x000000000c00001c                __fini_array_start = .
 *(.fini_array)
 .fini_array    0x000000000c00001c        0x4 c:/applications/microchip/xc32/bin/bin/../../lib/gcc/pic32c/8.3.1/thumb/v8-m.main+fp/hard/crtbegin.o
 *(SORT_BY_NAME(.fini_array.*))
                0x000000000c000020                __fini_array_end = .
 *crtbegin.o(.dtors)
 *(EXCLUDE_FILE(*crtend.o) .dtors)
 *(SORT_BY_NAME(.dtors.*))
 *crtend.o(.dtors)
                0x000000000c000020                . = ALIGN (0x4)
                0x000000000c000020                _efixed = .
                [!provide]                        PROVIDE (__exidx_start = .)

.ARM.exidx
 *(.ARM.exidx* .gnu.linkonce.armexidx.*)
                [!provide]                        PROVIDE (__exidx_end = .)
                0x000000000c000020                . = ALIGN (0x4)
                0x000000000c000020                _etext = .

.bss            0x0000000020000000        0x0
                0x0000000020000000                . = ALIGN (0x4)
                0x0000000020000000                __bss_start__ = .
                0x0000000020000000                _sbss = .
                0x0000000020000000                _szero = .
 *(COMMON)
                0x0000000020000000                . = ALIGN (0x4)
                0x0000000020000000                __bss_end__ = .
                0x0000000020000000                _ebss = .
                0x0000000020000000                _ezero = .
                0x0000000020000000                . = ALIGN (0x4)
                0x0000000020000000                _end = .
                0x000000002007ffff                _ram_end_ = ((ORIGIN (ram) + LENGTH (ram)) - 0x1)
                0x0000000000000200                _min_heap_size = 0x200
START GROUP
LOAD c:/applications/microchip/xc32/bin/bin/../../lib/gcc/pic32c/8.3.1/../../../../pic32c/lib/thumb/v8-m.main+fp/hard\libpic32c.a
LOAD c:/applications/microchip/xc32/bin/bin/../../lib/gcc/pic32c/8.3.1/../../../../pic32c/lib/thumb/v8-m.main+fp/hard\libc-size-musl.a
LOAD c:/applications/microchip/xc32/bin/bin/../../lib/gcc/pic32c/8.3.1/../../../../pic32c/lib/thumb/v8-m.main+fp/hard\liblmalloc-musl.a
LOAD c:/applications/microchip/xc32/bin/bin/../../lib/gcc/pic32c/8.3.1/../../../../pic32c/lib/thumb/v8-m.main+fp/hard\libm-fast-emfloat.a
LOAD c:/applications/microchip/xc32/bin/bin/../../lib/gcc/pic32c/8.3.1/../../../../pic32c/lib/thumb/v8-m.main+fp/hard\libm-musl.a
LOAD c:/applications/microchip/xc32/bin/bin/../../lib/gcc/pic32c/8.3.1/../../../../pic32c/lib/thumb/v8-m.main+fp/hard\libc-musl.a
LOAD c:/applications/microchip/xc32/bin/bin/../../lib/gcc/pic32c/8.3.1/../../../../pic32c/lib/thumb/v8-m.main+fp/hard\libm-fast-emfloat.a
LOAD c:/applications/microchip/xc32/bin/bin/../../lib/gcc/pic32c/8.3.1/../../../../pic32c/lib/thumb/v8-m.main+fp/hard\libm-musl.a
LOAD c:/applications/microchip/xc32/bin/bin/../../lib/gcc/pic32c/8.3.1/thumb/v8-m.main+fp/hard\libgcc.a
END GROUP
LOAD c:/applications/microchip/xc32/bin/bin/../../lib/gcc/pic32c/8.3.1/thumb/v8-m.main+fp/hard/crtend.o
LOAD c:/applications/microchip/xc32/bin/bin/../../lib/gcc/pic32c/8.3.1/thumb/v8-m.main+fp/hard/crtn.o
OUTPUT(dist/default/production/PIC32CK_DRIVER.X.production.elf elf32-littlearm)
LOAD data_init
LOAD stack

.ARM.attributes
                0x0000000000000000       0x38
 .ARM.attributes
                0x0000000000000000       0x22 c:/applications/microchip/xc32/bin/bin/../../lib/gcc/pic32c/8.3.1/thumb/v8-m.main+fp/hard/crti.o
 .ARM.attributes
                0x0000000000000022       0x38 c:/applications/microchip/xc32/bin/bin/../../lib/gcc/pic32c/8.3.1/thumb/v8-m.main+fp/hard/crtbegin.o
 .ARM.attributes
                0x000000000000005a       0x3a build/default/production/_ext/158385033/drv_i2c.o
 .ARM.attributes
                0x0000000000000094       0x3a build/default/production/_ext/2070931557/drv_spi.o
 .ARM.attributes
                0x00000000000000ce       0x3a build/default/production/_ext/869808652/drv_usart.o
 .ARM.attributes
                0x0000000000000108       0x3a build/default/production/_ext/829343244/plib_ac.o
 .ARM.attributes
                0x0000000000000142       0x3a build/default/production/_ext/60165182/plib_can0.o
 .ARM.attributes
                0x000000000000017c       0x3a build/default/production/_ext/60165242/plib_ccl.o
 .ARM.attributes
                0x00000000000001b6       0x3a build/default/production/_ext/1984496892/plib_clock.o
 .ARM.attributes
                0x00000000000001f0       0x3a build/default/production/_ext/60167341/plib_eic.o
 .ARM.attributes
                0x000000000000022a       0x3a build/default/production/_ext/1986646378/plib_evsys.o
 .ARM.attributes
                0x0000000000000264       0x3a build/default/production/_ext/1987437027/plib_freqm.o
 .ARM.attributes
                0x000000000000029e       0x3a build/default/production/_ext/1865468468/plib_nvic.o
 .ARM.attributes
                0x00000000000002d8       0x3a build/default/production/_ext/1865510628/plib_pdec.o
 .ARM.attributes
                0x0000000000000312       0x3a build/default/production/_ext/829342769/plib_pm.o
 .ARM.attributes
                0x000000000000034c       0x3a build/default/production/_ext/1865521619/plib_port.o
 .ARM.attributes
                0x0000000000000386       0x3a build/default/production/_ext/60180175/plib_rtc_timer.o
 .ARM.attributes
                0x00000000000003c0       0x3a build/default/production/_ext/508257091/plib_sercom0_i2c_master.o
 .ARM.attributes
                0x00000000000003fa       0x3a build/default/production/_ext/17022449/plib_sercom1_spi_master.o
 .ARM.attributes
                0x0000000000000434       0x3a build/default/production/_ext/504274921/plib_sercom3_usart.o
 .ARM.attributes
                0x000000000000046e       0x3a build/default/production/_ext/504274921/plib_sercom2_usart.o
 .ARM.attributes
                0x00000000000004a8       0x3a build/default/production/_ext/1865616679/plib_supc.o
 .ARM.attributes
                0x00000000000004e2       0x3a build/default/production/_ext/1827571544/plib_systick.o
 .ARM.attributes
                0x000000000000051c       0x3a build/default/production/_ext/60181570/plib_tcc0.o
 .ARM.attributes
                0x0000000000000556       0x3a build/default/production/_ext/1865643529/plib_trng.o
 .ARM.attributes
                0x0000000000000590       0x3a build/default/production/_ext/1832805299/sys_console.o
 .ARM.attributes
                0x00000000000005ca       0x3a build/default/production/_ext/1832805299/sys_console_uart.o
 .ARM.attributes
                0x0000000000000604       0x3a build/default/production/_ext/1881668453/sys_int.o
 .ARM.attributes
                0x000000000000063e       0x3a build/default/production/_ext/101884895/sys_time.o
 .ARM.attributes
                0x0000000000000678       0x3a build/default/production/_ext/1171490990/startup_xc32.o
 .ARM.attributes
                0x00000000000006b2       0x3a build/default/production/_ext/1171490990/initialization.o
 .ARM.attributes
                0x00000000000006ec       0x3a build/default/production/_ext/1171490990/exceptions.o
 .ARM.attributes
                0x0000000000000726       0x3a build/default/production/_ext/1171490990/tasks.o
 .ARM.attributes
                0x0000000000000760       0x3a build/default/production/_ext/1171490990/interrupts.o
 .ARM.attributes
                0x000000000000079a       0x3a build/default/production/_ext/1360937237/main.o
 .ARM.attributes
                0x00000000000007d4       0x3a build/default/production/_ext/1360937237/console_driver.o
 .ARM.attributes
                0x000000000000080e       0x3a build/default/production/_ext/1360937237/mcp9808_driver.o
 .ARM.attributes
                0x0000000000000848       0x3a build/default/production/_ext/1360937237/hdc302x_driver.o
 .ARM.attributes
                0x0000000000000882       0x3a build/default/production/_ext/1360937237/sht4x_driver.o
 .ARM.attributes
                0x00000000000008bc       0x3a build/default/production/_ext/1360937237/rtc_driver.o
 .ARM.attributes
                0x00000000000008f6       0x3a build/default/production/_ext/1360937237/timer_driver.o
 .ARM.attributes
                0x0000000000000930       0x3a build/default/production/_ext/1360937237/can0_driver.o
 .ARM.attributes
                0x000000000000096a       0x3a build/default/production/_ext/1360937237/bme690_driver.o
 .ARM.attributes
                0x00000000000009a4       0x3a build/default/production/_ext/1360937237/rstc_driver.o
 .ARM.attributes
                0x00000000000009de       0x3a build/default/production/_ext/1360937237/lc709204f_driver.o
 .ARM.attributes
                0x0000000000000a18       0x38 c:/applications/microchip/xc32/bin/bin/../../lib/gcc/pic32c/8.3.1/../../../../pic32c/lib/thumb/v8-m.main+fp/hard\libpic32c.a(data_init.o)
 .ARM.attributes
                0x0000000000000a50       0x3a c:/applications/microchip/xc32/bin/bin/../../lib/gcc/pic32c/8.3.1/../../../../pic32c/lib/thumb/v8-m.main+fp/hard\libc-size-musl.a(memset.o)
 .ARM.attributes
                0x0000000000000a8a       0x3a c:/applications/microchip/xc32/bin/bin/../../lib/gcc/pic32c/8.3.1/../../../../pic32c/lib/thumb/v8-m.main+fp/hard\libc-musl.a(__libc_start_main.o)
 .ARM.attributes
                0x0000000000000ac4       0x38 c:/applications/microchip/xc32/bin/bin/../../lib/gcc/pic32c/8.3.1/../../../../pic32c/lib/thumb/v8-m.main+fp/hard\libc-musl.a(libc.o)
 .ARM.attributes
                0x0000000000000afc       0x38 c:/applications/microchip/xc32/bin/bin/../../lib/gcc/pic32c/8.3.1/../../../../pic32c/lib/thumb/v8-m.main+fp/hard\libc-musl.a(__environ.o)
 .ARM.attributes
                0x0000000000000b34       0x22 c:/applications/microchip/xc32/bin/bin/../../lib/gcc/pic32c/8.3.1/thumb/v8-m.main+fp/hard/crtn.o
 .ARM.attributes
                0x0000000000000b56       0x38 c:/applications/microchip/xc32/bin/bin/../../lib/gcc/pic32c/8.3.1/../../../../pic32c/lib/thumb/v8-m.main+fp/hard\libpic32c.a(pic32_data_init_clear.o)
 .ARM.attributes
                0x0000000000000b8e       0x38 c:/applications/microchip/xc32/bin/bin/../../lib/gcc/pic32c/8.3.1/../../../../pic32c/lib/thumb/v8-m.main+fp/hard\libpic32c.a(pic32_data_init_copy.o)

.comment        0x0000000000000000       0x2b
 .comment       0x0000000000000000       0x2b c:/applications/microchip/xc32/bin/bin/../../lib/gcc/pic32c/8.3.1/thumb/v8-m.main+fp/hard/crtbegin.o
                                         0x2c (size before relaxing)
 .comment       0x000000000000002b       0x2c build/default/production/_ext/158385033/drv_i2c.o
 .comment       0x000000000000002b       0x2c build/default/production/_ext/2070931557/drv_spi.o
 .comment       0x000000000000002b       0x2c build/default/production/_ext/869808652/drv_usart.o
 .comment       0x000000000000002b       0x2c build/default/production/_ext/829343244/plib_ac.o
 .comment       0x000000000000002b       0x2c build/default/production/_ext/60165182/plib_can0.o
 .comment       0x000000000000002b       0x2c build/default/production/_ext/60165242/plib_ccl.o
 .comment       0x000000000000002b       0x2c build/default/production/_ext/1984496892/plib_clock.o
 .comment       0x000000000000002b       0x2c build/default/production/_ext/60167341/plib_eic.o
 .comment       0x000000000000002b       0x2c build/default/production/_ext/1986646378/plib_evsys.o
 .comment       0x000000000000002b       0x2c build/default/production/_ext/1987437027/plib_freqm.o
 .comment       0x000000000000002b       0x2c build/default/production/_ext/1865468468/plib_nvic.o
 .comment       0x000000000000002b       0x2c build/default/production/_ext/1865510628/plib_pdec.o
 .comment       0x000000000000002b       0x2c build/default/production/_ext/829342769/plib_pm.o
 .comment       0x000000000000002b       0x2c build/default/production/_ext/1865521619/plib_port.o
 .comment       0x000000000000002b       0x2c build/default/production/_ext/60180175/plib_rtc_timer.o
 .comment       0x000000000000002b       0x2c build/default/production/_ext/508257091/plib_sercom0_i2c_master.o
 .comment       0x000000000000002b       0x2c build/default/production/_ext/17022449/plib_sercom1_spi_master.o
 .comment       0x000000000000002b       0x2c build/default/production/_ext/504274921/plib_sercom3_usart.o
 .comment       0x000000000000002b       0x2c build/default/production/_ext/504274921/plib_sercom2_usart.o
 .comment       0x000000000000002b       0x2c build/default/production/_ext/1865616679/plib_supc.o
 .comment       0x000000000000002b       0x2c build/default/production/_ext/1827571544/plib_systick.o
 .comment       0x000000000000002b       0x2c build/default/production/_ext/60181570/plib_tcc0.o
 .comment       0x000000000000002b       0x2c build/default/production/_ext/1865643529/plib_trng.o
 .comment       0x000000000000002b       0x2c build/default/production/_ext/1832805299/sys_console.o
 .comment       0x000000000000002b       0x2c build/default/production/_ext/1832805299/sys_console_uart.o
 .comment       0x000000000000002b       0x2c build/default/production/_ext/1881668453/sys_int.o
 .comment       0x000000000000002b       0x2c build/default/production/_ext/101884895/sys_time.o
 .comment       0x000000000000002b       0x2c build/default/production/_ext/1171490990/startup_xc32.o
 .comment       0x000000000000002b       0x2c build/default/production/_ext/1171490990/initialization.o
 .comment       0x000000000000002b       0x2c build/default/production/_ext/1171490990/exceptions.o
 .comment       0x000000000000002b       0x2c build/default/production/_ext/1171490990/tasks.o
 .comment       0x000000000000002b       0x2c build/default/production/_ext/1171490990/interrupts.o
 .comment       0x000000000000002b       0x2c build/default/production/_ext/1360937237/main.o
 .comment       0x000000000000002b       0x2c build/default/production/_ext/1360937237/console_driver.o
 .comment       0x000000000000002b       0x2c build/default/production/_ext/1360937237/mcp9808_driver.o
 .comment       0x000000000000002b       0x2c build/default/production/_ext/1360937237/hdc302x_driver.o
 .comment       0x000000000000002b       0x2c build/default/production/_ext/1360937237/sht4x_driver.o
 .comment       0x000000000000002b       0x2c build/default/production/_ext/1360937237/rtc_driver.o
 .comment       0x000000000000002b       0x2c build/default/production/_ext/1360937237/timer_driver.o
 .comment       0x000000000000002b       0x2c build/default/production/_ext/1360937237/can0_driver.o
 .comment       0x000000000000002b       0x2c build/default/production/_ext/1360937237/bme690_driver.o
 .comment       0x000000000000002b       0x2c build/default/production/_ext/1360937237/rstc_driver.o
 .comment       0x000000000000002b       0x2c build/default/production/_ext/1360937237/lc709204f_driver.o
 .comment       0x000000000000002b       0x2c c:/applications/microchip/xc32/bin/bin/../../lib/gcc/pic32c/8.3.1/../../../../pic32c/lib/thumb/v8-m.main+fp/hard\libpic32c.a(data_init.o)
 .comment       0x000000000000002b       0x2c c:/applications/microchip/xc32/bin/bin/../../lib/gcc/pic32c/8.3.1/../../../../pic32c/lib/thumb/v8-m.main+fp/hard\libc-size-musl.a(memset.o)
 .comment       0x000000000000002b       0x2c c:/applications/microchip/xc32/bin/bin/../../lib/gcc/pic32c/8.3.1/../../../../pic32c/lib/thumb/v8-m.main+fp/hard\libc-musl.a(__libc_start_main.o)
 .comment       0x000000000000002b       0x2c c:/applications/microchip/xc32/bin/bin/../../lib/gcc/pic32c/8.3.1/../../../../pic32c/lib/thumb/v8-m.main+fp/hard\libc-musl.a(libc.o)
 .comment       0x000000000000002b       0x2c c:/applications/microchip/xc32/bin/bin/../../lib/gcc/pic32c/8.3.1/../../../../pic32c/lib/thumb/v8-m.main+fp/hard\libc-musl.a(__environ.o)
 .comment       0x000000000000002b       0x2c c:/applications/microchip/xc32/bin/bin/../../lib/gcc/pic32c/8.3.1/../../../../pic32c/lib/thumb/v8-m.main+fp/hard\libpic32c.a(pic32_data_init_clear.o)
 .comment       0x000000000000002b       0x2c c:/applications/microchip/xc32/bin/bin/../../lib/gcc/pic32c/8.3.1/../../../../pic32c/lib/thumb/v8-m.main+fp/hard\libpic32c.a(pic32_data_init_copy.o)

.debug_info     0x0000000000000000    0x1d333
 .debug_info    0x0000000000000000     0x21b7 build/default/production/_ext/158385033/drv_i2c.o
 .debug_info    0x00000000000021b7     0x2585 build/default/production/_ext/2070931557/drv_spi.o
 .debug_info    0x000000000000473c     0x2851 build/default/production/_ext/869808652/drv_usart.o
 .debug_info    0x0000000000006f8d      0x4c6 build/default/production/_ext/829343244/plib_ac.o
 .debug_info    0x0000000000007453     0x12d1 build/default/production/_ext/60165182/plib_can0.o
 .debug_info    0x0000000000008724      0x180 build/default/production/_ext/60165242/plib_ccl.o
 .debug_info    0x00000000000088a4      0x5c4 build/default/production/_ext/1984496892/plib_clock.o
 .debug_info    0x0000000000008e68      0x201 build/default/production/_ext/60167341/plib_eic.o
 .debug_info    0x0000000000009069       0x9b build/default/production/_ext/1986646378/plib_evsys.o
 .debug_info    0x0000000000009104      0x363 build/default/production/_ext/1987437027/plib_freqm.o
 .debug_info    0x0000000000009467     0x179e build/default/production/_ext/1865468468/plib_nvic.o
 .debug_info    0x000000000000ac05      0x37d build/default/production/_ext/1865510628/plib_pdec.o
 .debug_info    0x000000000000af82      0x221 build/default/production/_ext/829342769/plib_pm.o
 .debug_info    0x000000000000b1a3      0x69a build/default/production/_ext/1865521619/plib_port.o
 .debug_info    0x000000000000b83d      0x9b9 build/default/production/_ext/60180175/plib_rtc_timer.o
 .debug_info    0x000000000000c1f6     0x1307 build/default/production/_ext/508257091/plib_sercom0_i2c_master.o
 .debug_info    0x000000000000d4fd      0xf26 build/default/production/_ext/17022449/plib_sercom1_spi_master.o
 .debug_info    0x000000000000e423     0x17e7 build/default/production/_ext/504274921/plib_sercom3_usart.o
 .debug_info    0x000000000000fc0a     0x11e2 build/default/production/_ext/504274921/plib_sercom2_usart.o
 .debug_info    0x0000000000010dec      0x203 build/default/production/_ext/1865616679/plib_supc.o
 .debug_info    0x0000000000010fef      0x551 build/default/production/_ext/1827571544/plib_systick.o
 .debug_info    0x0000000000011540      0x590 build/default/production/_ext/60181570/plib_tcc0.o
 .debug_info    0x0000000000011ad0      0x1bd build/default/production/_ext/1865643529/plib_trng.o
 .debug_info    0x0000000000011c8d      0xc72 build/default/production/_ext/1832805299/sys_console.o
 .debug_info    0x00000000000128ff      0xdc6 build/default/production/_ext/1832805299/sys_console_uart.o
 .debug_info    0x00000000000136c5      0x8f9 build/default/production/_ext/1881668453/sys_int.o
 .debug_info    0x0000000000013fbe     0x1c05 build/default/production/_ext/101884895/sys_time.o
 .debug_info    0x0000000000015bc3      0x739 build/default/production/_ext/1171490990/startup_xc32.o
 .debug_info    0x00000000000162fc     0x2494 build/default/production/_ext/1171490990/initialization.o
 .debug_info    0x0000000000018790       0xc1 build/default/production/_ext/1171490990/exceptions.o
 .debug_info    0x0000000000018851       0xa9 build/default/production/_ext/1171490990/tasks.o
 .debug_info    0x00000000000188fa      0xc0d build/default/production/_ext/1171490990/interrupts.o
 .debug_info    0x0000000000019507       0xeb build/default/production/_ext/1360937237/main.o
 .debug_info    0x00000000000195f2      0x13a build/default/production/_ext/1360937237/console_driver.o
 .debug_info    0x000000000001972c       0xbf build/default/production/_ext/1360937237/mcp9808_driver.o
 .debug_info    0x00000000000197eb     0x1456 build/default/production/_ext/1360937237/hdc302x_driver.o
 .debug_info    0x000000000001ac41      0x5c3 build/default/production/_ext/1360937237/sht4x_driver.o
 .debug_info    0x000000000001b204      0x13a build/default/production/_ext/1360937237/rtc_driver.o
 .debug_info    0x000000000001b33e      0x590 build/default/production/_ext/1360937237/timer_driver.o
 .debug_info    0x000000000001b8ce      0x13a build/default/production/_ext/1360937237/can0_driver.o
 .debug_info    0x000000000001ba08      0xf88 build/default/production/_ext/1360937237/bme690_driver.o
 .debug_info    0x000000000001c990      0x13a build/default/production/_ext/1360937237/rstc_driver.o
 .debug_info    0x000000000001caca       0xbf build/default/production/_ext/1360937237/lc709204f_driver.o
 .debug_info    0x000000000001cb89       0x68 c:/applications/microchip/xc32/bin/bin/../../lib/gcc/pic32c/8.3.1/../../../../pic32c/lib/thumb/v8-m.main+fp/hard\libpic32c.a(data_init.o)
 .debug_info    0x000000000001cbf1       0xbb c:/applications/microchip/xc32/bin/bin/../../lib/gcc/pic32c/8.3.1/../../../../pic32c/lib/thumb/v8-m.main+fp/hard\libc-size-musl.a(memset.o)
 .debug_info    0x000000000001ccac      0x2fb c:/applications/microchip/xc32/bin/bin/../../lib/gcc/pic32c/8.3.1/../../../../pic32c/lib/thumb/v8-m.main+fp/hard\libc-musl.a(__libc_start_main.o)
 .debug_info    0x000000000001cfa7      0x276 c:/applications/microchip/xc32/bin/bin/../../lib/gcc/pic32c/8.3.1/../../../../pic32c/lib/thumb/v8-m.main+fp/hard\libc-musl.a(libc.o)
 .debug_info    0x000000000001d21d       0x97 c:/applications/microchip/xc32/bin/bin/../../lib/gcc/pic32c/8.3.1/../../../../pic32c/lib/thumb/v8-m.main+fp/hard\libc-musl.a(__environ.o)
 .debug_info    0x000000000001d2b4       0x3f c:/applications/microchip/xc32/bin/bin/../../lib/gcc/pic32c/8.3.1/../../../../pic32c/lib/thumb/v8-m.main+fp/hard\libpic32c.a(pic32_data_init_clear.o)
 .debug_info    0x000000000001d2f3       0x40 c:/applications/microchip/xc32/bin/bin/../../lib/gcc/pic32c/8.3.1/../../../../pic32c/lib/thumb/v8-m.main+fp/hard\libpic32c.a(pic32_data_init_copy.o)

.debug_abbrev   0x0000000000000000     0x53ea
 .debug_abbrev  0x0000000000000000      0x49f build/default/production/_ext/158385033/drv_i2c.o
 .debug_abbrev  0x000000000000049f      0x4b7 build/default/production/_ext/2070931557/drv_spi.o
 .debug_abbrev  0x0000000000000956      0x523 build/default/production/_ext/869808652/drv_usart.o
 .debug_abbrev  0x0000000000000e79      0x1a2 build/default/production/_ext/829343244/plib_ac.o
 .debug_abbrev  0x000000000000101b      0x2ee build/default/production/_ext/60165182/plib_can0.o
 .debug_abbrev  0x0000000000001309       0xa4 build/default/production/_ext/60165242/plib_ccl.o
 .debug_abbrev  0x00000000000013ad       0xfc build/default/production/_ext/1984496892/plib_clock.o
 .debug_abbrev  0x00000000000014a9       0xa4 build/default/production/_ext/60167341/plib_eic.o
 .debug_abbrev  0x000000000000154d       0x46 build/default/production/_ext/1986646378/plib_evsys.o
 .debug_abbrev  0x0000000000001593      0x11c build/default/production/_ext/1987437027/plib_freqm.o
 .debug_abbrev  0x00000000000016af      0x249 build/default/production/_ext/1865468468/plib_nvic.o
 .debug_abbrev  0x00000000000018f8       0xf2 build/default/production/_ext/1865510628/plib_pdec.o
 .debug_abbrev  0x00000000000019ea       0x95 build/default/production/_ext/829342769/plib_pm.o
 .debug_abbrev  0x0000000000001a7f      0x1e8 build/default/production/_ext/1865521619/plib_port.o
 .debug_abbrev  0x0000000000001c67      0x1a2 build/default/production/_ext/60180175/plib_rtc_timer.o
 .debug_abbrev  0x0000000000001e09      0x3ac build/default/production/_ext/508257091/plib_sercom0_i2c_master.o
 .debug_abbrev  0x00000000000021b5      0x276 build/default/production/_ext/17022449/plib_sercom1_spi_master.o
 .debug_abbrev  0x000000000000242b      0x439 build/default/production/_ext/504274921/plib_sercom3_usart.o
 .debug_abbrev  0x0000000000002864      0x318 build/default/production/_ext/504274921/plib_sercom2_usart.o
 .debug_abbrev  0x0000000000002b7c       0xdb build/default/production/_ext/1865616679/plib_supc.o
 .debug_abbrev  0x0000000000002c57      0x1ef build/default/production/_ext/1827571544/plib_systick.o
 .debug_abbrev  0x0000000000002e46      0x197 build/default/production/_ext/60181570/plib_tcc0.o
 .debug_abbrev  0x0000000000002fdd       0xc0 build/default/production/_ext/1865643529/plib_trng.o
 .debug_abbrev  0x000000000000309d      0x3cd build/default/production/_ext/1832805299/sys_console.o
 .debug_abbrev  0x000000000000346a      0x31c build/default/production/_ext/1832805299/sys_console_uart.o
 .debug_abbrev  0x0000000000003786      0x25c build/default/production/_ext/1881668453/sys_int.o
 .debug_abbrev  0x00000000000039e2      0x4c9 build/default/production/_ext/101884895/sys_time.o
 .debug_abbrev  0x0000000000003eab      0x1e3 build/default/production/_ext/1171490990/startup_xc32.o
 .debug_abbrev  0x000000000000408e      0x255 build/default/production/_ext/1171490990/initialization.o
 .debug_abbrev  0x00000000000042e3       0x49 build/default/production/_ext/1171490990/exceptions.o
 .debug_abbrev  0x000000000000432c       0x46 build/default/production/_ext/1171490990/tasks.o
 .debug_abbrev  0x0000000000004372       0xe5 build/default/production/_ext/1171490990/interrupts.o
 .debug_abbrev  0x0000000000004457       0x82 build/default/production/_ext/1360937237/main.o
 .debug_abbrev  0x00000000000044d9       0xdd build/default/production/_ext/1360937237/console_driver.o
 .debug_abbrev  0x00000000000045b6       0x75 build/default/production/_ext/1360937237/mcp9808_driver.o
 .debug_abbrev  0x000000000000462b      0x279 build/default/production/_ext/1360937237/hdc302x_driver.o
 .debug_abbrev  0x00000000000048a4      0x18e build/default/production/_ext/1360937237/sht4x_driver.o
 .debug_abbrev  0x0000000000004a32       0xdd build/default/production/_ext/1360937237/rtc_driver.o
 .debug_abbrev  0x0000000000004b0f      0x13f build/default/production/_ext/1360937237/timer_driver.o
 .debug_abbrev  0x0000000000004c4e       0xdd build/default/production/_ext/1360937237/can0_driver.o
 .debug_abbrev  0x0000000000004d2b      0x1c2 build/default/production/_ext/1360937237/bme690_driver.o
 .debug_abbrev  0x0000000000004eed       0xdd build/default/production/_ext/1360937237/rstc_driver.o
 .debug_abbrev  0x0000000000004fca       0x75 build/default/production/_ext/1360937237/lc709204f_driver.o
 .debug_abbrev  0x000000000000503f       0x44 c:/applications/microchip/xc32/bin/bin/../../lib/gcc/pic32c/8.3.1/../../../../pic32c/lib/thumb/v8-m.main+fp/hard\libpic32c.a(data_init.o)
 .debug_abbrev  0x0000000000005083       0xa2 c:/applications/microchip/xc32/bin/bin/../../lib/gcc/pic32c/8.3.1/../../../../pic32c/lib/thumb/v8-m.main+fp/hard\libc-size-musl.a(memset.o)
 .debug_abbrev  0x0000000000005125      0x133 c:/applications/microchip/xc32/bin/bin/../../lib/gcc/pic32c/8.3.1/../../../../pic32c/lib/thumb/v8-m.main+fp/hard\libc-musl.a(__libc_start_main.o)
 .debug_abbrev  0x0000000000005258       0xd4 c:/applications/microchip/xc32/bin/bin/../../lib/gcc/pic32c/8.3.1/../../../../pic32c/lib/thumb/v8-m.main+fp/hard\libc-musl.a(libc.o)
 .debug_abbrev  0x000000000000532c       0x62 c:/applications/microchip/xc32/bin/bin/../../lib/gcc/pic32c/8.3.1/../../../../pic32c/lib/thumb/v8-m.main+fp/hard\libc-musl.a(__environ.o)
 .debug_abbrev  0x000000000000538e       0x2e c:/applications/microchip/xc32/bin/bin/../../lib/gcc/pic32c/8.3.1/../../../../pic32c/lib/thumb/v8-m.main+fp/hard\libpic32c.a(pic32_data_init_clear.o)
 .debug_abbrev  0x00000000000053bc       0x2e c:/applications/microchip/xc32/bin/bin/../../lib/gcc/pic32c/8.3.1/../../../../pic32c/lib/thumb/v8-m.main+fp/hard\libpic32c.a(pic32_data_init_copy.o)

.debug_loc      0x0000000000000000     0xf595
 .debug_loc     0x0000000000000000     0x1bbf build/default/production/_ext/158385033/drv_i2c.o
 .debug_loc     0x0000000000001bbf     0x1b4c build/default/production/_ext/2070931557/drv_spi.o
 .debug_loc     0x000000000000370b     0x228f build/default/production/_ext/869808652/drv_usart.o
 .debug_loc     0x000000000000599a      0x173 build/default/production/_ext/829343244/plib_ac.o
 .debug_loc     0x0000000000005b0d      0xd30 build/default/production/_ext/60165182/plib_can0.o
 .debug_loc     0x000000000000683d       0xf8 build/default/production/_ext/1987437027/plib_freqm.o
 .debug_loc     0x0000000000006935      0x841 build/default/production/_ext/1865468468/plib_nvic.o
 .debug_loc     0x0000000000007176       0x15 build/default/production/_ext/1865510628/plib_pdec.o
 .debug_loc     0x000000000000718b      0x23d build/default/production/_ext/1865521619/plib_port.o
 .debug_loc     0x00000000000073c8       0x94 build/default/production/_ext/60180175/plib_rtc_timer.o
 .debug_loc     0x000000000000745c      0xece build/default/production/_ext/508257091/plib_sercom0_i2c_master.o
 .debug_loc     0x000000000000832a      0x6ae build/default/production/_ext/17022449/plib_sercom1_spi_master.o
 .debug_loc     0x00000000000089d8      0xef4 build/default/production/_ext/504274921/plib_sercom3_usart.o
 .debug_loc     0x00000000000098cc      0xaaa build/default/production/_ext/504274921/plib_sercom2_usart.o
 .debug_loc     0x000000000000a376      0x331 build/default/production/_ext/1827571544/plib_systick.o
 .debug_loc     0x000000000000a6a7       0x75 build/default/production/_ext/60181570/plib_tcc0.o
 .debug_loc     0x000000000000a71c      0xd39 build/default/production/_ext/1832805299/sys_console.o
 .debug_loc     0x000000000000b455      0x9f9 build/default/production/_ext/1832805299/sys_console_uart.o
 .debug_loc     0x000000000000be4e      0x182 build/default/production/_ext/1881668453/sys_int.o
 .debug_loc     0x000000000000bfd0     0x1e3e build/default/production/_ext/101884895/sys_time.o
 .debug_loc     0x000000000000de0e       0x4a build/default/production/_ext/1171490990/startup_xc32.o
 .debug_loc     0x000000000000de58       0x45 build/default/production/_ext/1171490990/initialization.o
 .debug_loc     0x000000000000de9d       0x20 build/default/production/_ext/1360937237/main.o
 .debug_loc     0x000000000000debd       0x16 build/default/production/_ext/1360937237/console_driver.o
 .debug_loc     0x000000000000ded3      0xf04 build/default/production/_ext/1360937237/hdc302x_driver.o
 .debug_loc     0x000000000000edd7      0x253 build/default/production/_ext/1360937237/sht4x_driver.o
 .debug_loc     0x000000000000f02a       0x16 build/default/production/_ext/1360937237/rtc_driver.o
 .debug_loc     0x000000000000f040      0x120 build/default/production/_ext/1360937237/timer_driver.o
 .debug_loc     0x000000000000f160       0x16 build/default/production/_ext/1360937237/can0_driver.o
 .debug_loc     0x000000000000f176      0x313 build/default/production/_ext/1360937237/bme690_driver.o
 .debug_loc     0x000000000000f489       0x16 build/default/production/_ext/1360937237/rstc_driver.o
 .debug_loc     0x000000000000f49f       0x14 c:/applications/microchip/xc32/bin/bin/../../lib/gcc/pic32c/8.3.1/../../../../pic32c/lib/thumb/v8-m.main+fp/hard\libpic32c.a(data_init.o)
 .debug_loc     0x000000000000f4b3       0x7d c:/applications/microchip/xc32/bin/bin/../../lib/gcc/pic32c/8.3.1/../../../../pic32c/lib/thumb/v8-m.main+fp/hard\libc-size-musl.a(memset.o)
 .debug_loc     0x000000000000f530       0x51 c:/applications/microchip/xc32/bin/bin/../../lib/gcc/pic32c/8.3.1/../../../../pic32c/lib/thumb/v8-m.main+fp/hard\libc-musl.a(__libc_start_main.o)
 .debug_loc     0x000000000000f581       0x14 c:/applications/microchip/xc32/bin/bin/../../lib/gcc/pic32c/8.3.1/../../../../pic32c/lib/thumb/v8-m.main+fp/hard\libpic32c.a(pic32_data_init_copy.o)

.debug_aranges  0x0000000000000000     0x13e0
 .debug_aranges
                0x0000000000000000       0xc0 build/default/production/_ext/158385033/drv_i2c.o
 .debug_aranges
                0x00000000000000c0       0x98 build/default/production/_ext/2070931557/drv_spi.o
 .debug_aranges
                0x0000000000000158      0x100 build/default/production/_ext/869808652/drv_usart.o
 .debug_aranges
                0x0000000000000258       0x50 build/default/production/_ext/829343244/plib_ac.o
 .debug_aranges
                0x00000000000002a8       0xa0 build/default/production/_ext/60165182/plib_can0.o
 .debug_aranges
                0x0000000000000348       0x20 build/default/production/_ext/60165242/plib_ccl.o
 .debug_aranges
                0x0000000000000368       0x20 build/default/production/_ext/1984496892/plib_clock.o
 .debug_aranges
                0x0000000000000388       0x20 build/default/production/_ext/60167341/plib_eic.o
 .debug_aranges
                0x00000000000003a8       0x20 build/default/production/_ext/1986646378/plib_evsys.o
 .debug_aranges
                0x00000000000003c8       0x40 build/default/production/_ext/1987437027/plib_freqm.o
 .debug_aranges
                0x0000000000000408       0x48 build/default/production/_ext/1865468468/plib_nvic.o
 .debug_aranges
                0x0000000000000450       0x50 build/default/production/_ext/1865510628/plib_pdec.o
 .debug_aranges
                0x00000000000004a0       0x58 build/default/production/_ext/829342769/plib_pm.o
 .debug_aranges
                0x00000000000004f8       0x68 build/default/production/_ext/1865521619/plib_port.o
 .debug_aranges
                0x0000000000000560       0xa0 build/default/production/_ext/60180175/plib_rtc_timer.o
 .debug_aranges
                0x0000000000000600       0x78 build/default/production/_ext/508257091/plib_sercom0_i2c_master.o
 .debug_aranges
                0x0000000000000678       0x60 build/default/production/_ext/17022449/plib_sercom1_spi_master.o
 .debug_aranges
                0x00000000000006d8       0xe8 build/default/production/_ext/504274921/plib_sercom3_usart.o
 .debug_aranges
                0x00000000000007c0       0xe0 build/default/production/_ext/504274921/plib_sercom2_usart.o
 .debug_aranges
                0x00000000000008a0       0x30 build/default/production/_ext/1865616679/plib_supc.o
 .debug_aranges
                0x00000000000008d0       0x98 build/default/production/_ext/1827571544/plib_systick.o
 .debug_aranges
                0x0000000000000968       0x78 build/default/production/_ext/60181570/plib_tcc0.o
 .debug_aranges
                0x00000000000009e0       0x28 build/default/production/_ext/1865643529/plib_trng.o
 .debug_aranges
                0x0000000000000a08       0x88 build/default/production/_ext/1832805299/sys_console.o
 .debug_aranges
                0x0000000000000a90       0x68 build/default/production/_ext/1832805299/sys_console_uart.o
 .debug_aranges
                0x0000000000000af8       0x40 build/default/production/_ext/1881668453/sys_int.o
 .debug_aranges
                0x0000000000000b38      0x108 build/default/production/_ext/101884895/sys_time.o
 .debug_aranges
                0x0000000000000c40       0x28 build/default/production/_ext/1171490990/startup_xc32.o
 .debug_aranges
                0x0000000000000c68       0x20 build/default/production/_ext/1171490990/initialization.o
 .debug_aranges
                0x0000000000000c88       0x28 build/default/production/_ext/1171490990/exceptions.o
 .debug_aranges
                0x0000000000000cb0       0x20 build/default/production/_ext/1171490990/tasks.o
 .debug_aranges
                0x0000000000000cd0       0x20 build/default/production/_ext/1171490990/interrupts.o
 .debug_aranges
                0x0000000000000cf0       0x20 build/default/production/_ext/1360937237/main.o
 .debug_aranges
                0x0000000000000d10       0x28 build/default/production/_ext/1360937237/console_driver.o
 .debug_aranges
                0x0000000000000d38       0x20 build/default/production/_ext/1360937237/mcp9808_driver.o
 .debug_aranges
                0x0000000000000d58      0x1e0 build/default/production/_ext/1360937237/hdc302x_driver.o
 .debug_aranges
                0x0000000000000f38       0x90 build/default/production/_ext/1360937237/sht4x_driver.o
 .debug_aranges
                0x0000000000000fc8       0x28 build/default/production/_ext/1360937237/rtc_driver.o
 .debug_aranges
                0x0000000000000ff0       0xc0 build/default/production/_ext/1360937237/timer_driver.o
 .debug_aranges
                0x00000000000010b0       0x28 build/default/production/_ext/1360937237/can0_driver.o
 .debug_aranges
                0x00000000000010d8      0x1d8 build/default/production/_ext/1360937237/bme690_driver.o
 .debug_aranges
                0x00000000000012b0       0x28 build/default/production/_ext/1360937237/rstc_driver.o
 .debug_aranges
                0x00000000000012d8       0x20 build/default/production/_ext/1360937237/lc709204f_driver.o
 .debug_aranges
                0x00000000000012f8       0x30 c:/applications/microchip/xc32/bin/bin/../../lib/gcc/pic32c/8.3.1/../../../../pic32c/lib/thumb/v8-m.main+fp/hard\libpic32c.a(data_init.o)
 .debug_aranges
                0x0000000000001328       0x20 c:/applications/microchip/xc32/bin/bin/../../lib/gcc/pic32c/8.3.1/../../../../pic32c/lib/thumb/v8-m.main+fp/hard\libc-size-musl.a(memset.o)
 .debug_aranges
                0x0000000000001348       0x28 c:/applications/microchip/xc32/bin/bin/../../lib/gcc/pic32c/8.3.1/../../../../pic32c/lib/thumb/v8-m.main+fp/hard\libc-musl.a(__libc_start_main.o)
 .debug_aranges
                0x0000000000001370       0x18 c:/applications/microchip/xc32/bin/bin/../../lib/gcc/pic32c/8.3.1/../../../../pic32c/lib/thumb/v8-m.main+fp/hard\libc-musl.a(libc.o)
 .debug_aranges
                0x0000000000001388       0x18 c:/applications/microchip/xc32/bin/bin/../../lib/gcc/pic32c/8.3.1/../../../../pic32c/lib/thumb/v8-m.main+fp/hard\libc-musl.a(__environ.o)
 .debug_aranges
                0x00000000000013a0       0x20 c:/applications/microchip/xc32/bin/bin/../../lib/gcc/pic32c/8.3.1/../../../../pic32c/lib/thumb/v8-m.main+fp/hard\libpic32c.a(pic32_data_init_clear.o)
 .debug_aranges
                0x00000000000013c0       0x20 c:/applications/microchip/xc32/bin/bin/../../lib/gcc/pic32c/8.3.1/../../../../pic32c/lib/thumb/v8-m.main+fp/hard\libpic32c.a(pic32_data_init_copy.o)

.debug_ranges   0x0000000000000000     0x1730
 .debug_ranges  0x0000000000000000      0x140 build/default/production/_ext/158385033/drv_i2c.o
 .debug_ranges  0x0000000000000140      0x180 build/default/production/_ext/2070931557/drv_spi.o
 .debug_ranges  0x00000000000002c0      0x1d0 build/default/production/_ext/869808652/drv_usart.o
 .debug_ranges  0x0000000000000490       0x40 build/default/production/_ext/829343244/plib_ac.o
 .debug_ranges  0x00000000000004d0       0x90 build/default/production/_ext/60165182/plib_can0.o
 .debug_ranges  0x0000000000000560       0x10 build/default/production/_ext/60165242/plib_ccl.o
 .debug_ranges  0x0000000000000570       0x10 build/default/production/_ext/1984496892/plib_clock.o
 .debug_ranges  0x0000000000000580       0x10 build/default/production/_ext/60167341/plib_eic.o
 .debug_ranges  0x0000000000000590       0x10 build/default/production/_ext/1986646378/plib_evsys.o
 .debug_ranges  0x00000000000005a0       0x30 build/default/production/_ext/1987437027/plib_freqm.o
 .debug_ranges  0x00000000000005d0       0x38 build/default/production/_ext/1865468468/plib_nvic.o
 .debug_ranges  0x0000000000000608       0x40 build/default/production/_ext/1865510628/plib_pdec.o
 .debug_ranges  0x0000000000000648       0x48 build/default/production/_ext/829342769/plib_pm.o
 .debug_ranges  0x0000000000000690       0x58 build/default/production/_ext/1865521619/plib_port.o
 .debug_ranges  0x00000000000006e8       0x90 build/default/production/_ext/60180175/plib_rtc_timer.o
 .debug_ranges  0x0000000000000778      0x130 build/default/production/_ext/508257091/plib_sercom0_i2c_master.o
 .debug_ranges  0x00000000000008a8       0x68 build/default/production/_ext/17022449/plib_sercom1_spi_master.o
 .debug_ranges  0x0000000000000910      0x1d0 build/default/production/_ext/504274921/plib_sercom3_usart.o
 .debug_ranges  0x0000000000000ae0      0x120 build/default/production/_ext/504274921/plib_sercom2_usart.o
 .debug_ranges  0x0000000000000c00       0x20 build/default/production/_ext/1865616679/plib_supc.o
 .debug_ranges  0x0000000000000c20       0x88 build/default/production/_ext/1827571544/plib_systick.o
 .debug_ranges  0x0000000000000ca8       0x68 build/default/production/_ext/60181570/plib_tcc0.o
 .debug_ranges  0x0000000000000d10       0x18 build/default/production/_ext/1865643529/plib_trng.o
 .debug_ranges  0x0000000000000d28       0x90 build/default/production/_ext/1832805299/sys_console.o
 .debug_ranges  0x0000000000000db8      0x1a8 build/default/production/_ext/1832805299/sys_console_uart.o
 .debug_ranges  0x0000000000000f60       0x30 build/default/production/_ext/1881668453/sys_int.o
 .debug_ranges  0x0000000000000f90      0x140 build/default/production/_ext/101884895/sys_time.o
 .debug_ranges  0x00000000000010d0       0x18 build/default/production/_ext/1171490990/startup_xc32.o
 .debug_ranges  0x00000000000010e8       0x10 build/default/production/_ext/1171490990/initialization.o
 .debug_ranges  0x00000000000010f8       0x18 build/default/production/_ext/1171490990/exceptions.o
 .debug_ranges  0x0000000000001110       0x10 build/default/production/_ext/1171490990/tasks.o
 .debug_ranges  0x0000000000001120       0x10 build/default/production/_ext/1171490990/interrupts.o
 .debug_ranges  0x0000000000001130       0x10 build/default/production/_ext/1360937237/main.o
 .debug_ranges  0x0000000000001140       0x18 build/default/production/_ext/1360937237/console_driver.o
 .debug_ranges  0x0000000000001158       0x10 build/default/production/_ext/1360937237/mcp9808_driver.o
 .debug_ranges  0x0000000000001168      0x1e8 build/default/production/_ext/1360937237/hdc302x_driver.o
 .debug_ranges  0x0000000000001350       0x80 build/default/production/_ext/1360937237/sht4x_driver.o
 .debug_ranges  0x00000000000013d0       0x18 build/default/production/_ext/1360937237/rtc_driver.o
 .debug_ranges  0x00000000000013e8       0xb0 build/default/production/_ext/1360937237/timer_driver.o
 .debug_ranges  0x0000000000001498       0x18 build/default/production/_ext/1360937237/can0_driver.o
 .debug_ranges  0x00000000000014b0      0x1c8 build/default/production/_ext/1360937237/bme690_driver.o
 .debug_ranges  0x0000000000001678       0x18 build/default/production/_ext/1360937237/rstc_driver.o
 .debug_ranges  0x0000000000001690       0x10 build/default/production/_ext/1360937237/lc709204f_driver.o
 .debug_ranges  0x00000000000016a0       0x20 c:/applications/microchip/xc32/bin/bin/../../lib/gcc/pic32c/8.3.1/../../../../pic32c/lib/thumb/v8-m.main+fp/hard\libpic32c.a(data_init.o)
 .debug_ranges  0x00000000000016c0       0x10 c:/applications/microchip/xc32/bin/bin/../../lib/gcc/pic32c/8.3.1/../../../../pic32c/lib/thumb/v8-m.main+fp/hard\libc-size-musl.a(memset.o)
 .debug_ranges  0x00000000000016d0       0x40 c:/applications/microchip/xc32/bin/bin/../../lib/gcc/pic32c/8.3.1/../../../../pic32c/lib/thumb/v8-m.main+fp/hard\libc-musl.a(__libc_start_main.o)
 .debug_ranges  0x0000000000001710       0x10 c:/applications/microchip/xc32/bin/bin/../../lib/gcc/pic32c/8.3.1/../../../../pic32c/lib/thumb/v8-m.main+fp/hard\libpic32c.a(pic32_data_init_clear.o)
 .debug_ranges  0x0000000000001720       0x10 c:/applications/microchip/xc32/bin/bin/../../lib/gcc/pic32c/8.3.1/../../../../pic32c/lib/thumb/v8-m.main+fp/hard\libpic32c.a(pic32_data_init_copy.o)

.debug_line     0x0000000000000000     0xd690
 .debug_line    0x0000000000000000      0xf5a build/default/production/_ext/158385033/drv_i2c.o
 .debug_line    0x0000000000000f5a     0x10bf build/default/production/_ext/2070931557/drv_spi.o
 .debug_line    0x0000000000002019     0x11dd build/default/production/_ext/869808652/drv_usart.o
 .debug_line    0x00000000000031f6      0x2fb build/default/production/_ext/829343244/plib_ac.o
 .debug_line    0x00000000000034f1      0x79a build/default/production/_ext/60165182/plib_can0.o
 .debug_line    0x0000000000003c8b      0x129 build/default/production/_ext/60165242/plib_ccl.o
 .debug_line    0x0000000000003db4      0x2dc build/default/production/_ext/1984496892/plib_clock.o
 .debug_line    0x0000000000004090      0x126 build/default/production/_ext/60167341/plib_eic.o
 .debug_line    0x00000000000041b6       0x66 build/default/production/_ext/1986646378/plib_evsys.o
 .debug_line    0x000000000000421c      0x1d9 build/default/production/_ext/1987437027/plib_freqm.o
 .debug_line    0x00000000000043f5      0x984 build/default/production/_ext/1865468468/plib_nvic.o
 .debug_line    0x0000000000004d79      0x2bf build/default/production/_ext/1865510628/plib_pdec.o
 .debug_line    0x0000000000005038      0x203 build/default/production/_ext/829342769/plib_pm.o
 .debug_line    0x000000000000523b      0x280 build/default/production/_ext/1865521619/plib_port.o
 .debug_line    0x00000000000054bb      0x3f1 build/default/production/_ext/60180175/plib_rtc_timer.o
 .debug_line    0x00000000000058ac      0x8fc build/default/production/_ext/508257091/plib_sercom0_i2c_master.o
 .debug_line    0x00000000000061a8      0x791 build/default/production/_ext/17022449/plib_sercom1_spi_master.o
 .debug_line    0x0000000000006939      0xcf1 build/default/production/_ext/504274921/plib_sercom3_usart.o
 .debug_line    0x000000000000762a      0x9b5 build/default/production/_ext/504274921/plib_sercom2_usart.o
 .debug_line    0x0000000000007fdf      0x173 build/default/production/_ext/1865616679/plib_supc.o
 .debug_line    0x0000000000008152      0x41b build/default/production/_ext/1827571544/plib_systick.o
 .debug_line    0x000000000000856d      0x342 build/default/production/_ext/60181570/plib_tcc0.o
 .debug_line    0x00000000000088af      0x11f build/default/production/_ext/1865643529/plib_trng.o
 .debug_line    0x00000000000089ce      0x642 build/default/production/_ext/1832805299/sys_console.o
 .debug_line    0x0000000000009010      0x60b build/default/production/_ext/1832805299/sys_console_uart.o
 .debug_line    0x000000000000961b      0x2c7 build/default/production/_ext/1881668453/sys_int.o
 .debug_line    0x00000000000098e2      0xe49 build/default/production/_ext/101884895/sys_time.o
 .debug_line    0x000000000000a72b      0x23f build/default/production/_ext/1171490990/startup_xc32.o
 .debug_line    0x000000000000a96a      0x93c build/default/production/_ext/1171490990/initialization.o
 .debug_line    0x000000000000b2a6       0x6f build/default/production/_ext/1171490990/exceptions.o
 .debug_line    0x000000000000b315       0x53 build/default/production/_ext/1171490990/tasks.o
 .debug_line    0x000000000000b368       0xe3 build/default/production/_ext/1171490990/interrupts.o
 .debug_line    0x000000000000b44b       0x6d build/default/production/_ext/1360937237/main.o
 .debug_line    0x000000000000b4b8       0x96 build/default/production/_ext/1360937237/console_driver.o
 .debug_line    0x000000000000b54e       0x5f build/default/production/_ext/1360937237/mcp9808_driver.o
 .debug_line    0x000000000000b5ad      0xba4 build/default/production/_ext/1360937237/hdc302x_driver.o
 .debug_line    0x000000000000c151      0x374 build/default/production/_ext/1360937237/sht4x_driver.o
 .debug_line    0x000000000000c4c5       0x8e build/default/production/_ext/1360937237/rtc_driver.o
 .debug_line    0x000000000000c553      0x381 build/default/production/_ext/1360937237/timer_driver.o
 .debug_line    0x000000000000c8d4       0x90 build/default/production/_ext/1360937237/can0_driver.o
 .debug_line    0x000000000000c964      0x64e build/default/production/_ext/1360937237/bme690_driver.o
 .debug_line    0x000000000000cfb2       0x90 build/default/production/_ext/1360937237/rstc_driver.o
 .debug_line    0x000000000000d042       0x63 build/default/production/_ext/1360937237/lc709204f_driver.o
 .debug_line    0x000000000000d0a5       0xa7 c:/applications/microchip/xc32/bin/bin/../../lib/gcc/pic32c/8.3.1/../../../../pic32c/lib/thumb/v8-m.main+fp/hard\libpic32c.a(data_init.o)
 .debug_line    0x000000000000d14c       0xe3 c:/applications/microchip/xc32/bin/bin/../../lib/gcc/pic32c/8.3.1/../../../../pic32c/lib/thumb/v8-m.main+fp/hard\libc-size-musl.a(memset.o)
 .debug_line    0x000000000000d22f      0x1c0 c:/applications/microchip/xc32/bin/bin/../../lib/gcc/pic32c/8.3.1/../../../../pic32c/lib/thumb/v8-m.main+fp/hard\libc-musl.a(__libc_start_main.o)
 .debug_line    0x000000000000d3ef       0xb5 c:/applications/microchip/xc32/bin/bin/../../lib/gcc/pic32c/8.3.1/../../../../pic32c/lib/thumb/v8-m.main+fp/hard\libc-musl.a(libc.o)
 .debug_line    0x000000000000d4a4       0xfb c:/applications/microchip/xc32/bin/bin/../../lib/gcc/pic32c/8.3.1/../../../../pic32c/lib/thumb/v8-m.main+fp/hard\libc-musl.a(__environ.o)
 .debug_line    0x000000000000d59f       0x72 c:/applications/microchip/xc32/bin/bin/../../lib/gcc/pic32c/8.3.1/../../../../pic32c/lib/thumb/v8-m.main+fp/hard\libpic32c.a(pic32_data_init_clear.o)
 .debug_line    0x000000000000d611       0x7f c:/applications/microchip/xc32/bin/bin/../../lib/gcc/pic32c/8.3.1/../../../../pic32c/lib/thumb/v8-m.main+fp/hard\libpic32c.a(pic32_data_init_copy.o)

.debug_str      0x0000000000000000    0x1c28a
 .debug_str     0x0000000000000000     0x19b1 build/default/production/_ext/158385033/drv_i2c.o
 .debug_str     0x00000000000019b1     0x22b3 build/default/production/_ext/2070931557/drv_spi.o
 .debug_str     0x0000000000003c64     0x1d89 build/default/production/_ext/869808652/drv_usart.o
 .debug_str     0x00000000000059ed      0x5c6 build/default/production/_ext/829343244/plib_ac.o
 .debug_str     0x0000000000005fb3      0xe5f build/default/production/_ext/60165182/plib_can0.o
 .debug_str     0x0000000000006e12      0x321 build/default/production/_ext/60165242/plib_ccl.o
 .debug_str     0x0000000000007133      0x681 build/default/production/_ext/1984496892/plib_clock.o
 .debug_str     0x00000000000077b4      0x3b8 build/default/production/_ext/60167341/plib_eic.o
 .debug_str     0x0000000000007b6c      0x2dd build/default/production/_ext/1986646378/plib_evsys.o
 .debug_str     0x0000000000007e49      0x465 build/default/production/_ext/1987437027/plib_freqm.o
 .debug_str     0x00000000000082ae      0xf95 build/default/production/_ext/1865468468/plib_nvic.o
 .debug_str     0x0000000000009243      0x497 build/default/production/_ext/1865510628/plib_pdec.o
 .debug_str     0x00000000000096da      0x3d3 build/default/production/_ext/829342769/plib_pm.o
 .debug_str     0x0000000000009aad      0x8ac build/default/production/_ext/1865521619/plib_port.o
 .debug_str     0x000000000000a359      0x6ba build/default/production/_ext/60180175/plib_rtc_timer.o
 .debug_str     0x000000000000aa13      0x9a5 build/default/production/_ext/508257091/plib_sercom0_i2c_master.o
 .debug_str     0x000000000000b3b8      0x85b build/default/production/_ext/17022449/plib_sercom1_spi_master.o
 .debug_str     0x000000000000bc13      0xdf9 build/default/production/_ext/504274921/plib_sercom3_usart.o
 .debug_str     0x000000000000ca0c      0xacb build/default/production/_ext/504274921/plib_sercom2_usart.o
 .debug_str     0x000000000000d4d7      0x3d8 build/default/production/_ext/1865616679/plib_supc.o
 .debug_str     0x000000000000d8af      0x51d build/default/production/_ext/1827571544/plib_systick.o
 .debug_str     0x000000000000ddcc      0x635 build/default/production/_ext/60181570/plib_tcc0.o
 .debug_str     0x000000000000e401      0x372 build/default/production/_ext/1865643529/plib_trng.o
 .debug_str     0x000000000000e773      0xa6b build/default/production/_ext/1832805299/sys_console.o
 .debug_str     0x000000000000f1de      0xb1d build/default/production/_ext/1832805299/sys_console_uart.o
 .debug_str     0x000000000000fcfb      0xe25 build/default/production/_ext/1881668453/sys_int.o
 .debug_str     0x0000000000010b20     0x15b7 build/default/production/_ext/101884895/sys_time.o
 .debug_str     0x00000000000120d7      0x544 build/default/production/_ext/1171490990/startup_xc32.o
 .debug_str     0x000000000001261b     0x2e8f build/default/production/_ext/1171490990/initialization.o
 .debug_str     0x00000000000154aa      0x2f0 build/default/production/_ext/1171490990/exceptions.o
 .debug_str     0x000000000001579a      0x2cc build/default/production/_ext/1171490990/tasks.o
 .debug_str     0x0000000000015a66     0x11a0 build/default/production/_ext/1171490990/interrupts.o
 .debug_str     0x0000000000016c06      0x2d0 build/default/production/_ext/1360937237/main.o
 .debug_str     0x0000000000016ed6      0x374 build/default/production/_ext/1360937237/console_driver.o
 .debug_str     0x000000000001724a      0x2f1 build/default/production/_ext/1360937237/mcp9808_driver.o
 .debug_str     0x000000000001753b     0x112b build/default/production/_ext/1360937237/hdc302x_driver.o
 .debug_str     0x0000000000018666      0x828 build/default/production/_ext/1360937237/sht4x_driver.o
 .debug_str     0x0000000000018e8e      0x354 build/default/production/_ext/1360937237/rtc_driver.o
 .debug_str     0x00000000000191e2      0x66e build/default/production/_ext/1360937237/timer_driver.o
 .debug_str     0x0000000000019850      0x35c build/default/production/_ext/1360937237/can0_driver.o
 .debug_str     0x0000000000019bac      0xf06 build/default/production/_ext/1360937237/bme690_driver.o
 .debug_str     0x000000000001aab2      0x35c build/default/production/_ext/1360937237/rstc_driver.o
 .debug_str     0x000000000001ae0e      0x2f9 build/default/production/_ext/1360937237/lc709204f_driver.o
 .debug_str     0x000000000001b107      0x212 c:/applications/microchip/xc32/bin/bin/../../lib/gcc/pic32c/8.3.1/../../../../pic32c/lib/thumb/v8-m.main+fp/hard\libpic32c.a(data_init.o)
 .debug_str     0x000000000001b319      0x227 c:/applications/microchip/xc32/bin/bin/../../lib/gcc/pic32c/8.3.1/../../../../pic32c/lib/thumb/v8-m.main+fp/hard\libc-size-musl.a(memset.o)
 .debug_str     0x000000000001b540      0x3e0 c:/applications/microchip/xc32/bin/bin/../../lib/gcc/pic32c/8.3.1/../../../../pic32c/lib/thumb/v8-m.main+fp/hard\libc-musl.a(__libc_start_main.o)
 .debug_str     0x000000000001b920      0x34b c:/applications/microchip/xc32/bin/bin/../../lib/gcc/pic32c/8.3.1/../../../../pic32c/lib/thumb/v8-m.main+fp/hard\libc-musl.a(libc.o)
 .debug_str     0x000000000001bc6b      0x24b c:/applications/microchip/xc32/bin/bin/../../lib/gcc/pic32c/8.3.1/../../../../pic32c/lib/thumb/v8-m.main+fp/hard\libc-musl.a(__environ.o)
 .debug_str     0x000000000001beb6      0x1eb c:/applications/microchip/xc32/bin/bin/../../lib/gcc/pic32c/8.3.1/../../../../pic32c/lib/thumb/v8-m.main+fp/hard\libpic32c.a(pic32_data_init_clear.o)
 .debug_str     0x000000000001c0a1      0x1e9 c:/applications/microchip/xc32/bin/bin/../../lib/gcc/pic32c/8.3.1/../../../../pic32c/lib/thumb/v8-m.main+fp/hard\libpic32c.a(pic32_data_init_copy.o)

.debug_frame    0x0000000000000000     0x2d40
 .debug_frame   0x0000000000000000      0x290 build/default/production/_ext/158385033/drv_i2c.o
 .debug_frame   0x0000000000000290      0x200 build/default/production/_ext/2070931557/drv_spi.o
 .debug_frame   0x0000000000000490      0x34c build/default/production/_ext/869808652/drv_usart.o
 .debug_frame   0x00000000000007dc       0x98 build/default/production/_ext/829343244/plib_ac.o
 .debug_frame   0x0000000000000874      0x190 build/default/production/_ext/60165182/plib_can0.o
 .debug_frame   0x0000000000000a04       0x20 build/default/production/_ext/60165242/plib_ccl.o
 .debug_frame   0x0000000000000a24       0x20 build/default/production/_ext/1984496892/plib_clock.o
 .debug_frame   0x0000000000000a44       0x20 build/default/production/_ext/60167341/plib_eic.o
 .debug_frame   0x0000000000000a64       0x20 build/default/production/_ext/1986646378/plib_evsys.o
 .debug_frame   0x0000000000000a84       0x60 build/default/production/_ext/1987437027/plib_freqm.o
 .debug_frame   0x0000000000000ae4       0x7c build/default/production/_ext/1865468468/plib_nvic.o
 .debug_frame   0x0000000000000b60       0x80 build/default/production/_ext/1865510628/plib_pdec.o
 .debug_frame   0x0000000000000be0       0x90 build/default/production/_ext/829342769/plib_pm.o
 .debug_frame   0x0000000000000c70       0xc8 build/default/production/_ext/1865521619/plib_port.o
 .debug_frame   0x0000000000000d38      0x128 build/default/production/_ext/60180175/plib_rtc_timer.o
 .debug_frame   0x0000000000000e60      0x10c build/default/production/_ext/508257091/plib_sercom0_i2c_master.o
 .debug_frame   0x0000000000000f6c       0xe0 build/default/production/_ext/17022449/plib_sercom1_spi_master.o
 .debug_frame   0x000000000000104c      0x238 build/default/production/_ext/504274921/plib_sercom3_usart.o
 .debug_frame   0x0000000000001284      0x200 build/default/production/_ext/504274921/plib_sercom2_usart.o
 .debug_frame   0x0000000000001484       0x40 build/default/production/_ext/1865616679/plib_supc.o
 .debug_frame   0x00000000000014c4      0x138 build/default/production/_ext/1827571544/plib_systick.o
 .debug_frame   0x00000000000015fc       0xd8 build/default/production/_ext/60181570/plib_tcc0.o
 .debug_frame   0x00000000000016d4       0x30 build/default/production/_ext/1865643529/plib_trng.o
 .debug_frame   0x0000000000001704      0x1d8 build/default/production/_ext/1832805299/sys_console.o
 .debug_frame   0x00000000000018dc       0xf8 build/default/production/_ext/1832805299/sys_console_uart.o
 .debug_frame   0x00000000000019d4       0x84 build/default/production/_ext/1881668453/sys_int.o
 .debug_frame   0x0000000000001a58      0x358 build/default/production/_ext/101884895/sys_time.o
 .debug_frame   0x0000000000001db0       0x38 build/default/production/_ext/1171490990/startup_xc32.o
 .debug_frame   0x0000000000001de8       0x28 build/default/production/_ext/1171490990/initialization.o
 .debug_frame   0x0000000000001e10       0x30 build/default/production/_ext/1171490990/exceptions.o
 .debug_frame   0x0000000000001e40       0x20 build/default/production/_ext/1171490990/tasks.o
 .debug_frame   0x0000000000001e60       0x20 build/default/production/_ext/1171490990/interrupts.o
 .debug_frame   0x0000000000001e80       0x28 build/default/production/_ext/1360937237/main.o
 .debug_frame   0x0000000000001ea8       0x30 build/default/production/_ext/1360937237/console_driver.o
 .debug_frame   0x0000000000001ed8       0x20 build/default/production/_ext/1360937237/mcp9808_driver.o
 .debug_frame   0x0000000000001ef8      0x594 build/default/production/_ext/1360937237/hdc302x_driver.o
 .debug_frame   0x000000000000248c      0x154 build/default/production/_ext/1360937237/sht4x_driver.o
 .debug_frame   0x00000000000025e0       0x30 build/default/production/_ext/1360937237/rtc_driver.o
 .debug_frame   0x0000000000002610      0x1ac build/default/production/_ext/1360937237/timer_driver.o
 .debug_frame   0x00000000000027bc       0x30 build/default/production/_ext/1360937237/can0_driver.o
 .debug_frame   0x00000000000027ec      0x414 build/default/production/_ext/1360937237/bme690_driver.o
 .debug_frame   0x0000000000002c00       0x30 build/default/production/_ext/1360937237/rstc_driver.o
 .debug_frame   0x0000000000002c30       0x20 build/default/production/_ext/1360937237/lc709204f_driver.o
 .debug_frame   0x0000000000002c50       0x4c c:/applications/microchip/xc32/bin/bin/../../lib/gcc/pic32c/8.3.1/../../../../pic32c/lib/thumb/v8-m.main+fp/hard\libpic32c.a(data_init.o)
 .debug_frame   0x0000000000002c9c       0x20 c:/applications/microchip/xc32/bin/bin/../../lib/gcc/pic32c/8.3.1/../../../../pic32c/lib/thumb/v8-m.main+fp/hard\libc-size-musl.a(memset.o)
 .debug_frame   0x0000000000002cbc       0x3c c:/applications/microchip/xc32/bin/bin/../../lib/gcc/pic32c/8.3.1/../../../../pic32c/lib/thumb/v8-m.main+fp/hard\libc-musl.a(__libc_start_main.o)
 .debug_frame   0x0000000000002cf8       0x20 c:/applications/microchip/xc32/bin/bin/../../lib/gcc/pic32c/8.3.1/../../../../pic32c/lib/thumb/v8-m.main+fp/hard\libpic32c.a(pic32_data_init_clear.o)
 .debug_frame   0x0000000000002d18       0x28 c:/applications/microchip/xc32/bin/bin/../../lib/gcc/pic32c/8.3.1/../../../../pic32c/lib/thumb/v8-m.main+fp/hard\libpic32c.a(pic32_data_init_copy.o)

.note.GNU-stack
                0x0000000000000000        0x0
 .note.GNU-stack
                0x0000000000000000        0x0 c:/applications/microchip/xc32/bin/bin/../../lib/gcc/pic32c/8.3.1/../../../../pic32c/lib/thumb/v8-m.main+fp/hard\libc-size-musl.a(memset.o)
 .note.GNU-stack
                0x0000000000000000        0x0 c:/applications/microchip/xc32/bin/bin/../../lib/gcc/pic32c/8.3.1/../../../../pic32c/lib/thumb/v8-m.main+fp/hard\libc-musl.a(__libc_start_main.o)
 .note.GNU-stack
                0x0000000000000000        0x0 c:/applications/microchip/xc32/bin/bin/../../lib/gcc/pic32c/8.3.1/../../../../pic32c/lib/thumb/v8-m.main+fp/hard\libc-musl.a(libc.o)
 .note.GNU-stack
                0x0000000000000000        0x0 c:/applications/microchip/xc32/bin/bin/../../lib/gcc/pic32c/8.3.1/../../../../pic32c/lib/thumb/v8-m.main+fp/hard\libc-musl.a(__environ.o)

.stack          0x0000000020021900      0x100
 .stack         0x0000000020021900      0x100 stack

.bss.SERCOM3_USART_ReadBuffer%1
                0x0000000020000000     0xffff
 .bss.SERCOM3_USART_ReadBuffer
                0x0000000020000000     0xffff build/default/production/_ext/504274921/plib_sercom3_usart.o

.bss.SERCOM3_USART_WriteBuffer%2
                0x0000000020010000     0xffff
 .bss.SERCOM3_USART_WriteBuffer
                0x0000000020010000     0xffff build/default/production/_ext/504274921/plib_sercom3_usart.o

.bss.drvI2C0TransferObj%3
                0x0000000020020000      0xb00
 .bss.drvI2C0TransferObj
                0x0000000020020000      0xb00 build/default/production/_ext/1171490990/initialization.o

.bss.timers%4   0x0000000020020b00      0x640
 .bss.timers    0x0000000020020b00      0x640 build/default/production/_ext/101884895/sys_time.o

.bss.drvI2C0ClientObjPool%5
                0x0000000020021140       0xf0
 .bss.drvI2C0ClientObjPool
                0x0000000020021140       0xf0 build/default/production/_ext/1171490990/initialization.o

.bss.drvUSART0BufferObjPool%6
                0x0000000020021230       0xb4
 .bss.drvUSART0BufferObjPool
                0x0000000020021230       0xb4 build/default/production/_ext/1171490990/initialization.o

.bss.drvSPI0TransferObjPool%7
                0x00000000200212e4       0x90
 .bss.drvSPI0TransferObjPool
                0x00000000200212e4       0x90 build/default/production/_ext/1171490990/initialization.o

.bss.gDrvSPIObj%8
                0x0000000020021374       0x54
 .bss.gDrvSPIObj
                0x0000000020021374       0x54 build/default/production/_ext/2070931557/drv_spi.o

.bss%9          0x00000000200213c8       0x50
 .bss           0x00000000200213c8       0x50 c:/applications/microchip/xc32/bin/bin/../../lib/gcc/pic32c/8.3.1/../../../../pic32c/lib/thumb/v8-m.main+fp/hard\libc-musl.a(libc.o)
                0x00000000200213c8                __progname_full
                0x00000000200213c8                program_invocation_name
                0x00000000200213cc                program_invocation_short_name
                0x00000000200213cc                __progname
                0x00000000200213d0                __sysinfo
                0x00000000200213d4                __hwcap
                0x00000000200213d8                __libc

.bss.gDrvUSARTObj%10
                0x0000000020021418       0x4c
 .bss.gDrvUSARTObj
                0x0000000020021418       0x4c build/default/production/_ext/869808652/drv_usart.o

.bss.sercom3USARTObj%11
                0x0000000020021464       0x40
 .bss.sercom3USARTObj
                0x0000000020021464       0x40 build/default/production/_ext/504274921/plib_sercom3_usart.o

.bss.gDrvI2CObj%12
                0x00000000200214a4       0x3c
 .bss.gDrvI2CObj
                0x00000000200214a4       0x3c build/default/production/_ext/158385033/drv_i2c.o

.bss.sercom2USARTObj%13
                0x00000000200214e0       0x30
 .bss.sercom2USARTObj
                0x00000000200214e0       0x30 build/default/production/_ext/504274921/plib_sercom2_usart.o

.bss.gSystemCounterObj%14
                0x0000000020021510       0x30
 .bss.gSystemCounterObj
                0x0000000020021510       0x30 build/default/production/_ext/101884895/sys_time.o

.bss.sercom0I2CObj%15
                0x0000000020021540       0x2c
 .bss.sercom0I2CObj
                0x0000000020021540       0x2c build/default/production/_ext/508257091/plib_sercom0_i2c_master.o

.bss.sercom1SPIObj%16
                0x000000002002156c       0x2c
 .bss.sercom1SPIObj
                0x000000002002156c       0x2c build/default/production/_ext/17022449/plib_sercom1_spi_master.o

.bss.drvSPI0ClientObjPool%17
                0x0000000020021598       0x28
 .bss.drvSPI0ClientObjPool
                0x0000000020021598       0x28 build/default/production/_ext/1171490990/initialization.o

.bss.hdc302x_driverData%18
                0x00000000200215c0       0x28
 .bss.hdc302x_driverData
                0x00000000200215c0       0x28 build/default/production/_ext/1360937237/hdc302x_driver.o
                0x00000000200215c0                hdc302x_driverData

.bss.sht4x_driverData%19
                0x00000000200215e8       0x28
 .bss.sht4x_driverData
                0x00000000200215e8       0x28 build/default/production/_ext/1360937237/sht4x_driver.o
                0x00000000200215e8                sht4x_driverData

.bss%20         0x0000000020021610       0x1c
 .bss           0x0000000020021610       0x1c c:/applications/microchip/xc32/bin/bin/../../lib/gcc/pic32c/8.3.1/thumb/v8-m.main+fp/hard/crtbegin.o

.bss.can0Obj%21
                0x000000002002162c       0x1c
 .bss.can0Obj   0x000000002002162c       0x1c build/default/production/_ext/60165182/plib_can0.o

.bss.bme690_driverData%22
                0x0000000020021648       0x1c
 .bss.bme690_driverData
                0x0000000020021648       0x1c build/default/production/_ext/1360937237/bme690_driver.o
                0x0000000020021648                bme690_driverData

.bss.sysObj%23  0x0000000020021664       0x14
 .bss.sysObj    0x0000000020021664       0x14 build/default/production/_ext/1171490990/initialization.o
                0x0000000020021664                sysObj

.bss.timer_driverData%24
                0x0000000020021678       0x14
 .bss.timer_driverData
                0x0000000020021678       0x14 build/default/production/_ext/1360937237/timer_driver.o
                0x0000000020021678                timer_driverData

.bss.drvUSART0ClientObjPool%25
                0x000000002002168c       0x10
 .bss.drvUSART0ClientObjPool
                0x000000002002168c       0x10 build/default/production/_ext/1171490990/initialization.o

.bss.rtcObj%26  0x000000002002169c        0xc
 .bss.rtcObj    0x000000002002169c        0xc build/default/production/_ext/60180175/plib_rtc_timer.o

.bss.systick%27
                0x00000000200216a8        0xc
 .bss.systick   0x00000000200216a8        0xc build/default/production/_ext/1827571544/plib_systick.o

.bss.consoleDeviceInstance%28
                0x00000000200216b4        0xc
 .bss.consoleDeviceInstance
                0x00000000200216b4        0xc build/default/production/_ext/1832805299/sys_console.o

.bss.TCC0_CallbackObject%29
                0x00000000200216c0        0x8
 .bss.TCC0_CallbackObject
                0x00000000200216c0        0x8 build/default/production/_ext/60181570/plib_tcc0.o

.bss.gConsoleUartData%30
                0x00000000200216c8        0x8
 .bss.gConsoleUartData
                0x00000000200216c8        0x8 build/default/production/_ext/1832805299/sys_console_uart.o

.bss%31         0x00000000200216d0        0x4
 .bss           0x00000000200216d0        0x4 c:/applications/microchip/xc32/bin/bin/../../lib/gcc/pic32c/8.3.1/../../../../pic32c/lib/thumb/v8-m.main+fp/hard\libpic32c.a(data_init.o)

.bss%32         0x00000000200216d4        0x4
 .bss           0x00000000200216d4        0x4 c:/applications/microchip/xc32/bin/bin/../../lib/gcc/pic32c/8.3.1/../../../../pic32c/lib/thumb/v8-m.main+fp/hard\libc-musl.a(__environ.o)
                0x00000000200216d4                __environ
                0x00000000200216d4                environ
                0x00000000200216d4                ___environ
                0x00000000200216d4                _environ

.bss.rstc_driverData%33
                0x00000000200216d8        0x1
 .bss.rstc_driverData
                0x00000000200216d8        0x1 build/default/production/_ext/1360937237/rstc_driver.o
                0x00000000200216d8                rstc_driverData

.bss.can0_driverData%34
                0x00000000200216dc        0x1
 .bss.can0_driverData
                0x00000000200216dc        0x1 build/default/production/_ext/1360937237/can0_driver.o
                0x00000000200216dc                can0_driverData

.bss.rtc_driverData%35
                0x00000000200216e0        0x1
 .bss.rtc_driverData
                0x00000000200216e0        0x1 build/default/production/_ext/1360937237/rtc_driver.o
                0x00000000200216e0                rtc_driverData

.bss.console_driverData%36
                0x00000000200216e4        0x1
 .bss.console_driverData
                0x00000000200216e4        0x1 build/default/production/_ext/1360937237/console_driver.o
                0x00000000200216e4                console_driverData

.bss.isLastByteTransferInProgress.8684%37
                0x000000002000ffff        0x1
 .bss.isLastByteTransferInProgress.8684
                0x000000002000ffff        0x1 build/default/production/_ext/17022449/plib_sercom1_spi_master.o

.bss.consolePrintBufferMutex%38
                0x000000002001ffff        0x1
 .bss.consolePrintBufferMutex
                0x000000002001ffff        0x1 build/default/production/_ext/1832805299/sys_console.o

.bss.isConsoleMutexCreated%39
                0x00000000200216d9        0x1
 .bss.isConsoleMutexCreated
                0x00000000200216d9        0x1 build/default/production/_ext/1832805299/sys_console.o

.data.gSysTimeTokenCount%40
                0x00000000200216da        0x2
 .data.gSysTimeTokenCount
                0x00000000200216da        0x2 build/default/production/_ext/101884895/sys_time.o

.eh_frame%z1    0x0000000000000000        0x0
 .eh_frame      0x0000000000000000        0x0 c:/applications/microchip/xc32/bin/bin/../../lib/gcc/pic32c/8.3.1/thumb/v8-m.main+fp/hard/crtbegin.o

.config_0A000000.__config_0A000000%41
                0x000000000a000000        0x4
 .config_0A000000.__config_0A000000
                0x000000000a000000        0x4 build/default/production/_ext/1171490990/initialization.o
                0x000000000a000000                __config_0A000000

.config_0A000004.__config_0A000004%42
                0x000000000a000004        0x4
 .config_0A000004.__config_0A000004
                0x000000000a000004        0x4 build/default/production/_ext/1171490990/initialization.o
                0x000000000a000004                __config_0A000004

.config_0A000008.__config_0A000008%43
                0x000000000a000008        0x4
 .config_0A000008.__config_0A000008
                0x000000000a000008        0x4 build/default/production/_ext/1171490990/initialization.o
                0x000000000a000008                __config_0A000008

.config_0A00000C.__config_0A00000C%44
                0x000000000a00000c        0x4
 .config_0A00000C.__config_0A00000C
                0x000000000a00000c        0x4 build/default/production/_ext/1171490990/initialization.o
                0x000000000a00000c                __config_0A00000C

.config_0A000010.__config_0A000010%45
                0x000000000a000010        0x4
 .config_0A000010.__config_0A000010
                0x000000000a000010        0x4 build/default/production/_ext/1171490990/initialization.o
                0x000000000a000010                __config_0A000010

.config_0A000014.__config_0A000014%46
                0x000000000a000014        0x4
 .config_0A000014.__config_0A000014
                0x000000000a000014        0x4 build/default/production/_ext/1171490990/initialization.o
                0x000000000a000014                __config_0A000014

.config_0A000018.__config_0A000018%47
                0x000000000a000018        0x4
 .config_0A000018.__config_0A000018
                0x000000000a000018        0x4 build/default/production/_ext/1171490990/initialization.o
                0x000000000a000018                __config_0A000018

.config_0A00001C.__config_0A00001C%48
                0x000000000a00001c        0x4
 .config_0A00001C.__config_0A00001C
                0x000000000a00001c        0x4 build/default/production/_ext/1171490990/initialization.o
                0x000000000a00001c                __config_0A00001C

.config_0A000020.__config_0A000020%49
                0x000000000a000020        0x4
 .config_0A000020.__config_0A000020
                0x000000000a000020        0x4 build/default/production/_ext/1171490990/initialization.o
                0x000000000a000020                __config_0A000020

.config_0A000024.__config_0A000024%50
                0x000000000a000024        0x4
 .config_0A000024.__config_0A000024
                0x000000000a000024        0x4 build/default/production/_ext/1171490990/initialization.o
                0x000000000a000024                __config_0A000024

.config_0A000028.__config_0A000028%51
                0x000000000a000028        0x4
 .config_0A000028.__config_0A000028
                0x000000000a000028        0x4 build/default/production/_ext/1171490990/initialization.o
                0x000000000a000028                __config_0A000028

.config_0A00002C.__config_0A00002C%52
                0x000000000a00002c        0x4
 .config_0A00002C.__config_0A00002C
                0x000000000a00002c        0x4 build/default/production/_ext/1171490990/initialization.o
                0x000000000a00002c                __config_0A00002C

.config_0A000030.__config_0A000030%53
                0x000000000a000030        0x4
 .config_0A000030.__config_0A000030
                0x000000000a000030        0x4 build/default/production/_ext/1171490990/initialization.o
                0x000000000a000030                __config_0A000030

.config_0A000034.__config_0A000034%54
                0x000000000a000034        0x4
 .config_0A000034.__config_0A000034
                0x000000000a000034        0x4 build/default/production/_ext/1171490990/initialization.o
                0x000000000a000034                __config_0A000034

.config_0A000038.__config_0A000038%55
                0x000000000a000038        0x4
 .config_0A000038.__config_0A000038
                0x000000000a000038        0x4 build/default/production/_ext/1171490990/initialization.o
                0x000000000a000038                __config_0A000038

.config_0A00003C.__config_0A00003C%56
                0x000000000a00003c        0x4
 .config_0A00003C.__config_0A00003C
                0x000000000a00003c        0x4 build/default/production/_ext/1171490990/initialization.o
                0x000000000a00003c                __config_0A00003C

.config_0A000040.__config_0A000040%57
                0x000000000a000040        0x4
 .config_0A000040.__config_0A000040
                0x000000000a000040        0x4 build/default/production/_ext/1171490990/initialization.o
                0x000000000a000040                __config_0A000040

.config_0A000044.__config_0A000044%58
                0x000000000a000044        0x4
 .config_0A000044.__config_0A000044
                0x000000000a000044        0x4 build/default/production/_ext/1171490990/initialization.o
                0x000000000a000044                __config_0A000044

.config_0A000048.__config_0A000048%59
                0x000000000a000048        0x4
 .config_0A000048.__config_0A000048
                0x000000000a000048        0x4 build/default/production/_ext/1171490990/initialization.o
                0x000000000a000048                __config_0A000048

.config_0A00004C.__config_0A00004C%60
                0x000000000a00004c        0x4
 .config_0A00004C.__config_0A00004C
                0x000000000a00004c        0x4 build/default/production/_ext/1171490990/initialization.o
                0x000000000a00004c                __config_0A00004C

.config_0A000054.__config_0A000054%61
                0x000000000a000054        0x4
 .config_0A000054.__config_0A000054
                0x000000000a000054        0x4 build/default/production/_ext/1171490990/initialization.o
                0x000000000a000054                __config_0A000054

.config_0A000058.__config_0A000058%62
                0x000000000a000058        0x4
 .config_0A000058.__config_0A000058
                0x000000000a000058        0x4 build/default/production/_ext/1171490990/initialization.o
                0x000000000a000058                __config_0A000058

.config_0A00005C.__config_0A00005C%63
                0x000000000a00005c        0x4
 .config_0A00005C.__config_0A00005C
                0x000000000a00005c        0x4 build/default/production/_ext/1171490990/initialization.o
                0x000000000a00005c                __config_0A00005C

.config_0A000060.__config_0A000060%64
                0x000000000a000060        0x4
 .config_0A000060.__config_0A000060
                0x000000000a000060        0x4 build/default/production/_ext/1171490990/initialization.o
                0x000000000a000060                __config_0A000060

.config_0A000064.__config_0A000064%65
                0x000000000a000064        0x4
 .config_0A000064.__config_0A000064
                0x000000000a000064        0x4 build/default/production/_ext/1171490990/initialization.o
                0x000000000a000064                __config_0A000064

.config_0A002000.__config_0A002000%66
                0x000000000a002000        0x4
 .config_0A002000.__config_0A002000
                0x000000000a002000        0x4 build/default/production/_ext/1171490990/initialization.o
                0x000000000a002000                __config_0A002000

.config_0A002004.__config_0A002004%67
                0x000000000a002004        0x4
 .config_0A002004.__config_0A002004
                0x000000000a002004        0x4 build/default/production/_ext/1171490990/initialization.o
                0x000000000a002004                __config_0A002004

.config_0A002008.__config_0A002008%68
                0x000000000a002008        0x4
 .config_0A002008.__config_0A002008
                0x000000000a002008        0x4 build/default/production/_ext/1171490990/initialization.o
                0x000000000a002008                __config_0A002008

.config_0A002020.__config_0A002020%69
                0x000000000a002020        0x4
 .config_0A002020.__config_0A002020
                0x000000000a002020        0x4 build/default/production/_ext/1171490990/initialization.o
                0x000000000a002020                __config_0A002020

.config_0A002024.__config_0A002024%70
                0x000000000a002024        0x4
 .config_0A002024.__config_0A002024
                0x000000000a002024        0x4 build/default/production/_ext/1171490990/initialization.o
                0x000000000a002024                __config_0A002024

.config_0A002028.__config_0A002028%71
                0x000000000a002028        0x4
 .config_0A002028.__config_0A002028
                0x000000000a002028        0x4 build/default/production/_ext/1171490990/initialization.o
                0x000000000a002028                __config_0A002028

.config_0A00202C.__config_0A00202C%72
                0x000000000a00202c        0x4
 .config_0A00202C.__config_0A00202C
                0x000000000a00202c        0x4 build/default/production/_ext/1171490990/initialization.o
                0x000000000a00202c                __config_0A00202C

.config_0A002030.__config_0A002030%73
                0x000000000a002030        0x4
 .config_0A002030.__config_0A002030
                0x000000000a002030        0x4 build/default/production/_ext/1171490990/initialization.o
                0x000000000a002030                __config_0A002030

.config_0A002034.__config_0A002034%74
                0x000000000a002034        0x4
 .config_0A002034.__config_0A002034
                0x000000000a002034        0x4 build/default/production/_ext/1171490990/initialization.o
                0x000000000a002034                __config_0A002034

.config_0A002038.__config_0A002038%75
                0x000000000a002038        0x4
 .config_0A002038.__config_0A002038
                0x000000000a002038        0x4 build/default/production/_ext/1171490990/initialization.o
                0x000000000a002038                __config_0A002038

.config_0A00203C.__config_0A00203C%76
                0x000000000a00203c        0x4
 .config_0A00203C.__config_0A00203C
                0x000000000a00203c        0x4 build/default/production/_ext/1171490990/initialization.o
                0x000000000a00203c                __config_0A00203C

.config_0A002040.__config_0A002040%77
                0x000000000a002040        0x4
 .config_0A002040.__config_0A002040
                0x000000000a002040        0x4 build/default/production/_ext/1171490990/initialization.o
                0x000000000a002040                __config_0A002040

.config_0A002044.__config_0A002044%78
                0x000000000a002044        0x4
 .config_0A002044.__config_0A002044
                0x000000000a002044        0x4 build/default/production/_ext/1171490990/initialization.o
                0x000000000a002044                __config_0A002044

.config_0A002048.__config_0A002048%79
                0x000000000a002048        0x4
 .config_0A002048.__config_0A002048
                0x000000000a002048        0x4 build/default/production/_ext/1171490990/initialization.o
                0x000000000a002048                __config_0A002048

.config_0A00204C.__config_0A00204C%80
                0x000000000a00204c        0x4
 .config_0A00204C.__config_0A00204C
                0x000000000a00204c        0x4 build/default/production/_ext/1171490990/initialization.o
                0x000000000a00204c                __config_0A00204C

.config_0A002050.__config_0A002050%81
                0x000000000a002050        0x4
 .config_0A002050.__config_0A002050
                0x000000000a002050        0x4 build/default/production/_ext/1171490990/initialization.o
                0x000000000a002050                __config_0A002050

.config_0A002054.__config_0A002054%82
                0x000000000a002054        0x4
 .config_0A002054.__config_0A002054
                0x000000000a002054        0x4 build/default/production/_ext/1171490990/initialization.o
                0x000000000a002054                __config_0A002054

.config_0A002058.__config_0A002058%83
                0x000000000a002058        0x4
 .config_0A002058.__config_0A002058
                0x000000000a002058        0x4 build/default/production/_ext/1171490990/initialization.o
                0x000000000a002058                __config_0A002058

.config_0A00205C.__config_0A00205C%84
                0x000000000a00205c        0x4
 .config_0A00205C.__config_0A00205C
                0x000000000a00205c        0x4 build/default/production/_ext/1171490990/initialization.o
                0x000000000a00205c                __config_0A00205C

.config_0A002060.__config_0A002060%85
                0x000000000a002060        0x4
 .config_0A002060.__config_0A002060
                0x000000000a002060        0x4 build/default/production/_ext/1171490990/initialization.o
                0x000000000a002060                __config_0A002060

.config_0A002064.__config_0A002064%86
                0x000000000a002064        0x4
 .config_0A002064.__config_0A002064
                0x000000000a002064        0x4 build/default/production/_ext/1171490990/initialization.o
                0x000000000a002064                __config_0A002064

.config_0A002068.__config_0A002068%87
                0x000000000a002068        0x4
 .config_0A002068.__config_0A002068
                0x000000000a002068        0x4 build/default/production/_ext/1171490990/initialization.o
                0x000000000a002068                __config_0A002068

.config_0A00206C.__config_0A00206C%88
                0x000000000a00206c        0x4
 .config_0A00206C.__config_0A00206C
                0x000000000a00206c        0x4 build/default/production/_ext/1171490990/initialization.o
                0x000000000a00206c                __config_0A00206C

.config_0A002070.__config_0A002070%89
                0x000000000a002070        0x4
 .config_0A002070.__config_0A002070
                0x000000000a002070        0x4 build/default/production/_ext/1171490990/initialization.o
                0x000000000a002070                __config_0A002070

.config_0A002074.__config_0A002074%90
                0x000000000a002074        0x4
 .config_0A002074.__config_0A002074
                0x000000000a002074        0x4 build/default/production/_ext/1171490990/initialization.o
                0x000000000a002074                __config_0A002074

.config_0A002078.__config_0A002078%91
                0x000000000a002078        0x4
 .config_0A002078.__config_0A002078
                0x000000000a002078        0x4 build/default/production/_ext/1171490990/initialization.o
                0x000000000a002078                __config_0A002078

.config_0A00207C.__config_0A00207C%92
                0x000000000a00207c        0x4
 .config_0A00207C.__config_0A00207C
                0x000000000a00207c        0x4 build/default/production/_ext/1171490990/initialization.o
                0x000000000a00207c                __config_0A00207C

.config_0A002080.__config_0A002080%93
                0x000000000a002080        0x4
 .config_0A002080.__config_0A002080
                0x000000000a002080        0x4 build/default/production/_ext/1171490990/initialization.o
                0x000000000a002080                __config_0A002080

.config_0A002084.__config_0A002084%94
                0x000000000a002084        0x4
 .config_0A002084.__config_0A002084
                0x000000000a002084        0x4 build/default/production/_ext/1171490990/initialization.o
                0x000000000a002084                __config_0A002084

.config_0A002088.__config_0A002088%95
                0x000000000a002088        0x4
 .config_0A002088.__config_0A002088
                0x000000000a002088        0x4 build/default/production/_ext/1171490990/initialization.o
                0x000000000a002088                __config_0A002088

.config_0A00208C.__config_0A00208C%96
                0x000000000a00208c        0x4
 .config_0A00208C.__config_0A00208C
                0x000000000a00208c        0x4 build/default/production/_ext/1171490990/initialization.o
                0x000000000a00208c                __config_0A00208C

.config_0A002090.__config_0A002090%97
                0x000000000a002090        0x4
 .config_0A002090.__config_0A002090
                0x000000000a002090        0x4 build/default/production/_ext/1171490990/initialization.o
                0x000000000a002090                __config_0A002090

.config_0A002094.__config_0A002094%98
                0x000000000a002094        0x4
 .config_0A002094.__config_0A002094
                0x000000000a002094        0x4 build/default/production/_ext/1171490990/initialization.o
                0x000000000a002094                __config_0A002094

.config_0A002098.__config_0A002098%99
                0x000000000a002098        0x4
 .config_0A002098.__config_0A002098
                0x000000000a002098        0x4 build/default/production/_ext/1171490990/initialization.o
                0x000000000a002098                __config_0A002098

.config_0A00209C.__config_0A00209C%100
                0x000000000a00209c        0x4
 .config_0A00209C.__config_0A00209C
                0x000000000a00209c        0x4 build/default/production/_ext/1171490990/initialization.o
                0x000000000a00209c                __config_0A00209C

.config_0A0020A0.__config_0A0020A0%101
                0x000000000a0020a0        0x4
 .config_0A0020A0.__config_0A0020A0
                0x000000000a0020a0        0x4 build/default/production/_ext/1171490990/initialization.o
                0x000000000a0020a0                __config_0A0020A0

.config_0A0020A4.__config_0A0020A4%102
                0x000000000a0020a4        0x4
 .config_0A0020A4.__config_0A0020A4
                0x000000000a0020a4        0x4 build/default/production/_ext/1171490990/initialization.o
                0x000000000a0020a4                __config_0A0020A4

.config_0A0020A8.__config_0A0020A8%103
                0x000000000a0020a8        0x4
 .config_0A0020A8.__config_0A0020A8