Archive member included to satisfy reference by file (symbol)

C:/Applications/Microchip/XC32/bin/bin/../../lib/gcc/pic32c/13.2.1/../../../../pic32c/lib/thumb/v8-m.base/nofp\libpic32c.a(data_init.o)
                              build/default/production/_ext/1171490990/startup_xc32.o (__pic32c_data_initialization)
C:/Applications/Microchip/XC32/bin/bin/../../lib/gcc/pic32c/13.2.1/../../../../pic32c/lib/thumb/v8-m.base/nofp\libc-size-musl.a(memcpy.o)
                              build/default/production/_ext/1593096446/plib_nvmctrl.o (memcpy)
C:/Applications/Microchip/XC32/bin/bin/../../lib/gcc/pic32c/13.2.1/../../../../pic32c/lib/thumb/v8-m.base/nofp\libc-size-musl.a(strlen.o)
                              build/default/production/_ext/1832805299/sys_console.o (strlen)
C:/Applications/Microchip/XC32/bin/bin/../../lib/gcc/pic32c/13.2.1/../../../../pic32c/lib/thumb/v8-m.base/nofp\libc-musl.a(__libc_start_main.o)
                              build/default/production/_ext/1171490990/startup_xc32.o (__libc_init_array)
C:/Applications/Microchip/XC32/bin/bin/../../lib/gcc/pic32c/13.2.1/../../../../pic32c/lib/thumb/v8-m.base/nofp\libc-musl.a(libc.o)
                              C:/Applications/Microchip/XC32/bin/bin/../../lib/gcc/pic32c/13.2.1/../../../../pic32c/lib/thumb/v8-m.base/nofp\libc-musl.a(__libc_start_main.o) (__progname_full)
C:/Applications/Microchip/XC32/bin/bin/../../lib/gcc/pic32c/13.2.1/../../../../pic32c/lib/thumb/v8-m.base/nofp\libc-musl.a(vsnprintf.o)
                              build/default/production/_ext/1832805299/sys_console.o (vsnprintf)
C:/Applications/Microchip/XC32/bin/bin/../../lib/gcc/pic32c/13.2.1/../../../../pic32c/lib/thumb/v8-m.base/nofp\libc-musl.a(__environ.o)
                              C:/Applications/Microchip/XC32/bin/bin/../../lib/gcc/pic32c/13.2.1/../../../../pic32c/lib/thumb/v8-m.base/nofp\libc-musl.a(__libc_start_main.o) (__environ)
C:/Applications/Microchip/XC32/bin/bin/../../lib/gcc/pic32c/13.2.1/../../../../pic32c/lib/thumb/v8-m.base/nofp\libc-musl.a(__errno_location.o)
                              C:/Applications/Microchip/XC32/bin/bin/../../lib/gcc/pic32c/13.2.1/../../../../pic32c/lib/thumb/v8-m.base/nofp\libc-musl.a(vsnprintf.o) (__errno_val)
C:/Applications/Microchip/XC32/bin/bin/../../lib/gcc/pic32c/13.2.1/../../../../pic32c/lib/thumb/v8-m.base/nofp\libc-musl.a(vfprintf.o)
                              C:/Applications/Microchip/XC32/bin/bin/../../lib/gcc/pic32c/13.2.1/../../../../pic32c/lib/thumb/v8-m.base/nofp\libc-musl.a(vsnprintf.o) (vfprintf)
C:/Applications/Microchip/XC32/bin/bin/../../lib/gcc/pic32c/13.2.1/../../../../pic32c/lib/thumb/v8-m.base/nofp\libc-musl.a(__io_fmt_needed.o)
                              C:/Applications/Microchip/XC32/bin/bin/../../lib/gcc/pic32c/13.2.1/../../../../pic32c/lib/thumb/v8-m.base/nofp\libc-musl.a(vfprintf.o) (__io_fmt_needed)
C:/Applications/Microchip/XC32/bin/bin/../../lib/gcc/pic32c/13.2.1/../../../../pic32c/lib/thumb/v8-m.base/nofp\libc-musl.a(__pop_float.o)
                              C:/Applications/Microchip/XC32/bin/bin/../../lib/gcc/pic32c/13.2.1/../../../../pic32c/lib/thumb/v8-m.base/nofp\libc-musl.a(__io_fmt_needed.o) (__pop_float_needed)
C:/Applications/Microchip/XC32/bin/bin/../../lib/gcc/pic32c/13.2.1/../../../../pic32c/lib/thumb/v8-m.base/nofp\libc-musl.a(__pop_int.o)
                              C:/Applications/Microchip/XC32/bin/bin/../../lib/gcc/pic32c/13.2.1/../../../../pic32c/lib/thumb/v8-m.base/nofp\libc-musl.a(__io_fmt_needed.o) (__pop_int_needed)
C:/Applications/Microchip/XC32/bin/bin/../../lib/gcc/pic32c/13.2.1/../../../../pic32c/lib/thumb/v8-m.base/nofp\libc-musl.a(__pop_ptr.o)
                              C:/Applications/Microchip/XC32/bin/bin/../../lib/gcc/pic32c/13.2.1/../../../../pic32c/lib/thumb/v8-m.base/nofp\libc-musl.a(__io_fmt_needed.o) (__pop_ptr_needed)
C:/Applications/Microchip/XC32/bin/bin/../../lib/gcc/pic32c/13.2.1/../../../../pic32c/lib/thumb/v8-m.base/nofp\libc-musl.a(__printf_core.o)
                              C:/Applications/Microchip/XC32/bin/bin/../../lib/gcc/pic32c/13.2.1/../../../../pic32c/lib/thumb/v8-m.base/nofp\libc-musl.a(vfprintf.o) (__printf_core)
C:/Applications/Microchip/XC32/bin/bin/../../lib/gcc/pic32c/13.2.1/../../../../pic32c/lib/thumb/v8-m.base/nofp\libc-musl.a(atoi.o)
                              C:/Applications/Microchip/XC32/bin/bin/../../lib/gcc/pic32c/13.2.1/../../../../pic32c/lib/thumb/v8-m.base/nofp\libc-musl.a(__printf_core.o) (atoi)
C:/Applications/Microchip/XC32/bin/bin/../../lib/gcc/pic32c/13.2.1/../../../../pic32c/lib/thumb/v8-m.base/nofp\libc-musl.a(tolower.o)
                              C:/Applications/Microchip/XC32/bin/bin/../../lib/gcc/pic32c/13.2.1/../../../../pic32c/lib/thumb/v8-m.base/nofp\libc-musl.a(__printf_core.o) (tolower)
C:/Applications/Microchip/XC32/bin/bin/../../lib/gcc/pic32c/13.2.1/../../../../pic32c/lib/thumb/v8-m.base/nofp\libc-musl.a(__fmt_a.o)
[...]
Memory Configuration

Name             Origin             Length             Attributes
rom              0x00000000         0x00080000         xrl
ram              0x20000000         0x00010000         xw!r
config_00804000  0x00804000         0x00000004
config_00804004  0x00804004         0x00000004
*default*        0x00000000         0xffffffff

Linker script and memory map

LOAD C:/Applications/Microchip/XC32/bin/bin/../../lib/gcc/pic32c/13.2.1/thumb/v8-m.base/nofp/crti.o
LOAD C:/Applications/Microchip/XC32/bin/bin/../../lib/gcc/pic32c/13.2.1/thumb/v8-m.base/nofp/crtbegin.o
LOAD build/default/production/_ext/1593096446/plib_nvmctrl.o
LOAD build/default/production/_ext/60163342/plib_adc.o
LOAD build/default/production/_ext/1865616679/plib_supc.o
LOAD build/default/production/_ext/60180175/plib_rtc_clock.o
LOAD build/default/production/_ext/1987437027/plib_freqm.o
LOAD build/default/production/_ext/158385033/drv_i2c.o
LOAD build/default/production/_ext/1865643529/plib_trng.o
LOAD build/default/production/_ext/1832805299/sys_console_uart.o
LOAD build/default/production/_ext/2070931557/drv_spi.o
LOAD build/default/production/_ext/1881668453/sys_int.o
LOAD build/default/production/_ext/14461671/sys_dma.o
LOAD build/default/production/_ext/1360937237/app.o
LOAD build/default/production/_ext/1171490990/tasks.o
LOAD build/default/production/_ext/17022449/plib_sercom3_spi_master.o
LOAD build/default/production/_ext/508257091/plib_sercom2_i2c_master.o
LOAD build/default/production/_ext/504274921/plib_sercom1_usart.o
LOAD build/default/production/_ext/1986646378/plib_evsys.o
LOAD build/default/production/_ext/504274921/plib_sercom0_usart.o
LOAD build/default/production/_ext/829342769/plib_pm.o
LOAD build/default/production/_ext/1360937237/main.o
LOAD build/default/production/_ext/1171490990/initialization.o
LOAD build/default/production/_ext/1171490990/interrupts.o
LOAD build/default/production/_ext/1171490990/exceptions.o
LOAD build/default/production/_ext/163028504/xc32_monitor.o
LOAD build/default/production/_ext/1865521619/plib_port.o
LOAD build/default/production/_ext/1984496892/plib_clock.o
LOAD build/default/production/_ext/1865468468/plib_nvic.o
LOAD build/default/production/_ext/1865161661/plib_dmac.o
LOAD build/default/production/_ext/1171490990/startup_xc32.o
LOAD build/default/production/_ext/1171490990/libc_syscalls.o
LOAD build/default/production/_ext/60167341/plib_eic.o
LOAD build/default/production/_ext/1865585090/plib_rstc.o
LOAD build/default/production/_ext/60166132/plib_dac.o
LOAD build/default/production/_ext/60181570/plib_tcc0.o
LOAD build/default/production/_ext/869808652/drv_usart.o
LOAD build/default/production/_ext/1832805299/sys_console.o
LOAD build/default/production/_ext/1995685169/plib_opamp.o
                0x00000001                        __MPLAB_BUILD = 0x1
                0x00080000                        __rom_end = (ORIGIN (rom) + LENGTH (rom))
                0x20010000                        __ram_end = (ORIGIN (ram) + LENGTH (ram))

.config_00804000
                0x00804000        0x4
 *(.config_00804000)
 .config_00804000
                0x00804000        0x4 build/default/production/_ext/1171490990/initialization.o
                0x00804000                __config_00804000

.config_00804004
                0x00804004        0x4
 *(.config_00804004)
 .config_00804004
                0x00804004        0x4 build/default/production/_ext/1171490990/initialization.o
                0x00804004                __config_00804004

.vectors        0x00000000      0x15c
                0x00000000                        . = ALIGN (0x4)
                0x00000000                        _sfixed = .
 *(.vectors .vectors.* .vectors_default .vectors_default.*)
 .vectors       0x00000000      0x15c build/default/production/_ext/1171490990/interrupts.o
                0x00000000                exception_table
 *(.isr_vector)
 *(.reset*)
 *(.after_vectors)

.text           0x0000015c       0x20
                0x0000015c                        . = ALIGN (0x4)
 *(.glue_7t)
 .glue_7t       0x0000015c        0x0 linker stubs
 *(.glue_7)
 .glue_7        0x0000015c        0x0 linker stubs
 *(.gnu.linkonce.r.*)
 *(.ARM.extab* .gnu.linkonce.armextab.*)
                0x0000015c                        . = ALIGN (0x4)
 *(.init)
 .init          0x0000015c        0x4 C:/Applications/Microchip/XC32/bin/bin/../../lib/gcc/pic32c/13.2.1/thumb/v8-m.base/nofp/crti.o
                0x0000015c                _init
 .init          0x00000160        0x8 C:/Applications/Microchip/XC32/bin/bin/../../lib/gcc/pic32c/13.2.1/thumb/v8-m.base/nofp/crtn.o
                0x00000168                        . = ALIGN (0x4)
                0x00000168                        __preinit_array_start = .
 *(.preinit_array)
                0x00000168                        __preinit_array_end = .
                0x00000168                        . = ALIGN (0x4)
                0x00000168                        __init_array_start = .
 *(SORT_BY_NAME(.init_array.*))
 *(.init_array)
 .init_array    0x00000168        0x4 C:/Applications/Microchip/XC32/bin/bin/../../lib/gcc/pic32c/13.2.1/thumb/v8-m.base/nofp/crtbegin.o
                0x0000016c                        __init_array_end = .
                0x0000016c                        . = ALIGN (0x4)
 *crtbegin.o(.ctors)
 *(EXCLUDE_FILE(*crtend.o) .ctors)
 *(SORT_BY_NAME(.ctors.*))
 *crtend.o(.ctors)
                0x0000016c                        . = ALIGN (0x4)
 *(.fini)
 .fini          0x0000016c        0x4 C:/Applications/Microchip/XC32/bin/bin/../../lib/gcc/pic32c/13.2.1/thumb/v8-m.base/nofp/crti.o
                0x0000016c                _fini
 .fini          0x00000170        0x8 C:/Applications/Microchip/XC32/bin/bin/../../lib/gcc/pic32c/13.2.1/thumb/v8-m.base/nofp/crtn.o
                0x00000178                        . = ALIGN (0x4)
                0x00000178                        __fini_array_start = .
 *(.fini_array)
 .fini_array    0x00000178        0x4 C:/Applications/Microchip/XC32/bin/bin/../../lib/gcc/pic32c/13.2.1/thumb/v8-m.base/nofp/crtbegin.o
 *(SORT_BY_NAME(.fini_array.*))
                0x0000017c                        __fini_array_end = .
 *crtbegin.o(.dtors)
 *(EXCLUDE_FILE(*crtend.o) .dtors)
 *(SORT_BY_NAME(.dtors.*))
 *crtend.o(.dtors)
                0x0000017c                        . = ALIGN (0x4)
                0x0000017c                        _efixed = .
                [!provide]                        PROVIDE (__exidx_start = .)

.ARM.exidx
 *(.ARM.exidx* .gnu.linkonce.armexidx.*)
                [!provide]                        PROVIDE (__exidx_end = .)
                0x0000017c                        . = ALIGN (0x4)
                0x0000017c                        _etext = .

.bss            0x20000000        0x0
                0x20000000                        . = ALIGN (0x4)
                0x20000000                        __bss_start__ = .
                0x20000000                        _sbss = .
                0x20000000                        _szero = .
 *(COMMON)
                0x20000000                        . = ALIGN (0x4)
                0x20000000                        __bss_end__ = .
                0x20000000                        _ebss = .
                0x20000000                        _ezero = .
                0x20000000                        . = ALIGN (0x4)
                0x20000000                        _end = .
                0x2000ffff                        _ram_end_ = ((ORIGIN (ram) + LENGTH (ram)) - 0x1)
                0x00001000                        _min_heap_size = 0x1000
START GROUP
LOAD C:/Applications/Microchip/XC32/bin/bin/../../lib/gcc/pic32c/13.2.1/../../../../pic32c/lib/thumb/v8-m.base/nofp\libpic32c.a
LOAD C:/Applications/Microchip/XC32/bin/bin/../../lib/gcc/pic32c/13.2.1/../../../../pic32c/lib/thumb/v8-m.base/nofp\libc-size-musl.a
LOAD C:/Applications/Microchip/XC32/bin/bin/../../lib/gcc/pic32c/13.2.1/../../../../pic32c/lib/thumb/v8-m.base/nofp\liblmalloc-musl.a
LOAD C:/Applications/Microchip/XC32/bin/bin/../../lib/gcc/pic32c/13.2.1/../../../../pic32c/lib/thumb/v8-m.base/nofp\libc-musl.a
LOAD C:/Applications/Microchip/XC32/bin/bin/../../lib/gcc/pic32c/13.2.1/../../../../pic32c/lib/thumb/v8-m.base/nofp\libm-fast-emfloat.a
LOAD C:/Applications/Microchip/XC32/bin/bin/../../lib/gcc/pic32c/13.2.1/../../../../pic32c/lib/thumb/v8-m.base/nofp\libm-musl.a
END GROUP
LOAD C:/Applications/Microchip/XC32/bin/bin/../../lib/gcc/pic32c/13.2.1/thumb/v8-m.base/nofp\libgcc.a
LOAD C:/Applications/Microchip/XC32/bin/bin/../../lib/gcc/pic32c/13.2.1/thumb/v8-m.base/nofp/crtend.o
LOAD C:/Applications/Microchip/XC32/bin/bin/../../lib/gcc/pic32c/13.2.1/thumb/v8-m.base/nofp/crtn.o
OUTPUT(dist/default/production/PIC32CMLE00.X.production.elf elf32-littlearm)
LOAD linker stubs
LOAD data_init

.note           0x00000000      0x888
 .note          0x00000000       0x18 C:/Applications/Microchip/XC32/bin/bin/../../lib/gcc/pic32c/13.2.1/thumb/v8-m.base/nofp/crti.o
 .note          0x00000018       0x18 C:/Applications/Microchip/XC32/bin/bin/../../lib/gcc/pic32c/13.2.1/thumb/v8-m.base/nofp/crtbegin.o
 .note          0x00000030       0x18 build/default/production/_ext/1593096446/plib_nvmctrl.o
 .note          0x00000048       0x18 build/default/production/_ext/60163342/plib_adc.o
 .note          0x00000060       0x18 build/default/production/_ext/1865616679/plib_supc.o
 .note          0x00000078       0x18 build/default/production/_ext/60180175/plib_rtc_clock.o
 .note          0x00000090       0x18 build/default/production/_ext/1987437027/plib_freqm.o
 .note          0x000000a8       0x18 build/default/production/_ext/158385033/drv_i2c.o
 .note          0x000000c0       0x18 build/default/production/_ext/1865643529/plib_trng.o
 .note          0x000000d8       0x18 build/default/production/_ext/1832805299/sys_console_uart.o
 .note          0x000000f0       0x18 build/default/production/_ext/2070931557/drv_spi.o
 .note          0x00000108       0x18 build/default/production/_ext/1881668453/sys_int.o
 .note          0x00000120       0x18 build/default/production/_ext/14461671/sys_dma.o
 .note          0x00000138       0x18 build/default/production/_ext/1360937237/app.o
 .note          0x00000150       0x18 build/default/production/_ext/1171490990/tasks.o
 .note          0x00000168       0x18 build/default/production/_ext/17022449/plib_sercom3_spi_master.o
 .note          0x00000180       0x18 build/default/production/_ext/508257091/plib_sercom2_i2c_master.o
 .note          0x00000198       0x18 build/default/production/_ext/504274921/plib_sercom1_usart.o
 .note          0x000001b0       0x18 build/default/production/_ext/1986646378/plib_evsys.o
 .note          0x000001c8       0x18 build/default/production/_ext/504274921/plib_sercom0_usart.o
 .note          0x000001e0       0x18 build/default/production/_ext/829342769/plib_pm.o
 .note          0x000001f8       0x18 build/default/production/_ext/1360937237/main.o
 .note          0x00000210      0x168 build/default/production/_ext/1171490990/initialization.o
 .note          0x00000378       0x18 build/default/production/_ext/1171490990/interrupts.o
 .note          0x00000390       0x18 build/default/production/_ext/1171490990/exceptions.o
 .note          0x000003a8       0x18 build/default/production/_ext/163028504/xc32_monitor.o
 .note          0x000003c0       0x18 build/default/production/_ext/1865521619/plib_port.o
 .note          0x000003d8       0x18 build/default/production/_ext/1984496892/plib_clock.o
 .note          0x000003f0       0x18 build/default/production/_ext/1865468468/plib_nvic.o
 .note          0x00000408       0x18 build/default/production/_ext/1865161661/plib_dmac.o
 .note          0x00000420       0x18 build/default/production/_ext/1171490990/startup_xc32.o
 .note          0x00000438       0x18 build/default/production/_ext/1171490990/libc_syscalls.o
 .note          0x00000450       0x18 build/default/production/_ext/60167341/plib_eic.o
 .note          0x00000468       0x18 build/default/production/_ext/1865585090/plib_rstc.o
 .note          0x00000480       0x18 build/default/production/_ext/60166132/plib_dac.o
 .note          0x00000498       0x18 build/default/production/_ext/60181570/plib_tcc0.o
 .note          0x000004b0       0x18 build/default/production/_ext/869808652/drv_usart.o
 .note          0x000004c8       0x18 build/default/production/_ext/1832805299/sys_console.o
 .note          0x000004e0       0x18 build/default/production/_ext/1995685169/plib_opamp.o
 .note          0x000004f8       0x18 C:/Applications/Microchip/XC32/bin/bin/../../lib/gcc/pic32c/13.2.1/../../../../pic32c/lib/thumb/v8-m.base/nofp\libpic32c.a(data_init.o)
 .note          0x00000510       0x18 C:/Applications/Microchip/XC32/bin/bin/../../lib/gcc/pic32c/13.2.1/../../../../pic32c/lib/thumb/v8-m.base/nofp\libc-size-musl.a(memcpy.o)
 .note          0x00000528       0x18 C:/Applications/Microchip/XC32/bin/bin/../../lib/gcc/pic32c/13.2.1/../../../../pic32c/lib/thumb/v8-m.base/nofp\libc-size-musl.a(strlen.o)
 .note          0x00000540       0x18 C:/Applications/Microchip/XC32/bin/bin/../../lib/gcc/pic32c/13.2.1/../../../../pic32c/lib/thumb/v8-m.base/nofp\libc-musl.a(__libc_start_main.o)
 .note          0x00000558       0x18 C:/Applications/Microchip/XC32/bin/bin/../../lib/gcc/pic32c/13.2.1/../../../../pic32c/lib/thumb/v8-m.base/nofp\libc-musl.a(libc.o)
 .note          0x00000570       0x18 C:/Applications/Microchip/XC32/bin/bin/../../lib/gcc/pic32c/13.2.1/../../../../pic32c/lib/thumb/v8-m.base/nofp\libc-musl.a(vsnprintf.o)
 .note          0x00000588       0x18 C:/Applications/Microchip/XC32/bin/bin/../../lib/gcc/pic32c/13.2.1/../../../../pic32c/lib/thumb/v8-m.base/nofp\libc-musl.a(__environ.o)
 .note          0x000005a0       0x18 C:/Applications/Microchip/XC32/bin/bin/../../lib/gcc/pic32c/13.2.1/../../../../pic32c/lib/thumb/v8-m.base/nofp\libc-musl.a(__errno_location.o)
 .note          0x000005b8       0x18 C:/Applications/Microchip/XC32/bin/bin/../../lib/gcc/pic32c/13.2.1/../../../../pic32c/lib/thumb/v8-m.base/nofp\libc-musl.a(vfprintf.o)
 .note          0x000005d0       0x18 C:/Applications/Microchip/XC32/bin/bin/../../lib/gcc/pic32c/13.2.1/../../../../pic32c/lib/thumb/v8-m.base/nofp\libc-musl.a(__io_fmt_needed.o)
 .note          0x000005e8       0x18 C:/Applications/Microchip/XC32/bin/bin/../../lib/gcc/pic32c/13.2.1/../../../../pic32c/lib/thumb/v8-m.base/nofp\libc-musl.a(__pop_float.o)
 .note          0x00000600       0x18 C:/Applications/Microchip/XC32/bin/bin/../../lib/gcc/pic32c/13.2.1/../../../../pic32c/lib/thumb/v8-m.base/nofp\libc-musl.a(__pop_int.o)
 .note          0x00000618       0x18 C:/Applications/Microchip/XC32/bin/bin/../../lib/gcc/pic32c/13.2.1/../../../../pic32c/lib/thumb/v8-m.base/nofp\libc-musl.a(__pop_ptr.o)
 .note          0x00000630       0x18 C:/Applications/Microchip/XC32/bin/bin/../../lib/gcc/pic32c/13.2.1/../../../../pic32c/lib/thumb/v8-m.base/nofp\libc-musl.a(__printf_core.o)
 .note          0x00000648       0x18 C:/Applications/Microchip/XC32/bin/bin/../../lib/gcc/pic32c/13.2.1/../../../../pic32c/lib/thumb/v8-m.base/nofp\libc-musl.a(atoi.o)
 .note          0x00000660       0x18 C:/Applications/Microchip/XC32/bin/bin/../../lib/gcc/pic32c/13.2.1/../../../../pic32c/lib/thumb/v8-m.base/nofp\libc-musl.a(tolower.o)
 .note          0x00000678       0x18 C:/Applications/Microchip/XC32/bin/bin/../../lib/gcc/pic32c/13.2.1/../../../../pic32c/lib/thumb/v8-m.base/nofp\libc-musl.a(__fmt_a.o)
 .note          0x00000690       0x18 C:/Applications/Microchip/XC32/bin/bin/../../lib/gcc/pic32c/13.2.1/../../../../pic32c/lib/thumb/v8-m.base/nofp\libc-musl.a(__fmt_d.o)
 .note          0x000006a8       0x18 C:/Applications/Microchip/XC32/bin/bin/../../lib/gcc/pic32c/13.2.1/../../../../pic32c/lib/thumb/v8-m.base/nofp\libc-musl.a(__fmt_fp.o)
 .note          0x000006c0       0x18 C:/Applications/Microchip/XC32/bin/bin/../../lib/gcc/pic32c/13.2.1/../../../../pic32c/lib/thumb/v8-m.base/nofp\libc-musl.a(__fmt_o.o)
 .note          0x000006d8       0x18 C:/Applications/Microchip/XC32/bin/bin/../../lib/gcc/pic32c/13.2.1/../../../../pic32c/lib/thumb/v8-m.base/nofp\libc-musl.a(__fmt_s.o)
 .note          0x000006f0       0x18 C:/Applications/Microchip/XC32/bin/bin/../../lib/gcc/pic32c/13.2.1/../../../../pic32c/lib/thumb/v8-m.base/nofp\libc-musl.a(__fmt_u.o)
 .note          0x00000708       0x18 C:/Applications/Microchip/XC32/bin/bin/../../lib/gcc/pic32c/13.2.1/../../../../pic32c/lib/thumb/v8-m.base/nofp\libc-musl.a(__fmt_x.o)
 .note          0x00000720       0x18 C:/Applications/Microchip/XC32/bin/bin/../../lib/gcc/pic32c/13.2.1/../../../../pic32c/lib/thumb/v8-m.base/nofp\libc-musl.a(toupper.o)
 .note          0x00000738       0x18 C:/Applications/Microchip/XC32/bin/bin/../../lib/gcc/pic32c/13.2.1/../../../../pic32c/lib/thumb/v8-m.base/nofp\libc-musl.a(__cvt_u.o)
 .note          0x00000750       0x18 C:/Applications/Microchip/XC32/bin/bin/../../lib/gcc/pic32c/13.2.1/../../../../pic32c/lib/thumb/v8-m.base/nofp\libc-size-musl.a(memset.o)
 .note          0x00000768       0x18 C:/Applications/Microchip/XC32/bin/bin/../../lib/gcc/pic32c/13.2.1/../../../../pic32c/lib/thumb/v8-m.base/nofp\libc-size-musl.a(strcpy.o)
 .note          0x00000780       0x18 C:/Applications/Microchip/XC32/bin/bin/../../lib/gcc/pic32c/13.2.1/../../../../pic32c/lib/thumb/v8-m.base/nofp\libc-size-musl.a(stpcpy.o)
 .note          0x00000798       0x18 C:/Applications/Microchip/XC32/bin/bin/../../lib/gcc/pic32c/13.2.1/thumb/v8-m.base/nofp\libgcc.a(_thumb1_case_uqi.o)
 .note          0x000007b0       0x18 C:/Applications/Microchip/XC32/bin/bin/../../lib/gcc/pic32c/13.2.1/thumb/v8-m.base/nofp\libgcc.a(_aeabi_uldivmod.o)
 .note          0x000007c8       0x18 C:/Applications/Microchip/XC32/bin/bin/../../lib/gcc/pic32c/13.2.1/thumb/v8-m.base/nofp\libgcc.a(_muldi3.o)
 .note          0x000007e0       0x18 C:/Applications/Microchip/XC32/bin/bin/../../lib/gcc/pic32c/13.2.1/thumb/v8-m.base/nofp\libgcc.a(_udivmoddi4.o)
 .note          0x000007f8       0x18 C:/Applications/Microchip/XC32/bin/bin/../../lib/gcc/pic32c/13.2.1/thumb/v8-m.base/nofp\libgcc.a(_dvmd_tls.o)
 .note          0x00000810       0x18 C:/Applications/Microchip/XC32/bin/bin/../../lib/gcc/pic32c/13.2.1/thumb/v8-m.base/nofp\libgcc.a(_clzsi2.o)
 .note          0x00000828       0x18 C:/Applications/Microchip/XC32/bin/bin/../../lib/gcc/pic32c/13.2.1/thumb/v8-m.base/nofp/crtend.o
 .note          0x00000840       0x18 C:/Applications/Microchip/XC32/bin/bin/../../lib/gcc/pic32c/13.2.1/thumb/v8-m.base/nofp/crtn.o
 .note          0x00000858       0x18 C:/Applications/Microchip/XC32/bin/bin/../../lib/gcc/pic32c/13.2.1/../../../../pic32c/lib/thumb/v8-m.base/nofp\libpic32c.a(pic32_data_init_clear.o)
 .note          0x00000870       0x18 C:/Applications/Microchip/XC32/bin/bin/../../lib/gcc/pic32c/13.2.1/../../../../pic32c/lib/thumb/v8-m.base/nofp\libpic32c.a(pic32_data_init_copy.o)

.ARM.attributes
                0x00000000       0x2e
 .ARM.attributes
                0x00000000       0x22 C:/Applications/Microchip/XC32/bin/bin/../../lib/gcc/pic32c/13.2.1/thumb/v8-m.base/nofp/crti.o
 .ARM.attributes
                0x00000022       0x30 C:/Applications/Microchip/XC32/bin/bin/../../lib/gcc/pic32c/13.2.1/thumb/v8-m.base/nofp/crtbegin.o
 .ARM.attributes
                0x00000052       0x30 build/default/production/_ext/1593096446/plib_nvmctrl.o
 .ARM.attributes
                0x00000082       0x30 build/default/production/_ext/60163342/plib_adc.o
 .ARM.attributes
                0x000000b2       0x30 build/default/production/_ext/1865616679/plib_supc.o
 .ARM.attributes
                0x000000e2       0x30 build/default/production/_ext/60180175/plib_rtc_clock.o
 .ARM.attributes
                0x00000112       0x30 build/default/production/_ext/1987437027/plib_freqm.o
 .ARM.attributes
                0x00000142       0x30 build/default/production/_ext/158385033/drv_i2c.o
 .ARM.attributes
                0x00000172       0x30 build/default/production/_ext/1865643529/plib_trng.o
 .ARM.attributes
                0x000001a2       0x30 build/default/production/_ext/1832805299/sys_console_uart.o
 .ARM.attributes
                0x000001d2       0x30 build/default/production/_ext/2070931557/drv_spi.o
 .ARM.attributes
                0x00000202       0x30 build/default/production/_ext/14461671/sys_dma.o
 .ARM.attributes
                0x00000232       0x30 build/default/production/_ext/1360937237/app.o
 .ARM.attributes
                0x00000262       0x30 build/default/production/_ext/1171490990/tasks.o
 .ARM.attributes
                0x00000292       0x30 build/default/production/_ext/17022449/plib_sercom3_spi_master.o
 .ARM.attributes
                0x000002c2       0x30 build/default/production/_ext/508257091/plib_sercom2_i2c_master.o
 .ARM.attributes
                0x000002f2       0x30 build/default/production/_ext/504274921/plib_sercom1_usart.o
 .ARM.attributes
                0x00000322       0x30 build/default/production/_ext/1986646378/plib_evsys.o
 .ARM.attributes
                0x00000352       0x30 build/default/production/_ext/504274921/plib_sercom0_usart.o
 .ARM.attributes
                0x00000382       0x30 build/default/production/_ext/829342769/plib_pm.o
 .ARM.attributes
                0x000003b2       0x30 build/default/production/_ext/1360937237/main.o
 .ARM.attributes
                0x000003e2       0x30 build/default/production/_ext/1171490990/initialization.o
 .ARM.attributes
                0x00000412       0x30 build/default/production/_ext/1171490990/interrupts.o
 .ARM.attributes
                0x00000442       0x30 build/default/production/_ext/1171490990/exceptions.o
 .ARM.attributes
                0x00000472       0x30 build/default/production/_ext/1865521619/plib_port.o
 .ARM.attributes
                0x000004a2       0x30 build/default/production/_ext/1984496892/plib_clock.o
 .ARM.attributes
                0x000004d2       0x30 build/default/production/_ext/1865468468/plib_nvic.o
 .ARM.attributes
                0x00000502       0x30 build/default/production/_ext/1865161661/plib_dmac.o
 .ARM.attributes
                0x00000532       0x30 build/default/production/_ext/1171490990/startup_xc32.o
 .ARM.attributes
                0x00000562       0x30 build/default/production/_ext/60167341/plib_eic.o
 .ARM.attributes
                0x00000592       0x30 build/default/production/_ext/60166132/plib_dac.o
 .ARM.attributes
                0x000005c2       0x30 build/default/production/_ext/60181570/plib_tcc0.o
 .ARM.attributes
                0x000005f2       0x30 build/default/production/_ext/869808652/drv_usart.o
 .ARM.attributes
                0x00000622       0x30 build/default/production/_ext/1832805299/sys_console.o
 .ARM.attributes
                0x00000652       0x30 build/default/production/_ext/1995685169/plib_opamp.o
 .ARM.attributes
                0x00000682       0x30 C:/Applications/Microchip/XC32/bin/bin/../../lib/gcc/pic32c/13.2.1/../../../../pic32c/lib/thumb/v8-m.base/nofp\libpic32c.a(data_init.o)
 .ARM.attributes
                0x000006b2       0x32 C:/Applications/Microchip/XC32/bin/bin/../../lib/gcc/pic32c/13.2.1/../../../../pic32c/lib/thumb/v8-m.base/nofp\libc-musl.a(__libc_start_main.o)
 .ARM.attributes
                0x000006e4       0x32 C:/Applications/Microchip/XC32/bin/bin/../../lib/gcc/pic32c/13.2.1/../../../../pic32c/lib/thumb/v8-m.base/nofp\libc-musl.a(libc.o)
 .ARM.attributes
                0x00000716       0x32 C:/Applications/Microchip/XC32/bin/bin/../../lib/gcc/pic32c/13.2.1/../../../../pic32c/lib/thumb/v8-m.base/nofp\libc-musl.a(__environ.o)
 .ARM.attributes
                0x00000748       0x20 C:/Applications/Microchip/XC32/bin/bin/../../lib/gcc/pic32c/13.2.1/../../../../pic32c/lib/thumb/v8-m.base/nofp\libm-fast-emfloat.a(__aeabi_fadd.o)
 .ARM.attributes
                0x00000768       0x20 C:/Applications/Microchip/XC32/bin/bin/../../lib/gcc/pic32c/13.2.1/../../../../pic32c/lib/thumb/v8-m.base/nofp\libm-fast-emfloat.a(__aeabi_fsub.o)
 .ARM.attributes
                0x00000788       0x20 C:/Applications/Microchip/XC32/bin/bin/../../lib/gcc/pic32c/13.2.1/../../../../pic32c/lib/thumb/v8-m.base/nofp\libm-fast-emfloat.a(__aeabi_fmul.o)
 .ARM.attributes
                0x000007a8       0x20 C:/Applications/Microchip/XC32/bin/bin/../../lib/gcc/pic32c/13.2.1/../../../../pic32c/lib/thumb/v8-m.base/nofp\libm-fast-emfloat.a(__aeabi_fdiv.o)
 .ARM.attributes
                0x000007c8       0x20 C:/Applications/Microchip/XC32/bin/bin/../../lib/gcc/pic32c/13.2.1/../../../../pic32c/lib/thumb/v8-m.base/nofp\libm-fast-emfloat.a(__aeabi_f2iz.o)
 .ARM.attributes
                0x000007e8       0x20 C:/Applications/Microchip/XC32/bin/bin/../../lib/gcc/pic32c/13.2.1/../../../../pic32c/lib/thumb/v8-m.base/nofp\libm-fast-emfloat.a(__aeabi_f2uiz.o)
 .ARM.attributes
                0x00000808       0x20 C:/Applications/Microchip/XC32/bin/bin/../../lib/gcc/pic32c/13.2.1/../../../../pic32c/lib/thumb/v8-m.base/nofp\libm-fast-emfloat.a(__aeabi_i2f.o)
 .ARM.attributes
                0x00000828       0x20 C:/Applications/Microchip/XC32/bin/bin/../../lib/gcc/pic32c/13.2.1/../../../../pic32c/lib/thumb/v8-m.base/nofp\libm-fast-emfloat.a(__aeabi_ui2f.o)
 .ARM.attributes
                0x00000848       0x22 C:/Applications/Microchip/XC32/bin/bin/../../lib/gcc/pic32c/13.2.1/thumb/v8-m.base/nofp/crtn.o
 .ARM.attributes
                0x0000086a       0x30 C:/Applications/Microchip/XC32/bin/bin/../../lib/gcc/pic32c/13.2.1/../../../../pic32c/lib/thumb/v8-m.base/nofp\libpic32c.a(pic32_data_init_clear.o)
 .ARM.attributes
                0x0000089a       0x30 C:/Applications/Microchip/XC32/bin/bin/../../lib/gcc/pic32c/13.2.1/../../../../pic32c/lib/thumb/v8-m.base/nofp\libpic32c.a(pic32_data_init_copy.o)

.comment        0x00000000       0x35
 .comment       0x00000000       0x35 C:/Applications/Microchip/XC32/bin/bin/../../lib/gcc/pic32c/13.2.1/thumb/v8-m.base/nofp/crtbegin.o
                                 0x36 (size before relaxing)
 .comment       0x00000035       0x36 build/default/production/_ext/1593096446/plib_nvmctrl.o
 .comment       0x00000035       0x36 build/default/production/_ext/60163342/plib_adc.o
 .comment       0x00000035       0x36 build/default/production/_ext/1865616679/plib_supc.o
 .comment       0x00000035       0x36 build/default/production/_ext/60180175/plib_rtc_clock.o
 .comment       0x00000035       0x36 build/default/production/_ext/1987437027/plib_freqm.o
 .comment       0x00000035       0x36 build/default/production/_ext/158385033/drv_i2c.o
 .comment       0x00000035       0x36 build/default/production/_ext/1865643529/plib_trng.o
 .comment       0x00000035       0x36 build/default/production/_ext/1832805299/sys_console_uart.o
 .comment       0x00000035       0x36 build/default/production/_ext/2070931557/drv_spi.o
 .comment       0x00000035       0x36 build/default/production/_ext/14461671/sys_dma.o
 .comment       0x00000035       0x36 build/default/production/_ext/1360937237/app.o
 .comment       0x00000035       0x36 build/default/production/_ext/1171490990/tasks.o
 .comment       0x00000035       0x36 build/default/production/_ext/17022449/plib_sercom3_spi_master.o
 .comment       0x00000035       0x36 build/default/production/_ext/508257091/plib_sercom2_i2c_master.o
 .comment       0x00000035       0x36 build/default/production/_ext/504274921/plib_sercom1_usart.o
 .comment       0x00000035       0x36 build/default/production/_ext/1986646378/plib_evsys.o
 .comment       0x00000035       0x36 build/default/production/_ext/504274921/plib_sercom0_usart.o
 .comment       0x00000035       0x36 build/default/production/_ext/829342769/plib_pm.o
 .comment       0x00000035       0x36 build/default/production/_ext/1360937237/main.o
 .comment       0x00000035       0x36 build/default/production/_ext/1171490990/initialization.o
 .comment       0x00000035       0x36 build/default/production/_ext/1171490990/interrupts.o
 .comment       0x00000035       0x36 build/default/production/_ext/1171490990/exceptions.o
 .comment       0x00000035       0x36 build/default/production/_ext/1865521619/plib_port.o
 .comment       0x00000035       0x36 build/default/production/_ext/1984496892/plib_clock.o
 .comment       0x00000035       0x36 build/default/production/_ext/1865468468/plib_nvic.o
 .comment       0x00000035       0x36 build/default/production/_ext/1865161661/plib_dmac.o
 .comment       0x00000035       0x36 build/default/production/_ext/1171490990/startup_xc32.o
 .comment       0x00000035       0x36 build/default/production/_ext/60167341/plib_eic.o
 .comment       0x00000035       0x36 build/default/production/_ext/60166132/plib_dac.o
 .comment       0x00000035       0x36 build/default/production/_ext/60181570/plib_tcc0.o
 .comment       0x00000035       0x36 build/default/production/_ext/869808652/drv_usart.o
 .comment       0x00000035       0x36 build/default/production/_ext/1832805299/sys_console.o
 .comment       0x00000035       0x36 build/default/production/_ext/1995685169/plib_opamp.o
 .comment       0x00000035       0x36 C:/Applications/Microchip/XC32/bin/bin/../../lib/gcc/pic32c/13.2.1/../../../../pic32c/lib/thumb/v8-m.base/nofp\libpic32c.a(data_init.o)
 .comment       0x00000035       0x36 C:/Applications/Microchip/XC32/bin/bin/../../lib/gcc/pic32c/13.2.1/../../../../pic32c/lib/thumb/v8-m.base/nofp\libc-musl.a(__libc_start_main.o)
 .comment       0x00000035       0x36 C:/Applications/Microchip/XC32/bin/bin/../../lib/gcc/pic32c/13.2.1/../../../../pic32c/lib/thumb/v8-m.base/nofp\libc-musl.a(libc.o)
 .comment       0x00000035       0x36 C:/Applications/Microchip/XC32/bin/bin/../../lib/gcc/pic32c/13.2.1/../../../../pic32c/lib/thumb/v8-m.base/nofp\libc-musl.a(__environ.o)
 .comment       0x00000035       0x36 C:/Applications/Microchip/XC32/bin/bin/../../lib/gcc/pic32c/13.2.1/../../../../pic32c/lib/thumb/v8-m.base/nofp\libpic32c.a(pic32_data_init_clear.o)
 .comment       0x00000035       0x36 C:/Applications/Microchip/XC32/bin/bin/../../lib/gcc/pic32c/13.2.1/../../../../pic32c/lib/thumb/v8-m.base/nofp\libpic32c.a(pic32_data_init_copy.o)

.debug_info     0x00000000    0x19c49
 .debug_info    0x00000000      0x807 build/default/production/_ext/1593096446/plib_nvmctrl.o
 .debug_info    0x00000807      0x67f build/default/production/_ext/60163342/plib_adc.o
 .debug_info    0x00000e86      0x306 build/default/production/_ext/1865616679/plib_supc.o
 .debug_info    0x0000118c      0xa21 build/default/production/_ext/60180175/plib_rtc_clock.o
 .debug_info    0x00001bad      0x3d2 build/default/production/_ext/1987437027/plib_freqm.o
 .debug_info    0x00001f7f     0x200f build/default/production/_ext/158385033/drv_i2c.o
 .debug_info    0x00003f8e      0x2c2 build/default/production/_ext/1865643529/plib_trng.o
 .debug_info    0x00004250      0xdb4 build/default/production/_ext/1832805299/sys_console_uart.o
 .debug_info    0x00005004     0x2d83 build/default/production/_ext/2070931557/drv_spi.o
 .debug_info    0x00007d87      0x32c build/default/production/_ext/14461671/sys_dma.o
 .debug_info    0x000080b3      0x13a build/default/production/_ext/1360937237/app.o
 .debug_info    0x000081ed       0xb8 build/default/production/_ext/1171490990/tasks.o
 .debug_info    0x000082a5     0x1106 build/default/production/_ext/17022449/plib_sercom3_spi_master.o
 .debug_info    0x000093ab     0x155f build/default/production/_ext/508257091/plib_sercom2_i2c_master.o
 .debug_info    0x0000a90a     0x1461 build/default/production/_ext/504274921/plib_sercom1_usart.o
 .debug_info    0x0000bd6b       0x9b build/default/production/_ext/1986646378/plib_evsys.o
 .debug_info    0x0000be06     0x1a54 build/default/production/_ext/504274921/plib_sercom0_usart.o
 .debug_info    0x0000d85a      0x236 build/default/production/_ext/829342769/plib_pm.o
 .debug_info    0x0000da90       0xe6 build/default/production/_ext/1360937237/main.o
 .debug_info    0x0000db76     0x339c build/default/production/_ext/1171490990/initialization.o
 .debug_info    0x00010f12      0x7ef build/default/production/_ext/1171490990/interrupts.o
 .debug_info    0x00011701       0xba build/default/production/_ext/1171490990/exceptions.o
 .debug_info    0x000117bb      0x737 build/default/production/_ext/1865521619/plib_port.o
 .debug_info    0x00011ef2      0x793 build/default/production/_ext/1984496892/plib_clock.o
 .debug_info    0x00012685     0x144f build/default/production/_ext/1865468468/plib_nvic.o
 .debug_info    0x00013ad4      0xdc4 build/default/production/_ext/1865161661/plib_dmac.o
 .debug_info    0x00014898      0x200 build/default/production/_ext/1171490990/startup_xc32.o
 .debug_info    0x00014a98      0x5fd build/default/production/_ext/60167341/plib_eic.o
 .debug_info    0x00015095      0x289 build/default/production/_ext/60166132/plib_dac.o
 .debug_info    0x0001531e      0x52a build/default/production/_ext/60181570/plib_tcc0.o
 .debug_info    0x00015848     0x2b63 build/default/production/_ext/869808652/drv_usart.o
 .debug_info    0x000183ab      0xcc7 build/default/production/_ext/1832805299/sys_console.o
 .debug_info    0x00019072      0x17a build/default/production/_ext/1995685169/plib_opamp.o
 .debug_info    0x000191ec      0x212 C:/Applications/Microchip/XC32/bin/bin/../../lib/gcc/pic32c/13.2.1/../../../../pic32c/lib/thumb/v8-m.base/nofp\libpic32c.a(data_init.o)
 .debug_info    0x000193fe      0x2fb C:/Applications/Microchip/XC32/bin/bin/../../lib/gcc/pic32c/13.2.1/../../../../pic32c/lib/thumb/v8-m.base/nofp\libc-musl.a(__libc_start_main.o)
 .debug_info    0x000196f9      0x276 C:/Applications/Microchip/XC32/bin/bin/../../lib/gcc/pic32c/13.2.1/../../../../pic32c/lib/thumb/v8-m.base/nofp\libc-musl.a(libc.o)
 .debug_info    0x0001996f       0x97 C:/Applications/Microchip/XC32/bin/bin/../../lib/gcc/pic32c/13.2.1/../../../../pic32c/lib/thumb/v8-m.base/nofp\libc-musl.a(__environ.o)
 .debug_info    0x00019a06      0x117 C:/Applications/Microchip/XC32/bin/bin/../../lib/gcc/pic32c/13.2.1/../../../../pic32c/lib/thumb/v8-m.base/nofp\libpic32c.a(pic32_data_init_clear.o)
 .debug_info    0x00019b1d      0x12c C:/Applications/Microchip/XC32/bin/bin/../../lib/gcc/pic32c/13.2.1/../../../../pic32c/lib/thumb/v8-m.base/nofp\libpic32c.a(pic32_data_init_copy.o)

.debug_abbrev   0x00000000     0x4a3e
 .debug_abbrev  0x00000000      0x1ee build/default/production/_ext/1593096446/plib_nvmctrl.o
 .debug_abbrev  0x000001ee      0x172 build/default/production/_ext/60163342/plib_adc.o
 .debug_abbrev  0x00000360      0x167 build/default/production/_ext/1865616679/plib_supc.o
 .debug_abbrev  0x000004c7      0x209 build/default/production/_ext/60180175/plib_rtc_clock.o
 .debug_abbrev  0x000006d0      0x1c4 build/default/production/_ext/1987437027/plib_freqm.o
 .debug_abbrev  0x00000894      0x4db build/default/production/_ext/158385033/drv_i2c.o
 .debug_abbrev  0x00000d6f      0x134 build/default/production/_ext/1865643529/plib_trng.o
 .debug_abbrev  0x00000ea3      0x2e9 build/default/production/_ext/1832805299/sys_console_uart.o
 .debug_abbrev  0x0000118c      0x547 build/default/production/_ext/2070931557/drv_spi.o
 .debug_abbrev  0x000016d3      0x121 build/default/production/_ext/14461671/sys_dma.o
 .debug_abbrev  0x000017f4       0xdd build/default/production/_ext/1360937237/app.o
 .debug_abbrev  0x000018d1       0x64 build/default/production/_ext/1171490990/tasks.o
 .debug_abbrev  0x00001935      0x276 build/default/production/_ext/17022449/plib_sercom3_spi_master.o
 .debug_abbrev  0x00001bab      0x3c2 build/default/production/_ext/508257091/plib_sercom2_i2c_master.o
 .debug_abbrev  0x00001f6d      0x315 build/default/production/_ext/504274921/plib_sercom1_usart.o
 .debug_abbrev  0x00002282       0x46 build/default/production/_ext/1986646378/plib_evsys.o
 .debug_abbrev  0x000022c8      0x431 build/default/production/_ext/504274921/plib_sercom0_usart.o
 .debug_abbrev  0x000026f9      0x106 build/default/production/_ext/829342769/plib_pm.o
 .debug_abbrev  0x000027ff       0xa2 build/default/production/_ext/1360937237/main.o
 .debug_abbrev  0x000028a1      0x2f8 build/default/production/_ext/1171490990/initialization.o
 .debug_abbrev  0x00002b99      0x11d build/default/production/_ext/1171490990/interrupts.o
 .debug_abbrev  0x00002cb6       0x49 build/default/production/_ext/1171490990/exceptions.o
 .debug_abbrev  0x00002cff      0x1e8 build/default/production/_ext/1865521619/plib_port.o
 .debug_abbrev  0x00002ee7      0x1ad build/default/production/_ext/1984496892/plib_clock.o
 .debug_abbrev  0x00003094      0x268 build/default/production/_ext/1865468468/plib_nvic.o
 .debug_abbrev  0x000032fc      0x2ca build/default/production/_ext/1865161661/plib_dmac.o
 .debug_abbrev  0x000035c6      0x12c build/default/production/_ext/1171490990/startup_xc32.o
 .debug_abbrev  0x000036f2      0x1cd build/default/production/_ext/60167341/plib_eic.o
 .debug_abbrev  0x000038bf      0x11f build/default/production/_ext/60166132/plib_dac.o
 .debug_abbrev  0x000039de      0x13e build/default/production/_ext/60181570/plib_tcc0.o
 .debug_abbrev  0x00003b1c      0x587 build/default/production/_ext/869808652/drv_usart.o
 .debug_abbrev  0x000040a3      0x3da build/default/production/_ext/1832805299/sys_console.o
 .debug_abbrev  0x0000447d       0xa4 build/default/production/_ext/1995685169/plib_opamp.o
 .debug_abbrev  0x00004521      0x156 C:/Applications/Microchip/XC32/bin/bin/../../lib/gcc/pic32c/13.2.1/../../../../pic32c/lib/thumb/v8-m.base/nofp\libpic32c.a(data_init.o)
 .debug_abbrev  0x00004677      0x133 C:/Applications/Microchip/XC32/bin/bin/../../lib/gcc/pic32c/13.2.1/../../../../pic32c/lib/thumb/v8-m.base/nofp\libc-musl.a(__libc_start_main.o)
 .debug_abbrev  0x000047aa       0xd4 C:/Applications/Microchip/XC32/bin/bin/../../lib/gcc/pic32c/13.2.1/../../../../pic32c/lib/thumb/v8-m.base/nofp\libc-musl.a(libc.o)
 .debug_abbrev  0x0000487e       0x62 C:/Applications/Microchip/XC32/bin/bin/../../lib/gcc/pic32c/13.2.1/../../../../pic32c/lib/thumb/v8-m.base/nofp\libc-musl.a(__environ.o)
 .debug_abbrev  0x000048e0       0xa5 C:/Applications/Microchip/XC32/bin/bin/../../lib/gcc/pic32c/13.2.1/../../../../pic32c/lib/thumb/v8-m.base/nofp\libpic32c.a(pic32_data_init_clear.o)
 .debug_abbrev  0x00004985       0xb9 C:/Applications/Microchip/XC32/bin/bin/../../lib/gcc/pic32c/13.2.1/../../../../pic32c/lib/thumb/v8-m.base/nofp\libpic32c.a(pic32_data_init_copy.o)

.debug_loc      0x00000000     0xe6af
 .debug_loc     0x00000000      0x627 build/default/production/_ext/1593096446/plib_nvmctrl.o
 .debug_loc     0x00000627      0x194 build/default/production/_ext/60163342/plib_adc.o
 .debug_loc     0x000007bb       0x6e build/default/production/_ext/1865616679/plib_supc.o
 .debug_loc     0x00000829      0x2e7 build/default/production/_ext/60180175/plib_rtc_clock.o
 .debug_loc     0x00000b10      0x17b build/default/production/_ext/1987437027/plib_freqm.o
 .debug_loc     0x00000c8b     0x1de7 build/default/production/_ext/158385033/drv_i2c.o
 .debug_loc     0x00002a72       0x4a build/default/production/_ext/1865643529/plib_trng.o
 .debug_loc     0x00002abc      0xbf1 build/default/production/_ext/1832805299/sys_console_uart.o
 .debug_loc     0x000036ad     0x2614 build/default/production/_ext/2070931557/drv_spi.o
 .debug_loc     0x00005cc1      0x197 build/default/production/_ext/14461671/sys_dma.o
 .debug_loc     0x00005e58       0x16 build/default/production/_ext/1360937237/app.o
 .debug_loc     0x00005e6e       0x20 build/default/production/_ext/1171490990/tasks.o
 .debug_loc     0x00005e8e      0x6eb build/default/production/_ext/17022449/plib_sercom3_spi_master.o
 .debug_loc     0x00006579      0xcb3 build/default/production/_ext/508257091/plib_sercom2_i2c_master.o
 .debug_loc     0x0000722c      0x8fc build/default/production/_ext/504274921/plib_sercom1_usart.o
 .debug_loc     0x00007b28      0xe3b build/default/production/_ext/504274921/plib_sercom0_usart.o
 .debug_loc     0x00008963       0x69 build/default/production/_ext/829342769/plib_pm.o
 .debug_loc     0x000089cc       0x20 build/default/production/_ext/1360937237/main.o
 .debug_loc     0x000089ec       0x4b build/default/production/_ext/1171490990/initialization.o
 .debug_loc     0x00008a37       0x20 build/default/production/_ext/1171490990/interrupts.o
 .debug_loc     0x00008a57      0x2b8 build/default/production/_ext/1865521619/plib_port.o
 .debug_loc     0x00008d0f       0x55 build/default/production/_ext/1984496892/plib_clock.o
 .debug_loc     0x00008d64      0x9f5 build/default/production/_ext/1865468468/plib_nvic.o
 .debug_loc     0x00009759      0xd84 build/default/production/_ext/1865161661/plib_dmac.o
 .debug_loc     0x0000a4dd       0x20 build/default/production/_ext/1171490990/startup_xc32.o
 .debug_loc     0x0000a4fd      0x29c build/default/production/_ext/60167341/plib_eic.o
 .debug_loc     0x0000a799       0x2b build/default/production/_ext/60166132/plib_dac.o
 .debug_loc     0x0000a7c4      0x1b3 build/default/production/_ext/60181570/plib_tcc0.o
 .debug_loc     0x0000a977     0x2b5d build/default/production/_ext/869808652/drv_usart.o
 .debug_loc     0x0000d4d4      0xddc build/default/production/_ext/1832805299/sys_console.o
 .debug_loc     0x0000e2b0      0x113 C:/Applications/Microchip/XC32/bin/bin/../../lib/gcc/pic32c/13.2.1/../../../../pic32c/lib/thumb/v8-m.base/nofp\libpic32c.a(data_init.o)
 .debug_loc     0x0000e3c3       0x5e C:/Applications/Microchip/XC32/bin/bin/../../lib/gcc/pic32c/13.2.1/../../../../pic32c/lib/thumb/v8-m.base/nofp\libc-musl.a(__libc_start_main.o)
 .debug_loc     0x0000e421       0xf7 C:/Applications/Microchip/XC32/bin/bin/../../lib/gcc/pic32c/13.2.1/../../../../pic32c/lib/thumb/v8-m.base/nofp\libpic32c.a(pic32_data_init_clear.o)
 .debug_loc     0x0000e518      0x197 C:/Applications/Microchip/XC32/bin/bin/../../lib/gcc/pic32c/13.2.1/../../../../pic32c/lib/thumb/v8-m.base/nofp\libpic32c.a(pic32_data_init_copy.o)

.debug_aranges  0x00000000      0xd90
 .debug_aranges
                0x00000000       0xa0 build/default/production/_ext/1593096446/plib_nvmctrl.o
 .debug_aranges
                0x000000a0       0x80 build/default/production/_ext/60163342/plib_adc.o
 .debug_aranges
                0x00000120       0x38 build/default/production/_ext/1865616679/plib_supc.o
 .debug_aranges
                0x00000158       0x68 build/default/production/_ext/60180175/plib_rtc_clock.o
 .debug_aranges
                0x000001c0       0x50 build/default/production/_ext/1987437027/plib_freqm.o
 .debug_aranges
                0x00000210       0xc0 build/default/production/_ext/158385033/drv_i2c.o
 .debug_aranges
                0x000002d0       0x38 build/default/production/_ext/1865643529/plib_trng.o
 .debug_aranges
                0x00000308       0x68 build/default/production/_ext/1832805299/sys_console_uart.o
 .debug_aranges
                0x00000370       0xb8 build/default/production/_ext/2070931557/drv_spi.o
 .debug_aranges
                0x00000428       0x28 build/default/production/_ext/14461671/sys_dma.o
 .debug_aranges
                0x00000450       0x28 build/default/production/_ext/1360937237/app.o
 .debug_aranges
                0x00000478       0x20 build/default/production/_ext/1171490990/tasks.o
 .debug_aranges
                0x00000498       0x60 build/default/production/_ext/17022449/plib_sercom3_spi_master.o
 .debug_aranges
                0x000004f8       0x78 build/default/production/_ext/508257091/plib_sercom2_i2c_master.o
 .debug_aranges
                0x00000570       0xe0 build/default/production/_ext/504274921/plib_sercom1_usart.o
 .debug_aranges
                0x00000650       0x20 build/default/production/_ext/1986646378/plib_evsys.o
 .debug_aranges
                0x00000670       0xe8 build/default/production/_ext/504274921/plib_sercom0_usart.o
 .debug_aranges
                0x00000758       0x40 build/default/production/_ext/829342769/plib_pm.o
 .debug_aranges
                0x00000798       0x20 build/default/production/_ext/1360937237/main.o
 .debug_aranges
                0x000007b8       0x20 build/default/production/_ext/1171490990/initialization.o
 .debug_aranges
                0x000007d8       0x28 build/default/production/_ext/1171490990/interrupts.o
 .debug_aranges
                0x00000800       0x28 build/default/production/_ext/1171490990/exceptions.o
 .debug_aranges
                0x00000828       0x68 build/default/production/_ext/1865521619/plib_port.o
 .debug_aranges
                0x00000890       0x30 build/default/production/_ext/1984496892/plib_clock.o
 .debug_aranges
                0x000008c0       0x48 build/default/production/_ext/1865468468/plib_nvic.o
 .debug_aranges
                0x00000908       0xb0 build/default/production/_ext/1865161661/plib_dmac.o
 .debug_aranges
                0x000009b8       0x28 build/default/production/_ext/1171490990/startup_xc32.o
 .debug_aranges
                0x000009e0       0x80 build/default/production/_ext/60167341/plib_eic.o
 .debug_aranges
                0x00000a60       0x30 build/default/production/_ext/60166132/plib_dac.o
 .debug_aranges
                0x00000a90       0x80 build/default/production/_ext/60181570/plib_tcc0.o
 .debug_aranges
                0x00000b10      0x110 build/default/production/_ext/869808652/drv_usart.o
 .debug_aranges
                0x00000c20       0x88 build/default/production/_ext/1832805299/sys_console.o
 .debug_aranges
                0x00000ca8       0x20 build/default/production/_ext/1995685169/plib_opamp.o
 .debug_aranges
                0x00000cc8       0x30 C:/Applications/Microchip/XC32/bin/bin/../../lib/gcc/pic32c/13.2.1/../../../../pic32c/lib/thumb/v8-m.base/nofp\libpic32c.a(data_init.o)
 .debug_aranges
                0x00000cf8       0x28 C:/Applications/Microchip/XC32/bin/bin/../../lib/gcc/pic32c/13.2.1/../../../../pic32c/lib/thumb/v8-m.base/nofp\libc-musl.a(__libc_start_main.o)
 .debug_aranges
                0x00000d20       0x18 C:/Applications/Microchip/XC32/bin/bin/../../lib/gcc/pic32c/13.2.1/../../../../pic32c/lib/thumb/v8-m.base/nofp\libc-musl.a(libc.o)
 .debug_aranges
                0x00000d38       0x18 C:/Applications/Microchip/XC32/bin/bin/../../lib/gcc/pic32c/13.2.1/../../../../pic32c/lib/thumb/v8-m.base/nofp\libc-musl.a(__environ.o)
 .debug_aranges
                0x00000d50       0x20 C:/Applications/Microchip/XC32/bin/bin/../../lib/gcc/pic32c/13.2.1/../../../../pic32c/lib/thumb/v8-m.base/nofp\libpic32c.a(pic32_data_init_clear.o)
 .debug_aranges
                0x00000d70       0x20 C:/Applications/Microchip/XC32/bin/bin/../../lib/gcc/pic32c/13.2.1/../../../../pic32c/lib/thumb/v8-m.base/nofp\libpic32c.a(pic32_data_init_copy.o)

.debug_ranges   0x00000000     0x1160
 .debug_ranges  0x00000000       0x90 build/default/production/_ext/1593096446/plib_nvmctrl.o
 .debug_ranges  0x00000090       0x70 build/default/production/_ext/60163342/plib_adc.o
 .debug_ranges  0x00000100       0x28 build/default/production/_ext/1865616679/plib_supc.o
 .debug_ranges  0x00000128       0x58 build/default/production/_ext/60180175/plib_rtc_clock.o
 .debug_ranges  0x00000180       0x58 build/default/production/_ext/1987437027/plib_freqm.o
 .debug_ranges  0x000001d8      0x180 build/default/production/_ext/158385033/drv_i2c.o
 .debug_ranges  0x00000358       0x28 build/default/production/_ext/1865643529/plib_trng.o
 .debug_ranges  0x00000380       0xe8 build/default/production/_ext/1832805299/sys_console_uart.o
 .debug_ranges  0x00000468      0x1d0 build/default/production/_ext/2070931557/drv_spi.o
 .debug_ranges  0x00000638       0x18 build/default/production/_ext/14461671/sys_dma.o
 .debug_ranges  0x00000650       0x18 build/default/production/_ext/1360937237/app.o
 .debug_ranges  0x00000668       0x10 build/default/production/_ext/1171490990/tasks.o
 .debug_ranges  0x00000678       0x68 build/default/production/_ext/17022449/plib_sercom3_spi_master.o
 .debug_ranges  0x000006e0      0x128 build/default/production/_ext/508257091/plib_sercom2_i2c_master.o
 .debug_ranges  0x00000808      0x120 build/default/production/_ext/504274921/plib_sercom1_usart.o
 .debug_ranges  0x00000928       0x10 build/default/production/_ext/1986646378/plib_evsys.o
 .debug_ranges  0x00000938      0x1a0 build/default/production/_ext/504274921/plib_sercom0_usart.o
 .debug_ranges  0x00000ad8       0x30 build/default/production/_ext/829342769/plib_pm.o
 .debug_ranges  0x00000b08       0x10 build/default/production/_ext/1360937237/main.o
 .debug_ranges  0x00000b18       0x10 build/default/production/_ext/1171490990/initialization.o
 .debug_ranges  0x00000b28       0x18 build/default/production/_ext/1171490990/interrupts.o
 .debug_ranges  0x00000b40       0x18 build/default/production/_ext/1171490990/exceptions.o
 .debug_ranges  0x00000b58       0x58 build/default/production/_ext/1865521619/plib_port.o
 .debug_ranges  0x00000bb0       0x20 build/default/production/_ext/1984496892/plib_clock.o
 .debug_ranges  0x00000bd0       0x50 build/default/production/_ext/1865468468/plib_nvic.o
 .debug_ranges  0x00000c20       0xb8 build/default/production/_ext/1865161661/plib_dmac.o
 .debug_ranges  0x00000cd8       0x18 build/default/production/_ext/1171490990/startup_xc32.o
 .debug_ranges  0x00000cf0       0x70 build/default/production/_ext/60167341/plib_eic.o
 .debug_ranges  0x00000d60       0x20 build/default/production/_ext/60166132/plib_dac.o
 .debug_ranges  0x00000d80       0x70 build/default/production/_ext/60181570/plib_tcc0.o
 .debug_ranges  0x00000df0      0x258 build/default/production/_ext/869808652/drv_usart.o
 .debug_ranges  0x00001048       0x90 build/default/production/_ext/1832805299/sys_console.o
 .debug_ranges  0x000010d8       0x10 build/default/production/_ext/1995685169/plib_opamp.o
 .debug_ranges  0x000010e8       0x20 C:/Applications/Microchip/XC32/bin/bin/../../lib/gcc/pic32c/13.2.1/../../../../pic32c/lib/thumb/v8-m.base/nofp\libpic32c.a(data_init.o)
 .debug_ranges  0x00001108       0x38 C:/Applications/Microchip/XC32/bin/bin/../../lib/gcc/pic32c/13.2.1/../../../../pic32c/lib/thumb/v8-m.base/nofp\libc-musl.a(__libc_start_main.o)
 .debug_ranges  0x00001140       0x10 C:/Applications/Microchip/XC32/bin/bin/../../lib/gcc/pic32c/13.2.1/../../../../pic32c/lib/thumb/v8-m.base/nofp\libpic32c.a(pic32_data_init_clear.o)
 .debug_ranges  0x00001150       0x10 C:/Applications/Microchip/XC32/bin/bin/../../lib/gcc/pic32c/13.2.1/../../../../pic32c/lib/thumb/v8-m.base/nofp\libpic32c.a(pic32_data_init_copy.o)

.debug_line     0x00000000     0xcd61
 .debug_line    0x00000000      0x4b3 build/default/production/_ext/1593096446/plib_nvmctrl.o
 .debug_line    0x000004b3      0x461 build/default/production/_ext/60163342/plib_adc.o
 .debug_line    0x00000914      0x269 build/default/production/_ext/1865616679/plib_supc.o
 .debug_line    0x00000b7d      0x557 build/default/production/_ext/60180175/plib_rtc_clock.o
 .debug_line    0x000010d4      0x266 build/default/production/_ext/1987437027/plib_freqm.o
 .debug_line    0x0000133a     0x1051 build/default/production/_ext/158385033/drv_i2c.o
 .debug_line    0x0000238b      0x198 build/default/production/_ext/1865643529/plib_trng.o
 .debug_line    0x00002523      0x62d build/default/production/_ext/1832805299/sys_console_uart.o
 .debug_line    0x00002b50     0x1626 build/default/production/_ext/2070931557/drv_spi.o
 .debug_line    0x00004176      0x143 build/default/production/_ext/14461671/sys_dma.o
 .debug_line    0x000042b9       0x80 build/default/production/_ext/1360937237/app.o
 .debug_line    0x00004339       0x69 build/default/production/_ext/1171490990/tasks.o
 .debug_line    0x000043a2      0x897 build/default/production/_ext/17022449/plib_sercom3_spi_master.o
 .debug_line    0x00004c39      0xba1 build/default/production/_ext/508257091/plib_sercom2_i2c_master.o
 .debug_line    0x000057da      0xb87 build/default/production/_ext/504274921/plib_sercom1_usart.o
 .debug_line    0x00006361       0x66 build/default/production/_ext/1986646378/plib_evsys.o
 .debug_line    0x000063c7      0xe54 build/default/production/_ext/504274921/plib_sercom0_usart.o
 .debug_line    0x0000721b      0x2a6 build/default/production/_ext/829342769/plib_pm.o
 .debug_line    0x000074c1       0x74 build/default/production/_ext/1360937237/main.o
 .debug_line    0x00007535      0x8ee build/default/production/_ext/1171490990/initialization.o
 .debug_line    0x00007e23      0x110 build/default/production/_ext/1171490990/interrupts.o
 .debug_line    0x00007f33       0x75 build/default/production/_ext/1171490990/exceptions.o
 .debug_line    0x00007fa8      0x2a3 build/default/production/_ext/1865521619/plib_port.o
 .debug_line    0x0000824b      0x4c0 build/default/production/_ext/1984496892/plib_clock.o
 .debug_line    0x0000870b      0xc42 build/default/production/_ext/1865468468/plib_nvic.o
 .debug_line    0x0000934d      0x9d8 build/default/production/_ext/1865161661/plib_dmac.o
 .debug_line    0x00009d25      0x14c build/default/production/_ext/1171490990/startup_xc32.o
 .debug_line    0x00009e71      0x4e5 build/default/production/_ext/60167341/plib_eic.o
 .debug_line    0x0000a356      0x131 build/default/production/_ext/60166132/plib_dac.o
 .debug_line    0x0000a487      0x479 build/default/production/_ext/60181570/plib_tcc0.o
 .debug_line    0x0000a900     0x158f build/default/production/_ext/869808652/drv_usart.o
 .debug_line    0x0000be8f      0x69d build/default/production/_ext/1832805299/sys_console.o
 .debug_line    0x0000c52c       0xfe build/default/production/_ext/1995685169/plib_opamp.o
 .debug_line    0x0000c62a      0x165 C:/Applications/Microchip/XC32/bin/bin/../../lib/gcc/pic32c/13.2.1/../../../../pic32c/lib/thumb/v8-m.base/nofp\libpic32c.a(data_init.o)
 .debug_line    0x0000c78f      0x1ce C:/Applications/Microchip/XC32/bin/bin/../../lib/gcc/pic32c/13.2.1/../../../../pic32c/lib/thumb/v8-m.base/nofp\libc-musl.a(__libc_start_main.o)
 .debug_line    0x0000c95d       0xb5 C:/Applications/Microchip/XC32/bin/bin/../../lib/gcc/pic32c/13.2.1/../../../../pic32c/lib/thumb/v8-m.base/nofp\libc-musl.a(libc.o)
 .debug_line    0x0000ca12       0xfb C:/Applications/Microchip/XC32/bin/bin/../../lib/gcc/pic32c/13.2.1/../../../../pic32c/lib/thumb/v8-m.base/nofp\libc-musl.a(__environ.o)
 .debug_line    0x0000cb0d      0x11e C:/Applications/Microchip/XC32/bin/bin/../../lib/gcc/pic32c/13.2.1/../../../../pic32c/lib/thumb/v8-m.base/nofp\libpic32c.a(pic32_data_init_clear.o)
 .debug_line    0x0000cc2b      0x136 C:/Applications/Microchip/XC32/bin/bin/../../lib/gcc/pic32c/13.2.1/../../../../pic32c/lib/thumb/v8-m.base/nofp\libpic32c.a(pic32_data_init_copy.o)

.debug_str      0x00000000     0x8ea9
 .debug_str     0x00000000     0x8ea9 build/default/production/_ext/1593096446/plib_nvmctrl.o
                                0x6af (size before relaxing)
 .debug_str     0x00008ea9      0x973 build/default/production/_ext/60163342/plib_adc.o
 .debug_str     0x00008ea9      0x46a build/default/production/_ext/1865616679/plib_supc.o
 .debug_str     0x00008ea9      0x6f5 build/default/production/_ext/60180175/plib_rtc_clock.o
 .debug_str     0x00008ea9      0x4ba build/default/production/_ext/1987437027/plib_freqm.o
 .debug_str     0x00008ea9     0x1454 build/default/production/_ext/158385033/drv_i2c.o
 .debug_str     0x00008ea9      0x3ee build/default/production/_ext/1865643529/plib_trng.o
 .debug_str     0x00008ea9      0xb25 build/default/production/_ext/1832805299/sys_console_uart.o
 .debug_str     0x00008ea9     0x2722 build/default/production/_ext/2070931557/drv_spi.o
 .debug_str     0x00008ea9      0x6b0 build/default/production/_ext/14461671/sys_dma.o
 .debug_str     0x00008ea9      0x321 build/default/production/_ext/1360937237/app.o
 .debug_str     0x00008ea9      0x2d5 build/default/production/_ext/1171490990/tasks.o
 .debug_str     0x00008ea9      0x887 build/default/production/_ext/17022449/plib_sercom3_spi_master.o
 .debug_str     0x00008ea9      0xa20 build/default/production/_ext/508257091/plib_sercom2_i2c_master.o
 .debug_str     0x00008ea9      0xb52 build/default/production/_ext/504274921/plib_sercom1_usart.o
 .debug_str     0x00008ea9      0x2e2 build/default/production/_ext/1986646378/plib_evsys.o
 .debug_str     0x00008ea9      0xe80 build/default/production/_ext/504274921/plib_sercom0_usart.o
 .debug_str     0x00008ea9      0x3e5 build/default/production/_ext/829342769/plib_pm.o
 .debug_str     0x00008ea9      0x2cf build/default/production/_ext/1360937237/main.o
 .debug_str     0x00008ea9     0x33c6 build/default/production/_ext/1171490990/initialization.o
 .debug_str     0x00008ea9      0xcef build/default/production/_ext/1171490990/interrupts.o
 .debug_str     0x00008ea9      0x2ef build/default/production/_ext/1171490990/exceptions.o
 .debug_str     0x00008ea9      0xa0b build/default/production/_ext/1865521619/plib_port.o
 .debug_str     0x00008ea9      0x795 build/default/production/_ext/1984496892/plib_clock.o
 .debug_str     0x00008ea9      0x912 build/default/production/_ext/1865468468/plib_nvic.o
 .debug_str     0x00008ea9      0x977 build/default/production/_ext/1865161661/plib_dmac.o
 .debug_str     0x00008ea9      0x360 build/default/production/_ext/1171490990/startup_xc32.o
 .debug_str     0x00008ea9      0x635 build/default/production/_ext/60167341/plib_eic.o
 .debug_str     0x00008ea9      0x3f3 build/default/production/_ext/60166132/plib_dac.o
 .debug_str     0x00008ea9      0x5ad build/default/production/_ext/60181570/plib_tcc0.o
 .debug_str     0x00008ea9     0x1c2b build/default/production/_ext/869808652/drv_usart.o
 .debug_str     0x00008ea9      0xa7f build/default/production/_ext/1832805299/sys_console.o
 .debug_str     0x00008ea9      0x373 build/default/production/_ext/1995685169/plib_opamp.o
 .debug_str     0x00008ea9      0x2f8 C:/Applications/Microchip/XC32/bin/bin/../../lib/gcc/pic32c/13.2.1/../../../../pic32c/lib/thumb/v8-m.base/nofp\libpic32c.a(data_init.o)
 .debug_str     0x00008ea9      0x3e6 C:/Applications/Microchip/XC32/bin/bin/../../lib/gcc/pic32c/13.2.1/../../../../pic32c/lib/thumb/v8-m.base/nofp\libc-musl.a(__libc_start_main.o)
 .debug_str     0x00008ea9      0x351 C:/Applications/Microchip/XC32/bin/bin/../../lib/gcc/pic32c/13.2.1/../../../../pic32c/lib/thumb/v8-m.base/nofp\libc-musl.a(libc.o)
 .debug_str     0x00008ea9      0x251 C:/Applications/Microchip/XC32/bin/bin/../../lib/gcc/pic32c/13.2.1/../../../../pic32c/lib/thumb/v8-m.base/nofp\libc-musl.a(__environ.o)
 .debug_str     0x00008ea9      0x289 C:/Applications/Microchip/XC32/bin/bin/../../lib/gcc/pic32c/13.2.1/../../../../pic32c/lib/thumb/v8-m.base/nofp\libpic32c.a(pic32_data_init_clear.o)
 .debug_str     0x00008ea9      0x290 C:/Applications/Microchip/XC32/bin/bin/../../lib/gcc/pic32c/13.2.1/../../../../pic32c/lib/thumb/v8-m.base/nofp\libpic32c.a(pic32_data_init_copy.o)

.debug_frame    0x00000000     0x1d8c
 .debug_frame   0x00000000      0x15c build/default/production/_ext/1593096446/plib_nvmctrl.o
 .debug_frame   0x0000015c       0xe0 build/default/production/_ext/60163342/plib_adc.o
 .debug_frame   0x0000023c       0x60 build/default/production/_ext/1865616679/plib_supc.o
 .debug_frame   0x0000029c       0xc8 build/default/production/_ext/60180175/plib_rtc_clock.o
 .debug_frame   0x00000364       0x90 build/default/production/_ext/1987437027/plib_freqm.o
 .debug_frame   0x000003f4      0x258 build/default/production/_ext/158385033/drv_i2c.o
 .debug_frame   0x0000064c       0x58 build/default/production/_ext/1865643529/plib_trng.o
 .debug_frame   0x000006a4       0xe0 build/default/production/_ext/1832805299/sys_console_uart.o
 .debug_frame   0x00000784      0x240 build/default/production/_ext/2070931557/drv_spi.o
 .debug_frame   0x000009c4       0x48 build/default/production/_ext/14461671/sys_dma.o
 .debug_frame   0x00000a0c       0x30 build/default/production/_ext/1360937237/app.o
 .debug_frame   0x00000a3c       0x28 build/default/production/_ext/1171490990/tasks.o
 .debug_frame   0x00000a64       0xd4 build/default/production/_ext/17022449/plib_sercom3_spi_master.o
 .debug_frame   0x00000b38      0x120 build/default/production/_ext/508257091/plib_sercom2_i2c_master.o
 .debug_frame   0x00000c58      0x1f0 build/default/production/_ext/504274921/plib_sercom1_usart.o
 .debug_frame   0x00000e48       0x20 build/default/production/_ext/1986646378/plib_evsys.o
 .debug_frame   0x00000e68      0x25c build/default/production/_ext/504274921/plib_sercom0_usart.o
 .debug_frame   0x000010c4       0x60 build/default/production/_ext/829342769/plib_pm.o
 .debug_frame   0x00001124       0x28 build/default/production/_ext/1360937237/main.o
 .debug_frame   0x0000114c       0x28 build/default/production/_ext/1171490990/initialization.o
 .debug_frame   0x00001174       0x38 build/default/production/_ext/1171490990/interrupts.o
 .debug_frame   0x000011ac       0x30 build/default/production/_ext/1171490990/exceptions.o
 .debug_frame   0x000011dc       0xc8 build/default/production/_ext/1865521619/plib_port.o
 .debug_frame   0x000012a4       0x48 build/default/production/_ext/1984496892/plib_clock.o
 .debug_frame   0x000012ec       0x94 build/default/production/_ext/1865468468/plib_nvic.o
 .debug_frame   0x00001380      0x1e0 build/default/production/_ext/1865161661/plib_dmac.o
 .debug_frame   0x00001560       0x38 build/default/production/_ext/1171490990/startup_xc32.o
 .debug_frame   0x00001598      0x140 build/default/production/_ext/60167341/plib_eic.o
 .debug_frame   0x000016d8       0x40 build/default/production/_ext/60166132/plib_dac.o
 .debug_frame   0x00001718       0xe8 build/default/production/_ext/60181570/plib_tcc0.o
 .debug_frame   0x00001800      0x34c build/default/production/_ext/869808652/drv_usart.o
 .debug_frame   0x00001b4c      0x158 build/default/production/_ext/1832805299/sys_console.o
 .debug_frame   0x00001ca4       0x20 build/default/production/_ext/1995685169/plib_opamp.o
 .debug_frame   0x00001cc4       0x48 C:/Applications/Microchip/XC32/bin/bin/../../lib/gcc/pic32c/13.2.1/../../../../pic32c/lib/thumb/v8-m.base/nofp\libpic32c.a(data_init.o)
 .debug_frame   0x00001d0c       0x38 C:/Applications/Microchip/XC32/bin/bin/../../lib/gcc/pic32c/13.2.1/../../../../pic32c/lib/thumb/v8-m.base/nofp\libc-musl.a(__libc_start_main.o)
 .debug_frame   0x00001d44       0x20 C:/Applications/Microchip/XC32/bin/bin/../../lib/gcc/pic32c/13.2.1/../../../../pic32c/lib/thumb/v8-m.base/nofp\libpic32c.a(pic32_data_init_clear.o)
 .debug_frame   0x00001d64       0x28 C:/Applications/Microchip/XC32/bin/bin/../../lib/gcc/pic32c/13.2.1/../../../../pic32c/lib/thumb/v8-m.base/nofp\libpic32c.a(pic32_data_init_copy.o)

.note.GNU-stack
                0x00000000        0x0
 .note.GNU-stack
                0x00000000        0x0 C:/Applications/Microchip/XC32/bin/bin/../../lib/gcc/pic32c/13.2.1/../../../../pic32c/lib/thumb/v8-m.base/nofp\libc-musl.a(__libc_start_main.o)
 .note.GNU-stack
                0x00000000        0x0 C:/Applications/Microchip/XC32/bin/bin/../../lib/gcc/pic32c/13.2.1/../../../../pic32c/lib/thumb/v8-m.base/nofp\libc-musl.a(libc.o)
 .note.GNU-stack
                0x00000000        0x0 C:/Applications/Microchip/XC32/bin/bin/../../lib/gcc/pic32c/13.2.1/../../../../pic32c/lib/thumb/v8-m.base/nofp\libc-musl.a(__environ.o)

.vfp11_veneer%z1

.v4_bx%z2

.iplt%z3

.rel.iplt%z4

.igot.plt%z5

.bss.SERCOM0_USART_WriteBuffer%1
                0x20000000     0x1000
 .bss.SERCOM0_USART_WriteBuffer
                0x20000000     0x1000 build/default/production/_ext/504274921/plib_sercom0_usart.o

.bss.SERCOM0_USART_ReadBuffer%2
                0x20001000     0x1000
 .bss.SERCOM0_USART_ReadBuffer
                0x20001000     0x1000 build/default/production/_ext/504274921/plib_sercom0_usart.o

.bss.eicCallbackObject%3
                0x20002000       0xc0
 .bss.eicCallbackObject
                0x20002000       0xc0 build/default/production/_ext/60167341/plib_eic.o

.bss.gDrvSPIObj%4
                0x200020c0       0x74
 .bss.gDrvSPIObj
                0x200020c0       0x74 build/default/production/_ext/2070931557/drv_spi.o

.bss.gDrvUSARTObj%5
                0x20002134       0x60
 .bss.gDrvUSARTObj
                0x20002134       0x60 build/default/production/_ext/869808652/drv_usart.o

.bss%6          0x20002194       0x50
 .bss           0x20002194       0x50 C:/Applications/Microchip/XC32/bin/bin/../../lib/gcc/pic32c/13.2.1/../../../../pic32c/lib/thumb/v8-m.base/nofp\libc-musl.a(libc.o)
                0x20002194                __progname_full
                0x20002194                program_invocation_name
                0x20002198                program_invocation_short_name
                0x20002198                __progname
                0x2000219c                __sysinfo
                0x200021a0                __hwcap
                0x200021a4                __libc

.bss.sercom0USARTObj%7
                0x200021e4       0x40
 .bss.sercom0USARTObj
                0x200021e4       0x40 build/default/production/_ext/504274921/plib_sercom0_usart.o

.bss.dmacChannelObj%8
                0x20002224       0x40
 .bss.dmacChannelObj
                0x20002224       0x40 build/default/production/_ext/1865161661/plib_dmac.o

.bss.descriptor_section%9
                0x20002268       0x40
 .bss.descriptor_section
                0x20002268       0x40 build/default/production/_ext/1865161661/plib_dmac.o

.bss.write_back_section%10
                0x200022a8       0x40
 .bss.write_back_section
                0x200022a8       0x40 build/default/production/_ext/1865161661/plib_dmac.o

.bss.gDrvI2CObj%11
                0x200022e8       0x3c
 .bss.gDrvI2CObj
                0x200022e8       0x3c build/default/production/_ext/158385033/drv_i2c.o

.bss.sercom1USARTObj%12
                0x20002324       0x30
 .bss.sercom1USARTObj
                0x20002324       0x30 build/default/production/_ext/504274921/plib_sercom1_usart.o

.bss.sercom3SPIObj%13
                0x20002354       0x2c
 .bss.sercom3SPIObj
                0x20002354       0x2c build/default/production/_ext/17022449/plib_sercom3_spi_master.o

.bss.sercom2I2CObj%14
                0x20002380       0x2c
 .bss.sercom2I2CObj
                0x20002380       0x2c build/default/production/_ext/508257091/plib_sercom2_i2c_master.o

.bss.drvI2C0TransferObj%15
                0x200023ac       0x2c
 .bss.drvI2C0TransferObj
                0x200023ac       0x2c build/default/production/_ext/1171490990/initialization.o

.bss.drvSPI0ClientObjPool%16
                0x200023d8       0x28
 .bss.drvSPI0ClientObjPool
                0x200023d8       0x28 build/default/production/_ext/1171490990/initialization.o

.bss.drvUSART0BufferObjPool%17
                0x20002400       0x24
 .bss.drvUSART0BufferObjPool
                0x20002400       0x24 build/default/production/_ext/1171490990/initialization.o

.bss.drvSPI0TransferObjPool%18
                0x20002424       0x24
 .bss.drvSPI0TransferObjPool
                0x20002424       0x24 build/default/production/_ext/1171490990/initialization.o

.bss%19         0x20002448       0x1c
 .bss           0x20002448       0x1c C:/Applications/Microchip/XC32/bin/bin/../../lib/gcc/pic32c/13.2.1/thumb/v8-m.base/nofp/crtbegin.o

.bss.drvI2C0ClientObjPool%20
                0x20002464       0x18
 .bss.drvI2C0ClientObjPool
                0x20002464       0x18 build/default/production/_ext/1171490990/initialization.o

.bss.sysObj%21  0x2000247c       0x10
 .bss.sysObj    0x2000247c       0x10 build/default/production/_ext/1171490990/initialization.o
                0x2000247c                sysObj

.bss.drvUSART0ClientObjPool%22
                0x2000248c       0x10
 .bss.drvUSART0ClientObjPool
                0x2000248c       0x10 build/default/production/_ext/1171490990/initialization.o

.bss.rtcObj%23  0x2000249c        0xc
 .bss.rtcObj    0x2000249c        0xc build/default/production/_ext/60180175/plib_rtc_clock.o

.bss.trng%24    0x200024a8        0xc
 .bss.trng      0x200024a8        0xc build/default/production/_ext/1865643529/plib_trng.o

.bss.consoleDeviceInstance%25
                0x200024b4        0xc
 .bss.consoleDeviceInstance
                0x200024b4        0xc build/default/production/_ext/1832805299/sys_console.o

.bss.supcCallbackObject%26
                0x200024c0        0x8
 .bss.supcCallbackObject
                0x200024c0        0x8 build/default/production/_ext/1865616679/plib_supc.o

.bss.freqmObj%27
                0x200024c8        0x8
 .bss.freqmObj  0x200024c8        0x8 build/default/production/_ext/1987437027/plib_freqm.o

.bss.gConsoleUartData%28
                0x200024d0        0x8
 .bss.gConsoleUartData
                0x200024d0        0x8 build/default/production/_ext/1832805299/sys_console_uart.o

.bss.osc32kctrlObj%29
                0x200024d8        0x8
 .bss.osc32kctrlObj
                0x200024d8        0x8 build/default/production/_ext/1984496892/plib_clock.o

.bss.txDummyData%30
                0x20002264        0x4
 .bss.txDummyData
                0x20002264        0x4 build/default/production/_ext/2070931557/drv_spi.o

.bss%31         0x200024e0        0x4
 .bss           0x200024e0        0x4 C:/Applications/Microchip/XC32/bin/bin/../../lib/gcc/pic32c/13.2.1/../../../../pic32c/lib/thumb/v8-m.base/nofp\libpic32c.a(data_init.o)

.bss%32         0x200024e4        0x4
 .bss           0x200024e4        0x4 C:/Applications/Microchip/XC32/bin/bin/../../lib/gcc/pic32c/13.2.1/../../../../pic32c/lib/thumb/v8-m.base/nofp\libc-musl.a(__environ.o)
                0x200024e4                __environ
                0x200024e4                environ
                0x200024e4                ___environ
                0x200024e4                _environ

.bss.appData%33
                0x200024e8        0x1
 .bss.appData   0x200024e8        0x1 build/default/production/_ext/1360937237/app.o
                0x200024e8                appData

.bss.isLastByteTransferInProgress.0%34
                0x200024e9        0x1
 .bss.isLastByteTransferInProgress.0
                0x200024e9        0x1 build/default/production/_ext/17022449/plib_sercom3_spi_master.o

.bss.consolePrintBufferMutex%35
                0x200024ea        0x1
 .bss.consolePrintBufferMutex
                0x200024ea        0x1 build/default/production/_ext/1832805299/sys_console.o

.bss.isConsoleMutexCreated%36
                0x200024eb        0x1
 .bss.isConsoleMutexCreated
                0x200024eb        0x1 build/default/production/_ext/1832805299/sys_console.o

.eh_frame%z6    0x00000000        0x0
 .eh_frame      0x00000000        0x0 C:/Applications/Microchip/XC32/bin/bin/../../lib/gcc/pic32c/13.2.1/thumb/v8-m.base/nofp/crtbegin.o

.config_0080C004%37
                0x0080c004        0x4
 .config_0080C004
                0x0080c004        0x4 build/default/production/_ext/1171490990/initialization.o
                0x0080c004                __config_0080C004

.config_0080C040%38
                0x0080c040        0x4
 .config_0080C040
                0x0080c040        0x4 build/default/production/_ext/1171490990/initialization.o
                0x0080c040                __config_0080C040

.config_0080C044%39
                0x0080c044        0x4
 .config_0080C044
                0x0080c044        0x4 build/default/production/_ext/1171490990/initialization.o
                0x0080c044                __config_0080C044

.config_0080C048%40
                0x0080c048        0x4
 .config_0080C048
                0x0080c048        0x4 build/default/production/_ext/1171490990/initialization.o
                0x0080c048                __config_0080C048

.config_0080C04C%41
                0x0080c04c        0x4
 .config_0080C04C
                0x0080c04c        0x4 build/default/production/_ext/1171490990/initialization.o
                0x0080c04c                __config_0080C04C

.text.SERCOM2_I2C_InterruptHandler%42
                0x0000017c      0x2c2
 .text.SERCOM2_I2C_InterruptHandler
                0x0000017c      0x2c2 build/default/production/_ext/508257091/plib_sercom2_i2c_master.o
                0x0000017c                SERCOM2_I2C_InterruptHandler

.text.NVIC_Initialize%43
                0x00000440      0x278
 .text.NVIC_Initialize
                0x00000440      0x278 build/default/production/_ext/1865468468/plib_nvic.o
                0x00000440                NVIC_Initialize

.text.SERCOM3_SPI_InterruptHandler%44
                0x000006b8      0x242
 .text.SERCOM3_SPI_InterruptHandler
                0x000006b8      0x242 build/default/production/_ext/17022449/plib_sercom3_spi_master.o
                0x000006b8                SERCOM3_SPI_InterruptHandler

.text.SERCOM3_SPI_WriteRead%45
                0x000008fa      0x228
 .text.SERCOM3_SPI_WriteRead
                0x000008fa      0x228 build/default/production/_ext/17022449/plib_sercom3_spi_master.o
                0x000008fa                SERCOM3_SPI_WriteRead

.text.CLOCK_Initialize%46
                0x00000b22      0x20e
 .text.CLOCK_Initialize
                0x00000b22      0x20e build/default/production/_ext/1984496892/plib_clock.o
                0x00000b22                CLOCK_Initialize

.text.SERCOM1_USART_SerialSetup%47
                0x00000d30      0x18c
 .text.SERCOM1_USART_SerialSetup
                0x00000d30      0x18c build/default/production/_ext/504274921/plib_sercom1_usart.o
                0x00000d30                SERCOM1_USART_SerialSetup

.dinit%48       0x00000ebc      0x180
 .dinit         0x00000ebc      0x180 data_init

.text.__aeabi_fadd%49
                0x0000103c      0x136
 .text.__aeabi_fadd
                0x0000103c      0x136 C:/Applications/Microchip/XC32/bin/bin/../../lib/gcc/pic32c/13.2.1/../../../../pic32c/lib/thumb/v8-m.base/nofp\libm-fast-emfloat.a(__aeabi_fadd.o)
                0x0000103c                __aeabi_fadd
                0x00001040                .L__aeabi_fadd_fast_entry

.text.SERCOM2_I2C_TransferSetup%50
                0x00001174      0x134
 .text.SERCOM2_I2C_TransferSetup
                0x00001174      0x134 build/default/production/_ext/508257091/plib_sercom2_i2c_master.o
                0x00001174                SERCOM2_I2C_TransferSetup

.text.SERCOM0_USART_ISR_RX_Handler%51
                0x000012a8      0x124
 .text.SERCOM0_USART_ISR_RX_Handler
                0x000012a8      0x124 build/default/production/_ext/504274921/plib_sercom0_usart.o

.text.SERCOM0_USART_Write%52
                0x000013cc      0x120
 .text.SERCOM0_USART_Write
                0x000013cc      0x120 build/default/production/_ext/504274921/plib_sercom0_usart.o
                0x000013cc                SERCOM0_USART_Write

.text.DMAC_ChannelTransfer%53
                0x000014ec      0x120
 .text.DMAC_ChannelTransfer
                0x000014ec      0x120 build/default/production/_ext/1865161661/plib_dmac.o
                0x000014ec                DMAC_ChannelTransfer

.text.DRV_USART_Initialize%54
                0x0000160c      0x104
 .text.DRV_USART_Initialize
                0x0000160c      0x104 build/default/production/_ext/869808652/drv_usart.o
                0x0000160c                DRV_USART_Initialize

.text.lDRV_USART_BufferQueueTask%55
                0x00001710       0xf6
 .text.lDRV_USART_BufferQueueTask
                0x00001710       0xf6 build/default/production/_ext/869808652/drv_usart.o

.text.SERCOM0_USART_ISR_TX_Handler%56
                0x00001806       0xf2
 .text.SERCOM0_USART_ISR_TX_Handler
                0x00001806       0xf2 build/default/production/_ext/504274921/plib_sercom0_usart.o

.text.lDRV_SPI_UpdateTransferSetupAndAssertCS%57
                0x000018f8       0xe6
 .text.lDRV_SPI_UpdateTransferSetupAndAssertCS
                0x000018f8       0xe6 build/default/production/_ext/2070931557/drv_spi.o

.text.lDRV_SPI_PlibCallbackHandler%58
                0x000019de       0xdc
 .text.lDRV_SPI_PlibCallbackHandler
                0x000019de       0xdc build/default/production/_ext/2070931557/drv_spi.o

.text.DMAC_Initialize%59
                0x00001abc       0xd4
 .text.DMAC_Initialize
                0x00001abc       0xd4 build/default/production/_ext/1865161661/plib_dmac.o
                0x00001abc                DMAC_Initialize

.text.SERCOM3_SPI_TransferSetup%60
                0x00001b90       0xc8
 .text.SERCOM3_SPI_TransferSetup
                0x00001b90       0xc8 build/default/production/_ext/17022449/plib_sercom3_spi_master.o
                0x00001b90                SERCOM3_SPI_TransferSetup

.text.DRV_SPI_Initialize%61
                0x00001c58       0xc6
 .text.DRV_SPI_Initialize
                0x00001c58       0xc6 build/default/production/_ext/2070931557/drv_spi.o
                0x00001c58                DRV_SPI_Initialize

.text.EIC_Initialize%62
                0x00001d1e       0xc6
 .text.EIC_Initialize
                0x00001d1e       0xc6 build/default/production/_ext/60167341/plib_eic.o
                0x00001d1e                EIC_Initialize

.text.lDRV_I2C_NextTransferInitiate%63
                0x00001de4       0xc2
 .text.lDRV_I2C_NextTransferInitiate
                0x00001de4       0xc2 build/default/production/_ext/158385033/drv_i2c.o

.text.SERCOM0_USART_Initialize%64
                0x00001ea6       0xb8
 .text.SERCOM0_USART_Initialize
                0x00001ea6       0xb8 build/default/production/_ext/504274921/plib_sercom0_usart.o
                0x00001ea6                SERCOM0_USART_Initialize

.text.__aeabi_fmul%65
                0x00001f5e       0xb6
 .text.__aeabi_fmul
                0x00001f5e       0xb6 C:/Applications/Microchip/XC32/bin/bin/../../lib/gcc/pic32c/13.2.1/../../../../pic32c/lib/thumb/v8-m.base/nofp\libm-fast-emfloat.a(__aeabi_fmul.o)
                0x00001f5e                __aeabi_fmul

.text.SERCOM1_USART_ISR_TX_Handler%66
                0x00002014       0xa8
 .text.SERCOM1_USART_ISR_TX_Handler
                0x00002014       0xa8 build/default/production/_ext/504274921/plib_sercom1_usart.o

.text.SYS_Initialize%67
                0x000020bc       0xa8
 .text.SYS_Initialize
                0x000020bc       0xa8 build/default/production/_ext/1171490990/initialization.o
                0x000020bc                SYS_Initialize

.text.SERCOM0_USART_Read%68
                0x00002164       0xa2
 .text.SERCOM0_USART_Read
                0x00002164       0xa2 build/default/production/_ext/504274921/plib_sercom0_usart.o
                0x00002164                SERCOM0_USART_Read

.text.SERCOM1_USART_ISR_RX_Handler%69
                0x00002206       0xa0
 .text.SERCOM1_USART_ISR_RX_Handler
                0x00002206       0xa0 build/default/production/_ext/504274921/plib_sercom1_usart.o

.text.DMAC_2_InterruptHandler%70
                0x000022a6       0x96
 .text.DMAC_2_InterruptHandler
                0x000022a6       0x96 build/default/production/_ext/1865161661/plib_dmac.o
                0x000022a6                DMAC_2_InterruptHandler

.text.DMAC_3_InterruptHandler%71
                0x0000233c       0x94
 .text.DMAC_3_InterruptHandler
                0x0000233c       0x94 build/default/production/_ext/1865161661/plib_dmac.o
                0x0000233c                DMAC_3_InterruptHandler

.text.__aeabi_fdiv%72
                0x000023d0       0x94
 .text.__aeabi_fdiv
                0x000023d0       0x94 C:/Applications/Microchip/XC32/bin/bin/../../lib/gcc/pic32c/13.2.1/../../../../pic32c/lib/thumb/v8-m.base/nofp\libm-fast-emfloat.a(__aeabi_fdiv.o)
                0x000023d0                __aeabi_fdiv

.text.SERCOM2_I2C_Initialize%73
                0x00002464       0x92
 .text.SERCOM2_I2C_Initialize
                0x00002464       0x92 build/default/production/_ext/508257091/plib_sercom2_i2c_master.o
                0x00002464                SERCOM2_I2C_Initialize

.text.DMAC_1_InterruptHandler%74
                0x000024f6       0x90
 .text.DMAC_1_InterruptHandler
                0x000024f6       0x90 build/default/production/_ext/1865161661/plib_dmac.o
                0x000024f6                DMAC_1_InterruptHandler

.text.DMAC_0_InterruptHandler%75
                0x00002586       0x8e
 .text.DMAC_0_InterruptHandler
                0x00002586       0x8e build/default/production/_ext/1865161661/plib_dmac.o
                0x00002586                DMAC_0_InterruptHandler

.text.SERCOM1_USART_Write%76
                0x00002614       0x8c
 .text.SERCOM1_USART_Write
                0x00002614       0x8c build/default/production/_ext/504274921/plib_sercom1_usart.o
                0x00002614                SERCOM1_USART_Write

.text.SUPC_Initialize%77
                0x000026a0       0x7e
 .text.SUPC_Initialize
                0x000026a0       0x7e build/default/production/_ext/1865616679/plib_supc.o
                0x000026a0                SUPC_Initialize

.text.EIC_OTHER_InterruptHandler%78
                0x0000271e       0x76
 .text.EIC_OTHER_InterruptHandler
                0x0000271e       0x76 build/default/production/_ext/60167341/plib_eic.o
                0x0000271e                EIC_OTHER_InterruptHandler

.text.DRV_I2C_Initialize%79
                0x00002794       0x74
 .text.DRV_I2C_Initialize
                0x00002794       0x74 build/default/production/_ext/158385033/drv_i2c.o
                0x00002794                DRV_I2C_Initialize

.text.SERCOM2_I2C_InitiateTransfer%80
                0x00002808       0x74
 .text.SERCOM2_I2C_InitiateTransfer
                0x00002808       0x74 build/default/production/_ext/508257091/plib_sercom2_i2c_master.o

.text.SERCOM1_USART_Initialize%81
                0x0000287c       0x6c
 .text.SERCOM1_USART_Initialize
                0x0000287c       0x6c build/default/production/_ext/504274921/plib_sercom1_usart.o
                0x0000287c                SERCOM1_USART_Initialize

.text.SERCOM2_I2C_TransferAbort%82
                0x000028e8       0x6a
 .text.SERCOM2_I2C_TransferAbort
                0x000028e8       0x6a build/default/production/_ext/508257091/plib_sercom2_i2c_master.o
                0x000028e8                SERCOM2_I2C_TransferAbort

.text.SERCOM0_USART_ISR_ERR_Handler%83
                0x00002952       0x6a
 .text.SERCOM0_USART_ISR_ERR_Handler
                0x00002952       0x6a build/default/production/_ext/504274921/plib_sercom0_usart.o

.text.SERCOM1_USART_InterruptHandler%84
                0x000029bc       0x68
 .text.SERCOM1_USART_InterruptHandler
                0x000029bc       0x68 build/default/production/_ext/504274921/plib_sercom1_usart.o
                0x000029bc                SERCOM1_USART_InterruptHandler

.text.SERCOM0_USART_InterruptHandler%85
                0x00002a24       0x68
 .text.SERCOM0_USART_InterruptHandler
                0x00002a24       0x68 build/default/production/_ext/504274921/plib_sercom0_usart.o
                0x00002a24                SERCOM0_USART_InterruptHandler

.text.ADC_Initialize%86
                0x00002a8c       0x66
 .text.ADC_Initialize
                0x00002a8c       0x66 build/default/production/_ext/60163342/plib_adc.o
                0x00002a8c                ADC_Initialize

.text.SYS_CONSOLE_Initialize%87
                0x00002af2       0x66
 .text.SYS_CONSOLE_Initialize
                0x00002af2       0x66 build/default/production/_ext/1832805299/sys_console.o
                0x00002af2                SYS_CONSOLE_Initialize

.text.lDRV_USART_ReadSubmit%88
                0x00002b58       0x64
 .text.lDRV_USART_ReadSubmit
                0x00002b58       0x64 build/default/production/_ext/869808652/drv_usart.o

.text.RTC_Initialize%89
                0x00002bbc       0x60
 .text.RTC_Initialize
                0x00002bbc       0x60 build/default/production/_ext/60180175/plib_rtc_clock.o
                0x00002bbc                RTC_Initialize

.text.lDRV_USART_WriteSubmit%90
                0x00002c1c       0x5e
 .text.lDRV_USART_WriteSubmit
                0x00002c1c       0x5e build/default/production/_ext/869808652/drv_usart.o

.text.__libc_start_init%91
                0x00002c7c       0x5c
 .text.__libc_start_init
                0x00002c7c       0x5c C:/Applications/Microchip/XC32/bin/bin/../../lib/gcc/pic32c/13.2.1/../../../../pic32c/lib/thumb/v8-m.base/nofp\libc-musl.a(__libc_start_main.o)
                0x00002c7c                __libc_init_array

.text.lDRV_I2C_PLibCallbackHandler%92
                0x00002cd8       0x58
 .text.lDRV_I2C_PLibCallbackHandler
                0x00002cd8       0x58 build/default/production/_ext/158385033/drv_i2c.o

.text.Reset_Handler%93
                0x00002d30       0x54
 .text.Reset_Handler
                0x00002d30       0x54 build/default/production/_ext/1171490990/startup_xc32.o
                0x00002d30                Reset_Handler

.text.SERCOM3_SPI_Initialize%94
                0x00002d84       0x52
 .text.SERCOM3_SPI_Initialize
                0x00002d84       0x52 build/default/production/_ext/17022449/plib_sercom3_spi_master.o
                0x00002d84                SERCOM3_SPI_Initialize

.text.DMAC_ChannelSettingsSet%95
                0x00002dd6       0x50
 .text.DMAC_ChannelSettingsSet
                0x00002dd6       0x50 build/default/production/_ext/1865161661/plib_dmac.o
                0x00002dd6                DMAC_ChannelSettingsSet

.text.TCC0_PWMInitialize%96
                0x00002e26       0x4e
 .text.TCC0_PWMInitialize
                0x00002e26       0x4e build/default/production/_ext/60181570/plib_tcc0.o
                0x00002e26                TCC0_PWMInitialize

.text.SERCOM1_USART_Read%97
                0x00002e74       0x48
 .text.SERCOM1_USART_Read
                0x00002e74       0x48 build/default/production/_ext/504274921/plib_sercom1_usart.o
                0x00002e74                SERCOM1_USART_Read

.text.SERCOM1_USART_ISR_ERR_Handler%98
                0x00002ebc       0x46
 .text.SERCOM1_USART_ISR_ERR_Handler
                0x00002ebc       0x46 build/default/production/_ext/504274921/plib_sercom1_usart.o

.text.lDRV_I2C_ClientCallback%99
                0x00002f02       0x44
 .text.lDRV_I2C_ClientCallback
                0x00002f02       0x44 build/default/production/_ext/158385033/drv_i2c.o

.text%100       0x00002f48       0x40
 .text          0x00002f48       0x40 C:/Applications/Microchip/XC32/bin/bin/../../lib/gcc/pic32c/13.2.1/thumb/v8-m.base/nofp/crtbegin.o

.text.SUPC_InterruptHandler%101
                0x00002f88       0x40
 .text.SUPC_InterruptHandler
                0x00002f88       0x40 build/default/production/_ext/1865616679/plib_supc.o
                0x00002f88                SUPC_InterruptHandler

.text.SERCOM2_I2C_Read%102
                0x00002fc8       0x40
 .text.SERCOM2_I2C_Read
                0x00002fc8       0x40 build/default/production/_ext/508257091/plib_sercom2_i2c_master.o
                0x00002fc8                SERCOM2_I2C_Read

.text.SERCOM2_I2C_WriteRead%103
                0x00003008       0x40
 .text.SERCOM2_I2C_WriteRead
                0x00003008       0x40 build/default/production/_ext/508257091/plib_sercom2_i2c_master.o
                0x00003008                SERCOM2_I2C_WriteRead

.text.SERCOM2_I2C_Write%104
                0x00003048       0x3e
 .text.SERCOM2_I2C_Write
                0x00003048       0x3e build/default/production/_ext/508257091/plib_sercom2_i2c_master.o
                0x00003048                SERCOM2_I2C_Write

.text.__aeabi_f2iz%105
                0x00003086       0x3e
 .text.__aeabi_f2iz
                0x00003086       0x3e C:/Applications/Microchip/XC32/bin/bin/../../lib/gcc/pic32c/13.2.1/../../../../pic32c/lib/thumb/v8-m.base/nofp\libm-fast-emfloat.a(__aeabi_f2iz.o)
                0x00003086                __aeabi_f2iz

.text.Console_UART_Read%106
                0x000030c4       0x3c
 .text.Console_UART_Read
                0x000030c4       0x3c build/default/production/_ext/1832805299/sys_console_uart.o
                0x000030c4                Console_UART_Read

.text.Console_UART_Write%107
                0x00003100       0x3c
 .text.Console_UART_Write
                0x00003100       0x3c build/default/production/_ext/1832805299/sys_console_uart.o
                0x00003100                Console_UART_Write

.rodata.drvUsart0InitData%108
                0x0000313c       0x3c
 .rodata.drvUsart0InitData
                0x0000313c       0x3c build/default/production/_ext/1171490990/initialization.o

.text.RTC_InterruptHandler%109
                0x00003178       0x38
 .text.RTC_InterruptHandler
                0x00003178       0x38 build/default/production/_ext/60180175/plib_rtc_clock.o
                0x00003178                RTC_InterruptHandler

.text.TRNG_InterruptHandler%110
                0x000031b0       0x38
 .text.TRNG_InterruptHandler
                0x000031b0       0x38 build/default/production/_ext/1865643529/plib_trng.o
                0x000031b0                TRNG_InterruptHandler

.text.SERCOM1_USART_ErrorClear%111
                0x000031e8       0x38
 .text.SERCOM1_USART_ErrorClear
                0x000031e8       0x38 build/default/production/_ext/504274921/plib_sercom1_usart.o

.text.PM_Initialize%112
                0x00003220       0x38
 .text.PM_Initialize
                0x00003220       0x38 build/default/production/_ext/829342769/plib_pm.o
                0x00003220                PM_Initialize

.text.OSC32KCTRL_InterruptHandler%113
                0x00003258       0x38
 .text.OSC32KCTRL_InterruptHandler
                0x00003258       0x38 build/default/production/_ext/1984496892/plib_clock.o
                0x00003258                OSC32KCTRL_InterruptHandler

.text.Console_UART_WriteCountGet%114
                0x00003290       0x36
 .text.Console_UART_WriteCountGet
                0x00003290       0x36 build/default/production/_ext/1832805299/sys_console_uart.o
                0x00003290                Console_UART_WriteCountGet

.text.Console_UART_WriteFreeBufferCountGet%115
                0x000032c6       0x36
 .text.Console_UART_WriteFreeBufferCountGet
                0x000032c6       0x36 build/default/production/_ext/1832805299/sys_console_uart.o
                0x000032c6                Console_UART_WriteFreeBufferCountGet

.text.Console_UART_ReadFreeBufferCountGet%116
                0x000032fc       0x36
 .text.Console_UART_ReadFreeBufferCountGet
                0x000032fc       0x36 build/default/production/_ext/1832805299/sys_console_uart.o
                0x000032fc                Console_UART_ReadFreeBufferCountGet

.text.Console_UART_ReadCountGet%117
                0x00003332       0x36
 .text.Console_UART_ReadCountGet
                0x00003332       0x36 build/default/production/_ext/1832805299/sys_console_uart.o
                0x00003332                Console_UART_ReadCountGet

.rodata.drvSPI0InitData%118
                0x00003368       0x34
 .rodata.drvSPI0InitData
                0x00003368       0x34 build/default/production/_ext/1171490990/initialization.o

.text.__pic32c_data_initialization%119
                0x0000339c       0x34
 .text.__pic32c_data_initialization
                0x0000339c       0x34 C:/Applications/Microchip/XC32/bin/bin/../../lib/gcc/pic32c/13.2.1/../../../../pic32c/lib/thumb/v8-m.base/nofp\libpic32c.a(data_init.o)
                0x0000339c                __pic32c_data_initialization

.text.SERCOM1_USART_ReadAbort%120
                0x000033d0       0x30
 .text.SERCOM1_USART_ReadAbort
                0x000033d0       0x30 build/default/production/_ext/504274921/plib_sercom1_usart.o
                0x000033d0                SERCOM1_USART_ReadAbort

.rodata.sysConsoleUARTDevDesc%121
                0x00003400       0x2c
 .rodata.sysConsoleUARTDevDesc
                0x00003400       0x2c build/default/production/_ext/1832805299/sys_console_uart.o
                0x00003400                sysConsoleUARTDevDesc

.rodata.drvUsart0PlibAPI%122
                0x0000342c       0x2c
 .rodata.drvUsart0PlibAPI
                0x0000342c       0x2c build/default/production/_ext/1171490990/initialization.o

.text.EIC_EXTINT_0_InterruptHandler%123
                0x00003458       0x2c
 .text.EIC_EXTINT_0_InterruptHandler
                0x00003458       0x2c build/default/production/_ext/60167341/plib_eic.o
                0x00003458                EIC_EXTINT_0_InterruptHandler

.text.EIC_EXTINT_1_InterruptHandler%124
                0x00003484       0x2c
 .text.EIC_EXTINT_1_InterruptHandler
                0x00003484       0x2c build/default/production/_ext/60167341/plib_eic.o
                0x00003484                EIC_EXTINT_1_InterruptHandler

.text.EIC_EXTINT_2_InterruptHandler%125
                0x000034b0       0x2c
 .text.EIC_EXTINT_2_InterruptHandler
                0x000034b0       0x2c build/default/production/_ext/60167341/plib_eic.o
                0x000034b0                EIC_EXTINT_2_InterruptHandler

.text.EIC_EXTINT_3_InterruptHandler%126
                0x000034dc       0x2c
 .text.EIC_EXTINT_3_InterruptHandler
                0x000034dc       0x2c build/default/production/_ext/60167341/plib_eic.o
                0x000034dc                EIC_EXTINT_3_InterruptHandler

.text.EIC_EXTINT_4_InterruptHandler%127
                0x00003508       0x2c
 .text.EIC_EXTINT_4_InterruptHandler
                0x00003508       0x2c build/default/production/_ext/60167341/plib_eic.o
                0x00003508                EIC_EXTINT_4_InterruptHandler

.text.EIC_EXTINT_5_InterruptHandler%128
                0x00003534       0x2c
 .text.EIC_EXTINT_5_InterruptHandler
                0x00003534       0x2c build/default/production/_ext/60167341/plib_eic.o
                0x00003534                EIC_EXTINT_5_InterruptHandler

.text.EIC_EXTINT_6_InterruptHandler%129
                0x00003560       0x2c
 .text.EIC_EXTINT_6_InterruptHandler
                0x00003560       0x2c build/default/production/_ext/60167341/plib_eic.o
                0x00003560                EIC_EXTINT_6_InterruptHandler

.text.EIC_EXTINT_7_InterruptHandler%130
                0x0000358c       0x2c
 .text.EIC_EXTINT_7_InterruptHandler
                0x0000358c       0x2c build/default/production/_ext/60167341/plib_eic.o
                0x0000358c                EIC_EXTINT_7_InterruptHandler

.text.FREQM_InterruptHandler%131
                0x000035b8       0x2a
 .text.FREQM_InterruptHandler
                0x000035b8       0x2a build/default/production/_ext/1987437027/plib_freqm.o
                0x000035b8                FREQM_InterruptHandler

.text.lDRV_USART_RX_DMA_CallbackHandler%132
                0x000035e2       0x2a
 .text.lDRV_USART_RX_DMA_CallbackHandler
                0x000035e2       0x2a build/default/production/_ext/869808652/drv_usart.o

.text.lDRV_USART_TX_DMA_CallbackHandler%133
                0x0000360c       0x2a