Archive member included to satisfy reference by file (symbol)

c:/applications/microchip/xc32/bin/bin/../../lib/gcc/pic32c/8.3.1/../../../../pic32c/lib/thumb/v6-m/nofp\libpic32c.a(data_init.o)
                              build/default/production/_ext/1171490990/startup_xc32.o (__pic32c_data_initialization)
c:/applications/microchip/xc32/bin/bin/../../lib/gcc/pic32c/8.3.1/../../../../pic32c/lib/thumb/v6-m/nofp\libc-size-musl.a(memcpy.o)
                              build/default/production/_ext/60165182/plib_can0.o (memcpy)
c:/applications/microchip/xc32/bin/bin/../../lib/gcc/pic32c/8.3.1/../../../../pic32c/lib/thumb/v6-m/nofp\libc-size-musl.a(memset.o)
                              build/default/production/_ext/60165182/plib_can0.o (memset)
c:/applications/microchip/xc32/bin/bin/../../lib/gcc/pic32c/8.3.1/../../../../pic32c/lib/thumb/v6-m/nofp\libc-size-musl.a(strlen.o)
                              build/default/production/_ext/1832805299/sys_console.o (strlen)
c:/applications/microchip/xc32/bin/bin/../../lib/gcc/pic32c/8.3.1/../../../../pic32c/lib/thumb/v6-m/nofp\libm-fast-emfloat.a(__aeabi_fadd.o)
                              build/default/production/_ext/508257091/plib_sercom0_i2c_master.o (__aeabi_fadd)
c:/applications/microchip/xc32/bin/bin/../../lib/gcc/pic32c/8.3.1/../../../../pic32c/lib/thumb/v6-m/nofp\libm-fast-emfloat.a(__aeabi_dadd.o)
                              build/default/production/_ext/1360937237/mcp9808_driver.o (__aeabi_dadd)
c:/applications/microchip/xc32/bin/bin/../../lib/gcc/pic32c/8.3.1/../../../../pic32c/lib/thumb/v6-m/nofp\libm-fast-emfloat.a(__aeabi_fsub.o)
                              build/default/production/_ext/508257091/plib_sercom0_i2c_master.o (__aeabi_fsub)
c:/applications/microchip/xc32/bin/bin/../../lib/gcc/pic32c/8.3.1/../../../../pic32c/lib/thumb/v6-m/nofp\libm-fast-emfloat.a(__aeabi_fmul.o)
                              build/default/production/_ext/60165182/plib_can0.o (__aeabi_fmul)
c:/applications/microchip/xc32/bin/bin/../../lib/gcc/pic32c/8.3.1/../../../../pic32c/lib/thumb/v6-m/nofp\libm-fast-emfloat.a(__aeabi_dmul_aux.o)
                              build/default/production/_ext/1360937237/mcp9808_driver.o (__aeabi_dmul)
c:/applications/microchip/xc32/bin/bin/../../lib/gcc/pic32c/8.3.1/../../../../pic32c/lib/thumb/v6-m/nofp\libm-fast-emfloat.a(__aeabi_fdiv.o)
                              build/default/production/_ext/60165182/plib_can0.o (__aeabi_fdiv)
c:/applications/microchip/xc32/bin/bin/../../lib/gcc/pic32c/8.3.1/../../../../pic32c/lib/thumb/v6-m/nofp\libm-fast-emfloat.a(__aeabi_fcmplt.o)
                              build/default/production/_ext/60165182/plib_can0.o (__aeabi_fcmplt)
c:/applications/microchip/xc32/bin/bin/../../lib/gcc/pic32c/8.3.1/../../../../pic32c/lib/thumb/v6-m/nofp\libm-fast-emfloat.a(__aeabi_f2iz.o)
                              build/default/production/_ext/504274921/plib_sercom3_usart.o (__aeabi_f2iz)
c:/applications/microchip/xc32/bin/bin/../../lib/gcc/pic32c/8.3.1/../../../../pic32c/lib/thumb/v6-m/nofp\libm-fast-emfloat.a(__aeabi_f2uiz.o)
                              build/default/production/_ext/60165182/plib_can0.o (__aeabi_f2uiz)
c:/applications/microchip/xc32/bin/bin/../../lib/gcc/pic32c/8.3.1/../../../../pic32c/lib/thumb/v6-m/nofp\libm-fast-emfloat.a(__aeabi_i2f.o)
                              build/default/production/_ext/504274921/plib_sercom3_usart.o (__aeabi_i2f)
c:/applications/microchip/xc32/bin/bin/../../lib/gcc/pic32c/8.3.1/../../../../pic32c/lib/thumb/v6-m/nofp\libm-fast-emfloat.a(__aeabi_ui2f.o)
                              build/default/production/_ext/60165182/plib_can0.o (__aeabi_ui2f)
c:/applications/microchip/xc32/bin/bin/../../lib/gcc/pic32c/8.3.1/../../../../pic32c/lib/thumb/v6-m/nofp\libm-fast-emfloat.a(__aeabi_f2d.o)
                              build/default/production/_ext/1360937237/bme690_driver.o (__aeabi_f2d)
c:/applications/microchip/xc32/bin/bin/../../lib/gcc/pic32c/8.3.1/../../../../pic32c/lib/thumb/v6-m/nofp\libm-fast-emfloat.a(__aeabi_d2f.o)
                              build/default/production/_ext/1360937237/mcp9808_driver.o (__aeabi_d2f)
c:/applications/microchip/xc32/bin/bin/../../lib/gcc/pic32c/8.3.1/../../../../pic32c/lib/thumb/v6-m/nofp\libc-musl.a(__libc_start_main.o)
                              build/default/production/_ext/1171490990/startup_xc32.o (__libc_init_array)
c:/applications/microchip/xc32/bin/bin/../../lib/gcc/pic32c/8.3.1/../../../../pic32c/lib/thumb/v6-m/nofp\libc-musl.a(libc.o)
                              c:/applications/microchip/xc32/bin/bin/../../lib/gcc/pic32c/8.3.1/../../../../pic32c/lib/thumb/v6-m/nofp\libc-musl.a(__libc_start_main.o) (__progname_full)
c:/applications/microchip/xc32/bin/bin/../../lib/gcc/pic32c/8.3.1/../../../../pic32c/lib/thumb/v6-m/nofp\libc-musl.a(vsnprintf.o)
                              build/default/production/_ext/1832805299/sys_console.o (vsnprintf)
[...]
Memory Configuration

Name             Origin             Length             Attributes
rom              0x0000000000000000 0x0000000000080000 xrl
ram              0x0000000020000000 0x0000000000010000 xw !r
config_00804000  0x0000000000804000 0x0000000000000004
config_00804004  0x0000000000804004 0x0000000000000004
*default*        0x0000000000000000 0xffffffffffffffff

Linker script and memory map

LOAD c:/applications/microchip/xc32/bin/bin/../../lib/gcc/pic32c/8.3.1/thumb/v6-m/nofp/crti.o
LOAD c:/applications/microchip/xc32/bin/bin/../../lib/gcc/pic32c/8.3.1/thumb/v6-m/nofp/crtbegin.o
LOAD build/default/production/_ext/158385033/drv_i2c.o
LOAD build/default/production/_ext/2070931557/drv_spi.o
LOAD build/default/production/_ext/869808652/drv_usart.o
LOAD build/default/production/_ext/60163342/plib_adc0.o
LOAD build/default/production/_ext/60165182/plib_can0.o
LOAD build/default/production/_ext/60165242/plib_ccl.o
LOAD build/default/production/_ext/1984496892/plib_clock.o
LOAD build/default/production/_ext/60166132/plib_dac.o
LOAD build/default/production/_ext/1985337713/plib_divas.o
LOAD build/default/production/_ext/1865161661/plib_dmac.o
LOAD build/default/production/_ext/60167341/plib_eic.o
LOAD build/default/production/_ext/1986646378/plib_evsys.o
LOAD build/default/production/_ext/1987437027/plib_freqm.o
LOAD build/default/production/_ext/1865468468/plib_nvic.o
LOAD build/default/production/_ext/1593096446/plib_nvmctrl.o
LOAD build/default/production/_ext/1865510628/plib_pdec.o
LOAD build/default/production/_ext/829342769/plib_pm.o
LOAD build/default/production/_ext/1865521619/plib_port.o
LOAD build/default/production/_ext/1865585090/plib_rstc.o
LOAD build/default/production/_ext/60180175/plib_rtc_timer.o
LOAD build/default/production/_ext/508257091/plib_sercom0_i2c_master.o
LOAD build/default/production/_ext/17022449/plib_sercom1_spi_master.o
LOAD build/default/production/_ext/504274921/plib_sercom3_usart.o
LOAD build/default/production/_ext/504274921/plib_sercom2_usart.o
LOAD build/default/production/_ext/1865616679/plib_supc.o
LOAD build/default/production/_ext/829342655/plib_tc0.o
LOAD build/default/production/_ext/829342655/plib_tc1.o
LOAD build/default/production/_ext/60181570/plib_tcc0.o
LOAD build/default/production/_ext/163028504/xc32_monitor.o
LOAD build/default/production/_ext/1832805299/sys_console.o
LOAD build/default/production/_ext/1832805299/sys_console_uart.o
LOAD build/default/production/_ext/14461671/sys_dma.o
LOAD build/default/production/_ext/1881668453/sys_int.o
LOAD build/default/production/_ext/1000052432/sys_reset.o
LOAD build/default/production/_ext/101884895/sys_time.o
LOAD build/default/production/_ext/1171490990/tasks.o
LOAD build/default/production/_ext/1171490990/initialization.o
LOAD build/default/production/_ext/1171490990/interrupts.o
LOAD build/default/production/_ext/1171490990/startup_xc32.o
LOAD build/default/production/_ext/1171490990/libc_syscalls.o
LOAD build/default/production/_ext/1171490990/exceptions.o
LOAD build/default/production/_ext/1360937237/bme690_driver.o
LOAD build/default/production/_ext/1360937237/can0_driver.o
LOAD build/default/production/_ext/1360937237/console_driver.o
LOAD build/default/production/_ext/1360937237/fcm360w_driver.o
LOAD build/default/production/_ext/1360937237/hdc302x_driver.o
LOAD build/default/production/_ext/1360937237/mcp9808_driver.o
LOAD build/default/production/_ext/1360937237/rstc_driver.o
LOAD build/default/production/_ext/1360937237/rtc_driver.o
LOAD build/default/production/_ext/1360937237/sht4x_driver.o
LOAD build/default/production/_ext/1360937237/timer_driver.o
LOAD build/default/production/_ext/1360937237/xm125_driver.o
LOAD build/default/production/_ext/1360937237/ntc_driver.o
LOAD build/default/production/_ext/1360937237/ad9954_driver.o
LOAD build/default/production/_ext/1360937237/main.o
LOAD build/default/production/_ext/60181570/plib_tcc1.o
LOAD build/default/production/_ext/1360937237/led_driver.o
                0x0000000000000001                __MPLAB_BUILD = 0x1
                0x0000000000080000                __rom_end = (ORIGIN (rom) + LENGTH (rom))
                0x0000000020010000                __ram_end = (ORIGIN (ram) + LENGTH (ram))

.config_00804000
 *(.config_00804000)

.config_00804004
 *(.config_00804004)

.vectors        0x0000000000000000       0xc0
                0x0000000000000000                . = ALIGN (0x4)
                0x0000000000000000                _sfixed = .
 *(.vectors .vectors.* .vectors_default .vectors_default.*)
 .vectors.exception_table
                0x0000000000000000       0xc0 build/default/production/_ext/1171490990/interrupts.o
                0x0000000000000000                exception_table
 *(.isr_vector)
 *(.reset*)
 *(.after_vectors)

.text           0x00000000000000c0       0x20
                0x00000000000000c0                . = ALIGN (0x4)
 *(.glue_7t)
 .glue_7t       0x00000000000000c0        0x0 linker stubs
 *(.glue_7)
 .glue_7        0x00000000000000c0        0x0 linker stubs
 *(.gnu.linkonce.r.*)
 *(.ARM.extab* .gnu.linkonce.armextab.*)
                0x00000000000000c0                . = ALIGN (0x4)
 *(.init)
 .init          0x00000000000000c0        0x4 c:/applications/microchip/xc32/bin/bin/../../lib/gcc/pic32c/8.3.1/thumb/v6-m/nofp/crti.o
                0x00000000000000c0                _init
 .init          0x00000000000000c4        0x8 c:/applications/microchip/xc32/bin/bin/../../lib/gcc/pic32c/8.3.1/thumb/v6-m/nofp/crtn.o
                0x00000000000000cc                . = ALIGN (0x4)
                0x00000000000000cc                __preinit_array_start = .
 *(.preinit_array)
                0x00000000000000cc                __preinit_array_end = .
                0x00000000000000cc                . = ALIGN (0x4)
                0x00000000000000cc                __init_array_start = .
 *(SORT_BY_NAME(.init_array.*))
 *(.init_array)
 .init_array    0x00000000000000cc        0x4 c:/applications/microchip/xc32/bin/bin/../../lib/gcc/pic32c/8.3.1/thumb/v6-m/nofp/crtbegin.o
                0x00000000000000d0                __init_array_end = .
                0x00000000000000d0                . = ALIGN (0x4)
 *crtbegin.o(.ctors)
 *(EXCLUDE_FILE(*crtend.o) .ctors)
 *(SORT_BY_NAME(.ctors.*))
 *crtend.o(.ctors)
                0x00000000000000d0                . = ALIGN (0x4)
 *(.fini)
 .fini          0x00000000000000d0        0x4 c:/applications/microchip/xc32/bin/bin/../../lib/gcc/pic32c/8.3.1/thumb/v6-m/nofp/crti.o
                0x00000000000000d0                _fini
 .fini          0x00000000000000d4        0x8 c:/applications/microchip/xc32/bin/bin/../../lib/gcc/pic32c/8.3.1/thumb/v6-m/nofp/crtn.o
                0x00000000000000dc                . = ALIGN (0x4)
                0x00000000000000dc                __fini_array_start = .
 *(.fini_array)
 .fini_array    0x00000000000000dc        0x4 c:/applications/microchip/xc32/bin/bin/../../lib/gcc/pic32c/8.3.1/thumb/v6-m/nofp/crtbegin.o
 *(SORT_BY_NAME(.fini_array.*))
                0x00000000000000e0                __fini_array_end = .
 *crtbegin.o(.dtors)
 *(EXCLUDE_FILE(*crtend.o) .dtors)
 *(SORT_BY_NAME(.dtors.*))
 *crtend.o(.dtors)
                0x00000000000000e0                . = ALIGN (0x4)
                0x00000000000000e0                _efixed = .
                [!provide]                        PROVIDE (__exidx_start = .)

.ARM.exidx      0x00000000000000e0        0x8
 *(.ARM.exidx* .gnu.linkonce.armexidx.*)
 .ARM.exidx     0x00000000000000e0        0x8 c:/applications/microchip/xc32/bin/bin/../../lib/gcc/pic32c/8.3.1/thumb/v6-m/nofp\libgcc.a(_udivmoddi4.o)
                [!provide]                        PROVIDE (__exidx_end = .)
                0x00000000000000e8                . = ALIGN (0x4)
                0x00000000000000e8                _etext = .

.bss            0x0000000020000000        0x0
                0x0000000020000000                . = ALIGN (0x4)
                0x0000000020000000                __bss_start__ = .
                0x0000000020000000                _sbss = .
                0x0000000020000000                _szero = .
 *(COMMON)
                0x0000000020000000                . = ALIGN (0x4)
                0x0000000020000000                __bss_end__ = .
                0x0000000020000000                _ebss = .
                0x0000000020000000                _ezero = .
                0x0000000020000000                . = ALIGN (0x4)
                0x0000000020000000                _end = .
                0x000000002000ffff                _ram_end_ = ((ORIGIN (ram) + LENGTH (ram)) - 0x1)
                0x0000000000001000                _min_heap_size = 0x1000
START GROUP
LOAD c:/applications/microchip/xc32/bin/bin/../../lib/gcc/pic32c/8.3.1/../../../../pic32c/lib/thumb/v6-m/nofp\libpic32c.a
LOAD c:/applications/microchip/xc32/bin/bin/../../lib/gcc/pic32c/8.3.1/../../../../pic32c/lib/thumb/v6-m/nofp\libc-size-musl.a
LOAD c:/applications/microchip/xc32/bin/bin/../../lib/gcc/pic32c/8.3.1/../../../../pic32c/lib/thumb/v6-m/nofp\liblmalloc-musl.a
LOAD c:/applications/microchip/xc32/bin/bin/../../lib/gcc/pic32c/8.3.1/../../../../pic32c/lib/thumb/v6-m/nofp\libm-fast-emfloat.a
LOAD c:/applications/microchip/xc32/bin/bin/../../lib/gcc/pic32c/8.3.1/../../../../pic32c/lib/thumb/v6-m/nofp\libm-musl.a
LOAD c:/applications/microchip/xc32/bin/bin/../../lib/gcc/pic32c/8.3.1/../../../../pic32c/lib/thumb/v6-m/nofp\libc-musl.a
LOAD c:/applications/microchip/xc32/bin/bin/../../lib/gcc/pic32c/8.3.1/../../../../pic32c/lib/thumb/v6-m/nofp\libm-fast-emfloat.a
LOAD c:/applications/microchip/xc32/bin/bin/../../lib/gcc/pic32c/8.3.1/../../../../pic32c/lib/thumb/v6-m/nofp\libm-musl.a
LOAD c:/applications/microchip/xc32/bin/bin/../../lib/gcc/pic32c/8.3.1/thumb/v6-m/nofp\libgcc.a
END GROUP
LOAD c:/applications/microchip/xc32/bin/bin/../../lib/gcc/pic32c/8.3.1/thumb/v6-m/nofp/crtend.o
LOAD c:/applications/microchip/xc32/bin/bin/../../lib/gcc/pic32c/8.3.1/thumb/v6-m/nofp/crtn.o
OUTPUT(dist/default/production/PIC32CMxxxxJH01_DRIVER.X.production.elf elf32-littlearm)
LOAD data_init
LOAD stack

.ARM.attributes
                0x0000000000000000       0x2a
 .ARM.attributes
                0x0000000000000000       0x1e c:/applications/microchip/xc32/bin/bin/../../lib/gcc/pic32c/8.3.1/thumb/v6-m/nofp/crti.o
 .ARM.attributes
                0x000000000000001e       0x2c c:/applications/microchip/xc32/bin/bin/../../lib/gcc/pic32c/8.3.1/thumb/v6-m/nofp/crtbegin.o
 .ARM.attributes
                0x000000000000004a       0x2c build/default/production/_ext/158385033/drv_i2c.o
 .ARM.attributes
                0x0000000000000076       0x2c build/default/production/_ext/2070931557/drv_spi.o
 .ARM.attributes
                0x00000000000000a2       0x2c build/default/production/_ext/869808652/drv_usart.o
 .ARM.attributes
                0x00000000000000ce       0x2c build/default/production/_ext/60163342/plib_adc0.o
 .ARM.attributes
                0x00000000000000fa       0x2c build/default/production/_ext/60165182/plib_can0.o
 .ARM.attributes
                0x0000000000000126       0x2c build/default/production/_ext/60165242/plib_ccl.o
 .ARM.attributes
                0x0000000000000152       0x2c build/default/production/_ext/1984496892/plib_clock.o
 .ARM.attributes
                0x000000000000017e       0x2c build/default/production/_ext/60166132/plib_dac.o
 .ARM.attributes
                0x00000000000001aa       0x2c build/default/production/_ext/1865161661/plib_dmac.o
 .ARM.attributes
                0x00000000000001d6       0x2c build/default/production/_ext/60167341/plib_eic.o
 .ARM.attributes
                0x0000000000000202       0x2c build/default/production/_ext/1986646378/plib_evsys.o
 .ARM.attributes
                0x000000000000022e       0x2c build/default/production/_ext/1987437027/plib_freqm.o
 .ARM.attributes
                0x000000000000025a       0x2c build/default/production/_ext/1865468468/plib_nvic.o
 .ARM.attributes
                0x0000000000000286       0x2c build/default/production/_ext/1593096446/plib_nvmctrl.o
 .ARM.attributes
                0x00000000000002b2       0x2c build/default/production/_ext/1865510628/plib_pdec.o
 .ARM.attributes
                0x00000000000002de       0x2c build/default/production/_ext/829342769/plib_pm.o
 .ARM.attributes
                0x000000000000030a       0x2c build/default/production/_ext/1865521619/plib_port.o
 .ARM.attributes
                0x0000000000000336       0x2c build/default/production/_ext/1865585090/plib_rstc.o
 .ARM.attributes
                0x0000000000000362       0x2c build/default/production/_ext/60180175/plib_rtc_timer.o
 .ARM.attributes
                0x000000000000038e       0x2c build/default/production/_ext/508257091/plib_sercom0_i2c_master.o
 .ARM.attributes
                0x00000000000003ba       0x2c build/default/production/_ext/17022449/plib_sercom1_spi_master.o
 .ARM.attributes
                0x00000000000003e6       0x2c build/default/production/_ext/504274921/plib_sercom3_usart.o
 .ARM.attributes
                0x0000000000000412       0x2c build/default/production/_ext/504274921/plib_sercom2_usart.o
 .ARM.attributes
                0x000000000000043e       0x2c build/default/production/_ext/1865616679/plib_supc.o
 .ARM.attributes
                0x000000000000046a       0x2c build/default/production/_ext/829342655/plib_tc0.o
 .ARM.attributes
                0x0000000000000496       0x2c build/default/production/_ext/829342655/plib_tc1.o
 .ARM.attributes
                0x00000000000004c2       0x2c build/default/production/_ext/60181570/plib_tcc0.o
 .ARM.attributes
                0x00000000000004ee       0x2c build/default/production/_ext/1832805299/sys_console.o
 .ARM.attributes
                0x000000000000051a       0x2c build/default/production/_ext/1832805299/sys_console_uart.o
 .ARM.attributes
                0x0000000000000546       0x2c build/default/production/_ext/14461671/sys_dma.o
 .ARM.attributes
                0x0000000000000572       0x2c build/default/production/_ext/1881668453/sys_int.o
 .ARM.attributes
                0x000000000000059e       0x2c build/default/production/_ext/101884895/sys_time.o
 .ARM.attributes
                0x00000000000005ca       0x2c build/default/production/_ext/1171490990/tasks.o
 .ARM.attributes
                0x00000000000005f6       0x2c build/default/production/_ext/1171490990/initialization.o
 .ARM.attributes
                0x0000000000000622       0x2c build/default/production/_ext/1171490990/interrupts.o
 .ARM.attributes
                0x000000000000064e       0x2c build/default/production/_ext/1171490990/startup_xc32.o
 .ARM.attributes
                0x000000000000067a       0x2c build/default/production/_ext/1171490990/exceptions.o
 .ARM.attributes
                0x00000000000006a6       0x2c build/default/production/_ext/1360937237/bme690_driver.o
 .ARM.attributes
                0x00000000000006d2       0x2c build/default/production/_ext/1360937237/can0_driver.o
 .ARM.attributes
                0x00000000000006fe       0x2c build/default/production/_ext/1360937237/console_driver.o
 .ARM.attributes
                0x000000000000072a       0x2c build/default/production/_ext/1360937237/fcm360w_driver.o
 .ARM.attributes
                0x0000000000000756       0x2c build/default/production/_ext/1360937237/hdc302x_driver.o
 .ARM.attributes
                0x0000000000000782       0x2c build/default/production/_ext/1360937237/mcp9808_driver.o
 .ARM.attributes
                0x00000000000007ae       0x2c build/default/production/_ext/1360937237/rstc_driver.o
 .ARM.attributes
                0x00000000000007da       0x2c build/default/production/_ext/1360937237/rtc_driver.o
 .ARM.attributes
                0x0000000000000806       0x2c build/default/production/_ext/1360937237/sht4x_driver.o
 .ARM.attributes
                0x0000000000000832       0x2c build/default/production/_ext/1360937237/timer_driver.o
 .ARM.attributes
                0x000000000000085e       0x2c build/default/production/_ext/1360937237/xm125_driver.o
 .ARM.attributes
                0x000000000000088a       0x2c build/default/production/_ext/1360937237/ntc_driver.o
 .ARM.attributes
                0x00000000000008b6       0x2c build/default/production/_ext/1360937237/ad9954_driver.o
 .ARM.attributes
                0x00000000000008e2       0x2c build/default/production/_ext/1360937237/main.o
 .ARM.attributes
                0x000000000000090e       0x2c build/default/production/_ext/60181570/plib_tcc1.o
 .ARM.attributes
                0x000000000000093a       0x2c build/default/production/_ext/1360937237/led_driver.o
 .ARM.attributes
                0x0000000000000966       0x2c c:/applications/microchip/xc32/bin/bin/../../lib/gcc/pic32c/8.3.1/../../../../pic32c/lib/thumb/v6-m/nofp\libpic32c.a(data_init.o)
 .ARM.attributes
                0x0000000000000992       0x2e c:/applications/microchip/xc32/bin/bin/../../lib/gcc/pic32c/8.3.1/../../../../pic32c/lib/thumb/v6-m/nofp\libc-size-musl.a(memcpy.o)
 .ARM.attributes
                0x00000000000009c0       0x2e c:/applications/microchip/xc32/bin/bin/../../lib/gcc/pic32c/8.3.1/../../../../pic32c/lib/thumb/v6-m/nofp\libc-size-musl.a(memset.o)
 .ARM.attributes
                0x00000000000009ee       0x1c c:/applications/microchip/xc32/bin/bin/../../lib/gcc/pic32c/8.3.1/../../../../pic32c/lib/thumb/v6-m/nofp\libm-fast-emfloat.a(__aeabi_fadd.o)
 .ARM.attributes
                0x0000000000000a0a       0x1c c:/applications/microchip/xc32/bin/bin/../../lib/gcc/pic32c/8.3.1/../../../../pic32c/lib/thumb/v6-m/nofp\libm-fast-emfloat.a(__aeabi_dadd.o)
 .ARM.attributes
                0x0000000000000a26       0x1c c:/applications/microchip/xc32/bin/bin/../../lib/gcc/pic32c/8.3.1/../../../../pic32c/lib/thumb/v6-m/nofp\libm-fast-emfloat.a(__aeabi_fsub.o)
 .ARM.attributes
                0x0000000000000a42       0x1c c:/applications/microchip/xc32/bin/bin/../../lib/gcc/pic32c/8.3.1/../../../../pic32c/lib/thumb/v6-m/nofp\libm-fast-emfloat.a(__aeabi_fmul.o)
 .ARM.attributes
                0x0000000000000a5e       0x1c c:/applications/microchip/xc32/bin/bin/../../lib/gcc/pic32c/8.3.1/../../../../pic32c/lib/thumb/v6-m/nofp\libm-fast-emfloat.a(__aeabi_dmul_aux.o)
 .ARM.attributes
                0x0000000000000a7a       0x1c c:/applications/microchip/xc32/bin/bin/../../lib/gcc/pic32c/8.3.1/../../../../pic32c/lib/thumb/v6-m/nofp\libm-fast-emfloat.a(__aeabi_fdiv.o)
 .ARM.attributes
                0x0000000000000a96       0x1c c:/applications/microchip/xc32/bin/bin/../../lib/gcc/pic32c/8.3.1/../../../../pic32c/lib/thumb/v6-m/nofp\libm-fast-emfloat.a(__aeabi_f2iz.o)
 .ARM.attributes
                0x0000000000000ab2       0x1c c:/applications/microchip/xc32/bin/bin/../../lib/gcc/pic32c/8.3.1/../../../../pic32c/lib/thumb/v6-m/nofp\libm-fast-emfloat.a(__aeabi_f2uiz.o)
 .ARM.attributes
                0x0000000000000ace       0x1c c:/applications/microchip/xc32/bin/bin/../../lib/gcc/pic32c/8.3.1/../../../../pic32c/lib/thumb/v6-m/nofp\libm-fast-emfloat.a(__aeabi_i2f.o)
 .ARM.attributes
                0x0000000000000aea       0x1c c:/applications/microchip/xc32/bin/bin/../../lib/gcc/pic32c/8.3.1/../../../../pic32c/lib/thumb/v6-m/nofp\libm-fast-emfloat.a(__aeabi_ui2f.o)
 .ARM.attributes
                0x0000000000000b06       0x1c c:/applications/microchip/xc32/bin/bin/../../lib/gcc/pic32c/8.3.1/../../../../pic32c/lib/thumb/v6-m/nofp\libm-fast-emfloat.a(__aeabi_f2d.o)
 .ARM.attributes
                0x0000000000000b22       0x1c c:/applications/microchip/xc32/bin/bin/../../lib/gcc/pic32c/8.3.1/../../../../pic32c/lib/thumb/v6-m/nofp\libm-fast-emfloat.a(__aeabi_d2f.o)
 .ARM.attributes
                0x0000000000000b3e       0x2e c:/applications/microchip/xc32/bin/bin/../../lib/gcc/pic32c/8.3.1/../../../../pic32c/lib/thumb/v6-m/nofp\libc-musl.a(__libc_start_main.o)
 .ARM.attributes
                0x0000000000000b6c       0x2e c:/applications/microchip/xc32/bin/bin/../../lib/gcc/pic32c/8.3.1/../../../../pic32c/lib/thumb/v6-m/nofp\libc-musl.a(libc.o)
 .ARM.attributes
                0x0000000000000b9a       0x2e c:/applications/microchip/xc32/bin/bin/../../lib/gcc/pic32c/8.3.1/../../../../pic32c/lib/thumb/v6-m/nofp\libc-musl.a(__environ.o)
 .ARM.attributes
                0x0000000000000bc8       0x1e c:/applications/microchip/xc32/bin/bin/../../lib/gcc/pic32c/8.3.1/thumb/v6-m/nofp\libgcc.a(_udivsi3.o)
 .ARM.attributes
                0x0000000000000be6       0x1e c:/applications/microchip/xc32/bin/bin/../../lib/gcc/pic32c/8.3.1/thumb/v6-m/nofp\libgcc.a(_dvmd_tls.o)
 .ARM.attributes
                0x0000000000000c04       0x1e c:/applications/microchip/xc32/bin/bin/../../lib/gcc/pic32c/8.3.1/thumb/v6-m/nofp\libgcc.a(_aeabi_uldivmod.o)
 .ARM.attributes
                0x0000000000000c22       0x2c c:/applications/microchip/xc32/bin/bin/../../lib/gcc/pic32c/8.3.1/thumb/v6-m/nofp\libgcc.a(_muldi3.o)
 .ARM.attributes
                0x0000000000000c4e       0x2c c:/applications/microchip/xc32/bin/bin/../../lib/gcc/pic32c/8.3.1/thumb/v6-m/nofp\libgcc.a(_udivmoddi4.o)
 .ARM.attributes
                0x0000000000000c7a       0x1e c:/applications/microchip/xc32/bin/bin/../../lib/gcc/pic32c/8.3.1/thumb/v6-m/nofp\libgcc.a(_lshrdi3.o)
 .ARM.attributes
                0x0000000000000c98       0x1e c:/applications/microchip/xc32/bin/bin/../../lib/gcc/pic32c/8.3.1/thumb/v6-m/nofp\libgcc.a(_ashldi3.o)
 .ARM.attributes
                0x0000000000000cb6       0x1e c:/applications/microchip/xc32/bin/bin/../../lib/gcc/pic32c/8.3.1/thumb/v6-m/nofp\libgcc.a(_clzdi2.o)
 .ARM.attributes
                0x0000000000000cd4       0x1e c:/applications/microchip/xc32/bin/bin/../../lib/gcc/pic32c/8.3.1/thumb/v6-m/nofp\libgcc.a(_clzsi2.o)
 .ARM.attributes
                0x0000000000000cf2       0x1e c:/applications/microchip/xc32/bin/bin/../../lib/gcc/pic32c/8.3.1/thumb/v6-m/nofp/crtn.o
 .ARM.attributes
                0x0000000000000d10       0x2c c:/applications/microchip/xc32/bin/bin/../../lib/gcc/pic32c/8.3.1/../../../../pic32c/lib/thumb/v6-m/nofp\libpic32c.a(pic32_data_init_clear.o)
 .ARM.attributes
                0x0000000000000d3c       0x2c c:/applications/microchip/xc32/bin/bin/../../lib/gcc/pic32c/8.3.1/../../../../pic32c/lib/thumb/v6-m/nofp\libpic32c.a(pic32_data_init_copy.o)

.comment        0x0000000000000000       0x2b
 .comment       0x0000000000000000       0x2b c:/applications/microchip/xc32/bin/bin/../../lib/gcc/pic32c/8.3.1/thumb/v6-m/nofp/crtbegin.o
                                         0x2c (size before relaxing)
 .comment       0x000000000000002b       0x2c build/default/production/_ext/158385033/drv_i2c.o
 .comment       0x000000000000002b       0x2c build/default/production/_ext/2070931557/drv_spi.o
 .comment       0x000000000000002b       0x2c build/default/production/_ext/869808652/drv_usart.o
 .comment       0x000000000000002b       0x2c build/default/production/_ext/60163342/plib_adc0.o
 .comment       0x000000000000002b       0x2c build/default/production/_ext/60165182/plib_can0.o
 .comment       0x000000000000002b       0x2c build/default/production/_ext/60165242/plib_ccl.o
 .comment       0x000000000000002b       0x2c build/default/production/_ext/1984496892/plib_clock.o
 .comment       0x000000000000002b       0x2c build/default/production/_ext/60166132/plib_dac.o
 .comment       0x000000000000002b       0x2c build/default/production/_ext/1865161661/plib_dmac.o
 .comment       0x000000000000002b       0x2c build/default/production/_ext/60167341/plib_eic.o
 .comment       0x000000000000002b       0x2c build/default/production/_ext/1986646378/plib_evsys.o
 .comment       0x000000000000002b       0x2c build/default/production/_ext/1987437027/plib_freqm.o
 .comment       0x000000000000002b       0x2c build/default/production/_ext/1865468468/plib_nvic.o
 .comment       0x000000000000002b       0x2c build/default/production/_ext/1593096446/plib_nvmctrl.o
 .comment       0x000000000000002b       0x2c build/default/production/_ext/1865510628/plib_pdec.o
 .comment       0x000000000000002b       0x2c build/default/production/_ext/829342769/plib_pm.o
 .comment       0x000000000000002b       0x2c build/default/production/_ext/1865521619/plib_port.o
 .comment       0x000000000000002b       0x2c build/default/production/_ext/1865585090/plib_rstc.o
 .comment       0x000000000000002b       0x2c build/default/production/_ext/60180175/plib_rtc_timer.o
 .comment       0x000000000000002b       0x2c build/default/production/_ext/508257091/plib_sercom0_i2c_master.o
 .comment       0x000000000000002b       0x2c build/default/production/_ext/17022449/plib_sercom1_spi_master.o
 .comment       0x000000000000002b       0x2c build/default/production/_ext/504274921/plib_sercom3_usart.o
 .comment       0x000000000000002b       0x2c build/default/production/_ext/504274921/plib_sercom2_usart.o
 .comment       0x000000000000002b       0x2c build/default/production/_ext/1865616679/plib_supc.o
 .comment       0x000000000000002b       0x2c build/default/production/_ext/829342655/plib_tc0.o
 .comment       0x000000000000002b       0x2c build/default/production/_ext/829342655/plib_tc1.o
 .comment       0x000000000000002b       0x2c build/default/production/_ext/60181570/plib_tcc0.o
 .comment       0x000000000000002b       0x2c build/default/production/_ext/1832805299/sys_console.o
 .comment       0x000000000000002b       0x2c build/default/production/_ext/1832805299/sys_console_uart.o
 .comment       0x000000000000002b       0x2c build/default/production/_ext/14461671/sys_dma.o
 .comment       0x000000000000002b       0x2c build/default/production/_ext/1881668453/sys_int.o
 .comment       0x000000000000002b       0x2c build/default/production/_ext/101884895/sys_time.o
 .comment       0x000000000000002b       0x2c build/default/production/_ext/1171490990/tasks.o
 .comment       0x000000000000002b       0x2c build/default/production/_ext/1171490990/initialization.o
 .comment       0x000000000000002b       0x2c build/default/production/_ext/1171490990/interrupts.o
 .comment       0x000000000000002b       0x2c build/default/production/_ext/1171490990/startup_xc32.o
 .comment       0x000000000000002b       0x2c build/default/production/_ext/1171490990/exceptions.o
 .comment       0x000000000000002b       0x2c build/default/production/_ext/1360937237/bme690_driver.o
 .comment       0x000000000000002b       0x2c build/default/production/_ext/1360937237/can0_driver.o
 .comment       0x000000000000002b       0x2c build/default/production/_ext/1360937237/console_driver.o
 .comment       0x000000000000002b       0x2c build/default/production/_ext/1360937237/fcm360w_driver.o
 .comment       0x000000000000002b       0x2c build/default/production/_ext/1360937237/hdc302x_driver.o
 .comment       0x000000000000002b       0x2c build/default/production/_ext/1360937237/mcp9808_driver.o
 .comment       0x000000000000002b       0x2c build/default/production/_ext/1360937237/rstc_driver.o
 .comment       0x000000000000002b       0x2c build/default/production/_ext/1360937237/rtc_driver.o
 .comment       0x000000000000002b       0x2c build/default/production/_ext/1360937237/sht4x_driver.o
 .comment       0x000000000000002b       0x2c build/default/production/_ext/1360937237/timer_driver.o
 .comment       0x000000000000002b       0x2c build/default/production/_ext/1360937237/xm125_driver.o
 .comment       0x000000000000002b       0x2c build/default/production/_ext/1360937237/ntc_driver.o
 .comment       0x000000000000002b       0x2c build/default/production/_ext/1360937237/ad9954_driver.o
 .comment       0x000000000000002b       0x2c build/default/production/_ext/1360937237/main.o
 .comment       0x000000000000002b       0x2c build/default/production/_ext/60181570/plib_tcc1.o
 .comment       0x000000000000002b       0x2c build/default/production/_ext/1360937237/led_driver.o
 .comment       0x000000000000002b       0x2c c:/applications/microchip/xc32/bin/bin/../../lib/gcc/pic32c/8.3.1/../../../../pic32c/lib/thumb/v6-m/nofp\libpic32c.a(data_init.o)
 .comment       0x000000000000002b       0x2c c:/applications/microchip/xc32/bin/bin/../../lib/gcc/pic32c/8.3.1/../../../../pic32c/lib/thumb/v6-m/nofp\libc-size-musl.a(memcpy.o)
 .comment       0x000000000000002b       0x2c c:/applications/microchip/xc32/bin/bin/../../lib/gcc/pic32c/8.3.1/../../../../pic32c/lib/thumb/v6-m/nofp\libc-size-musl.a(memset.o)
 .comment       0x000000000000002b       0x2c c:/applications/microchip/xc32/bin/bin/../../lib/gcc/pic32c/8.3.1/../../../../pic32c/lib/thumb/v6-m/nofp\libc-musl.a(__libc_start_main.o)
 .comment       0x000000000000002b       0x2c c:/applications/microchip/xc32/bin/bin/../../lib/gcc/pic32c/8.3.1/../../../../pic32c/lib/thumb/v6-m/nofp\libc-musl.a(libc.o)
 .comment       0x000000000000002b       0x2c c:/applications/microchip/xc32/bin/bin/../../lib/gcc/pic32c/8.3.1/../../../../pic32c/lib/thumb/v6-m/nofp\libc-musl.a(__environ.o)
 .comment       0x000000000000002b       0x2c c:/applications/microchip/xc32/bin/bin/../../lib/gcc/pic32c/8.3.1/thumb/v6-m/nofp\libgcc.a(_muldi3.o)
 .comment       0x000000000000002b       0x2c c:/applications/microchip/xc32/bin/bin/../../lib/gcc/pic32c/8.3.1/thumb/v6-m/nofp\libgcc.a(_udivmoddi4.o)
 .comment       0x000000000000002b       0x2c c:/applications/microchip/xc32/bin/bin/../../lib/gcc/pic32c/8.3.1/../../../../pic32c/lib/thumb/v6-m/nofp\libpic32c.a(pic32_data_init_clear.o)
 .comment       0x000000000000002b       0x2c c:/applications/microchip/xc32/bin/bin/../../lib/gcc/pic32c/8.3.1/../../../../pic32c/lib/thumb/v6-m/nofp\libpic32c.a(pic32_data_init_copy.o)

.debug_info     0x0000000000000000    0x2247e
 .debug_info    0x0000000000000000     0x1eb8 build/default/production/_ext/158385033/drv_i2c.o
 .debug_info    0x0000000000001eb8     0x2935 build/default/production/_ext/2070931557/drv_spi.o
 .debug_info    0x00000000000047ed     0x29ea build/default/production/_ext/869808652/drv_usart.o
 .debug_info    0x00000000000071d7      0x5f1 build/default/production/_ext/60163342/plib_adc0.o
 .debug_info    0x00000000000077c8     0x1326 build/default/production/_ext/60165182/plib_can0.o
 .debug_info    0x0000000000008aee      0x17b build/default/production/_ext/60165242/plib_ccl.o
 .debug_info    0x0000000000008c69      0x6ed build/default/production/_ext/1984496892/plib_clock.o
 .debug_info    0x0000000000009356      0x24b build/default/production/_ext/60166132/plib_dac.o
 .debug_info    0x00000000000095a1      0xc04 build/default/production/_ext/1865161661/plib_dmac.o
 .debug_info    0x000000000000a1a5      0x3c6 build/default/production/_ext/60167341/plib_eic.o
 .debug_info    0x000000000000a56b       0x9b build/default/production/_ext/1986646378/plib_evsys.o
 .debug_info    0x000000000000a606      0x2e2 build/default/production/_ext/1987437027/plib_freqm.o
 .debug_info    0x000000000000a8e8      0xade build/default/production/_ext/1865468468/plib_nvic.o
 .debug_info    0x000000000000b3c6      0x809 build/default/production/_ext/1593096446/plib_nvmctrl.o
 .debug_info    0x000000000000bbcf      0x378 build/default/production/_ext/1865510628/plib_pdec.o
 .debug_info    0x000000000000bf47      0x175 build/default/production/_ext/829342769/plib_pm.o
 .debug_info    0x000000000000c0bc      0x5fe build/default/production/_ext/1865521619/plib_port.o
 .debug_info    0x000000000000c6ba       0xf3 build/default/production/_ext/1865585090/plib_rstc.o
 .debug_info    0x000000000000c7ad      0x7ea build/default/production/_ext/60180175/plib_rtc_timer.o
 .debug_info    0x000000000000cf97     0x12ed build/default/production/_ext/508257091/plib_sercom0_i2c_master.o
 .debug_info    0x000000000000e284      0xf10 build/default/production/_ext/17022449/plib_sercom1_spi_master.o
 .debug_info    0x000000000000f194     0x11cc build/default/production/_ext/504274921/plib_sercom3_usart.o
 .debug_info    0x0000000000010360     0x17df build/default/production/_ext/504274921/plib_sercom2_usart.o
 .debug_info    0x0000000000011b3f      0x262 build/default/production/_ext/1865616679/plib_supc.o
 .debug_info    0x0000000000011da1      0x83d build/default/production/_ext/829342655/plib_tc0.o
 .debug_info    0x00000000000125de      0x814 build/default/production/_ext/829342655/plib_tc1.o
 .debug_info    0x0000000000012df2      0x529 build/default/production/_ext/60181570/plib_tcc0.o
 .debug_info    0x000000000001331b      0xc75 build/default/production/_ext/1832805299/sys_console.o
 .debug_info    0x0000000000013f90      0xdd1 build/default/production/_ext/1832805299/sys_console_uart.o
 .debug_info    0x0000000000014d61      0x2f6 build/default/production/_ext/14461671/sys_dma.o
 .debug_info    0x0000000000015057      0x5a0 build/default/production/_ext/1881668453/sys_int.o
 .debug_info    0x00000000000155f7     0x1d54 build/default/production/_ext/101884895/sys_time.o
 .debug_info    0x000000000001734b      0x1dc build/default/production/_ext/1171490990/tasks.o
 .debug_info    0x0000000000017527     0x2e11 build/default/production/_ext/1171490990/initialization.o
 .debug_info    0x000000000001a338      0x4e6 build/default/production/_ext/1171490990/interrupts.o
 .debug_info    0x000000000001a81e      0x332 build/default/production/_ext/1171490990/startup_xc32.o
 .debug_info    0x000000000001ab50       0xc1 build/default/production/_ext/1171490990/exceptions.o
 .debug_info    0x000000000001ac11     0x106b build/default/production/_ext/1360937237/bme690_driver.o
 .debug_info    0x000000000001bc7c      0xd5b build/default/production/_ext/1360937237/can0_driver.o
 .debug_info    0x000000000001c9d7      0x16b build/default/production/_ext/1360937237/console_driver.o
 .debug_info    0x000000000001cb42      0x165 build/default/production/_ext/1360937237/fcm360w_driver.o
 .debug_info    0x000000000001cca7     0x1410 build/default/production/_ext/1360937237/hdc302x_driver.o
 .debug_info    0x000000000001e0b7      0xbbf build/default/production/_ext/1360937237/mcp9808_driver.o
 .debug_info    0x000000000001ec76      0x508 build/default/production/_ext/1360937237/rstc_driver.o
 .debug_info    0x000000000001f17e      0x3bc build/default/production/_ext/1360937237/rtc_driver.o
 .debug_info    0x000000000001f53a      0x9d6 build/default/production/_ext/1360937237/sht4x_driver.o
 .debug_info    0x000000000001ff10      0x595 build/default/production/_ext/1360937237/timer_driver.o
 .debug_info    0x00000000000204a5      0x16b build/default/production/_ext/1360937237/xm125_driver.o
 .debug_info    0x0000000000020610      0x16b build/default/production/_ext/1360937237/ntc_driver.o
 .debug_info    0x000000000002077b      0x16b build/default/production/_ext/1360937237/ad9954_driver.o
 .debug_info    0x00000000000208e6       0xeb build/default/production/_ext/1360937237/main.o
 .debug_info    0x00000000000209d1      0x4e6 build/default/production/_ext/60181570/plib_tcc1.o
 .debug_info    0x0000000000020eb7      0x850 build/default/production/_ext/1360937237/led_driver.o
 .debug_info    0x0000000000021707       0x68 c:/applications/microchip/xc32/bin/bin/../../lib/gcc/pic32c/8.3.1/../../../../pic32c/lib/thumb/v6-m/nofp\libpic32c.a(data_init.o)
 .debug_info    0x000000000002176f       0xed c:/applications/microchip/xc32/bin/bin/../../lib/gcc/pic32c/8.3.1/../../../../pic32c/lib/thumb/v6-m/nofp\libc-size-musl.a(memcpy.o)
 .debug_info    0x000000000002185c       0xbb c:/applications/microchip/xc32/bin/bin/../../lib/gcc/pic32c/8.3.1/../../../../pic32c/lib/thumb/v6-m/nofp\libc-size-musl.a(memset.o)
 .debug_info    0x0000000000021917      0x2fb c:/applications/microchip/xc32/bin/bin/../../lib/gcc/pic32c/8.3.1/../../../../pic32c/lib/thumb/v6-m/nofp\libc-musl.a(__libc_start_main.o)
 .debug_info    0x0000000000021c12      0x276 c:/applications/microchip/xc32/bin/bin/../../lib/gcc/pic32c/8.3.1/../../../../pic32c/lib/thumb/v6-m/nofp\libc-musl.a(libc.o)
 .debug_info    0x0000000000021e88       0x97 c:/applications/microchip/xc32/bin/bin/../../lib/gcc/pic32c/8.3.1/../../../../pic32c/lib/thumb/v6-m/nofp\libc-musl.a(__environ.o)
 .debug_info    0x0000000000021f1f       0x26 c:/applications/microchip/xc32/bin/bin/../../lib/gcc/pic32c/8.3.1/thumb/v6-m/nofp\libgcc.a(_udivsi3.o)
 .debug_info    0x0000000000021f45       0x26 c:/applications/microchip/xc32/bin/bin/../../lib/gcc/pic32c/8.3.1/thumb/v6-m/nofp\libgcc.a(_dvmd_tls.o)
 .debug_info    0x0000000000021f6b       0x26 c:/applications/microchip/xc32/bin/bin/../../lib/gcc/pic32c/8.3.1/thumb/v6-m/nofp\libgcc.a(_aeabi_uldivmod.o)
 .debug_info    0x0000000000021f91      0x243 c:/applications/microchip/xc32/bin/bin/../../lib/gcc/pic32c/8.3.1/thumb/v6-m/nofp\libgcc.a(_muldi3.o)
 .debug_info    0x00000000000221d4      0x193 c:/applications/microchip/xc32/bin/bin/../../lib/gcc/pic32c/8.3.1/thumb/v6-m/nofp\libgcc.a(_udivmoddi4.o)
 .debug_info    0x0000000000022367       0x26 c:/applications/microchip/xc32/bin/bin/../../lib/gcc/pic32c/8.3.1/thumb/v6-m/nofp\libgcc.a(_lshrdi3.o)
 .debug_info    0x000000000002238d       0x26 c:/applications/microchip/xc32/bin/bin/../../lib/gcc/pic32c/8.3.1/thumb/v6-m/nofp\libgcc.a(_ashldi3.o)
 .debug_info    0x00000000000223b3       0x26 c:/applications/microchip/xc32/bin/bin/../../lib/gcc/pic32c/8.3.1/thumb/v6-m/nofp\libgcc.a(_clzdi2.o)
 .debug_info    0x00000000000223d9       0x26 c:/applications/microchip/xc32/bin/bin/../../lib/gcc/pic32c/8.3.1/thumb/v6-m/nofp\libgcc.a(_clzsi2.o)
 .debug_info    0x00000000000223ff       0x3f c:/applications/microchip/xc32/bin/bin/../../lib/gcc/pic32c/8.3.1/../../../../pic32c/lib/thumb/v6-m/nofp\libpic32c.a(pic32_data_init_clear.o)
 .debug_info    0x000000000002243e       0x40 c:/applications/microchip/xc32/bin/bin/../../lib/gcc/pic32c/8.3.1/../../../../pic32c/lib/thumb/v6-m/nofp\libpic32c.a(pic32_data_init_copy.o)

.debug_abbrev   0x0000000000000000     0x6fe0
 .debug_abbrev  0x0000000000000000      0x4a4 build/default/production/_ext/158385033/drv_i2c.o
 .debug_abbrev  0x00000000000004a4      0x4ec build/default/production/_ext/2070931557/drv_spi.o
 .debug_abbrev  0x0000000000000990      0x523 build/default/production/_ext/869808652/drv_usart.o
 .debug_abbrev  0x0000000000000eb3      0x172 build/default/production/_ext/60163342/plib_adc0.o
 .debug_abbrev  0x0000000000001025      0x31b build/default/production/_ext/60165182/plib_can0.o
 .debug_abbrev  0x0000000000001340       0xa4 build/default/production/_ext/60165242/plib_ccl.o
 .debug_abbrev  0x00000000000013e4      0x1b4 build/default/production/_ext/1984496892/plib_clock.o
 .debug_abbrev  0x0000000000001598       0xf0 build/default/production/_ext/60166132/plib_dac.o
 .debug_abbrev  0x0000000000001688      0x2b9 build/default/production/_ext/1865161661/plib_dmac.o
 .debug_abbrev  0x0000000000001941      0x195 build/default/production/_ext/60167341/plib_eic.o
 .debug_abbrev  0x0000000000001ad6       0x46 build/default/production/_ext/1986646378/plib_evsys.o
 .debug_abbrev  0x0000000000001b1c      0x138 build/default/production/_ext/1987437027/plib_freqm.o
 .debug_abbrev  0x0000000000001c54      0x271 build/default/production/_ext/1865468468/plib_nvic.o
 .debug_abbrev  0x0000000000001ec5      0x1f2 build/default/production/_ext/1593096446/plib_nvmctrl.o
 .debug_abbrev  0x00000000000020b7       0xf2 build/default/production/_ext/1865510628/plib_pdec.o
 .debug_abbrev  0x00000000000021a9       0xa4 build/default/production/_ext/829342769/plib_pm.o
 .debug_abbrev  0x000000000000224d      0x1e8 build/default/production/_ext/1865521619/plib_port.o
 .debug_abbrev  0x0000000000002435       0x94 build/default/production/_ext/1865585090/plib_rstc.o
 .debug_abbrev  0x00000000000024c9      0x1a2 build/default/production/_ext/60180175/plib_rtc_timer.o
 .debug_abbrev  0x000000000000266b      0x3a9 build/default/production/_ext/508257091/plib_sercom0_i2c_master.o
 .debug_abbrev  0x0000000000002a14      0x276 build/default/production/_ext/17022449/plib_sercom1_spi_master.o
 .debug_abbrev  0x0000000000002c8a      0x318 build/default/production/_ext/504274921/plib_sercom3_usart.o
 .debug_abbrev  0x0000000000002fa2      0x43d build/default/production/_ext/504274921/plib_sercom2_usart.o
 .debug_abbrev  0x00000000000033df      0x12b build/default/production/_ext/1865616679/plib_supc.o
 .debug_abbrev  0x000000000000350a      0x1be build/default/production/_ext/829342655/plib_tc0.o
 .debug_abbrev  0x00000000000036c8      0x1be build/default/production/_ext/829342655/plib_tc1.o
 .debug_abbrev  0x0000000000003886      0x122 build/default/production/_ext/60181570/plib_tcc0.o
 .debug_abbrev  0x00000000000039a8      0x3c1 build/default/production/_ext/1832805299/sys_console.o
 .debug_abbrev  0x0000000000003d69      0x31c build/default/production/_ext/1832805299/sys_console_uart.o
 .debug_abbrev  0x0000000000004085       0xfd build/default/production/_ext/14461671/sys_dma.o
 .debug_abbrev  0x0000000000004182      0x262 build/default/production/_ext/1881668453/sys_int.o
 .debug_abbrev  0x00000000000043e4      0x51d build/default/production/_ext/101884895/sys_time.o
 .debug_abbrev  0x0000000000004901       0x7b build/default/production/_ext/1171490990/tasks.o
 .debug_abbrev  0x000000000000497c      0x284 build/default/production/_ext/1171490990/initialization.o
 .debug_abbrev  0x0000000000004c00      0x11e build/default/production/_ext/1171490990/interrupts.o
 .debug_abbrev  0x0000000000004d1e      0x187 build/default/production/_ext/1171490990/startup_xc32.o
 .debug_abbrev  0x0000000000004ea5       0x49 build/default/production/_ext/1171490990/exceptions.o
 .debug_abbrev  0x0000000000004eee      0x21f build/default/production/_ext/1360937237/bme690_driver.o
 .debug_abbrev  0x000000000000510d      0x3b9 build/default/production/_ext/1360937237/can0_driver.o
 .debug_abbrev  0x00000000000054c6       0xbc build/default/production/_ext/1360937237/console_driver.o
 .debug_abbrev  0x0000000000005582       0xbc build/default/production/_ext/1360937237/fcm360w_driver.o
 .debug_abbrev  0x000000000000563e      0x28a build/default/production/_ext/1360937237/hdc302x_driver.o
 .debug_abbrev  0x00000000000058c8      0x272 build/default/production/_ext/1360937237/mcp9808_driver.o
 .debug_abbrev  0x0000000000005b3a      0x21d build/default/production/_ext/1360937237/rstc_driver.o
 .debug_abbrev  0x0000000000005d57      0x210 build/default/production/_ext/1360937237/rtc_driver.o
 .debug_abbrev  0x0000000000005f67      0x258 build/default/production/_ext/1360937237/sht4x_driver.o
 .debug_abbrev  0x00000000000061bf      0x13f build/default/production/_ext/1360937237/timer_driver.o
 .debug_abbrev  0x00000000000062fe       0xbc build/default/production/_ext/1360937237/xm125_driver.o
 .debug_abbrev  0x00000000000063ba       0xbc build/default/production/_ext/1360937237/ntc_driver.o
 .debug_abbrev  0x0000000000006476       0xbc build/default/production/_ext/1360937237/ad9954_driver.o
 .debug_abbrev  0x0000000000006532       0x82 build/default/production/_ext/1360937237/main.o
 .debug_abbrev  0x00000000000065b4      0x122 build/default/production/_ext/60181570/plib_tcc1.o
 .debug_abbrev  0x00000000000066d6      0x274 build/default/production/_ext/1360937237/led_driver.o
 .debug_abbrev  0x000000000000694a       0x44 c:/applications/microchip/xc32/bin/bin/../../lib/gcc/pic32c/8.3.1/../../../../pic32c/lib/thumb/v6-m/nofp\libpic32c.a(data_init.o)
 .debug_abbrev  0x000000000000698e       0xbb c:/applications/microchip/xc32/bin/bin/../../lib/gcc/pic32c/8.3.1/../../../../pic32c/lib/thumb/v6-m/nofp\libc-size-musl.a(memcpy.o)
 .debug_abbrev  0x0000000000006a49       0xa2 c:/applications/microchip/xc32/bin/bin/../../lib/gcc/pic32c/8.3.1/../../../../pic32c/lib/thumb/v6-m/nofp\libc-size-musl.a(memset.o)
 .debug_abbrev  0x0000000000006aeb      0x133 c:/applications/microchip/xc32/bin/bin/../../lib/gcc/pic32c/8.3.1/../../../../pic32c/lib/thumb/v6-m/nofp\libc-musl.a(__libc_start_main.o)
 .debug_abbrev  0x0000000000006c1e       0xd4 c:/applications/microchip/xc32/bin/bin/../../lib/gcc/pic32c/8.3.1/../../../../pic32c/lib/thumb/v6-m/nofp\libc-musl.a(libc.o)
 .debug_abbrev  0x0000000000006cf2       0x62 c:/applications/microchip/xc32/bin/bin/../../lib/gcc/pic32c/8.3.1/../../../../pic32c/lib/thumb/v6-m/nofp\libc-musl.a(__environ.o)
 .debug_abbrev  0x0000000000006d54       0x14 c:/applications/microchip/xc32/bin/bin/../../lib/gcc/pic32c/8.3.1/thumb/v6-m/nofp\libgcc.a(_udivsi3.o)
 .debug_abbrev  0x0000000000006d68       0x14 c:/applications/microchip/xc32/bin/bin/../../lib/gcc/pic32c/8.3.1/thumb/v6-m/nofp\libgcc.a(_dvmd_tls.o)
 .debug_abbrev  0x0000000000006d7c       0x14 c:/applications/microchip/xc32/bin/bin/../../lib/gcc/pic32c/8.3.1/thumb/v6-m/nofp\libgcc.a(_aeabi_uldivmod.o)
 .debug_abbrev  0x0000000000006d90      0x10b c:/applications/microchip/xc32/bin/bin/../../lib/gcc/pic32c/8.3.1/thumb/v6-m/nofp\libgcc.a(_muldi3.o)
 .debug_abbrev  0x0000000000006e9b       0x99 c:/applications/microchip/xc32/bin/bin/../../lib/gcc/pic32c/8.3.1/thumb/v6-m/nofp\libgcc.a(_udivmoddi4.o)
 .debug_abbrev  0x0000000000006f34       0x14 c:/applications/microchip/xc32/bin/bin/../../lib/gcc/pic32c/8.3.1/thumb/v6-m/nofp\libgcc.a(_lshrdi3.o)
 .debug_abbrev  0x0000000000006f48       0x14 c:/applications/microchip/xc32/bin/bin/../../lib/gcc/pic32c/8.3.1/thumb/v6-m/nofp\libgcc.a(_ashldi3.o)
 .debug_abbrev  0x0000000000006f5c       0x14 c:/applications/microchip/xc32/bin/bin/../../lib/gcc/pic32c/8.3.1/thumb/v6-m/nofp\libgcc.a(_clzdi2.o)
 .debug_abbrev  0x0000000000006f70       0x14 c:/applications/microchip/xc32/bin/bin/../../lib/gcc/pic32c/8.3.1/thumb/v6-m/nofp\libgcc.a(_clzsi2.o)
 .debug_abbrev  0x0000000000006f84       0x2e c:/applications/microchip/xc32/bin/bin/../../lib/gcc/pic32c/8.3.1/../../../../pic32c/lib/thumb/v6-m/nofp\libpic32c.a(pic32_data_init_clear.o)
 .debug_abbrev  0x0000000000006fb2       0x2e c:/applications/microchip/xc32/bin/bin/../../lib/gcc/pic32c/8.3.1/../../../../pic32c/lib/thumb/v6-m/nofp\libpic32c.a(pic32_data_init_copy.o)

.debug_loc      0x0000000000000000    0x1258f
 .debug_loc     0x0000000000000000     0x1b2f build/default/production/_ext/158385033/drv_i2c.o
 .debug_loc     0x0000000000001b2f     0x226f build/default/production/_ext/2070931557/drv_spi.o
 .debug_loc     0x0000000000003d9e     0x28d9 build/default/production/_ext/869808652/drv_usart.o
 .debug_loc     0x0000000000006677      0x14d build/default/production/_ext/60163342/plib_adc0.o
 .debug_loc     0x00000000000067c4      0xd37 build/default/production/_ext/60165182/plib_can0.o
 .debug_loc     0x00000000000074fb       0x6f build/default/production/_ext/1984496892/plib_clock.o
 .debug_loc     0x000000000000756a       0x25 build/default/production/_ext/60166132/plib_dac.o
 .debug_loc     0x000000000000758f      0xb09 build/default/production/_ext/1865161661/plib_dmac.o
 .debug_loc     0x0000000000008098       0xfe build/default/production/_ext/60167341/plib_eic.o
 .debug_loc     0x0000000000008196      0x10a build/default/production/_ext/1987437027/plib_freqm.o
 .debug_loc     0x00000000000082a0      0x3bb build/default/production/_ext/1865468468/plib_nvic.o
 .debug_loc     0x000000000000865b      0x685 build/default/production/_ext/1593096446/plib_nvmctrl.o
 .debug_loc     0x0000000000008ce0       0x15 build/default/production/_ext/1865510628/plib_pdec.o
 .debug_loc     0x0000000000008cf5      0x29b build/default/production/_ext/1865521619/plib_port.o
 .debug_loc     0x0000000000008f90       0x94 build/default/production/_ext/60180175/plib_rtc_timer.o
 .debug_loc     0x0000000000009024      0xcad build/default/production/_ext/508257091/plib_sercom0_i2c_master.o
 .debug_loc     0x0000000000009cd1      0x68a build/default/production/_ext/17022449/plib_sercom1_spi_master.o
 .debug_loc     0x000000000000a35b      0x892 build/default/production/_ext/504274921/plib_sercom3_usart.o
 .debug_loc     0x000000000000abed      0xf01 build/default/production/_ext/504274921/plib_sercom2_usart.o
 .debug_loc     0x000000000000baee       0x6e build/default/production/_ext/1865616679/plib_supc.o
 .debug_loc     0x000000000000bb5c       0x74 build/default/production/_ext/829342655/plib_tc0.o
 .debug_loc     0x000000000000bbd0       0x74 build/default/production/_ext/829342655/plib_tc1.o
 .debug_loc     0x000000000000bc44      0x155 build/default/production/_ext/60181570/plib_tcc0.o
 .debug_loc     0x000000000000bd99      0xc4c build/default/production/_ext/1832805299/sys_console.o
 .debug_loc     0x000000000000c9e5      0x997 build/default/production/_ext/1832805299/sys_console_uart.o
 .debug_loc     0x000000000000d37c      0x186 build/default/production/_ext/14461671/sys_dma.o
 .debug_loc     0x000000000000d502      0x17d build/default/production/_ext/1881668453/sys_int.o
 .debug_loc     0x000000000000d67f     0x248e build/default/production/_ext/101884895/sys_time.o
 .debug_loc     0x000000000000fb0d       0x20 build/default/production/_ext/1171490990/tasks.o
 .debug_loc     0x000000000000fb2d       0x45 build/default/production/_ext/1171490990/initialization.o
 .debug_loc     0x000000000000fb72       0x60 build/default/production/_ext/1171490990/interrupts.o
 .debug_loc     0x000000000000fbd2       0x4f build/default/production/_ext/1171490990/startup_xc32.o
 .debug_loc     0x000000000000fc21      0x30d build/default/production/_ext/1360937237/bme690_driver.o
 .debug_loc     0x000000000000ff2e      0x3a2 build/default/production/_ext/1360937237/can0_driver.o
 .debug_loc     0x00000000000102d0      0xd9e build/default/production/_ext/1360937237/hdc302x_driver.o
 .debug_loc     0x000000000001106e      0x433 build/default/production/_ext/1360937237/mcp9808_driver.o
 .debug_loc     0x00000000000114a1      0x16d build/default/production/_ext/1360937237/rstc_driver.o
 .debug_loc     0x000000000001160e       0xb1 build/default/production/_ext/1360937237/rtc_driver.o
 .debug_loc     0x00000000000116bf      0x303 build/default/production/_ext/1360937237/sht4x_driver.o
 .debug_loc     0x00000000000119c2      0x120 build/default/production/_ext/1360937237/timer_driver.o
 .debug_loc     0x0000000000011ae2       0x20 build/default/production/_ext/1360937237/main.o
 .debug_loc     0x0000000000011b02      0x10b build/default/production/_ext/60181570/plib_tcc1.o
 .debug_loc     0x0000000000011c0d      0x2a8 build/default/production/_ext/1360937237/led_driver.o
 .debug_loc     0x0000000000011eb5       0x14 c:/applications/microchip/xc32/bin/bin/../../lib/gcc/pic32c/8.3.1/../../../../pic32c/lib/thumb/v6-m/nofp\libpic32c.a(data_init.o)
 .debug_loc     0x0000000000011ec9      0x12d c:/applications/microchip/xc32/bin/bin/../../lib/gcc/pic32c/8.3.1/../../../../pic32c/lib/thumb/v6-m/nofp\libc-size-musl.a(memcpy.o)
 .debug_loc     0x0000000000011ff6       0xcd c:/applications/microchip/xc32/bin/bin/../../lib/gcc/pic32c/8.3.1/../../../../pic32c/lib/thumb/v6-m/nofp\libc-size-musl.a(memset.o)
 .debug_loc     0x00000000000120c3       0x5e c:/applications/microchip/xc32/bin/bin/../../lib/gcc/pic32c/8.3.1/../../../../pic32c/lib/thumb/v6-m/nofp\libc-musl.a(__libc_start_main.o)
 .debug_loc     0x0000000000012121      0x176 c:/applications/microchip/xc32/bin/bin/../../lib/gcc/pic32c/8.3.1/thumb/v6-m/nofp\libgcc.a(_muldi3.o)
 .debug_loc     0x0000000000012297      0x2e4 c:/applications/microchip/xc32/bin/bin/../../lib/gcc/pic32c/8.3.1/thumb/v6-m/nofp\libgcc.a(_udivmoddi4.o)
 .debug_loc     0x000000000001257b       0x14 c:/applications/microchip/xc32/bin/bin/../../lib/gcc/pic32c/8.3.1/../../../../pic32c/lib/thumb/v6-m/nofp\libpic32c.a(pic32_data_init_copy.o)

.debug_aranges  0x0000000000000000     0x1a58
 .debug_aranges
                0x0000000000000000       0xc0 build/default/production/_ext/158385033/drv_i2c.o
 .debug_aranges
                0x00000000000000c0       0xb8 build/default/production/_ext/2070931557/drv_spi.o
 .debug_aranges
                0x0000000000000178      0x110 build/default/production/_ext/869808652/drv_usart.o
 .debug_aranges
                0x0000000000000288       0x80 build/default/production/_ext/60163342/plib_adc0.o
 .debug_aranges
                0x0000000000000308       0xa0 build/default/production/_ext/60165182/plib_can0.o
 .debug_aranges
                0x00000000000003a8       0x20 build/default/production/_ext/60165242/plib_ccl.o
 .debug_aranges
                0x00000000000003c8       0x30 build/default/production/_ext/1984496892/plib_clock.o
 .debug_aranges
                0x00000000000003f8       0x30 build/default/production/_ext/60166132/plib_dac.o
 .debug_aranges
                0x0000000000000428       0x98 build/default/production/_ext/1865161661/plib_dmac.o
 .debug_aranges
                0x00000000000004c0       0x40 build/default/production/_ext/60167341/plib_eic.o
 .debug_aranges
                0x0000000000000500       0x20 build/default/production/_ext/1986646378/plib_evsys.o
 .debug_aranges
                0x0000000000000520       0x40 build/default/production/_ext/1987437027/plib_freqm.o
 .debug_aranges
                0x0000000000000560       0x48 build/default/production/_ext/1865468468/plib_nvic.o
 .debug_aranges
                0x00000000000005a8       0xb0 build/default/production/_ext/1593096446/plib_nvmctrl.o
 .debug_aranges
                0x0000000000000658       0x50 build/default/production/_ext/1865510628/plib_pdec.o
 .debug_aranges
                0x00000000000006a8       0x30 build/default/production/_ext/829342769/plib_pm.o
 .debug_aranges
                0x00000000000006d8       0x68 build/default/production/_ext/1865521619/plib_port.o
 .debug_aranges
                0x0000000000000740       0x20 build/default/production/_ext/1865585090/plib_rstc.o
 .debug_aranges
                0x0000000000000760       0x88 build/default/production/_ext/60180175/plib_rtc_timer.o
 .debug_aranges
                0x00000000000007e8       0x78 build/default/production/_ext/508257091/plib_sercom0_i2c_master.o
 .debug_aranges
                0x0000000000000860       0x60 build/default/production/_ext/17022449/plib_sercom1_spi_master.o
 .debug_aranges
                0x00000000000008c0       0xe0 build/default/production/_ext/504274921/plib_sercom3_usart.o
 .debug_aranges
                0x00000000000009a0       0xe8 build/default/production/_ext/504274921/plib_sercom2_usart.o
 .debug_aranges
                0x0000000000000a88       0x30 build/default/production/_ext/1865616679/plib_supc.o
 .debug_aranges
                0x0000000000000ab8       0x78 build/default/production/_ext/829342655/plib_tc0.o
 .debug_aranges
                0x0000000000000b30       0x70 build/default/production/_ext/829342655/plib_tc1.o
 .debug_aranges
                0x0000000000000ba0       0x80 build/default/production/_ext/60181570/plib_tcc0.o
 .debug_aranges
                0x0000000000000c20       0x88 build/default/production/_ext/1832805299/sys_console.o
 .debug_aranges
                0x0000000000000ca8       0x68 build/default/production/_ext/1832805299/sys_console_uart.o
 .debug_aranges
                0x0000000000000d10       0x28 build/default/production/_ext/14461671/sys_dma.o
 .debug_aranges
                0x0000000000000d38       0x40 build/default/production/_ext/1881668453/sys_int.o
 .debug_aranges
                0x0000000000000d78      0x128 build/default/production/_ext/101884895/sys_time.o
 .debug_aranges
                0x0000000000000ea0       0x20 build/default/production/_ext/1171490990/tasks.o
 .debug_aranges
                0x0000000000000ec0       0x20 build/default/production/_ext/1171490990/initialization.o
 .debug_aranges
                0x0000000000000ee0       0x38 build/default/production/_ext/1171490990/interrupts.o
 .debug_aranges
                0x0000000000000f18       0x28 build/default/production/_ext/1171490990/startup_xc32.o
 .debug_aranges
                0x0000000000000f40       0x28 build/default/production/_ext/1171490990/exceptions.o
 .debug_aranges
                0x0000000000000f68      0x1e8 build/default/production/_ext/1360937237/bme690_driver.o
 .debug_aranges
                0x0000000000001150       0x78 build/default/production/_ext/1360937237/can0_driver.o
 .debug_aranges
                0x00000000000011c8       0x28 build/default/production/_ext/1360937237/console_driver.o
 .debug_aranges
                0x00000000000011f0       0x28 build/default/production/_ext/1360937237/fcm360w_driver.o
 .debug_aranges
                0x0000000000001218      0x1d8 build/default/production/_ext/1360937237/hdc302x_driver.o
 .debug_aranges
                0x00000000000013f0       0xc0 build/default/production/_ext/1360937237/mcp9808_driver.o
 .debug_aranges
                0x00000000000014b0       0x50 build/default/production/_ext/1360937237/rstc_driver.o
 .debug_aranges
                0x0000000000001500       0x58 build/default/production/_ext/1360937237/rtc_driver.o
 .debug_aranges
                0x0000000000001558       0x98 build/default/production/_ext/1360937237/sht4x_driver.o
 .debug_aranges
                0x00000000000015f0       0xc0 build/default/production/_ext/1360937237/timer_driver.o
 .debug_aranges
                0x00000000000016b0       0x28 build/default/production/_ext/1360937237/xm125_driver.o
 .debug_aranges
                0x00000000000016d8       0x28 build/default/production/_ext/1360937237/ntc_driver.o
 .debug_aranges
                0x0000000000001700       0x28 build/default/production/_ext/1360937237/ad9954_driver.o
 .debug_aranges
                0x0000000000001728       0x20 build/default/production/_ext/1360937237/main.o
 .debug_aranges
                0x0000000000001748       0x78 build/default/production/_ext/60181570/plib_tcc1.o
 .debug_aranges
                0x00000000000017c0       0x70 build/default/production/_ext/1360937237/led_driver.o
 .debug_aranges
                0x0000000000001830       0x30 c:/applications/microchip/xc32/bin/bin/../../lib/gcc/pic32c/8.3.1/../../../../pic32c/lib/thumb/v6-m/nofp\libpic32c.a(data_init.o)
 .debug_aranges
                0x0000000000001860       0x20 c:/applications/microchip/xc32/bin/bin/../../lib/gcc/pic32c/8.3.1/../../../../pic32c/lib/thumb/v6-m/nofp\libc-size-musl.a(memcpy.o)
 .debug_aranges
                0x0000000000001880       0x20 c:/applications/microchip/xc32/bin/bin/../../lib/gcc/pic32c/8.3.1/../../../../pic32c/lib/thumb/v6-m/nofp\libc-size-musl.a(memset.o)
 .debug_aranges
                0x00000000000018a0       0x28 c:/applications/microchip/xc32/bin/bin/../../lib/gcc/pic32c/8.3.1/../../../../pic32c/lib/thumb/v6-m/nofp\libc-musl.a(__libc_start_main.o)
 .debug_aranges
                0x00000000000018c8       0x18 c:/applications/microchip/xc32/bin/bin/../../lib/gcc/pic32c/8.3.1/../../../../pic32c/lib/thumb/v6-m/nofp\libc-musl.a(libc.o)
 .debug_aranges
                0x00000000000018e0       0x18 c:/applications/microchip/xc32/bin/bin/../../lib/gcc/pic32c/8.3.1/../../../../pic32c/lib/thumb/v6-m/nofp\libc-musl.a(__environ.o)
 .debug_aranges
                0x00000000000018f8       0x20 c:/applications/microchip/xc32/bin/bin/../../lib/gcc/pic32c/8.3.1/thumb/v6-m/nofp\libgcc.a(_udivsi3.o)
 .debug_aranges
                0x0000000000001918       0x20 c:/applications/microchip/xc32/bin/bin/../../lib/gcc/pic32c/8.3.1/thumb/v6-m/nofp\libgcc.a(_dvmd_tls.o)
 .debug_aranges
                0x0000000000001938       0x20 c:/applications/microchip/xc32/bin/bin/../../lib/gcc/pic32c/8.3.1/thumb/v6-m/nofp\libgcc.a(_aeabi_uldivmod.o)
 .debug_aranges
                0x0000000000001958       0x20 c:/applications/microchip/xc32/bin/bin/../../lib/gcc/pic32c/8.3.1/thumb/v6-m/nofp\libgcc.a(_muldi3.o)
 .debug_aranges
                0x0000000000001978       0x20 c:/applications/microchip/xc32/bin/bin/../../lib/gcc/pic32c/8.3.1/thumb/v6-m/nofp\libgcc.a(_udivmoddi4.o)
 .debug_aranges
                0x0000000000001998       0x20 c:/applications/microchip/xc32/bin/bin/../../lib/gcc/pic32c/8.3.1/thumb/v6-m/nofp\libgcc.a(_lshrdi3.o)
 .debug_aranges
                0x00000000000019b8       0x20 c:/applications/microchip/xc32/bin/bin/../../lib/gcc/pic32c/8.3.1/thumb/v6-m/nofp\libgcc.a(_ashldi3.o)
 .debug_aranges
                0x00000000000019d8       0x20 c:/applications/microchip/xc32/bin/bin/../../lib/gcc/pic32c/8.3.1/thumb/v6-m/nofp\libgcc.a(_clzdi2.o)
 .debug_aranges
                0x00000000000019f8       0x20 c:/applications/microchip/xc32/bin/bin/../../lib/gcc/pic32c/8.3.1/thumb/v6-m/nofp\libgcc.a(_clzsi2.o)
 .debug_aranges
                0x0000000000001a18       0x20 c:/applications/microchip/xc32/bin/bin/../../lib/gcc/pic32c/8.3.1/../../../../pic32c/lib/thumb/v6-m/nofp\libpic32c.a(pic32_data_init_clear.o)
 .debug_aranges
                0x0000000000001a38       0x20 c:/applications/microchip/xc32/bin/bin/../../lib/gcc/pic32c/8.3.1/../../../../pic32c/lib/thumb/v6-m/nofp\libpic32c.a(pic32_data_init_copy.o)

.debug_ranges   0x0000000000000000     0x1e20
 .debug_ranges  0x0000000000000000      0x190 build/default/production/_ext/158385033/drv_i2c.o
 .debug_ranges  0x0000000000000190      0x1d0 build/default/production/_ext/2070931557/drv_spi.o
 .debug_ranges  0x0000000000000360      0x248 build/default/production/_ext/869808652/drv_usart.o
 .debug_ranges  0x00000000000005a8       0x70 build/default/production/_ext/60163342/plib_adc0.o
 .debug_ranges  0x0000000000000618       0x90 build/default/production/_ext/60165182/plib_can0.o
 .debug_ranges  0x00000000000006a8       0x10 build/default/production/_ext/60165242/plib_ccl.o
 .debug_ranges  0x00000000000006b8       0x20 build/default/production/_ext/1984496892/plib_clock.o
 .debug_ranges  0x00000000000006d8       0x20 build/default/production/_ext/60166132/plib_dac.o
 .debug_ranges  0x00000000000006f8       0xa0 build/default/production/_ext/1865161661/plib_dmac.o
 .debug_ranges  0x0000000000000798       0x30 build/default/production/_ext/60167341/plib_eic.o
 .debug_ranges  0x00000000000007c8       0x10 build/default/production/_ext/1986646378/plib_evsys.o
 .debug_ranges  0x00000000000007d8       0x48 build/default/production/_ext/1987437027/plib_freqm.o
 .debug_ranges  0x0000000000000820       0x50 build/default/production/_ext/1865468468/plib_nvic.o
 .debug_ranges  0x0000000000000870       0xa0 build/default/production/_ext/1593096446/plib_nvmctrl.o
 .debug_ranges  0x0000000000000910       0x40 build/default/production/_ext/1865510628/plib_pdec.o
 .debug_ranges  0x0000000000000950       0x20 build/default/production/_ext/829342769/plib_pm.o
 .debug_ranges  0x0000000000000970       0x58 build/default/production/_ext/1865521619/plib_port.o
 .debug_ranges  0x00000000000009c8       0x10 build/default/production/_ext/1865585090/plib_rstc.o
 .debug_ranges  0x00000000000009d8       0x78 build/default/production/_ext/60180175/plib_rtc_timer.o
 .debug_ranges  0x0000000000000a50      0x130 build/default/production/_ext/508257091/plib_sercom0_i2c_master.o
 .debug_ranges  0x0000000000000b80       0x68 build/default/production/_ext/17022449/plib_sercom1_spi_master.o
 .debug_ranges  0x0000000000000be8      0x120 build/default/production/_ext/504274921/plib_sercom3_usart.o
 .debug_ranges  0x0000000000000d08      0x1e8 build/default/production/_ext/504274921/plib_sercom2_usart.o
 .debug_ranges  0x0000000000000ef0       0x20 build/default/production/_ext/1865616679/plib_supc.o
 .debug_ranges  0x0000000000000f10       0x68 build/default/production/_ext/829342655/plib_tc0.o
 .debug_ranges  0x0000000000000f78       0x60 build/default/production/_ext/829342655/plib_tc1.o
 .debug_ranges  0x0000000000000fd8       0x70 build/default/production/_ext/60181570/plib_tcc0.o
 .debug_ranges  0x0000000000001048       0x90 build/default/production/_ext/1832805299/sys_console.o
 .debug_ranges  0x00000000000010d8      0x1a8 build/default/production/_ext/1832805299/sys_console_uart.o
 .debug_ranges  0x0000000000001280       0x18 build/default/production/_ext/14461671/sys_dma.o
 .debug_ranges  0x0000000000001298       0x48 build/default/production/_ext/1881668453/sys_int.o
 .debug_ranges  0x00000000000012e0      0x1a0 build/default/production/_ext/101884895/sys_time.o
 .debug_ranges  0x0000000000001480       0x10 build/default/production/_ext/1171490990/tasks.o
 .debug_ranges  0x0000000000001490       0x10 build/default/production/_ext/1171490990/initialization.o
 .debug_ranges  0x00000000000014a0       0x28 build/default/production/_ext/1171490990/interrupts.o
 .debug_ranges  0x00000000000014c8       0x18 build/default/production/_ext/1171490990/startup_xc32.o
 .debug_ranges  0x00000000000014e0       0x18 build/default/production/_ext/1171490990/exceptions.o
 .debug_ranges  0x00000000000014f8      0x1d8 build/default/production/_ext/1360937237/bme690_driver.o
 .debug_ranges  0x00000000000016d0       0xc8 build/default/production/_ext/1360937237/can0_driver.o
 .debug_ranges  0x0000000000001798       0x18 build/default/production/_ext/1360937237/console_driver.o
 .debug_ranges  0x00000000000017b0       0x18 build/default/production/_ext/1360937237/fcm360w_driver.o
 .debug_ranges  0x00000000000017c8      0x1e0 build/default/production/_ext/1360937237/hdc302x_driver.o
 .debug_ranges  0x00000000000019a8       0xb0 build/default/production/_ext/1360937237/mcp9808_driver.o
 .debug_ranges  0x0000000000001a58       0x40 build/default/production/_ext/1360937237/rstc_driver.o
 .debug_ranges  0x0000000000001a98       0x48 build/default/production/_ext/1360937237/rtc_driver.o
 .debug_ranges  0x0000000000001ae0       0x88 build/default/production/_ext/1360937237/sht4x_driver.o
 .debug_ranges  0x0000000000001b68       0xb0 build/default/production/_ext/1360937237/timer_driver.o
 .debug_ranges  0x0000000000001c18       0x18 build/default/production/_ext/1360937237/xm125_driver.o
 .debug_ranges  0x0000000000001c30       0x18 build/default/production/_ext/1360937237/ntc_driver.o
 .debug_ranges  0x0000000000001c48       0x18 build/default/production/_ext/1360937237/ad9954_driver.o
 .debug_ranges  0x0000000000001c60       0x10 build/default/production/_ext/1360937237/main.o
 .debug_ranges  0x0000000000001c70       0x68 build/default/production/_ext/60181570/plib_tcc1.o
 .debug_ranges  0x0000000000001cd8       0x90 build/default/production/_ext/1360937237/led_driver.o
 .debug_ranges  0x0000000000001d68       0x20 c:/applications/microchip/xc32/bin/bin/../../lib/gcc/pic32c/8.3.1/../../../../pic32c/lib/thumb/v6-m/nofp\libpic32c.a(data_init.o)
 .debug_ranges  0x0000000000001d88       0x10 c:/applications/microchip/xc32/bin/bin/../../lib/gcc/pic32c/8.3.1/../../../../pic32c/lib/thumb/v6-m/nofp\libc-size-musl.a(memcpy.o)
 .debug_ranges  0x0000000000001d98       0x10 c:/applications/microchip/xc32/bin/bin/../../lib/gcc/pic32c/8.3.1/../../../../pic32c/lib/thumb/v6-m/nofp\libc-size-musl.a(memset.o)
 .debug_ranges  0x0000000000001da8       0x30 c:/applications/microchip/xc32/bin/bin/../../lib/gcc/pic32c/8.3.1/../../../../pic32c/lib/thumb/v6-m/nofp\libc-musl.a(__libc_start_main.o)
 .debug_ranges  0x0000000000001dd8       0x28 c:/applications/microchip/xc32/bin/bin/../../lib/gcc/pic32c/8.3.1/thumb/v6-m/nofp\libgcc.a(_muldi3.o)
 .debug_ranges  0x0000000000001e00       0x10 c:/applications/microchip/xc32/bin/bin/../../lib/gcc/pic32c/8.3.1/../../../../pic32c/lib/thumb/v6-m/nofp\libpic32c.a(pic32_data_init_clear.o)
 .debug_ranges  0x0000000000001e10       0x10 c:/applications/microchip/xc32/bin/bin/../../lib/gcc/pic32c/8.3.1/../../../../pic32c/lib/thumb/v6-m/nofp\libpic32c.a(pic32_data_init_copy.o)

.debug_line     0x0000000000000000    0x11ea3
 .debug_line    0x0000000000000000      0xf70 build/default/production/_ext/158385033/drv_i2c.o
 .debug_line    0x0000000000000f70     0x1506 build/default/production/_ext/2070931557/drv_spi.o
 .debug_line    0x0000000000002476     0x1432 build/default/production/_ext/869808652/drv_usart.o
 .debug_line    0x00000000000038a8      0x399 build/default/production/_ext/60163342/plib_adc0.o
 .debug_line    0x0000000000003c41      0x8e2 build/default/production/_ext/60165182/plib_can0.o
 .debug_line    0x0000000000004523      0x129 build/default/production/_ext/60165242/plib_ccl.o
 .debug_line    0x000000000000464c      0x439 build/default/production/_ext/1984496892/plib_clock.o
 .debug_line    0x0000000000004a85      0x160 build/default/production/_ext/60166132/plib_dac.o
 .debug_line    0x0000000000004be5      0x76a build/default/production/_ext/1865161661/plib_dmac.o
 .debug_line    0x000000000000534f      0x2c0 build/default/production/_ext/60167341/plib_eic.o
 .debug_line    0x000000000000560f       0x66 build/default/production/_ext/1986646378/plib_evsys.o
 .debug_line    0x0000000000005675      0x1e2 build/default/production/_ext/1987437027/plib_freqm.o
 .debug_line    0x0000000000005857      0x5f8 build/default/production/_ext/1865468468/plib_nvic.o
 .debug_line    0x0000000000005e4f      0x49b build/default/production/_ext/1593096446/plib_nvmctrl.o
 .debug_line    0x00000000000062ea      0x2da build/default/production/_ext/1865510628/plib_pdec.o
 .debug_line    0x00000000000065c4      0x150 build/default/production/_ext/829342769/plib_pm.o
 .debug_line    0x0000000000006714      0x28f build/default/production/_ext/1865521619/plib_port.o
 .debug_line    0x00000000000069a3       0xfa build/default/production/_ext/1865585090/plib_rstc.o
 .debug_line    0x0000000000006a9d      0x3b3 build/default/production/_ext/60180175/plib_rtc_timer.o
 .debug_line    0x0000000000006e50      0x92f build/default/production/_ext/508257091/plib_sercom0_i2c_master.o
 .debug_line    0x000000000000777f      0x791 build/default/production/_ext/17022449/plib_sercom1_spi_master.o
 .debug_line    0x0000000000007f10      0x9d0 build/default/production/_ext/504274921/plib_sercom3_usart.o
 .debug_line    0x00000000000088e0      0xd39 build/default/production/_ext/504274921/plib_sercom2_usart.o
 .debug_line    0x0000000000009619      0x1cc build/default/production/_ext/1865616679/plib_supc.o
 .debug_line    0x00000000000097e5      0x374 build/default/production/_ext/829342655/plib_tc0.o
 .debug_line    0x0000000000009b59      0x342 build/default/production/_ext/829342655/plib_tc1.o
 .debug_line    0x0000000000009e9b      0x3b1 build/default/production/_ext/60181570/plib_tcc0.o
 .debug_line    0x000000000000a24c      0x64b build/default/production/_ext/1832805299/sys_console.o
 .debug_line    0x000000000000a897      0x603 build/default/production/_ext/1832805299/sys_console_uart.o
 .debug_line    0x000000000000ae9a      0x141 build/default/production/_ext/14461671/sys_dma.o
 .debug_line    0x000000000000afdb      0x2cc build/default/production/_ext/1881668453/sys_int.o
 .debug_line    0x000000000000b2a7     0x1213 build/default/production/_ext/101884895/sys_time.o
 .debug_line    0x000000000000c4ba      0x158 build/default/production/_ext/1171490990/tasks.o
 .debug_line    0x000000000000c612      0xa81 build/default/production/_ext/1171490990/initialization.o
 .debug_line    0x000000000000d093      0x13f build/default/production/_ext/1171490990/interrupts.o
 .debug_line    0x000000000000d1d2      0x234 build/default/production/_ext/1171490990/startup_xc32.o
 .debug_line    0x000000000000d406       0x6f build/default/production/_ext/1171490990/exceptions.o
 .debug_line    0x000000000000d475      0x726 build/default/production/_ext/1360937237/bme690_driver.o
 .debug_line    0x000000000000db9b      0x599 build/default/production/_ext/1360937237/can0_driver.o
 .debug_line    0x000000000000e134      0x10c build/default/production/_ext/1360937237/console_driver.o
 .debug_line    0x000000000000e240       0xf9 build/default/production/_ext/1360937237/fcm360w_driver.o
 .debug_line    0x000000000000e339      0xbbf build/default/production/_ext/1360937237/hdc302x_driver.o
 .debug_line    0x000000000000eef8      0x702 build/default/production/_ext/1360937237/mcp9808_driver.o
 .debug_line    0x000000000000f5fa      0x437 build/default/production/_ext/1360937237/rstc_driver.o
 .debug_line    0x000000000000fa31      0x2e1 build/default/production/_ext/1360937237/rtc_driver.o
 .debug_line    0x000000000000fd12      0x59b build/default/production/_ext/1360937237/sht4x_driver.o
 .debug_line    0x00000000000102ad      0x38a build/default/production/_ext/1360937237/timer_driver.o
 .debug_line    0x0000000000010637      0x108 build/default/production/_ext/1360937237/xm125_driver.o
 .debug_line    0x000000000001073f      0x104 build/default/production/_ext/1360937237/ntc_driver.o
 .debug_line    0x0000000000010843      0x10a build/default/production/_ext/1360937237/ad9954_driver.o
 .debug_line    0x000000000001094d       0x6d build/default/production/_ext/1360937237/main.o
 .debug_line    0x00000000000109ba      0x361 build/default/production/_ext/60181570/plib_tcc1.o
 .debug_line    0x0000000000010d1b      0x3f3 build/default/production/_ext/1360937237/led_driver.o
 .debug_line    0x000000000001110e       0xa5 c:/applications/microchip/xc32/bin/bin/../../lib/gcc/pic32c/8.3.1/../../../../pic32c/lib/thumb/v6-m/nofp\libpic32c.a(data_init.o)
 .debug_line    0x00000000000111b3       0xee c:/applications/microchip/xc32/bin/bin/../../lib/gcc/pic32c/8.3.1/../../../../pic32c/lib/thumb/v6-m/nofp\libc-size-musl.a(memcpy.o)
 .debug_line    0x00000000000112a1       0xe3 c:/applications/microchip/xc32/bin/bin/../../lib/gcc/pic32c/8.3.1/../../../../pic32c/lib/thumb/v6-m/nofp\libc-size-musl.a(memset.o)
 .debug_line    0x0000000000011384      0x1bc c:/applications/microchip/xc32/bin/bin/../../lib/gcc/pic32c/8.3.1/../../../../pic32c/lib/thumb/v6-m/nofp\libc-musl.a(__libc_start_main.o)
 .debug_line    0x0000000000011540       0xb5 c:/applications/microchip/xc32/bin/bin/../../lib/gcc/pic32c/8.3.1/../../../../pic32c/lib/thumb/v6-m/nofp\libc-musl.a(libc.o)
 .debug_line    0x00000000000115f5       0xfb c:/applications/microchip/xc32/bin/bin/../../lib/gcc/pic32c/8.3.1/../../../../pic32c/lib/thumb/v6-m/nofp\libc-musl.a(__environ.o)
 .debug_line    0x00000000000116f0       0xa8 c:/applications/microchip/xc32/bin/bin/../../lib/gcc/pic32c/8.3.1/thumb/v6-m/nofp\libgcc.a(_udivsi3.o)
 .debug_line    0x0000000000011798       0x91 c:/applications/microchip/xc32/bin/bin/../../lib/gcc/pic32c/8.3.1/thumb/v6-m/nofp\libgcc.a(_dvmd_tls.o)
 .debug_line    0x0000000000011829       0x9c c:/applications/microchip/xc32/bin/bin/../../lib/gcc/pic32c/8.3.1/thumb/v6-m/nofp\libgcc.a(_aeabi_uldivmod.o)
 .debug_line    0x00000000000118c5       0xe7 c:/applications/microchip/xc32/bin/bin/../../lib/gcc/pic32c/8.3.1/thumb/v6-m/nofp\libgcc.a(_muldi3.o)
 .debug_line    0x00000000000119ac      0x188 c:/applications/microchip/xc32/bin/bin/../../lib/gcc/pic32c/8.3.1/thumb/v6-m/nofp\libgcc.a(_udivmoddi4.o)
 .debug_line    0x0000000000011b34       0x9c c:/applications/microchip/xc32/bin/bin/../../lib/gcc/pic32c/8.3.1/thumb/v6-m/nofp\libgcc.a(_lshrdi3.o)
 .debug_line    0x0000000000011bd0       0x9c c:/applications/microchip/xc32/bin/bin/../../lib/gcc/pic32c/8.3.1/thumb/v6-m/nofp\libgcc.a(_ashldi3.o)
 .debug_line    0x0000000000011c6c       0x9b c:/applications/microchip/xc32/bin/bin/../../lib/gcc/pic32c/8.3.1/thumb/v6-m/nofp\libgcc.a(_clzdi2.o)
 .debug_line    0x0000000000011d07       0xa5 c:/applications/microchip/xc32/bin/bin/../../lib/gcc/pic32c/8.3.1/thumb/v6-m/nofp\libgcc.a(_clzsi2.o)
 .debug_line    0x0000000000011dac       0x6f c:/applications/microchip/xc32/bin/bin/../../lib/gcc/pic32c/8.3.1/../../../../pic32c/lib/thumb/v6-m/nofp\libpic32c.a(pic32_data_init_clear.o)
 .debug_line    0x0000000000011e1b       0x88 c:/applications/microchip/xc32/bin/bin/../../lib/gcc/pic32c/8.3.1/../../../../pic32c/lib/thumb/v6-m/nofp\libpic32c.a(pic32_data_init_copy.o)

.debug_str      0x0000000000000000    0x1fb16
 .debug_str     0x0000000000000000     0x11f4 build/default/production/_ext/158385033/drv_i2c.o
 .debug_str     0x00000000000011f4     0x1d65 build/default/production/_ext/2070931557/drv_spi.o
 .debug_str     0x0000000000002f59     0x1971 build/default/production/_ext/869808652/drv_usart.o
 .debug_str     0x00000000000048ca      0x7ef build/default/production/_ext/60163342/plib_adc0.o
 .debug_str     0x00000000000050b9      0xe84 build/default/production/_ext/60165182/plib_can0.o
 .debug_str     0x0000000000005f3d      0x338 build/default/production/_ext/60165242/plib_ccl.o
 .debug_str     0x0000000000006275      0x740 build/default/production/_ext/1984496892/plib_clock.o
 .debug_str     0x00000000000069b5      0x3d9 build/default/production/_ext/60166132/plib_dac.o
 .debug_str     0x0000000000006d8e      0x93f build/default/production/_ext/1865161661/plib_dmac.o
 .debug_str     0x00000000000076cd      0x4a8 build/default/production/_ext/60167341/plib_eic.o
 .debug_str     0x0000000000007b75      0x2f4 build/default/production/_ext/1986646378/plib_evsys.o
 .debug_str     0x0000000000007e69      0x437 build/default/production/_ext/1987437027/plib_freqm.o
 .debug_str     0x00000000000082a0      0x690 build/default/production/_ext/1865468468/plib_nvic.o
 .debug_str     0x0000000000008930      0x6a7 build/default/production/_ext/1593096446/plib_nvmctrl.o
 .debug_str     0x0000000000008fd7      0x4ae build/default/production/_ext/1865510628/plib_pdec.o
 .debug_str     0x0000000000009485      0x35c build/default/production/_ext/829342769/plib_pm.o
 .debug_str     0x00000000000097e1      0x73f build/default/production/_ext/1865521619/plib_port.o
 .debug_str     0x0000000000009f20      0x333 build/default/production/_ext/1865585090/plib_rstc.o
 .debug_str     0x000000000000a253      0x624 build/default/production/_ext/60180175/plib_rtc_timer.o
 .debug_str     0x000000000000a877      0x99b build/default/production/_ext/508257091/plib_sercom0_i2c_master.o
 .debug_str     0x000000000000b212      0x851 build/default/production/_ext/17022449/plib_sercom1_spi_master.o
 .debug_str     0x000000000000ba63      0xac1 build/default/production/_ext/504274921/plib_sercom3_usart.o
 .debug_str     0x000000000000c524      0xdef build/default/production/_ext/504274921/plib_sercom2_usart.o
 .debug_str     0x000000000000d313      0x40a build/default/production/_ext/1865616679/plib_supc.o
 .debug_str     0x000000000000d71d      0x632 build/default/production/_ext/829342655/plib_tc0.o
 .debug_str     0x000000000000dd4f      0x611 build/default/production/_ext/829342655/plib_tc1.o
 .debug_str     0x000000000000e360      0x5bf build/default/production/_ext/60181570/plib_tcc0.o
 .debug_str     0x000000000000e91f      0xa82 build/default/production/_ext/1832805299/sys_console.o
 .debug_str     0x000000000000f3a1      0xb3d build/default/production/_ext/1832805299/sys_console_uart.o
 .debug_str     0x000000000000fede      0x670 build/default/production/_ext/14461671/sys_dma.o
 .debug_str     0x000000000001054e      0x63e build/default/production/_ext/1881668453/sys_int.o
 .debug_str     0x0000000000010b8c      0xf5c build/default/production/_ext/101884895/sys_time.o
 .debug_str     0x0000000000011ae8      0x3dc build/default/production/_ext/1171490990/tasks.o
 .debug_str     0x0000000000011ec4     0x2ad0 build/default/production/_ext/1171490990/initialization.o
 .debug_str     0x0000000000014994      0x781 build/default/production/_ext/1171490990/interrupts.o
 .debug_str     0x0000000000015115      0x40a build/default/production/_ext/1171490990/startup_xc32.o
 .debug_str     0x000000000001551f      0x307 build/default/production/_ext/1171490990/exceptions.o
 .debug_str     0x0000000000015826      0xfe9 build/default/production/_ext/1360937237/bme690_driver.o
 .debug_str     0x000000000001680f      0xd40 build/default/production/_ext/1360937237/can0_driver.o
 .debug_str     0x000000000001754f      0x436 build/default/production/_ext/1360937237/console_driver.o
 .debug_str     0x0000000000017985      0x413 build/default/production/_ext/1360937237/fcm360w_driver.o
 .debug_str     0x0000000000017d98     0x1014 build/default/production/_ext/1360937237/hdc302x_driver.o
 .debug_str     0x0000000000018dac      0xefc build/default/production/_ext/1360937237/mcp9808_driver.o
 .debug_str     0x0000000000019ca8      0x621 build/default/production/_ext/1360937237/rstc_driver.o
 .debug_str     0x000000000001a2c9      0x612 build/default/production/_ext/1360937237/rtc_driver.o
 .debug_str     0x000000000001a8db     0x1006 build/default/production/_ext/1360937237/sht4x_driver.o
 .debug_str     0x000000000001b8e1      0x68e build/default/production/_ext/1360937237/timer_driver.o
 .debug_str     0x000000000001bf6f      0x426 build/default/production/_ext/1360937237/xm125_driver.o
 .debug_str     0x000000000001c395      0x416 build/default/production/_ext/1360937237/ntc_driver.o
 .debug_str     0x000000000001c7ab      0x42e build/default/production/_ext/1360937237/ad9954_driver.o
 .debug_str     0x000000000001cbd9      0x2e7 build/default/production/_ext/1360937237/main.o
 .debug_str     0x000000000001cec0      0x590 build/default/production/_ext/60181570/plib_tcc1.o
 .debug_str     0x000000000001d450      0x8b3 build/default/production/_ext/1360937237/led_driver.o
 .debug_str     0x000000000001dd03      0x1fc c:/applications/microchip/xc32/bin/bin/../../lib/gcc/pic32c/8.3.1/../../../../pic32c/lib/thumb/v6-m/nofp\libpic32c.a(data_init.o)
 .debug_str     0x000000000001deff      0x225 c:/applications/microchip/xc32/bin/bin/../../lib/gcc/pic32c/8.3.1/../../../../pic32c/lib/thumb/v6-m/nofp\libc-size-musl.a(memcpy.o)
 .debug_str     0x000000000001e124      0x211 c:/applications/microchip/xc32/bin/bin/../../lib/gcc/pic32c/8.3.1/../../../../pic32c/lib/thumb/v6-m/nofp\libc-size-musl.a(memset.o)
 .debug_str     0x000000000001e335      0x3ca c:/applications/microchip/xc32/bin/bin/../../lib/gcc/pic32c/8.3.1/../../../../pic32c/lib/thumb/v6-m/nofp\libc-musl.a(__libc_start_main.o)
 .debug_str     0x000000000001e6ff      0x335 c:/applications/microchip/xc32/bin/bin/../../lib/gcc/pic32c/8.3.1/../../../../pic32c/lib/thumb/v6-m/nofp\libc-musl.a(libc.o)
 .debug_str     0x000000000001ea34      0x235 c:/applications/microchip/xc32/bin/bin/../../lib/gcc/pic32c/8.3.1/../../../../pic32c/lib/thumb/v6-m/nofp\libc-musl.a(__environ.o)
 .debug_str     0x000000000001ec69       0xd6 c:/applications/microchip/xc32/bin/bin/../../lib/gcc/pic32c/8.3.1/thumb/v6-m/nofp\libgcc.a(_udivsi3.o)
 .debug_str     0x000000000001ed3f       0xd6 c:/applications/microchip/xc32/bin/bin/../../lib/gcc/pic32c/8.3.1/thumb/v6-m/nofp\libgcc.a(_dvmd_tls.o)
 .debug_str     0x000000000001ee15       0xd6 c:/applications/microchip/xc32/bin/bin/../../lib/gcc/pic32c/8.3.1/thumb/v6-m/nofp\libgcc.a(_aeabi_uldivmod.o)
 .debug_str     0x000000000001eeeb      0x2af c:/applications/microchip/xc32/bin/bin/../../lib/gcc/pic32c/8.3.1/thumb/v6-m/nofp\libgcc.a(_muldi3.o)
 .debug_str     0x000000000001f19a      0x27c c:/applications/microchip/xc32/bin/bin/../../lib/gcc/pic32c/8.3.1/thumb/v6-m/nofp\libgcc.a(_udivmoddi4.o)
 .debug_str     0x000000000001f416       0xd6 c:/applications/microchip/xc32/bin/bin/../../lib/gcc/pic32c/8.3.1/thumb/v6-m/nofp\libgcc.a(_lshrdi3.o)
 .debug_str     0x000000000001f4ec       0xd6 c:/applications/microchip/xc32/bin/bin/../../lib/gcc/pic32c/8.3.1/thumb/v6-m/nofp\libgcc.a(_ashldi3.o)
 .debug_str     0x000000000001f5c2       0xd6 c:/applications/microchip/xc32/bin/bin/../../lib/gcc/pic32c/8.3.1/thumb/v6-m/nofp\libgcc.a(_clzdi2.o)
 .debug_str     0x000000000001f698       0xd6 c:/applications/microchip/xc32/bin/bin/../../lib/gcc/pic32c/8.3.1/thumb/v6-m/nofp\libgcc.a(_clzsi2.o)
 .debug_str     0x000000000001f76e      0x1d5 c:/applications/microchip/xc32/bin/bin/../../lib/gcc/pic32c/8.3.1/../../../../pic32c/lib/thumb/v6-m/nofp\libpic32c.a(pic32_data_init_clear.o)
 .debug_str     0x000000000001f943      0x1d3 c:/applications/microchip/xc32/bin/bin/../../lib/gcc/pic32c/8.3.1/../../../../pic32c/lib/thumb/v6-m/nofp\libpic32c.a(pic32_data_init_copy.o)

.debug_frame    0x0000000000000000     0x37d0
 .debug_frame   0x0000000000000000      0x250 build/default/production/_ext/158385033/drv_i2c.o
 .debug_frame   0x0000000000000250      0x23c build/default/production/_ext/2070931557/drv_spi.o
 .debug_frame   0x000000000000048c      0x348 build/default/production/_ext/869808652/drv_usart.o
 .debug_frame   0x00000000000007d4       0xe0 build/default/production/_ext/60163342/plib_adc0.o
 .debug_frame   0x00000000000008b4      0x180 build/default/production/_ext/60165182/plib_can0.o
 .debug_frame   0x0000000000000a34       0x20 build/default/production/_ext/60165242/plib_ccl.o
 .debug_frame   0x0000000000000a54       0x48 build/default/production/_ext/1984496892/plib_clock.o
 .debug_frame   0x0000000000000a9c       0x40 build/default/production/_ext/60166132/plib_dac.o
 .debug_frame   0x0000000000000adc      0x18c build/default/production/_ext/1865161661/plib_dmac.o
 .debug_frame   0x0000000000000c68       0x7c build/default/production/_ext/60167341/plib_eic.o
 .debug_frame   0x0000000000000ce4       0x20 build/default/production/_ext/1986646378/plib_evsys.o
 .debug_frame   0x0000000000000d04       0x68 build/default/production/_ext/1987437027/plib_freqm.o
 .debug_frame   0x0000000000000d6c       0x90 build/default/production/_ext/1865468468/plib_nvic.o
 .debug_frame   0x0000000000000dfc      0x16c build/default/production/_ext/1593096446/plib_nvmctrl.o
 .debug_frame   0x0000000000000f68       0x80 build/default/production/_ext/1865510628/plib_pdec.o
 .debug_frame   0x0000000000000fe8       0x40 build/default/production/_ext/829342769/plib_pm.o
 .debug_frame   0x0000000000001028       0xc8 build/default/production/_ext/1865521619/plib_port.o
 .debug_frame   0x00000000000010f0       0x20 build/default/production/_ext/1865585090/plib_rstc.o
 .debug_frame   0x0000000000001110       0xf8 build/default/production/_ext/60180175/plib_rtc_timer.o
 .debug_frame   0x0000000000001208      0x124 build/default/production/_ext/508257091/plib_sercom0_i2c_master.o
 .debug_frame   0x000000000000132c       0xd4 build/default/production/_ext/17022449/plib_sercom1_spi_master.o
 .debug_frame   0x0000000000001400      0x1f0 build/default/production/_ext/504274921/plib_sercom3_usart.o
 .debug_frame   0x00000000000015f0      0x254 build/default/production/_ext/504274921/plib_sercom2_usart.o
 .debug_frame   0x0000000000001844       0x50 build/default/production/_ext/1865616679/plib_supc.o
 .debug_frame   0x0000000000001894       0xd8 build/default/production/_ext/829342655/plib_tc0.o
 .debug_frame   0x000000000000196c       0xc8 build/default/production/_ext/829342655/plib_tc1.o
 .debug_frame   0x0000000000001a34       0xe0 build/default/production/_ext/60181570/plib_tcc0.o
 .debug_frame   0x0000000000001b14      0x15c build/default/production/_ext/1832805299/sys_console.o
 .debug_frame   0x0000000000001c70       0xe8 build/default/production/_ext/1832805299/sys_console_uart.o
 .debug_frame   0x0000000000001d58       0x48 build/default/production/_ext/14461671/sys_dma.o
 .debug_frame   0x0000000000001da0       0x84 build/default/production/_ext/1881668453/sys_int.o
 .debug_frame   0x0000000000001e24      0x3a0 build/default/production/_ext/101884895/sys_time.o
 .debug_frame   0x00000000000021c4       0x28 build/default/production/_ext/1171490990/tasks.o
 .debug_frame   0x00000000000021ec       0x28 build/default/production/_ext/1171490990/initialization.o
 .debug_frame   0x0000000000002214       0x68 build/default/production/_ext/1171490990/interrupts.o
 .debug_frame   0x000000000000227c       0x40 build/default/production/_ext/1171490990/startup_xc32.o
 .debug_frame   0x00000000000022bc       0x30 build/default/production/_ext/1171490990/exceptions.o
 .debug_frame   0x00000000000022ec      0x420 build/default/production/_ext/1360937237/bme690_driver.o
 .debug_frame   0x000000000000270c      0x120 build/default/production/_ext/1360937237/can0_driver.o
 .debug_frame   0x000000000000282c       0x30 build/default/production/_ext/1360937237/console_driver.o
 .debug_frame   0x000000000000285c       0x30 build/default/production/_ext/1360937237/fcm360w_driver.o
 .debug_frame   0x000000000000288c      0x50c build/default/production/_ext/1360937237/hdc302x_driver.o
 .debug_frame   0x0000000000002d98      0x1d8 build/default/production/_ext/1360937237/mcp9808_driver.o
 .debug_frame   0x0000000000002f70       0x90 build/default/production/_ext/1360937237/rstc_driver.o
 .debug_frame   0x0000000000003000       0xa8 build/default/production/_ext/1360937237/rtc_driver.o
 .debug_frame   0x00000000000030a8      0x160 build/default/production/_ext/1360937237/sht4x_driver.o
 .debug_frame   0x0000000000003208      0x1ac build/default/production/_ext/1360937237/timer_driver.o
 .debug_frame   0x00000000000033b4       0x30 build/default/production/_ext/1360937237/xm125_driver.o
 .debug_frame   0x00000000000033e4       0x30 build/default/production/_ext/1360937237/ntc_driver.o
 .debug_frame   0x0000000000003414       0x30 build/default/production/_ext/1360937237/ad9954_driver.o
 .debug_frame   0x0000000000003444       0x28 build/default/production/_ext/1360937237/main.o
 .debug_frame   0x000000000000346c       0xd0 build/default/production/_ext/60181570/plib_tcc1.o
 .debug_frame   0x000000000000353c      0x100 build/default/production/_ext/1360937237/led_driver.o
 .debug_frame   0x000000000000363c       0x48 c:/applications/microchip/xc32/bin/bin/../../lib/gcc/pic32c/8.3.1/../../../../pic32c/lib/thumb/v6-m/nofp\libpic32c.a(data_init.o)
 .debug_frame   0x0000000000003684       0x28 c:/applications/microchip/xc32/bin/bin/../../lib/gcc/pic32c/8.3.1/../../../../pic32c/lib/thumb/v6-m/nofp\libc-size-musl.a(memcpy.o)
 .debug_frame   0x00000000000036ac       0x20 c:/applications/microchip/xc32/bin/bin/../../lib/gcc/pic32c/8.3.1/../../../../pic32c/lib/thumb/v6-m/nofp\libc-size-musl.a(memset.o)
 .debug_frame   0x00000000000036cc       0x38 c:/applications/microchip/xc32/bin/bin/../../lib/gcc/pic32c/8.3.1/../../../../pic32c/lib/thumb/v6-m/nofp\libc-musl.a(__libc_start_main.o)
 .debug_frame   0x0000000000003704       0x20 c:/applications/microchip/xc32/bin/bin/../../lib/gcc/pic32c/8.3.1/thumb/v6-m/nofp\libgcc.a(_udivsi3.o)
 .debug_frame   0x0000000000003724       0x34 c:/applications/microchip/xc32/bin/bin/../../lib/gcc/pic32c/8.3.1/thumb/v6-m/nofp\libgcc.a(_muldi3.o)
 .debug_frame   0x0000000000003758       0x30 c:/applications/microchip/xc32/bin/bin/../../lib/gcc/pic32c/8.3.1/thumb/v6-m/nofp\libgcc.a(_udivmoddi4.o)
 .debug_frame   0x0000000000003788       0x20 c:/applications/microchip/xc32/bin/bin/../../lib/gcc/pic32c/8.3.1/../../../../pic32c/lib/thumb/v6-m/nofp\libpic32c.a(pic32_data_init_clear.o)
 .debug_frame   0x00000000000037a8       0x28 c:/applications/microchip/xc32/bin/bin/../../lib/gcc/pic32c/8.3.1/../../../../pic32c/lib/thumb/v6-m/nofp\libpic32c.a(pic32_data_init_copy.o)

.note.GNU-stack
                0x0000000000000000        0x0
 .note.GNU-stack
                0x0000000000000000        0x0 c:/applications/microchip/xc32/bin/bin/../../lib/gcc/pic32c/8.3.1/../../../../pic32c/lib/thumb/v6-m/nofp\libc-size-musl.a(memcpy.o)
 .note.GNU-stack
                0x0000000000000000        0x0 c:/applications/microchip/xc32/bin/bin/../../lib/gcc/pic32c/8.3.1/../../../../pic32c/lib/thumb/v6-m/nofp\libc-size-musl.a(memset.o)
 .note.GNU-stack
                0x0000000000000000        0x0 c:/applications/microchip/xc32/bin/bin/../../lib/gcc/pic32c/8.3.1/../../../../pic32c/lib/thumb/v6-m/nofp\libc-musl.a(__libc_start_main.o)
 .note.GNU-stack
                0x0000000000000000        0x0 c:/applications/microchip/xc32/bin/bin/../../lib/gcc/pic32c/8.3.1/../../../../pic32c/lib/thumb/v6-m/nofp\libc-musl.a(libc.o)
 .note.GNU-stack
                0x0000000000000000        0x0 c:/applications/microchip/xc32/bin/bin/../../lib/gcc/pic32c/8.3.1/../../../../pic32c/lib/thumb/v6-m/nofp\libc-musl.a(__environ.o)

.stack          0x000000002000a0a8      0x100
 .stack         0x000000002000a0a8      0x100 stack

.bss.can0_driverData%1
                0x0000000020000000     0x5b40
 .bss.can0_driverData
                0x0000000020000000     0x5b40 build/default/production/_ext/1360937237/can0_driver.o
                0x0000000020000000                can0_driverData

.bss.SERCOM2_USART_ReadBuffer%2
                0x0000000020005b40     0x1000
 .bss.SERCOM2_USART_ReadBuffer
                0x0000000020005b40     0x1000 build/default/production/_ext/504274921/plib_sercom2_usart.o

.bss.SERCOM2_USART_WriteBuffer%3
                0x0000000020006b40     0x1000
 .bss.SERCOM2_USART_WriteBuffer
                0x0000000020006b40     0x1000 build/default/production/_ext/504274921/plib_sercom2_usart.o

.bss.led_driverData%4
                0x0000000020007b40      0x788
 .bss.led_driverData
                0x0000000020007b40      0x788 build/default/production/_ext/1360937237/led_driver.o
                0x0000000020007b40                led_driverData

.bss.timers%5   0x00000000200082c8      0x640
 .bss.timers    0x00000000200082c8      0x640 build/default/production/_ext/101884895/sys_time.o

.bss.eicCallbackObject%6
                0x0000000020008908       0xc0
 .bss.eicCallbackObject
                0x0000000020008908       0xc0 build/default/production/_ext/60167341/plib_eic.o

.bss.drvUSART0BufferObjPool%7
                0x00000000200089c8       0xb4
 .bss.drvUSART0BufferObjPool
                0x00000000200089c8       0xb4 build/default/production/_ext/1171490990/initialization.o

.bss.drvSPI0TransferObjPool%8
                0x0000000020008a7c       0x90
 .bss.drvSPI0TransferObjPool
                0x0000000020008a7c       0x90 build/default/production/_ext/1171490990/initialization.o

.bss.gDrvSPIObj%9
                0x0000000020008b0c       0x74
 .bss.gDrvSPIObj
                0x0000000020008b0c       0x74 build/default/production/_ext/2070931557/drv_spi.o

.bss.gDrvUSARTObj%10
                0x0000000020008b80       0x60
 .bss.gDrvUSARTObj
                0x0000000020008b80       0x60 build/default/production/_ext/869808652/drv_usart.o

.bss.drvI2C0TransferObj%11
                0x0000000020008be0       0x58
 .bss.drvI2C0TransferObj
                0x0000000020008be0       0x58 build/default/production/_ext/1171490990/initialization.o

.bss%12         0x0000000020008c38       0x50
 .bss           0x0000000020008c38       0x50 c:/applications/microchip/xc32/bin/bin/../../lib/gcc/pic32c/8.3.1/../../../../pic32c/lib/thumb/v6-m/nofp\libc-musl.a(libc.o)
                0x0000000020008c38                __progname_full
                0x0000000020008c38                program_invocation_name
                0x0000000020008c3c                program_invocation_short_name
                0x0000000020008c3c                __progname
                0x0000000020008c40                __sysinfo
                0x0000000020008c44                __hwcap
                0x0000000020008c48                __libc

.bss.descriptor_section%13
                0x0000000020008c88       0x40
 .bss.descriptor_section
                0x0000000020008c88       0x40 build/default/production/_ext/1865161661/plib_dmac.o

.bss.dmacChannelObj%14
                0x0000000020008cc8       0x40
 .bss.dmacChannelObj