Archive member included to satisfy reference by file (symbol)

C:/Applications/Microchip/XC32/bin/bin/../../lib/gcc/pic32c/13.2.1/../../../../pic32c/lib/thumb/v6-m/nofp\libpic32c.a(data_init.o)
                              build/default/production/_ext/1171490990/startup_xc32.o (__pic32c_data_initialization)
C:/Applications/Microchip/XC32/bin/bin/../../lib/gcc/pic32c/13.2.1/../../../../pic32c/lib/thumb/v6-m/nofp\libc-size-musl.a(memcpy.o)
                              build/default/production/_ext/60165182/plib_can0.o (memcpy)
C:/Applications/Microchip/XC32/bin/bin/../../lib/gcc/pic32c/13.2.1/../../../../pic32c/lib/thumb/v6-m/nofp\libc-size-musl.a(memset.o)
                              build/default/production/_ext/60165182/plib_can0.o (memset)
C:/Applications/Microchip/XC32/bin/bin/../../lib/gcc/pic32c/13.2.1/../../../../pic32c/lib/thumb/v6-m/nofp\libc-size-musl.a(strlen.o)
                              build/default/production/_ext/1832805299/sys_console.o (strlen)
C:/Applications/Microchip/XC32/bin/bin/../../lib/gcc/pic32c/13.2.1/../../../../pic32c/lib/thumb/v6-m/nofp\libc-size-musl.a(strstr.o)
                              build/default/production/_ext/1360937237/fcm360w_driver.o (strstr)
C:/Applications/Microchip/XC32/bin/bin/../../lib/gcc/pic32c/13.2.1/../../../../pic32c/lib/thumb/v6-m/nofp\libc-size-musl.a(strchr.o)
                              build/default/production/_ext/1360937237/fcm360w_driver.o (strchr)
C:/Applications/Microchip/XC32/bin/bin/../../lib/gcc/pic32c/13.2.1/../../../../pic32c/lib/thumb/v6-m/nofp\libc-size-musl.a(strchrnul.o)
                              C:/Applications/Microchip/XC32/bin/bin/../../lib/gcc/pic32c/13.2.1/../../../../pic32c/lib/thumb/v6-m/nofp\libc-size-musl.a(strchr.o) (__strchrnul)
C:/Applications/Microchip/XC32/bin/bin/../../lib/gcc/pic32c/13.2.1/../../../../pic32c/lib/thumb/v6-m/nofp\libc-musl.a(__libc_start_main.o)
                              build/default/production/_ext/1171490990/startup_xc32.o (__libc_init_array)
C:/Applications/Microchip/XC32/bin/bin/../../lib/gcc/pic32c/13.2.1/../../../../pic32c/lib/thumb/v6-m/nofp\libc-musl.a(libc.o)
                              C:/Applications/Microchip/XC32/bin/bin/../../lib/gcc/pic32c/13.2.1/../../../../pic32c/lib/thumb/v6-m/nofp\libc-musl.a(__libc_start_main.o) (__progname_full)
C:/Applications/Microchip/XC32/bin/bin/../../lib/gcc/pic32c/13.2.1/../../../../pic32c/lib/thumb/v6-m/nofp\libc-musl.a(vsnprintf.o)
                              build/default/production/_ext/1832805299/sys_console.o (vsnprintf)
C:/Applications/Microchip/XC32/bin/bin/../../lib/gcc/pic32c/13.2.1/../../../../pic32c/lib/thumb/v6-m/nofp\libc-musl.a(sprintf.o)
                              (sprintf)
C:/Applications/Microchip/XC32/bin/bin/../../lib/gcc/pic32c/13.2.1/../../../../pic32c/lib/thumb/v6-m/nofp\libc-musl.a(vsprintf.o)
                              C:/Applications/Microchip/XC32/bin/bin/../../lib/gcc/pic32c/13.2.1/../../../../pic32c/lib/thumb/v6-m/nofp\libc-musl.a(sprintf.o) (vsprintf)
C:/Applications/Microchip/XC32/bin/bin/../../lib/gcc/pic32c/13.2.1/../../../../pic32c/lib/thumb/v6-m/nofp\libc-musl.a(__environ.o)
                              C:/Applications/Microchip/XC32/bin/bin/../../lib/gcc/pic32c/13.2.1/../../../../pic32c/lib/thumb/v6-m/nofp\libc-musl.a(__libc_start_main.o) (__environ)
C:/Applications/Microchip/XC32/bin/bin/../../lib/gcc/pic32c/13.2.1/../../../../pic32c/lib/thumb/v6-m/nofp\libc-musl.a(__errno_location.o)
                              C:/Applications/Microchip/XC32/bin/bin/../../lib/gcc/pic32c/13.2.1/../../../../pic32c/lib/thumb/v6-m/nofp\libc-musl.a(vsnprintf.o) (__errno_val)
C:/Applications/Microchip/XC32/bin/bin/../../lib/gcc/pic32c/13.2.1/../../../../pic32c/lib/thumb/v6-m/nofp\libc-musl.a(vfprintf.o)
                              C:/Applications/Microchip/XC32/bin/bin/../../lib/gcc/pic32c/13.2.1/../../../../pic32c/lib/thumb/v6-m/nofp\libc-musl.a(vsnprintf.o) (vfprintf)
C:/Applications/Microchip/XC32/bin/bin/../../lib/gcc/pic32c/13.2.1/../../../../pic32c/lib/thumb/v6-m/nofp\libc-musl.a(__io_fmt_needed.o)
                              C:/Applications/Microchip/XC32/bin/bin/../../lib/gcc/pic32c/13.2.1/../../../../pic32c/lib/thumb/v6-m/nofp\libc-musl.a(vfprintf.o) (__io_fmt_needed)
C:/Applications/Microchip/XC32/bin/bin/../../lib/gcc/pic32c/13.2.1/../../../../pic32c/lib/thumb/v6-m/nofp\libc-musl.a(__pop_float.o)
                              C:/Applications/Microchip/XC32/bin/bin/../../lib/gcc/pic32c/13.2.1/../../../../pic32c/lib/thumb/v6-m/nofp\libc-musl.a(__io_fmt_needed.o) (__pop_float_needed)
C:/Applications/Microchip/XC32/bin/bin/../../lib/gcc/pic32c/13.2.1/../../../../pic32c/lib/thumb/v6-m/nofp\libc-musl.a(__pop_int.o)
                              C:/Applications/Microchip/XC32/bin/bin/../../lib/gcc/pic32c/13.2.1/../../../../pic32c/lib/thumb/v6-m/nofp\libc-musl.a(__io_fmt_needed.o) (__pop_int_needed)
[...]
Memory Configuration

Name             Origin             Length             Attributes
rom              0x00000000         0x00080000         xrl
ram              0x20000000         0x00010000         xw!r
config_00804000  0x00804000         0x00000004
config_00804004  0x00804004         0x00000004
*default*        0x00000000         0xffffffff

Linker script and memory map

LOAD C:/Applications/Microchip/XC32/bin/bin/../../lib/gcc/pic32c/13.2.1/thumb/v6-m/nofp/crti.o
LOAD C:/Applications/Microchip/XC32/bin/bin/../../lib/gcc/pic32c/13.2.1/thumb/v6-m/nofp/crtbegin.o
LOAD build/default/production/_ext/158385033/drv_i2c.o
LOAD build/default/production/_ext/2070931557/drv_spi.o
LOAD build/default/production/_ext/869808652/drv_usart.o
LOAD build/default/production/_ext/829343244/plib_ac.o
LOAD build/default/production/_ext/60163342/plib_adc0.o
LOAD build/default/production/_ext/60165182/plib_can0.o
LOAD build/default/production/_ext/60165242/plib_ccl.o
LOAD build/default/production/_ext/1984496892/plib_clock.o
LOAD build/default/production/_ext/60166132/plib_dac.o
LOAD build/default/production/_ext/1985337713/plib_divas.o
LOAD build/default/production/_ext/1865161661/plib_dmac.o
LOAD build/default/production/_ext/60167341/plib_eic.o
LOAD build/default/production/_ext/1986646378/plib_evsys.o
LOAD build/default/production/_ext/1987437027/plib_freqm.o
LOAD build/default/production/_ext/1865468468/plib_nvic.o
LOAD build/default/production/_ext/1593096446/plib_nvmctrl.o
LOAD build/default/production/_ext/1865510628/plib_pdec.o
LOAD build/default/production/_ext/829342769/plib_pm.o
LOAD build/default/production/_ext/1865521619/plib_port.o
LOAD build/default/production/_ext/1865585090/plib_rstc.o
LOAD build/default/production/_ext/60180175/plib_rtc_clock.o
LOAD build/default/production/_ext/508257091/plib_sercom3_i2c_master.o
LOAD build/default/production/_ext/17022449/plib_sercom2_spi_master.o
LOAD build/default/production/_ext/504274921/plib_sercom1_usart.o
LOAD build/default/production/_ext/504274921/plib_sercom0_usart.o
LOAD build/default/production/_ext/1865616679/plib_supc.o
LOAD build/default/production/_ext/1827571544/plib_systick.o
LOAD build/default/production/_ext/829342655/plib_tc0.o
LOAD build/default/production/_ext/60181570/plib_tcc1.o
LOAD build/default/production/_ext/60181570/plib_tcc0.o
LOAD build/default/production/_ext/60184501/plib_wdt.o
LOAD build/default/production/_ext/163028504/xc32_monitor.o
LOAD build/default/production/_ext/1832805299/sys_console_uart.o
LOAD build/default/production/_ext/1832805299/sys_console.o
LOAD build/default/production/_ext/14461671/sys_dma.o
LOAD build/default/production/_ext/1881668453/sys_int.o
LOAD build/default/production/_ext/101884895/sys_time.o
LOAD build/default/production/_ext/1171490990/tasks.o
LOAD build/default/production/_ext/1171490990/initialization.o
LOAD build/default/production/_ext/1171490990/interrupts.o
LOAD build/default/production/_ext/1171490990/exceptions.o
LOAD build/default/production/_ext/1171490990/startup_xc32.o
LOAD build/default/production/_ext/1171490990/libc_syscalls.o
LOAD build/default/production/_ext/1360937237/can0_driver.o
LOAD build/default/production/_ext/1360937237/sht4x_driver.o
LOAD build/default/production/_ext/1360937237/rstc_driver.o
LOAD build/default/production/_ext/1360937237/ad9954_driver.o
LOAD build/default/production/_ext/1360937237/rtc_driver.o
LOAD build/default/production/_ext/1360937237/mcp9808_driver.o
LOAD build/default/production/_ext/1360937237/bme690_driver.o
LOAD build/default/production/_ext/1360937237/fcm360w_driver.o
LOAD build/default/production/_ext/1360937237/console_driver.o
LOAD build/default/production/_ext/1360937237/hdc302x_driver.o
LOAD build/default/production/_ext/1360937237/fan_driver.o
LOAD build/default/production/_ext/1360937237/ntc_driver.o
LOAD build/default/production/_ext/1360937237/timer_driver.o
LOAD build/default/production/_ext/1360937237/xm125_driver.o
LOAD build/default/production/_ext/1360937237/ws281x_driver.o
LOAD build/default/production/_ext/1360937237/vcnl4200_driver.o
LOAD build/default/production/_ext/1360937237/sen63c_driver.o
LOAD build/default/production/_ext/1360937237/ssd1306_driver.o
LOAD build/default/production/_ext/1360937237/app.o
LOAD build/default/production/_ext/1360937237/main.o
LOAD build/default/production/_ext/1360937237/stcc4_driver.o
LOAD build/default/production/_ext/1360937237/bmp585_driver.o
                0x00000001                        __MPLAB_BUILD = 0x1
                0x00080000                        __rom_end = (ORIGIN (rom) + LENGTH (rom))
                0x20010000                        __ram_end = (ORIGIN (ram) + LENGTH (ram))

.config_00804000
                0x00804000        0x4
 *(.config_00804000)
 .config_00804000
                0x00804000        0x4 build/default/production/_ext/1171490990/initialization.o
                0x00804000                __config_00804000

.config_00804004
                0x00804004        0x4
 *(.config_00804004)
 .config_00804004
                0x00804004        0x4 build/default/production/_ext/1171490990/initialization.o
                0x00804004                __config_00804004

.vectors        0x00000000       0xc0
                0x00000000                        . = ALIGN (0x4)
                0x00000000                        _sfixed = .
 *(.vectors .vectors.* .vectors_default .vectors_default.*)
 .vectors       0x00000000       0xc0 build/default/production/_ext/1171490990/interrupts.o
                0x00000000                exception_table
 *(.isr_vector)
 *(.reset*)
 *(.after_vectors)

.text           0x000000c0       0x20
                0x000000c0                        . = ALIGN (0x4)
 *(.glue_7t)
 .glue_7t       0x000000c0        0x0 linker stubs
 *(.glue_7)
 .glue_7        0x000000c0        0x0 linker stubs
 *(.gnu.linkonce.r.*)
 *(.ARM.extab* .gnu.linkonce.armextab.*)
                0x000000c0                        . = ALIGN (0x4)
 *(.init)
 .init          0x000000c0        0x4 C:/Applications/Microchip/XC32/bin/bin/../../lib/gcc/pic32c/13.2.1/thumb/v6-m/nofp/crti.o
                0x000000c0                _init
 .init          0x000000c4        0x8 C:/Applications/Microchip/XC32/bin/bin/../../lib/gcc/pic32c/13.2.1/thumb/v6-m/nofp/crtn.o
                0x000000cc                        . = ALIGN (0x4)
                0x000000cc                        __preinit_array_start = .
 *(.preinit_array)
                0x000000cc                        __preinit_array_end = .
                0x000000cc                        . = ALIGN (0x4)
                0x000000cc                        __init_array_start = .
 *(SORT_BY_NAME(.init_array.*))
 *(.init_array)
 .init_array    0x000000cc        0x4 C:/Applications/Microchip/XC32/bin/bin/../../lib/gcc/pic32c/13.2.1/thumb/v6-m/nofp/crtbegin.o
                0x000000d0                        __init_array_end = .
                0x000000d0                        . = ALIGN (0x4)
 *crtbegin.o(.ctors)
 *(EXCLUDE_FILE(*crtend.o) .ctors)
 *(SORT_BY_NAME(.ctors.*))
 *crtend.o(.ctors)
                0x000000d0                        . = ALIGN (0x4)
 *(.fini)
 .fini          0x000000d0        0x4 C:/Applications/Microchip/XC32/bin/bin/../../lib/gcc/pic32c/13.2.1/thumb/v6-m/nofp/crti.o
                0x000000d0                _fini
 .fini          0x000000d4        0x8 C:/Applications/Microchip/XC32/bin/bin/../../lib/gcc/pic32c/13.2.1/thumb/v6-m/nofp/crtn.o
                0x000000dc                        . = ALIGN (0x4)
                0x000000dc                        __fini_array_start = .
 *(.fini_array)
 .fini_array    0x000000dc        0x4 C:/Applications/Microchip/XC32/bin/bin/../../lib/gcc/pic32c/13.2.1/thumb/v6-m/nofp/crtbegin.o
 *(SORT_BY_NAME(.fini_array.*))
                0x000000e0                        __fini_array_end = .
 *crtbegin.o(.dtors)
 *(EXCLUDE_FILE(*crtend.o) .dtors)
 *(SORT_BY_NAME(.dtors.*))
 *crtend.o(.dtors)
                0x000000e0                        . = ALIGN (0x4)
                0x000000e0                        _efixed = .
                [!provide]                        PROVIDE (__exidx_start = .)

.ARM.exidx      0x000000e0        0x8
 *(.ARM.exidx* .gnu.linkonce.armexidx.*)
 .ARM.exidx     0x000000e0        0x8 C:/Applications/Microchip/XC32/bin/bin/../../lib/gcc/pic32c/13.2.1/thumb/v6-m/nofp\libgcc.a(_udivmoddi4.o)
                [!provide]                        PROVIDE (__exidx_end = .)
                0x000000e8                        . = ALIGN (0x4)
                0x000000e8                        _etext = .

.bss            0x20000000        0x0
                0x20000000                        . = ALIGN (0x4)
                0x20000000                        __bss_start__ = .
                0x20000000                        _sbss = .
                0x20000000                        _szero = .
 *(COMMON)
                0x20000000                        . = ALIGN (0x4)
                0x20000000                        __bss_end__ = .
                0x20000000                        _ebss = .
                0x20000000                        _ezero = .
                0x20000000                        . = ALIGN (0x4)
                0x20000000                        _end = .
                0x2000ffff                        _ram_end_ = ((ORIGIN (ram) + LENGTH (ram)) - 0x1)
                0x00000200                        _min_heap_size = 0x200
START GROUP
LOAD C:/Applications/Microchip/XC32/bin/bin/../../lib/gcc/pic32c/13.2.1/../../../../pic32c/lib/thumb/v6-m/nofp\libpic32c.a
LOAD C:/Applications/Microchip/XC32/bin/bin/../../lib/gcc/pic32c/13.2.1/../../../../pic32c/lib/thumb/v6-m/nofp\libc-size-musl.a
LOAD C:/Applications/Microchip/XC32/bin/bin/../../lib/gcc/pic32c/13.2.1/../../../../pic32c/lib/thumb/v6-m/nofp\liblmalloc-musl.a
LOAD C:/Applications/Microchip/XC32/bin/bin/../../lib/gcc/pic32c/13.2.1/../../../../pic32c/lib/thumb/v6-m/nofp\libc-musl.a
LOAD C:/Applications/Microchip/XC32/bin/bin/../../lib/gcc/pic32c/13.2.1/../../../../pic32c/lib/thumb/v6-m/nofp\libm-fast-emfloat.a
LOAD C:/Applications/Microchip/XC32/bin/bin/../../lib/gcc/pic32c/13.2.1/../../../../pic32c/lib/thumb/v6-m/nofp\libm-musl.a
END GROUP
LOAD C:/Applications/Microchip/XC32/bin/bin/../../lib/gcc/pic32c/13.2.1/thumb/v6-m/nofp\libgcc.a
LOAD C:/Applications/Microchip/XC32/bin/bin/../../lib/gcc/pic32c/13.2.1/thumb/v6-m/nofp/crtend.o
LOAD C:/Applications/Microchip/XC32/bin/bin/../../lib/gcc/pic32c/13.2.1/thumb/v6-m/nofp/crtn.o
OUTPUT(dist/default/production/PIC32CMxxxxJH01_DRIVER.X.production.elf elf32-littlearm)
LOAD linker stubs
LOAD data_init

.note           0x00000000      0xb28
 .note          0x00000000       0x18 C:/Applications/Microchip/XC32/bin/bin/../../lib/gcc/pic32c/13.2.1/thumb/v6-m/nofp/crti.o
 .note          0x00000018       0x18 C:/Applications/Microchip/XC32/bin/bin/../../lib/gcc/pic32c/13.2.1/thumb/v6-m/nofp/crtbegin.o
 .note          0x00000030       0x18 build/default/production/_ext/158385033/drv_i2c.o
 .note          0x00000048       0x18 build/default/production/_ext/2070931557/drv_spi.o
 .note          0x00000060       0x18 build/default/production/_ext/869808652/drv_usart.o
 .note          0x00000078       0x18 build/default/production/_ext/829343244/plib_ac.o
 .note          0x00000090       0x18 build/default/production/_ext/60163342/plib_adc0.o
 .note          0x000000a8       0x18 build/default/production/_ext/60165182/plib_can0.o
 .note          0x000000c0       0x18 build/default/production/_ext/60165242/plib_ccl.o
 .note          0x000000d8       0x18 build/default/production/_ext/1984496892/plib_clock.o
 .note          0x000000f0       0x18 build/default/production/_ext/60166132/plib_dac.o
 .note          0x00000108       0x18 build/default/production/_ext/1985337713/plib_divas.o
 .note          0x00000120       0x18 build/default/production/_ext/1865161661/plib_dmac.o
 .note          0x00000138       0x18 build/default/production/_ext/60167341/plib_eic.o
 .note          0x00000150       0x18 build/default/production/_ext/1986646378/plib_evsys.o
 .note          0x00000168       0x18 build/default/production/_ext/1987437027/plib_freqm.o
 .note          0x00000180       0x18 build/default/production/_ext/1865468468/plib_nvic.o
 .note          0x00000198       0x18 build/default/production/_ext/1593096446/plib_nvmctrl.o
 .note          0x000001b0       0x18 build/default/production/_ext/1865510628/plib_pdec.o
 .note          0x000001c8       0x18 build/default/production/_ext/829342769/plib_pm.o
 .note          0x000001e0       0x18 build/default/production/_ext/1865521619/plib_port.o
 .note          0x000001f8       0x18 build/default/production/_ext/1865585090/plib_rstc.o
 .note          0x00000210       0x18 build/default/production/_ext/60180175/plib_rtc_clock.o
 .note          0x00000228       0x18 build/default/production/_ext/508257091/plib_sercom3_i2c_master.o
 .note          0x00000240       0x18 build/default/production/_ext/17022449/plib_sercom2_spi_master.o
 .note          0x00000258       0x18 build/default/production/_ext/504274921/plib_sercom1_usart.o
 .note          0x00000270       0x18 build/default/production/_ext/504274921/plib_sercom0_usart.o
 .note          0x00000288       0x18 build/default/production/_ext/1865616679/plib_supc.o
 .note          0x000002a0       0x18 build/default/production/_ext/1827571544/plib_systick.o
 .note          0x000002b8       0x18 build/default/production/_ext/829342655/plib_tc0.o
 .note          0x000002d0       0x18 build/default/production/_ext/60181570/plib_tcc1.o
 .note          0x000002e8       0x18 build/default/production/_ext/60181570/plib_tcc0.o
 .note          0x00000300       0x18 build/default/production/_ext/60184501/plib_wdt.o
 .note          0x00000318       0x18 build/default/production/_ext/163028504/xc32_monitor.o
 .note          0x00000330       0x18 build/default/production/_ext/1832805299/sys_console_uart.o
 .note          0x00000348       0x18 build/default/production/_ext/1832805299/sys_console.o
 .note          0x00000360       0x18 build/default/production/_ext/14461671/sys_dma.o
 .note          0x00000378       0x18 build/default/production/_ext/1881668453/sys_int.o
 .note          0x00000390       0x18 build/default/production/_ext/101884895/sys_time.o
 .note          0x000003a8       0x18 build/default/production/_ext/1171490990/tasks.o
 .note          0x000003c0       0x78 build/default/production/_ext/1171490990/initialization.o
 .note          0x00000438       0x18 build/default/production/_ext/1171490990/interrupts.o
 .note          0x00000450       0x18 build/default/production/_ext/1171490990/exceptions.o
 .note          0x00000468       0x18 build/default/production/_ext/1171490990/startup_xc32.o
 .note          0x00000480       0x18 build/default/production/_ext/1171490990/libc_syscalls.o
 .note          0x00000498       0x18 build/default/production/_ext/1360937237/can0_driver.o
 .note          0x000004b0       0x18 build/default/production/_ext/1360937237/sht4x_driver.o
 .note          0x000004c8       0x18 build/default/production/_ext/1360937237/rstc_driver.o
 .note          0x000004e0       0x18 build/default/production/_ext/1360937237/ad9954_driver.o
 .note          0x000004f8       0x18 build/default/production/_ext/1360937237/rtc_driver.o
 .note          0x00000510       0x18 build/default/production/_ext/1360937237/mcp9808_driver.o
 .note          0x00000528       0x18 build/default/production/_ext/1360937237/bme690_driver.o
 .note          0x00000540       0x18 build/default/production/_ext/1360937237/fcm360w_driver.o
 .note          0x00000558       0x18 build/default/production/_ext/1360937237/console_driver.o
 .note          0x00000570       0x18 build/default/production/_ext/1360937237/hdc302x_driver.o
 .note          0x00000588       0x18 build/default/production/_ext/1360937237/fan_driver.o
 .note          0x000005a0       0x18 build/default/production/_ext/1360937237/ntc_driver.o
 .note          0x000005b8       0x18 build/default/production/_ext/1360937237/timer_driver.o
 .note          0x000005d0       0x18 build/default/production/_ext/1360937237/xm125_driver.o
 .note          0x000005e8       0x18 build/default/production/_ext/1360937237/ws281x_driver.o
 .note          0x00000600       0x18 build/default/production/_ext/1360937237/vcnl4200_driver.o
 .note          0x00000618       0x18 build/default/production/_ext/1360937237/sen63c_driver.o
 .note          0x00000630       0x18 build/default/production/_ext/1360937237/ssd1306_driver.o
 .note          0x00000648       0x18 build/default/production/_ext/1360937237/app.o
 .note          0x00000660       0x18 build/default/production/_ext/1360937237/main.o
 .note          0x00000678       0x18 build/default/production/_ext/1360937237/stcc4_driver.o
 .note          0x00000690       0x18 build/default/production/_ext/1360937237/bmp585_driver.o
 .note          0x000006a8       0x18 C:/Applications/Microchip/XC32/bin/bin/../../lib/gcc/pic32c/13.2.1/../../../../pic32c/lib/thumb/v6-m/nofp\libpic32c.a(data_init.o)
 .note          0x000006c0       0x18 C:/Applications/Microchip/XC32/bin/bin/../../lib/gcc/pic32c/13.2.1/../../../../pic32c/lib/thumb/v6-m/nofp\libc-size-musl.a(memcpy.o)
 .note          0x000006d8       0x18 C:/Applications/Microchip/XC32/bin/bin/../../lib/gcc/pic32c/13.2.1/../../../../pic32c/lib/thumb/v6-m/nofp\libc-size-musl.a(memset.o)
 .note          0x000006f0       0x18 C:/Applications/Microchip/XC32/bin/bin/../../lib/gcc/pic32c/13.2.1/../../../../pic32c/lib/thumb/v6-m/nofp\libc-size-musl.a(strlen.o)
 .note          0x00000708       0x18 C:/Applications/Microchip/XC32/bin/bin/../../lib/gcc/pic32c/13.2.1/../../../../pic32c/lib/thumb/v6-m/nofp\libc-size-musl.a(strstr.o)
 .note          0x00000720       0x18 C:/Applications/Microchip/XC32/bin/bin/../../lib/gcc/pic32c/13.2.1/../../../../pic32c/lib/thumb/v6-m/nofp\libc-size-musl.a(strchr.o)
 .note          0x00000738       0x18 C:/Applications/Microchip/XC32/bin/bin/../../lib/gcc/pic32c/13.2.1/../../../../pic32c/lib/thumb/v6-m/nofp\libc-size-musl.a(strchrnul.o)
 .note          0x00000750       0x18 C:/Applications/Microchip/XC32/bin/bin/../../lib/gcc/pic32c/13.2.1/../../../../pic32c/lib/thumb/v6-m/nofp\libc-musl.a(__libc_start_main.o)
 .note          0x00000768       0x18 C:/Applications/Microchip/XC32/bin/bin/../../lib/gcc/pic32c/13.2.1/../../../../pic32c/lib/thumb/v6-m/nofp\libc-musl.a(libc.o)
 .note          0x00000780       0x18 C:/Applications/Microchip/XC32/bin/bin/../../lib/gcc/pic32c/13.2.1/../../../../pic32c/lib/thumb/v6-m/nofp\libc-musl.a(vsnprintf.o)
 .note          0x00000798       0x18 C:/Applications/Microchip/XC32/bin/bin/../../lib/gcc/pic32c/13.2.1/../../../../pic32c/lib/thumb/v6-m/nofp\libc-musl.a(sprintf.o)
 .note          0x000007b0       0x18 C:/Applications/Microchip/XC32/bin/bin/../../lib/gcc/pic32c/13.2.1/../../../../pic32c/lib/thumb/v6-m/nofp\libc-musl.a(vsprintf.o)
 .note          0x000007c8       0x18 C:/Applications/Microchip/XC32/bin/bin/../../lib/gcc/pic32c/13.2.1/../../../../pic32c/lib/thumb/v6-m/nofp\libc-musl.a(__environ.o)
 .note          0x000007e0       0x18 C:/Applications/Microchip/XC32/bin/bin/../../lib/gcc/pic32c/13.2.1/../../../../pic32c/lib/thumb/v6-m/nofp\libc-musl.a(__errno_location.o)
 .note          0x000007f8       0x18 C:/Applications/Microchip/XC32/bin/bin/../../lib/gcc/pic32c/13.2.1/../../../../pic32c/lib/thumb/v6-m/nofp\libc-musl.a(vfprintf.o)
 .note          0x00000810       0x18 C:/Applications/Microchip/XC32/bin/bin/../../lib/gcc/pic32c/13.2.1/../../../../pic32c/lib/thumb/v6-m/nofp\libc-musl.a(__io_fmt_needed.o)
 .note          0x00000828       0x18 C:/Applications/Microchip/XC32/bin/bin/../../lib/gcc/pic32c/13.2.1/../../../../pic32c/lib/thumb/v6-m/nofp\libc-musl.a(__pop_float.o)
 .note          0x00000840       0x18 C:/Applications/Microchip/XC32/bin/bin/../../lib/gcc/pic32c/13.2.1/../../../../pic32c/lib/thumb/v6-m/nofp\libc-musl.a(__pop_int.o)
 .note          0x00000858       0x18 C:/Applications/Microchip/XC32/bin/bin/../../lib/gcc/pic32c/13.2.1/../../../../pic32c/lib/thumb/v6-m/nofp\libc-musl.a(__pop_ptr.o)
 .note          0x00000870       0x18 C:/Applications/Microchip/XC32/bin/bin/../../lib/gcc/pic32c/13.2.1/../../../../pic32c/lib/thumb/v6-m/nofp\libc-musl.a(__printf_core.o)
 .note          0x00000888       0x18 C:/Applications/Microchip/XC32/bin/bin/../../lib/gcc/pic32c/13.2.1/../../../../pic32c/lib/thumb/v6-m/nofp\libc-musl.a(atoi.o)
 .note          0x000008a0       0x18 C:/Applications/Microchip/XC32/bin/bin/../../lib/gcc/pic32c/13.2.1/../../../../pic32c/lib/thumb/v6-m/nofp\libc-musl.a(tolower.o)
 .note          0x000008b8       0x18 C:/Applications/Microchip/XC32/bin/bin/../../lib/gcc/pic32c/13.2.1/../../../../pic32c/lib/thumb/v6-m/nofp\libc-musl.a(__fmt_a.o)
 .note          0x000008d0       0x18 C:/Applications/Microchip/XC32/bin/bin/../../lib/gcc/pic32c/13.2.1/../../../../pic32c/lib/thumb/v6-m/nofp\libc-musl.a(__fmt_d.o)
 .note          0x000008e8       0x18 C:/Applications/Microchip/XC32/bin/bin/../../lib/gcc/pic32c/13.2.1/../../../../pic32c/lib/thumb/v6-m/nofp\libc-musl.a(__fmt_fp.o)
 .note          0x00000900       0x18 C:/Applications/Microchip/XC32/bin/bin/../../lib/gcc/pic32c/13.2.1/../../../../pic32c/lib/thumb/v6-m/nofp\libc-musl.a(__fmt_o.o)
 .note          0x00000918       0x18 C:/Applications/Microchip/XC32/bin/bin/../../lib/gcc/pic32c/13.2.1/../../../../pic32c/lib/thumb/v6-m/nofp\libc-musl.a(__fmt_s.o)
 .note          0x00000930       0x18 C:/Applications/Microchip/XC32/bin/bin/../../lib/gcc/pic32c/13.2.1/../../../../pic32c/lib/thumb/v6-m/nofp\libc-musl.a(__fmt_u.o)
 .note          0x00000948       0x18 C:/Applications/Microchip/XC32/bin/bin/../../lib/gcc/pic32c/13.2.1/../../../../pic32c/lib/thumb/v6-m/nofp\libc-musl.a(__fmt_x.o)
 .note          0x00000960       0x18 C:/Applications/Microchip/XC32/bin/bin/../../lib/gcc/pic32c/13.2.1/../../../../pic32c/lib/thumb/v6-m/nofp\libc-musl.a(toupper.o)
 .note          0x00000978       0x18 C:/Applications/Microchip/XC32/bin/bin/../../lib/gcc/pic32c/13.2.1/../../../../pic32c/lib/thumb/v6-m/nofp\libc-musl.a(__cvt_u.o)
 .note          0x00000990       0x18 C:/Applications/Microchip/XC32/bin/bin/../../lib/gcc/pic32c/13.2.1/../../../../pic32c/lib/thumb/v6-m/nofp\libc-size-musl.a(strcpy.o)
 .note          0x000009a8       0x18 C:/Applications/Microchip/XC32/bin/bin/../../lib/gcc/pic32c/13.2.1/../../../../pic32c/lib/thumb/v6-m/nofp\libc-size-musl.a(stpcpy.o)
 .note          0x000009c0       0x18 C:/Applications/Microchip/XC32/bin/bin/../../lib/gcc/pic32c/13.2.1/thumb/v6-m/nofp\libgcc.a(_thumb1_case_uqi.o)
 .note          0x000009d8       0x18 C:/Applications/Microchip/XC32/bin/bin/../../lib/gcc/pic32c/13.2.1/thumb/v6-m/nofp\libgcc.a(_udivsi3.o)
 .note          0x000009f0       0x18 C:/Applications/Microchip/XC32/bin/bin/../../lib/gcc/pic32c/13.2.1/thumb/v6-m/nofp\libgcc.a(_divsi3.o)
 .note          0x00000a08       0x18 C:/Applications/Microchip/XC32/bin/bin/../../lib/gcc/pic32c/13.2.1/thumb/v6-m/nofp\libgcc.a(_dvmd_tls.o)
 .note          0x00000a20       0x18 C:/Applications/Microchip/XC32/bin/bin/../../lib/gcc/pic32c/13.2.1/thumb/v6-m/nofp\libgcc.a(_aeabi_uldivmod.o)
 .note          0x00000a38       0x18 C:/Applications/Microchip/XC32/bin/bin/../../lib/gcc/pic32c/13.2.1/thumb/v6-m/nofp\libgcc.a(_muldi3.o)
 .note          0x00000a50       0x18 C:/Applications/Microchip/XC32/bin/bin/../../lib/gcc/pic32c/13.2.1/thumb/v6-m/nofp\libgcc.a(_udivmoddi4.o)
 .note          0x00000a68       0x18 C:/Applications/Microchip/XC32/bin/bin/../../lib/gcc/pic32c/13.2.1/thumb/v6-m/nofp\libgcc.a(_lshrdi3.o)
 .note          0x00000a80       0x18 C:/Applications/Microchip/XC32/bin/bin/../../lib/gcc/pic32c/13.2.1/thumb/v6-m/nofp\libgcc.a(_ashldi3.o)
 .note          0x00000a98       0x18 C:/Applications/Microchip/XC32/bin/bin/../../lib/gcc/pic32c/13.2.1/thumb/v6-m/nofp\libgcc.a(_clzdi2.o)
 .note          0x00000ab0       0x18 C:/Applications/Microchip/XC32/bin/bin/../../lib/gcc/pic32c/13.2.1/thumb/v6-m/nofp\libgcc.a(_clzsi2.o)
 .note          0x00000ac8       0x18 C:/Applications/Microchip/XC32/bin/bin/../../lib/gcc/pic32c/13.2.1/thumb/v6-m/nofp/crtend.o
 .note          0x00000ae0       0x18 C:/Applications/Microchip/XC32/bin/bin/../../lib/gcc/pic32c/13.2.1/thumb/v6-m/nofp/crtn.o
 .note          0x00000af8       0x18 C:/Applications/Microchip/XC32/bin/bin/../../lib/gcc/pic32c/13.2.1/../../../../pic32c/lib/thumb/v6-m/nofp\libpic32c.a(pic32_data_init_clear.o)
 .note          0x00000b10       0x18 C:/Applications/Microchip/XC32/bin/bin/../../lib/gcc/pic32c/13.2.1/../../../../pic32c/lib/thumb/v6-m/nofp\libpic32c.a(pic32_data_init_copy.o)

.ARM.attributes
                0x00000000       0x2a
 .ARM.attributes
                0x00000000       0x1e C:/Applications/Microchip/XC32/bin/bin/../../lib/gcc/pic32c/13.2.1/thumb/v6-m/nofp/crti.o
 .ARM.attributes
                0x0000001e       0x2c C:/Applications/Microchip/XC32/bin/bin/../../lib/gcc/pic32c/13.2.1/thumb/v6-m/nofp/crtbegin.o
 .ARM.attributes
                0x0000004a       0x2c build/default/production/_ext/158385033/drv_i2c.o
 .ARM.attributes
                0x00000076       0x2c build/default/production/_ext/2070931557/drv_spi.o
 .ARM.attributes
                0x000000a2       0x2c build/default/production/_ext/869808652/drv_usart.o
 .ARM.attributes
                0x000000ce       0x2c build/default/production/_ext/829343244/plib_ac.o
 .ARM.attributes
                0x000000fa       0x2c build/default/production/_ext/60163342/plib_adc0.o
 .ARM.attributes
                0x00000126       0x2c build/default/production/_ext/60165182/plib_can0.o
 .ARM.attributes
                0x00000152       0x2c build/default/production/_ext/60165242/plib_ccl.o
 .ARM.attributes
                0x0000017e       0x2c build/default/production/_ext/1984496892/plib_clock.o
 .ARM.attributes
                0x000001aa       0x2c build/default/production/_ext/60166132/plib_dac.o
 .ARM.attributes
                0x000001d6       0x2c build/default/production/_ext/1865161661/plib_dmac.o
 .ARM.attributes
                0x00000202       0x2c build/default/production/_ext/60167341/plib_eic.o
 .ARM.attributes
                0x0000022e       0x2c build/default/production/_ext/1986646378/plib_evsys.o
 .ARM.attributes
                0x0000025a       0x2c build/default/production/_ext/1987437027/plib_freqm.o
 .ARM.attributes
                0x00000286       0x2c build/default/production/_ext/1865468468/plib_nvic.o
 .ARM.attributes
                0x000002b2       0x2c build/default/production/_ext/1593096446/plib_nvmctrl.o
 .ARM.attributes
                0x000002de       0x2c build/default/production/_ext/1865510628/plib_pdec.o
 .ARM.attributes
                0x0000030a       0x2c build/default/production/_ext/829342769/plib_pm.o
 .ARM.attributes
                0x00000336       0x2c build/default/production/_ext/1865521619/plib_port.o
 .ARM.attributes
                0x00000362       0x2c build/default/production/_ext/1865585090/plib_rstc.o
 .ARM.attributes
                0x0000038e       0x2c build/default/production/_ext/60180175/plib_rtc_clock.o
 .ARM.attributes
                0x000003ba       0x2c build/default/production/_ext/508257091/plib_sercom3_i2c_master.o
 .ARM.attributes
                0x000003e6       0x2c build/default/production/_ext/17022449/plib_sercom2_spi_master.o
 .ARM.attributes
                0x00000412       0x2c build/default/production/_ext/504274921/plib_sercom1_usart.o
 .ARM.attributes
                0x0000043e       0x2c build/default/production/_ext/504274921/plib_sercom0_usart.o
 .ARM.attributes
                0x0000046a       0x2c build/default/production/_ext/1865616679/plib_supc.o
 .ARM.attributes
                0x00000496       0x2c build/default/production/_ext/1827571544/plib_systick.o
 .ARM.attributes
                0x000004c2       0x2c build/default/production/_ext/829342655/plib_tc0.o
 .ARM.attributes
                0x000004ee       0x2c build/default/production/_ext/60181570/plib_tcc1.o
 .ARM.attributes
                0x0000051a       0x2c build/default/production/_ext/60181570/plib_tcc0.o
 .ARM.attributes
                0x00000546       0x2c build/default/production/_ext/60184501/plib_wdt.o
 .ARM.attributes
                0x00000572       0x2c build/default/production/_ext/1832805299/sys_console_uart.o
 .ARM.attributes
                0x0000059e       0x2c build/default/production/_ext/1832805299/sys_console.o
 .ARM.attributes
                0x000005ca       0x2c build/default/production/_ext/14461671/sys_dma.o
 .ARM.attributes
                0x000005f6       0x2c build/default/production/_ext/1881668453/sys_int.o
 .ARM.attributes
                0x00000622       0x2c build/default/production/_ext/101884895/sys_time.o
 .ARM.attributes
                0x0000064e       0x2c build/default/production/_ext/1171490990/tasks.o
 .ARM.attributes
                0x0000067a       0x2c build/default/production/_ext/1171490990/initialization.o
 .ARM.attributes
                0x000006a6       0x2c build/default/production/_ext/1171490990/interrupts.o
 .ARM.attributes
                0x000006d2       0x2c build/default/production/_ext/1171490990/exceptions.o
 .ARM.attributes
                0x000006fe       0x2c build/default/production/_ext/1171490990/startup_xc32.o
 .ARM.attributes
                0x0000072a       0x2c build/default/production/_ext/1360937237/can0_driver.o
 .ARM.attributes
                0x00000756       0x2c build/default/production/_ext/1360937237/sht4x_driver.o
 .ARM.attributes
                0x00000782       0x2c build/default/production/_ext/1360937237/rstc_driver.o
 .ARM.attributes
                0x000007ae       0x2c build/default/production/_ext/1360937237/ad9954_driver.o
 .ARM.attributes
                0x000007da       0x2c build/default/production/_ext/1360937237/rtc_driver.o
 .ARM.attributes
                0x00000806       0x2c build/default/production/_ext/1360937237/mcp9808_driver.o
 .ARM.attributes
                0x00000832       0x2c build/default/production/_ext/1360937237/bme690_driver.o
 .ARM.attributes
                0x0000085e       0x2c build/default/production/_ext/1360937237/fcm360w_driver.o
 .ARM.attributes
                0x0000088a       0x2c build/default/production/_ext/1360937237/console_driver.o
 .ARM.attributes
                0x000008b6       0x2c build/default/production/_ext/1360937237/hdc302x_driver.o
 .ARM.attributes
                0x000008e2       0x2c build/default/production/_ext/1360937237/fan_driver.o
 .ARM.attributes
                0x0000090e       0x2c build/default/production/_ext/1360937237/ntc_driver.o
 .ARM.attributes
                0x0000093a       0x2c build/default/production/_ext/1360937237/timer_driver.o
 .ARM.attributes
                0x00000966       0x2c build/default/production/_ext/1360937237/xm125_driver.o
 .ARM.attributes
                0x00000992       0x2c build/default/production/_ext/1360937237/ws281x_driver.o
 .ARM.attributes
                0x000009be       0x2c build/default/production/_ext/1360937237/vcnl4200_driver.o
 .ARM.attributes
                0x000009ea       0x2c build/default/production/_ext/1360937237/sen63c_driver.o
 .ARM.attributes
                0x00000a16       0x2c build/default/production/_ext/1360937237/ssd1306_driver.o
 .ARM.attributes
                0x00000a42       0x2c build/default/production/_ext/1360937237/app.o
 .ARM.attributes
                0x00000a6e       0x2c build/default/production/_ext/1360937237/main.o
 .ARM.attributes
                0x00000a9a       0x2c build/default/production/_ext/1360937237/stcc4_driver.o
 .ARM.attributes
                0x00000ac6       0x2c build/default/production/_ext/1360937237/bmp585_driver.o
 .ARM.attributes
                0x00000af2       0x2c C:/Applications/Microchip/XC32/bin/bin/../../lib/gcc/pic32c/13.2.1/../../../../pic32c/lib/thumb/v6-m/nofp\libpic32c.a(data_init.o)
 .ARM.attributes
                0x00000b1e       0x2e C:/Applications/Microchip/XC32/bin/bin/../../lib/gcc/pic32c/13.2.1/../../../../pic32c/lib/thumb/v6-m/nofp\libc-size-musl.a(memcpy.o)
 .ARM.attributes
                0x00000b4c       0x2e C:/Applications/Microchip/XC32/bin/bin/../../lib/gcc/pic32c/13.2.1/../../../../pic32c/lib/thumb/v6-m/nofp\libc-size-musl.a(memset.o)
 .ARM.attributes
                0x00000b7a       0x2e C:/Applications/Microchip/XC32/bin/bin/../../lib/gcc/pic32c/13.2.1/../../../../pic32c/lib/thumb/v6-m/nofp\libc-size-musl.a(strlen.o)
 .ARM.attributes
                0x00000ba8       0x2e C:/Applications/Microchip/XC32/bin/bin/../../lib/gcc/pic32c/13.2.1/../../../../pic32c/lib/thumb/v6-m/nofp\libc-size-musl.a(strstr.o)
 .ARM.attributes
                0x00000bd6       0x2e C:/Applications/Microchip/XC32/bin/bin/../../lib/gcc/pic32c/13.2.1/../../../../pic32c/lib/thumb/v6-m/nofp\libc-size-musl.a(strchr.o)
 .ARM.attributes
                0x00000c04       0x2e C:/Applications/Microchip/XC32/bin/bin/../../lib/gcc/pic32c/13.2.1/../../../../pic32c/lib/thumb/v6-m/nofp\libc-size-musl.a(strchrnul.o)
 .ARM.attributes
                0x00000c32       0x2e C:/Applications/Microchip/XC32/bin/bin/../../lib/gcc/pic32c/13.2.1/../../../../pic32c/lib/thumb/v6-m/nofp\libc-musl.a(__libc_start_main.o)
 .ARM.attributes
                0x00000c60       0x2e C:/Applications/Microchip/XC32/bin/bin/../../lib/gcc/pic32c/13.2.1/../../../../pic32c/lib/thumb/v6-m/nofp\libc-musl.a(libc.o)
 .ARM.attributes
                0x00000c8e       0x2e C:/Applications/Microchip/XC32/bin/bin/../../lib/gcc/pic32c/13.2.1/../../../../pic32c/lib/thumb/v6-m/nofp\libc-musl.a(vsnprintf.o)
 .ARM.attributes
                0x00000cbc       0x2e C:/Applications/Microchip/XC32/bin/bin/../../lib/gcc/pic32c/13.2.1/../../../../pic32c/lib/thumb/v6-m/nofp\libc-musl.a(sprintf.o)
 .ARM.attributes
                0x00000cea       0x2e C:/Applications/Microchip/XC32/bin/bin/../../lib/gcc/pic32c/13.2.1/../../../../pic32c/lib/thumb/v6-m/nofp\libc-musl.a(vsprintf.o)
 .ARM.attributes
                0x00000d18       0x2e C:/Applications/Microchip/XC32/bin/bin/../../lib/gcc/pic32c/13.2.1/../../../../pic32c/lib/thumb/v6-m/nofp\libc-musl.a(__environ.o)
 .ARM.attributes
                0x00000d46       0x2e C:/Applications/Microchip/XC32/bin/bin/../../lib/gcc/pic32c/13.2.1/../../../../pic32c/lib/thumb/v6-m/nofp\libc-musl.a(__errno_location.o)
 .ARM.attributes
                0x00000d74       0x2e C:/Applications/Microchip/XC32/bin/bin/../../lib/gcc/pic32c/13.2.1/../../../../pic32c/lib/thumb/v6-m/nofp\libc-musl.a(vfprintf.o)
 .ARM.attributes
                0x00000da2       0x2e C:/Applications/Microchip/XC32/bin/bin/../../lib/gcc/pic32c/13.2.1/../../../../pic32c/lib/thumb/v6-m/nofp\libc-musl.a(__pop_float.o)
 .ARM.attributes
                0x00000dd0       0x2e C:/Applications/Microchip/XC32/bin/bin/../../lib/gcc/pic32c/13.2.1/../../../../pic32c/lib/thumb/v6-m/nofp\libc-musl.a(__pop_int.o)
 .ARM.attributes
                0x00000dfe       0x2e C:/Applications/Microchip/XC32/bin/bin/../../lib/gcc/pic32c/13.2.1/../../../../pic32c/lib/thumb/v6-m/nofp\libc-musl.a(__pop_ptr.o)
 .ARM.attributes
                0x00000e2c       0x2e C:/Applications/Microchip/XC32/bin/bin/../../lib/gcc/pic32c/13.2.1/../../../../pic32c/lib/thumb/v6-m/nofp\libc-musl.a(__printf_core.o)
 .ARM.attributes
                0x00000e5a       0x2e C:/Applications/Microchip/XC32/bin/bin/../../lib/gcc/pic32c/13.2.1/../../../../pic32c/lib/thumb/v6-m/nofp\libc-musl.a(atoi.o)
 .ARM.attributes
                0x00000e88       0x2e C:/Applications/Microchip/XC32/bin/bin/../../lib/gcc/pic32c/13.2.1/../../../../pic32c/lib/thumb/v6-m/nofp\libc-musl.a(tolower.o)
 .ARM.attributes
                0x00000eb6       0x2e C:/Applications/Microchip/XC32/bin/bin/../../lib/gcc/pic32c/13.2.1/../../../../pic32c/lib/thumb/v6-m/nofp\libc-musl.a(__fmt_a.o)
 .ARM.attributes
                0x00000ee4       0x2e C:/Applications/Microchip/XC32/bin/bin/../../lib/gcc/pic32c/13.2.1/../../../../pic32c/lib/thumb/v6-m/nofp\libc-musl.a(__fmt_d.o)
 .ARM.attributes
                0x00000f12       0x2e C:/Applications/Microchip/XC32/bin/bin/../../lib/gcc/pic32c/13.2.1/../../../../pic32c/lib/thumb/v6-m/nofp\libc-musl.a(__fmt_fp.o)
 .ARM.attributes
                0x00000f40       0x2e C:/Applications/Microchip/XC32/bin/bin/../../lib/gcc/pic32c/13.2.1/../../../../pic32c/lib/thumb/v6-m/nofp\libc-musl.a(__fmt_o.o)
 .ARM.attributes
                0x00000f6e       0x2e C:/Applications/Microchip/XC32/bin/bin/../../lib/gcc/pic32c/13.2.1/../../../../pic32c/lib/thumb/v6-m/nofp\libc-musl.a(__fmt_s.o)
 .ARM.attributes
                0x00000f9c       0x2e C:/Applications/Microchip/XC32/bin/bin/../../lib/gcc/pic32c/13.2.1/../../../../pic32c/lib/thumb/v6-m/nofp\libc-musl.a(__fmt_u.o)
 .ARM.attributes
                0x00000fca       0x2e C:/Applications/Microchip/XC32/bin/bin/../../lib/gcc/pic32c/13.2.1/../../../../pic32c/lib/thumb/v6-m/nofp\libc-musl.a(__fmt_x.o)
 .ARM.attributes
                0x00000ff8       0x2e C:/Applications/Microchip/XC32/bin/bin/../../lib/gcc/pic32c/13.2.1/../../../../pic32c/lib/thumb/v6-m/nofp\libc-musl.a(toupper.o)
 .ARM.attributes
                0x00001026       0x2e C:/Applications/Microchip/XC32/bin/bin/../../lib/gcc/pic32c/13.2.1/../../../../pic32c/lib/thumb/v6-m/nofp\libc-musl.a(__cvt_u.o)
 .ARM.attributes
                0x00001054       0x2c C:/Applications/Microchip/XC32/bin/bin/../../lib/gcc/pic32c/13.2.1/../../../../pic32c/lib/thumb/v6-m/nofp\libm-fast-emfloat.a(fma.o)
 .ARM.attributes
                0x00001080       0x2c C:/Applications/Microchip/XC32/bin/bin/../../lib/gcc/pic32c/13.2.1/../../../../pic32c/lib/thumb/v6-m/nofp\libm-fast-emfloat.a(floor.o)
 .ARM.attributes
                0x000010ac       0x1c C:/Applications/Microchip/XC32/bin/bin/../../lib/gcc/pic32c/13.2.1/../../../../pic32c/lib/thumb/v6-m/nofp\libm-fast-emfloat.a(__aeabi_fadd.o)
 .ARM.attributes
                0x000010c8       0x1c C:/Applications/Microchip/XC32/bin/bin/../../lib/gcc/pic32c/13.2.1/../../../../pic32c/lib/thumb/v6-m/nofp\libm-fast-emfloat.a(__aeabi_dadd.o)
 .ARM.attributes
                0x000010e4       0x1c C:/Applications/Microchip/XC32/bin/bin/../../lib/gcc/pic32c/13.2.1/../../../../pic32c/lib/thumb/v6-m/nofp\libm-fast-emfloat.a(__aeabi_fsub.o)
 .ARM.attributes
                0x00001100       0x1c C:/Applications/Microchip/XC32/bin/bin/../../lib/gcc/pic32c/13.2.1/../../../../pic32c/lib/thumb/v6-m/nofp\libm-fast-emfloat.a(__aeabi_dsub.o)
 .ARM.attributes
                0x0000111c       0x1c C:/Applications/Microchip/XC32/bin/bin/../../lib/gcc/pic32c/13.2.1/../../../../pic32c/lib/thumb/v6-m/nofp\libm-fast-emfloat.a(__aeabi_fmul.o)
 .ARM.attributes
                0x00001138       0x1c C:/Applications/Microchip/XC32/bin/bin/../../lib/gcc/pic32c/13.2.1/../../../../pic32c/lib/thumb/v6-m/nofp\libm-fast-emfloat.a(__aeabi_dmul_aux.o)
 .ARM.attributes
                0x00001154       0x1c C:/Applications/Microchip/XC32/bin/bin/../../lib/gcc/pic32c/13.2.1/../../../../pic32c/lib/thumb/v6-m/nofp\libm-fast-emfloat.a(__aeabi_fdiv.o)
 .ARM.attributes
                0x00001170       0x1c C:/Applications/Microchip/XC32/bin/bin/../../lib/gcc/pic32c/13.2.1/../../../../pic32c/lib/thumb/v6-m/nofp\libm-fast-emfloat.a(__aeabi_ddiv.o)
 .ARM.attributes
                0x0000118c       0x1c C:/Applications/Microchip/XC32/bin/bin/../../lib/gcc/pic32c/13.2.1/../../../../pic32c/lib/thumb/v6-m/nofp\libm-fast-emfloat.a(__aeabi_dcmple.o)
 .ARM.attributes
                0x000011a8       0x1c C:/Applications/Microchip/XC32/bin/bin/../../lib/gcc/pic32c/13.2.1/../../../../pic32c/lib/thumb/v6-m/nofp\libm-fast-emfloat.a(__aeabi_dcmpeq.o)
 .ARM.attributes
                0x000011c4       0x1c C:/Applications/Microchip/XC32/bin/bin/../../lib/gcc/pic32c/13.2.1/../../../../pic32c/lib/thumb/v6-m/nofp\libm-fast-emfloat.a(__aeabi_dcmpgt.o)
 .ARM.attributes
                0x000011e0       0x1c C:/Applications/Microchip/XC32/bin/bin/../../lib/gcc/pic32c/13.2.1/../../../../pic32c/lib/thumb/v6-m/nofp\libm-fast-emfloat.a(__aeabi_dcmplt.o)
 .ARM.attributes
                0x000011fc       0x1c C:/Applications/Microchip/XC32/bin/bin/../../lib/gcc/pic32c/13.2.1/../../../../pic32c/lib/thumb/v6-m/nofp\libm-fast-emfloat.a(__aeabi_f2iz.o)
 .ARM.attributes
                0x00001218       0x1c C:/Applications/Microchip/XC32/bin/bin/../../lib/gcc/pic32c/13.2.1/../../../../pic32c/lib/thumb/v6-m/nofp\libm-fast-emfloat.a(__aeabi_d2iz.o)
 .ARM.attributes
                0x00001234       0x1c C:/Applications/Microchip/XC32/bin/bin/../../lib/gcc/pic32c/13.2.1/../../../../pic32c/lib/thumb/v6-m/nofp\libm-fast-emfloat.a(__aeabi_f2uiz.o)
 .ARM.attributes
                0x00001250       0x1c C:/Applications/Microchip/XC32/bin/bin/../../lib/gcc/pic32c/13.2.1/../../../../pic32c/lib/thumb/v6-m/nofp\libm-fast-emfloat.a(__aeabi_d2uiz.o)
 .ARM.attributes
                0x0000126c       0x1c C:/Applications/Microchip/XC32/bin/bin/../../lib/gcc/pic32c/13.2.1/../../../../pic32c/lib/thumb/v6-m/nofp\libm-fast-emfloat.a(__aeabi_i2f.o)
 .ARM.attributes
                0x00001288       0x1c C:/Applications/Microchip/XC32/bin/bin/../../lib/gcc/pic32c/13.2.1/../../../../pic32c/lib/thumb/v6-m/nofp\libm-fast-emfloat.a(__aeabi_ui2f.o)
 .ARM.attributes
                0x000012a4       0x1c C:/Applications/Microchip/XC32/bin/bin/../../lib/gcc/pic32c/13.2.1/../../../../pic32c/lib/thumb/v6-m/nofp\libm-fast-emfloat.a(__aeabi_f2d.o)
 .ARM.attributes
                0x000012c0       0x1c C:/Applications/Microchip/XC32/bin/bin/../../lib/gcc/pic32c/13.2.1/../../../../pic32c/lib/thumb/v6-m/nofp\libm-fast-emfloat.a(__aeabi_d2f.o)
 .ARM.attributes
                0x000012dc       0x2e C:/Applications/Microchip/XC32/bin/bin/../../lib/gcc/pic32c/13.2.1/../../../../pic32c/lib/thumb/v6-m/nofp\libc-size-musl.a(strcpy.o)
 .ARM.attributes
                0x0000130a       0x2e C:/Applications/Microchip/XC32/bin/bin/../../lib/gcc/pic32c/13.2.1/../../../../pic32c/lib/thumb/v6-m/nofp\libc-size-musl.a(stpcpy.o)
 .ARM.attributes
                0x00001338       0x1e C:/Applications/Microchip/XC32/bin/bin/../../lib/gcc/pic32c/13.2.1/thumb/v6-m/nofp\libgcc.a(_thumb1_case_uqi.o)
 .ARM.attributes
                0x00001356       0x1e C:/Applications/Microchip/XC32/bin/bin/../../lib/gcc/pic32c/13.2.1/thumb/v6-m/nofp\libgcc.a(_udivsi3.o)
 .ARM.attributes
                0x00001374       0x1e C:/Applications/Microchip/XC32/bin/bin/../../lib/gcc/pic32c/13.2.1/thumb/v6-m/nofp\libgcc.a(_divsi3.o)
 .ARM.attributes
                0x00001392       0x1e C:/Applications/Microchip/XC32/bin/bin/../../lib/gcc/pic32c/13.2.1/thumb/v6-m/nofp\libgcc.a(_dvmd_tls.o)
 .ARM.attributes
                0x000013b0       0x1e C:/Applications/Microchip/XC32/bin/bin/../../lib/gcc/pic32c/13.2.1/thumb/v6-m/nofp\libgcc.a(_aeabi_uldivmod.o)
 .ARM.attributes
                0x000013ce       0x2c C:/Applications/Microchip/XC32/bin/bin/../../lib/gcc/pic32c/13.2.1/thumb/v6-m/nofp\libgcc.a(_muldi3.o)
 .ARM.attributes
                0x000013fa       0x2c C:/Applications/Microchip/XC32/bin/bin/../../lib/gcc/pic32c/13.2.1/thumb/v6-m/nofp\libgcc.a(_udivmoddi4.o)
 .ARM.attributes
                0x00001426       0x1e C:/Applications/Microchip/XC32/bin/bin/../../lib/gcc/pic32c/13.2.1/thumb/v6-m/nofp\libgcc.a(_lshrdi3.o)
 .ARM.attributes
                0x00001444       0x1e C:/Applications/Microchip/XC32/bin/bin/../../lib/gcc/pic32c/13.2.1/thumb/v6-m/nofp\libgcc.a(_ashldi3.o)
 .ARM.attributes
                0x00001462       0x1e C:/Applications/Microchip/XC32/bin/bin/../../lib/gcc/pic32c/13.2.1/thumb/v6-m/nofp\libgcc.a(_clzdi2.o)
 .ARM.attributes
                0x00001480       0x1e C:/Applications/Microchip/XC32/bin/bin/../../lib/gcc/pic32c/13.2.1/thumb/v6-m/nofp\libgcc.a(_clzsi2.o)
 .ARM.attributes
                0x0000149e       0x1e C:/Applications/Microchip/XC32/bin/bin/../../lib/gcc/pic32c/13.2.1/thumb/v6-m/nofp/crtn.o
 .ARM.attributes
                0x000014bc       0x2c C:/Applications/Microchip/XC32/bin/bin/../../lib/gcc/pic32c/13.2.1/../../../../pic32c/lib/thumb/v6-m/nofp\libpic32c.a(pic32_data_init_clear.o)
 .ARM.attributes
                0x000014e8       0x2c C:/Applications/Microchip/XC32/bin/bin/../../lib/gcc/pic32c/13.2.1/../../../../pic32c/lib/thumb/v6-m/nofp\libpic32c.a(pic32_data_init_copy.o)

.comment        0x00000000       0x35
 .comment       0x00000000       0x35 C:/Applications/Microchip/XC32/bin/bin/../../lib/gcc/pic32c/13.2.1/thumb/v6-m/nofp/crtbegin.o
                                 0x36 (size before relaxing)
 .comment       0x00000035       0x36 build/default/production/_ext/158385033/drv_i2c.o
 .comment       0x00000035       0x36 build/default/production/_ext/2070931557/drv_spi.o
 .comment       0x00000035       0x36 build/default/production/_ext/869808652/drv_usart.o
 .comment       0x00000035       0x36 build/default/production/_ext/829343244/plib_ac.o
 .comment       0x00000035       0x36 build/default/production/_ext/60163342/plib_adc0.o
 .comment       0x00000035       0x36 build/default/production/_ext/60165182/plib_can0.o
 .comment       0x00000035       0x36 build/default/production/_ext/60165242/plib_ccl.o
 .comment       0x00000035       0x36 build/default/production/_ext/1984496892/plib_clock.o
 .comment       0x00000035       0x36 build/default/production/_ext/60166132/plib_dac.o
 .comment       0x00000035       0x36 build/default/production/_ext/1865161661/plib_dmac.o
 .comment       0x00000035       0x36 build/default/production/_ext/60167341/plib_eic.o
 .comment       0x00000035       0x36 build/default/production/_ext/1986646378/plib_evsys.o
 .comment       0x00000035       0x36 build/default/production/_ext/1987437027/plib_freqm.o
 .comment       0x00000035       0x36 build/default/production/_ext/1865468468/plib_nvic.o
 .comment       0x00000035       0x36 build/default/production/_ext/1593096446/plib_nvmctrl.o
 .comment       0x00000035       0x36 build/default/production/_ext/1865510628/plib_pdec.o
 .comment       0x00000035       0x36 build/default/production/_ext/829342769/plib_pm.o
 .comment       0x00000035       0x36 build/default/production/_ext/1865521619/plib_port.o
 .comment       0x00000035       0x36 build/default/production/_ext/1865585090/plib_rstc.o
 .comment       0x00000035       0x36 build/default/production/_ext/60180175/plib_rtc_clock.o
 .comment       0x00000035       0x36 build/default/production/_ext/508257091/plib_sercom3_i2c_master.o
 .comment       0x00000035       0x36 build/default/production/_ext/17022449/plib_sercom2_spi_master.o
 .comment       0x00000035       0x36 build/default/production/_ext/504274921/plib_sercom1_usart.o
 .comment       0x00000035       0x36 build/default/production/_ext/504274921/plib_sercom0_usart.o
 .comment       0x00000035       0x36 build/default/production/_ext/1865616679/plib_supc.o
 .comment       0x00000035       0x36 build/default/production/_ext/1827571544/plib_systick.o
 .comment       0x00000035       0x36 build/default/production/_ext/829342655/plib_tc0.o
 .comment       0x00000035       0x36 build/default/production/_ext/60181570/plib_tcc1.o
 .comment       0x00000035       0x36 build/default/production/_ext/60181570/plib_tcc0.o
 .comment       0x00000035       0x36 build/default/production/_ext/60184501/plib_wdt.o
 .comment       0x00000035       0x36 build/default/production/_ext/1832805299/sys_console_uart.o
 .comment       0x00000035       0x36 build/default/production/_ext/1832805299/sys_console.o
 .comment       0x00000035       0x36 build/default/production/_ext/14461671/sys_dma.o
 .comment       0x00000035       0x36 build/default/production/_ext/1881668453/sys_int.o
 .comment       0x00000035       0x36 build/default/production/_ext/101884895/sys_time.o
 .comment       0x00000035       0x36 build/default/production/_ext/1171490990/tasks.o
 .comment       0x00000035       0x36 build/default/production/_ext/1171490990/initialization.o
 .comment       0x00000035       0x36 build/default/production/_ext/1171490990/interrupts.o
 .comment       0x00000035       0x36 build/default/production/_ext/1171490990/exceptions.o
 .comment       0x00000035       0x36 build/default/production/_ext/1171490990/startup_xc32.o
 .comment       0x00000035       0x36 build/default/production/_ext/1360937237/can0_driver.o
 .comment       0x00000035       0x36 build/default/production/_ext/1360937237/sht4x_driver.o
 .comment       0x00000035       0x36 build/default/production/_ext/1360937237/rstc_driver.o
 .comment       0x00000035       0x36 build/default/production/_ext/1360937237/ad9954_driver.o
 .comment       0x00000035       0x36 build/default/production/_ext/1360937237/rtc_driver.o
 .comment       0x00000035       0x36 build/default/production/_ext/1360937237/mcp9808_driver.o
 .comment       0x00000035       0x36 build/default/production/_ext/1360937237/bme690_driver.o
 .comment       0x00000035       0x36 build/default/production/_ext/1360937237/fcm360w_driver.o
 .comment       0x00000035       0x36 build/default/production/_ext/1360937237/console_driver.o
 .comment       0x00000035       0x36 build/default/production/_ext/1360937237/hdc302x_driver.o
 .comment       0x00000035       0x36 build/default/production/_ext/1360937237/fan_driver.o
 .comment       0x00000035       0x36 build/default/production/_ext/1360937237/ntc_driver.o
 .comment       0x00000035       0x36 build/default/production/_ext/1360937237/timer_driver.o
 .comment       0x00000035       0x36 build/default/production/_ext/1360937237/xm125_driver.o
 .comment       0x00000035       0x36 build/default/production/_ext/1360937237/ws281x_driver.o
 .comment       0x00000035       0x36 build/default/production/_ext/1360937237/vcnl4200_driver.o
 .comment       0x00000035       0x36 build/default/production/_ext/1360937237/sen63c_driver.o
 .comment       0x00000035       0x36 build/default/production/_ext/1360937237/ssd1306_driver.o
 .comment       0x00000035       0x36 build/default/production/_ext/1360937237/app.o
 .comment       0x00000035       0x36 build/default/production/_ext/1360937237/main.o
 .comment       0x00000035       0x36 build/default/production/_ext/1360937237/stcc4_driver.o
 .comment       0x00000035       0x36 build/default/production/_ext/1360937237/bmp585_driver.o
 .comment       0x00000035       0x36 C:/Applications/Microchip/XC32/bin/bin/../../lib/gcc/pic32c/13.2.1/../../../../pic32c/lib/thumb/v6-m/nofp\libpic32c.a(data_init.o)
 .comment       0x00000035       0x36 C:/Applications/Microchip/XC32/bin/bin/../../lib/gcc/pic32c/13.2.1/../../../../pic32c/lib/thumb/v6-m/nofp\libc-size-musl.a(memcpy.o)
 .comment       0x00000035       0x36 C:/Applications/Microchip/XC32/bin/bin/../../lib/gcc/pic32c/13.2.1/../../../../pic32c/lib/thumb/v6-m/nofp\libc-size-musl.a(memset.o)
 .comment       0x00000035       0x36 C:/Applications/Microchip/XC32/bin/bin/../../lib/gcc/pic32c/13.2.1/../../../../pic32c/lib/thumb/v6-m/nofp\libc-size-musl.a(strlen.o)
 .comment       0x00000035       0x36 C:/Applications/Microchip/XC32/bin/bin/../../lib/gcc/pic32c/13.2.1/../../../../pic32c/lib/thumb/v6-m/nofp\libc-size-musl.a(strstr.o)
 .comment       0x00000035       0x36 C:/Applications/Microchip/XC32/bin/bin/../../lib/gcc/pic32c/13.2.1/../../../../pic32c/lib/thumb/v6-m/nofp\libc-size-musl.a(strchr.o)
 .comment       0x00000035       0x36 C:/Applications/Microchip/XC32/bin/bin/../../lib/gcc/pic32c/13.2.1/../../../../pic32c/lib/thumb/v6-m/nofp\libc-size-musl.a(strchrnul.o)
 .comment       0x00000035       0x36 C:/Applications/Microchip/XC32/bin/bin/../../lib/gcc/pic32c/13.2.1/../../../../pic32c/lib/thumb/v6-m/nofp\libc-musl.a(__libc_start_main.o)
 .comment       0x00000035       0x36 C:/Applications/Microchip/XC32/bin/bin/../../lib/gcc/pic32c/13.2.1/../../../../pic32c/lib/thumb/v6-m/nofp\libc-musl.a(libc.o)
 .comment       0x00000035       0x36 C:/Applications/Microchip/XC32/bin/bin/../../lib/gcc/pic32c/13.2.1/../../../../pic32c/lib/thumb/v6-m/nofp\libc-musl.a(vsnprintf.o)
 .comment       0x00000035       0x36 C:/Applications/Microchip/XC32/bin/bin/../../lib/gcc/pic32c/13.2.1/../../../../pic32c/lib/thumb/v6-m/nofp\libc-musl.a(sprintf.o)
 .comment       0x00000035       0x36 C:/Applications/Microchip/XC32/bin/bin/../../lib/gcc/pic32c/13.2.1/../../../../pic32c/lib/thumb/v6-m/nofp\libc-musl.a(vsprintf.o)
 .comment       0x00000035       0x36 C:/Applications/Microchip/XC32/bin/bin/../../lib/gcc/pic32c/13.2.1/../../../../pic32c/lib/thumb/v6-m/nofp\libc-musl.a(__environ.o)
 .comment       0x00000035       0x36 C:/Applications/Microchip/XC32/bin/bin/../../lib/gcc/pic32c/13.2.1/../../../../pic32c/lib/thumb/v6-m/nofp\libc-musl.a(__errno_location.o)
 .comment       0x00000035       0x36 C:/Applications/Microchip/XC32/bin/bin/../../lib/gcc/pic32c/13.2.1/../../../../pic32c/lib/thumb/v6-m/nofp\libc-musl.a(vfprintf.o)
 .comment       0x00000035       0x36 C:/Applications/Microchip/XC32/bin/bin/../../lib/gcc/pic32c/13.2.1/../../../../pic32c/lib/thumb/v6-m/nofp\libc-musl.a(__pop_float.o)
 .comment       0x00000035       0x36 C:/Applications/Microchip/XC32/bin/bin/../../lib/gcc/pic32c/13.2.1/../../../../pic32c/lib/thumb/v6-m/nofp\libc-musl.a(__pop_int.o)
 .comment       0x00000035       0x36 C:/Applications/Microchip/XC32/bin/bin/../../lib/gcc/pic32c/13.2.1/../../../../pic32c/lib/thumb/v6-m/nofp\libc-musl.a(__pop_ptr.o)
 .comment       0x00000035       0x36 C:/Applications/Microchip/XC32/bin/bin/../../lib/gcc/pic32c/13.2.1/../../../../pic32c/lib/thumb/v6-m/nofp\libc-musl.a(__printf_core.o)
 .comment       0x00000035       0x36 C:/Applications/Microchip/XC32/bin/bin/../../lib/gcc/pic32c/13.2.1/../../../../pic32c/lib/thumb/v6-m/nofp\libc-musl.a(atoi.o)
 .comment       0x00000035       0x36 C:/Applications/Microchip/XC32/bin/bin/../../lib/gcc/pic32c/13.2.1/../../../../pic32c/lib/thumb/v6-m/nofp\libc-musl.a(tolower.o)
 .comment       0x00000035       0x36 C:/Applications/Microchip/XC32/bin/bin/../../lib/gcc/pic32c/13.2.1/../../../../pic32c/lib/thumb/v6-m/nofp\libc-musl.a(__fmt_a.o)
 .comment       0x00000035       0x36 C:/Applications/Microchip/XC32/bin/bin/../../lib/gcc/pic32c/13.2.1/../../../../pic32c/lib/thumb/v6-m/nofp\libc-musl.a(__fmt_d.o)
 .comment       0x00000035       0x36 C:/Applications/Microchip/XC32/bin/bin/../../lib/gcc/pic32c/13.2.1/../../../../pic32c/lib/thumb/v6-m/nofp\libc-musl.a(__fmt_fp.o)
 .comment       0x00000035       0x36 C:/Applications/Microchip/XC32/bin/bin/../../lib/gcc/pic32c/13.2.1/../../../../pic32c/lib/thumb/v6-m/nofp\libc-musl.a(__fmt_o.o)
 .comment       0x00000035       0x36 C:/Applications/Microchip/XC32/bin/bin/../../lib/gcc/pic32c/13.2.1/../../../../pic32c/lib/thumb/v6-m/nofp\libc-musl.a(__fmt_s.o)
 .comment       0x00000035       0x36 C:/Applications/Microchip/XC32/bin/bin/../../lib/gcc/pic32c/13.2.1/../../../../pic32c/lib/thumb/v6-m/nofp\libc-musl.a(__fmt_u.o)
 .comment       0x00000035       0x36 C:/Applications/Microchip/XC32/bin/bin/../../lib/gcc/pic32c/13.2.1/../../../../pic32c/lib/thumb/v6-m/nofp\libc-musl.a(__fmt_x.o)
 .comment       0x00000035       0x36 C:/Applications/Microchip/XC32/bin/bin/../../lib/gcc/pic32c/13.2.1/../../../../pic32c/lib/thumb/v6-m/nofp\libc-musl.a(toupper.o)
 .comment       0x00000035       0x36 C:/Applications/Microchip/XC32/bin/bin/../../lib/gcc/pic32c/13.2.1/../../../../pic32c/lib/thumb/v6-m/nofp\libc-musl.a(__cvt_u.o)
 .comment       0x00000035       0x36 C:/Applications/Microchip/XC32/bin/bin/../../lib/gcc/pic32c/13.2.1/../../../../pic32c/lib/thumb/v6-m/nofp\libm-fast-emfloat.a(fma.o)
 .comment       0x00000035       0x36 C:/Applications/Microchip/XC32/bin/bin/../../lib/gcc/pic32c/13.2.1/../../../../pic32c/lib/thumb/v6-m/nofp\libm-fast-emfloat.a(floor.o)
 .comment       0x00000035       0x36 C:/Applications/Microchip/XC32/bin/bin/../../lib/gcc/pic32c/13.2.1/../../../../pic32c/lib/thumb/v6-m/nofp\libc-size-musl.a(strcpy.o)
 .comment       0x00000035       0x36 C:/Applications/Microchip/XC32/bin/bin/../../lib/gcc/pic32c/13.2.1/../../../../pic32c/lib/thumb/v6-m/nofp\libc-size-musl.a(stpcpy.o)
 .comment       0x00000035       0x36 C:/Applications/Microchip/XC32/bin/bin/../../lib/gcc/pic32c/13.2.1/thumb/v6-m/nofp\libgcc.a(_muldi3.o)
 .comment       0x00000035       0x36 C:/Applications/Microchip/XC32/bin/bin/../../lib/gcc/pic32c/13.2.1/thumb/v6-m/nofp\libgcc.a(_udivmoddi4.o)
 .comment       0x00000035       0x36 C:/Applications/Microchip/XC32/bin/bin/../../lib/gcc/pic32c/13.2.1/../../../../pic32c/lib/thumb/v6-m/nofp\libpic32c.a(pic32_data_init_clear.o)
 .comment       0x00000035       0x36 C:/Applications/Microchip/XC32/bin/bin/../../lib/gcc/pic32c/13.2.1/../../../../pic32c/lib/thumb/v6-m/nofp\libpic32c.a(pic32_data_init_copy.o)

.debug_info     0x00000000    0x32356
 .debug_info    0x00000000     0x1f3f build/default/production/_ext/158385033/drv_i2c.o
 .debug_info    0x00001f3f     0x2a05 build/default/production/_ext/2070931557/drv_spi.o
 .debug_info    0x00004944     0x2a81 build/default/production/_ext/869808652/drv_usart.o
 .debug_info    0x000073c5      0x4e6 build/default/production/_ext/829343244/plib_ac.o
 .debug_info    0x000078ab      0x6c3 build/default/production/_ext/60163342/plib_adc0.o
 .debug_info    0x00007f6e     0x142f build/default/production/_ext/60165182/plib_can0.o
 .debug_info    0x0000939d      0x17b build/default/production/_ext/60165242/plib_ccl.o
 .debug_info    0x00009518      0x6c6 build/default/production/_ext/1984496892/plib_clock.o
 .debug_info    0x00009bde      0x24b build/default/production/_ext/60166132/plib_dac.o
 .debug_info    0x00009e29      0xc0d build/default/production/_ext/1865161661/plib_dmac.o
 .debug_info    0x0000aa36      0x3c0 build/default/production/_ext/60167341/plib_eic.o
 .debug_info    0x0000adf6      0x2ca build/default/production/_ext/1986646378/plib_evsys.o
 .debug_info    0x0000b0c0      0x3d2 build/default/production/_ext/1987437027/plib_freqm.o
 .debug_info    0x0000b492      0xb29 build/default/production/_ext/1865468468/plib_nvic.o
 .debug_info    0x0000bfbb      0x868 build/default/production/_ext/1593096446/plib_nvmctrl.o
 .debug_info    0x0000c823      0x378 build/default/production/_ext/1865510628/plib_pdec.o
 .debug_info    0x0000cb9b      0x175 build/default/production/_ext/829342769/plib_pm.o
 .debug_info    0x0000cd10      0x5f8 build/default/production/_ext/1865521619/plib_port.o
 .debug_info    0x0000d308       0xf3 build/default/production/_ext/1865585090/plib_rstc.o
 .debug_info    0x0000d3fb      0x895 build/default/production/_ext/60180175/plib_rtc_clock.o
 .debug_info    0x0000dc90     0x139d build/default/production/_ext/508257091/plib_sercom3_i2c_master.o
 .debug_info    0x0000f02d      0xf3c build/default/production/_ext/17022449/plib_sercom2_spi_master.o
 .debug_info    0x0000ff69     0x188a build/default/production/_ext/504274921/plib_sercom1_usart.o
 .debug_info    0x000117f3     0x1283 build/default/production/_ext/504274921/plib_sercom0_usart.o
 .debug_info    0x00012a76      0x186 build/default/production/_ext/1865616679/plib_supc.o
 .debug_info    0x00012bfc      0x6fb build/default/production/_ext/1827571544/plib_systick.o
 .debug_info    0x000132f7      0x7c2 build/default/production/_ext/829342655/plib_tc0.o
 .debug_info    0x00013ab9      0x4e6 build/default/production/_ext/60181570/plib_tcc1.o
 .debug_info    0x00013f9f      0x529 build/default/production/_ext/60181570/plib_tcc0.o
 .debug_info    0x000144c8      0x27f build/default/production/_ext/60184501/plib_wdt.o
 .debug_info    0x00014747      0xdbb build/default/production/_ext/1832805299/sys_console_uart.o
 .debug_info    0x00015502      0xcc7 build/default/production/_ext/1832805299/sys_console.o
 .debug_info    0x000161c9      0x31a build/default/production/_ext/14461671/sys_dma.o
 .debug_info    0x000164e3      0x5a9 build/default/production/_ext/1881668453/sys_int.o
 .debug_info    0x00016a8c     0x1aa7 build/default/production/_ext/101884895/sys_time.o
 .debug_info    0x00018533      0x23e build/default/production/_ext/1171490990/tasks.o
 .debug_info    0x00018771     0x343d build/default/production/_ext/1171490990/initialization.o
 .debug_info    0x0001bbae      0x526 build/default/production/_ext/1171490990/interrupts.o
 .debug_info    0x0001c0d4       0xc1 build/default/production/_ext/1171490990/exceptions.o
 .debug_info    0x0001c195      0x31f build/default/production/_ext/1171490990/startup_xc32.o
 .debug_info    0x0001c4b4      0xe34 build/default/production/_ext/1360937237/can0_driver.o
 .debug_info    0x0001d2e8      0xabc build/default/production/_ext/1360937237/sht4x_driver.o
 .debug_info    0x0001dda4      0x539 build/default/production/_ext/1360937237/rstc_driver.o
 .debug_info    0x0001e2dd     0x1528 build/default/production/_ext/1360937237/ad9954_driver.o
 .debug_info    0x0001f805      0x722 build/default/production/_ext/1360937237/rtc_driver.o
 .debug_info    0x0001ff27      0xd95 build/default/production/_ext/1360937237/mcp9808_driver.o
 .debug_info    0x00020cbc     0x1eaa build/default/production/_ext/1360937237/bme690_driver.o
 .debug_info    0x00022b66      0x7ea build/default/production/_ext/1360937237/fcm360w_driver.o
 .debug_info    0x00023350      0x34e build/default/production/_ext/1360937237/console_driver.o
 .debug_info    0x0002369e     0x183f build/default/production/_ext/1360937237/hdc302x_driver.o
 .debug_info    0x00024edd      0x18e build/default/production/_ext/1360937237/fan_driver.o
 .debug_info    0x0002506b      0x4d6 build/default/production/_ext/1360937237/ntc_driver.o
 .debug_info    0x00025541      0x619 build/default/production/_ext/1360937237/timer_driver.o
 .debug_info    0x00025b5a      0x5d3 build/default/production/_ext/1360937237/xm125_driver.o
 .debug_info    0x0002612d      0x8a9 build/default/production/_ext/1360937237/ws281x_driver.o
 .debug_info    0x000269d6     0x1028 build/default/production/_ext/1360937237/vcnl4200_driver.o
 .debug_info    0x000279fe     0x104f build/default/production/_ext/1360937237/sen63c_driver.o
 .debug_info    0x00028a4d     0x13cf build/default/production/_ext/1360937237/ssd1306_driver.o
 .debug_info    0x00029e1c      0x594 build/default/production/_ext/1360937237/app.o
 .debug_info    0x0002a3b0       0xed build/default/production/_ext/1360937237/main.o
 .debug_info    0x0002a49d      0x13a build/default/production/_ext/1360937237/stcc4_driver.o
 .debug_info    0x0002a5d7     0x214a build/default/production/_ext/1360937237/bmp585_driver.o
 .debug_info    0x0002c721      0x212 C:/Applications/Microchip/XC32/bin/bin/../../lib/gcc/pic32c/13.2.1/../../../../pic32c/lib/thumb/v6-m/nofp\libpic32c.a(data_init.o)
 .debug_info    0x0002c933       0xed C:/Applications/Microchip/XC32/bin/bin/../../lib/gcc/pic32c/13.2.1/../../../../pic32c/lib/thumb/v6-m/nofp\libc-size-musl.a(memcpy.o)
 .debug_info    0x0002ca20       0xc2 C:/Applications/Microchip/XC32/bin/bin/../../lib/gcc/pic32c/13.2.1/../../../../pic32c/lib/thumb/v6-m/nofp\libc-size-musl.a(memset.o)
 .debug_info    0x0002cae2       0xab C:/Applications/Microchip/XC32/bin/bin/../../lib/gcc/pic32c/13.2.1/../../../../pic32c/lib/thumb/v6-m/nofp\libc-size-musl.a(strlen.o)
 .debug_info    0x0002cb8d       0xc7 C:/Applications/Microchip/XC32/bin/bin/../../lib/gcc/pic32c/13.2.1/../../../../pic32c/lib/thumb/v6-m/nofp\libc-size-musl.a(strstr.o)
 .debug_info    0x0002cc54       0xeb C:/Applications/Microchip/XC32/bin/bin/../../lib/gcc/pic32c/13.2.1/../../../../pic32c/lib/thumb/v6-m/nofp\libc-size-musl.a(strchr.o)
 .debug_info    0x0002cd3f      0x13a C:/Applications/Microchip/XC32/bin/bin/../../lib/gcc/pic32c/13.2.1/../../../../pic32c/lib/thumb/v6-m/nofp\libc-size-musl.a(strchrnul.o)
 .debug_info    0x0002ce79      0x2fb C:/Applications/Microchip/XC32/bin/bin/../../lib/gcc/pic32c/13.2.1/../../../../pic32c/lib/thumb/v6-m/nofp\libc-musl.a(__libc_start_main.o)
 .debug_info    0x0002d174      0x276 C:/Applications/Microchip/XC32/bin/bin/../../lib/gcc/pic32c/13.2.1/../../../../pic32c/lib/thumb/v6-m/nofp\libc-musl.a(libc.o)
 .debug_info    0x0002d3ea      0x45b C:/Applications/Microchip/XC32/bin/bin/../../lib/gcc/pic32c/13.2.1/../../../../pic32c/lib/thumb/v6-m/nofp\libc-musl.a(vsnprintf.o)
 .debug_info    0x0002d845      0x140 C:/Applications/Microchip/XC32/bin/bin/../../lib/gcc/pic32c/13.2.1/../../../../pic32c/lib/thumb/v6-m/nofp\libc-musl.a(sprintf.o)
 .debug_info    0x0002d985      0x14f C:/Applications/Microchip/XC32/bin/bin/../../lib/gcc/pic32c/13.2.1/../../../../pic32c/lib/thumb/v6-m/nofp\libc-musl.a(vsprintf.o)
 .debug_info    0x0002dad4       0x97 C:/Applications/Microchip/XC32/bin/bin/../../lib/gcc/pic32c/13.2.1/../../../../pic32c/lib/thumb/v6-m/nofp\libc-musl.a(__environ.o)
 .debug_info    0x0002db6b       0x5b C:/Applications/Microchip/XC32/bin/bin/../../lib/gcc/pic32c/13.2.1/../../../../pic32c/lib/thumb/v6-m/nofp\libc-musl.a(__errno_location.o)
 .debug_info    0x0002dbc6      0x42c C:/Applications/Microchip/XC32/bin/bin/../../lib/gcc/pic32c/13.2.1/../../../../pic32c/lib/thumb/v6-m/nofp\libc-musl.a(vfprintf.o)
 .debug_info    0x0002dff2      0x163 C:/Applications/Microchip/XC32/bin/bin/../../lib/gcc/pic32c/13.2.1/../../../../pic32c/lib/thumb/v6-m/nofp\libc-musl.a(__pop_float.o)
 .debug_info    0x0002e155      0x183 C:/Applications/Microchip/XC32/bin/bin/../../lib/gcc/pic32c/13.2.1/../../../../pic32c/lib/thumb/v6-m/nofp\libc-musl.a(__pop_int.o)
 .debug_info    0x0002e2d8      0x18d C:/Applications/Microchip/XC32/bin/bin/../../lib/gcc/pic32c/13.2.1/../../../../pic32c/lib/thumb/v6-m/nofp\libc-musl.a(__pop_ptr.o)
 .debug_info    0x0002e465      0xb26 C:/Applications/Microchip/XC32/bin/bin/../../lib/gcc/pic32c/13.2.1/../../../../pic32c/lib/thumb/v6-m/nofp\libc-musl.a(__printf_core.o)
 .debug_info    0x0002ef8b       0xf4 C:/Applications/Microchip/XC32/bin/bin/../../lib/gcc/pic32c/13.2.1/../../../../pic32c/lib/thumb/v6-m/nofp\libc-musl.a(atoi.o)
 .debug_info    0x0002f07f      0x13e C:/Applications/Microchip/XC32/bin/bin/../../lib/gcc/pic32c/13.2.1/../../../../pic32c/lib/thumb/v6-m/nofp\libc-musl.a(tolower.o)
 .debug_info    0x0002f1bd      0x7a3 C:/Applications/Microchip/XC32/bin/bin/../../lib/gcc/pic32c/13.2.1/../../../../pic32c/lib/thumb/v6-m/nofp\libc-musl.a(__fmt_a.o)
 .debug_info    0x0002f960      0x374 C:/Applications/Microchip/XC32/bin/bin/../../lib/gcc/pic32c/13.2.1/../../../../pic32c/lib/thumb/v6-m/nofp\libc-musl.a(__fmt_d.o)
 .debug_info    0x0002fcd4      0x80e C:/Applications/Microchip/XC32/bin/bin/../../lib/gcc/pic32c/13.2.1/../../../../pic32c/lib/thumb/v6-m/nofp\libc-musl.a(__fmt_fp.o)
 .debug_info    0x000304e2      0x345 C:/Applications/Microchip/XC32/bin/bin/../../lib/gcc/pic32c/13.2.1/../../../../pic32c/lib/thumb/v6-m/nofp\libc-musl.a(__fmt_o.o)
 .debug_info    0x00030827      0x31e C:/Applications/Microchip/XC32/bin/bin/../../lib/gcc/pic32c/13.2.1/../../../../pic32c/lib/thumb/v6-m/nofp\libc-musl.a(__fmt_s.o)
 .debug_info    0x00030b45      0x345 C:/Applications/Microchip/XC32/bin/bin/../../lib/gcc/pic32c/13.2.1/../../../../pic32c/lib/thumb/v6-m/nofp\libc-musl.a(__fmt_u.o)
 .debug_info    0x00030e8a      0x35f C:/Applications/Microchip/XC32/bin/bin/../../lib/gcc/pic32c/13.2.1/../../../../pic32c/lib/thumb/v6-m/nofp\libc-musl.a(__fmt_x.o)
 .debug_info    0x000311e9      0x13e C:/Applications/Microchip/XC32/bin/bin/../../lib/gcc/pic32c/13.2.1/../../../../pic32c/lib/thumb/v6-m/nofp\libc-musl.a(toupper.o)
 .debug_info    0x00031327      0x1e3 C:/Applications/Microchip/XC32/bin/bin/../../lib/gcc/pic32c/13.2.1/../../../../pic32c/lib/thumb/v6-m/nofp\libc-musl.a(__cvt_u.o)
 .debug_info    0x0003150a       0xdd C:/Applications/Microchip/XC32/bin/bin/../../lib/gcc/pic32c/13.2.1/../../../../pic32c/lib/thumb/v6-m/nofp\libc-size-musl.a(strcpy.o)
 .debug_info    0x000315e7       0xb3 C:/Applications/Microchip/XC32/bin/bin/../../lib/gcc/pic32c/13.2.1/../../../../pic32c/lib/thumb/v6-m/nofp\libc-size-musl.a(stpcpy.o)
 .debug_info    0x0003169a       0x35 C:/Applications/Microchip/XC32/bin/bin/../../lib/gcc/pic32c/13.2.1/thumb/v6-m/nofp\libgcc.a(_thumb1_case_uqi.o)
 .debug_info    0x000316cf       0x51 C:/Applications/Microchip/XC32/bin/bin/../../lib/gcc/pic32c/13.2.1/thumb/v6-m/nofp\libgcc.a(_udivsi3.o)
 .debug_info    0x00031720       0x51 C:/Applications/Microchip/XC32/bin/bin/../../lib/gcc/pic32c/13.2.1/thumb/v6-m/nofp\libgcc.a(_divsi3.o)
 .debug_info    0x00031771       0x41 C:/Applications/Microchip/XC32/bin/bin/../../lib/gcc/pic32c/13.2.1/thumb/v6-m/nofp\libgcc.a(_dvmd_tls.o)
 .debug_info    0x000317b2       0x35 C:/Applications/Microchip/XC32/bin/bin/../../lib/gcc/pic32c/13.2.1/thumb/v6-m/nofp\libgcc.a(_aeabi_uldivmod.o)
 .debug_info    0x000317e7      0x44f C:/Applications/Microchip/XC32/bin/bin/../../lib/gcc/pic32c/13.2.1/thumb/v6-m/nofp\libgcc.a(_muldi3.o)
 .debug_info    0x00031c36      0x3fc C:/Applications/Microchip/XC32/bin/bin/../../lib/gcc/pic32c/13.2.1/thumb/v6-m/nofp\libgcc.a(_udivmoddi4.o)
 .debug_info    0x00032032       0x43 C:/Applications/Microchip/XC32/bin/bin/../../lib/gcc/pic32c/13.2.1/thumb/v6-m/nofp\libgcc.a(_lshrdi3.o)
 .debug_info    0x00032075       0x43 C:/Applications/Microchip/XC32/bin/bin/../../lib/gcc/pic32c/13.2.1/thumb/v6-m/nofp\libgcc.a(_ashldi3.o)
 .debug_info    0x000320b8       0x26 C:/Applications/Microchip/XC32/bin/bin/../../lib/gcc/pic32c/13.2.1/thumb/v6-m/nofp\libgcc.a(_clzdi2.o)
 .debug_info    0x000320de       0x35 C:/Applications/Microchip/XC32/bin/bin/../../lib/gcc/pic32c/13.2.1/thumb/v6-m/nofp\libgcc.a(_clzsi2.o)
 .debug_info    0x00032113      0x117 C:/Applications/Microchip/XC32/bin/bin/../../lib/gcc/pic32c/13.2.1/../../../../pic32c/lib/thumb/v6-m/nofp\libpic32c.a(pic32_data_init_clear.o)
 .debug_info    0x0003222a      0x12c C:/Applications/Microchip/XC32/bin/bin/../../lib/gcc/pic32c/13.2.1/../../../../pic32c/lib/thumb/v6-m/nofp\libpic32c.a(pic32_data_init_copy.o)

.debug_abbrev   0x00000000     0xb4c1
 .debug_abbrev  0x00000000      0x4d4 build/default/production/_ext/158385033/drv_i2c.o
 .debug_abbrev  0x000004d4      0x547 build/default/production/_ext/2070931557/drv_spi.o
 .debug_abbrev  0x00000a1b      0x580 build/default/production/_ext/869808652/drv_usart.o
 .debug_abbrev  0x00000f9b      0x1a2 build/default/production/_ext/829343244/plib_ac.o
 .debug_abbrev  0x0000113d      0x1e1 build/default/production/_ext/60163342/plib_adc0.o
 .debug_abbrev  0x0000131e      0x340 build/default/production/_ext/60165182/plib_can0.o
 .debug_abbrev  0x0000165e       0xa4 build/default/production/_ext/60165242/plib_ccl.o
 .debug_abbrev  0x00001702      0x1ab build/default/production/_ext/1984496892/plib_clock.o
 .debug_abbrev  0x000018ad       0xf0 build/default/production/_ext/60166132/plib_dac.o
 .debug_abbrev  0x0000199d      0x2b9 build/default/production/_ext/1865161661/plib_dmac.o
 .debug_abbrev  0x00001c56      0x181 build/default/production/_ext/60167341/plib_eic.o
 .debug_abbrev  0x00001dd7       0xe5 build/default/production/_ext/1986646378/plib_evsys.o
 .debug_abbrev  0x00001ebc      0x1c4 build/default/production/_ext/1987437027/plib_freqm.o
 .debug_abbrev  0x00002080      0x268 build/default/production/_ext/1865468468/plib_nvic.o
 .debug_abbrev  0x000022e8      0x21e build/default/production/_ext/1593096446/plib_nvmctrl.o
 .debug_abbrev  0x00002506       0xf2 build/default/production/_ext/1865510628/plib_pdec.o
 .debug_abbrev  0x000025f8       0xa4 build/default/production/_ext/829342769/plib_pm.o
 .debug_abbrev  0x0000269c      0x1e8 build/default/production/_ext/1865521619/plib_port.o
 .debug_abbrev  0x00002884       0x94 build/default/production/_ext/1865585090/plib_rstc.o
 .debug_abbrev  0x00002918      0x1ed build/default/production/_ext/60180175/plib_rtc_clock.o
 .debug_abbrev  0x00002b05      0x3c2 build/default/production/_ext/508257091/plib_sercom3_i2c_master.o
 .debug_abbrev  0x00002ec7      0x28f build/default/production/_ext/17022449/plib_sercom2_spi_master.o
 .debug_abbrev  0x00003156      0x428 build/default/production/_ext/504274921/plib_sercom1_usart.o
 .debug_abbrev  0x0000357e      0x315 build/default/production/_ext/504274921/plib_sercom0_usart.o
 .debug_abbrev  0x00003893       0xb8 build/default/production/_ext/1865616679/plib_supc.o
 .debug_abbrev  0x0000394b      0x244 build/default/production/_ext/1827571544/plib_systick.o
 .debug_abbrev  0x00003b8f      0x1be build/default/production/_ext/829342655/plib_tc0.o
 .debug_abbrev  0x00003d4d      0x122 build/default/production/_ext/60181570/plib_tcc1.o
 .debug_abbrev  0x00003e6f      0x122 build/default/production/_ext/60181570/plib_tcc0.o
 .debug_abbrev  0x00003f91       0xed build/default/production/_ext/60184501/plib_wdt.o
 .debug_abbrev  0x0000407e      0x2e9 build/default/production/_ext/1832805299/sys_console_uart.o
 .debug_abbrev  0x00004367      0x3da build/default/production/_ext/1832805299/sys_console.o
 .debug_abbrev  0x00004741      0x121 build/default/production/_ext/14461671/sys_dma.o
 .debug_abbrev  0x00004862      0x2b9 build/default/production/_ext/1881668453/sys_int.o
 .debug_abbrev  0x00004b1b      0x536 build/default/production/_ext/101884895/sys_time.o
 .debug_abbrev  0x00005051       0x77 build/default/production/_ext/1171490990/tasks.o
 .debug_abbrev  0x000050c8      0x2f8 build/default/production/_ext/1171490990/initialization.o
 .debug_abbrev  0x000053c0      0x11d build/default/production/_ext/1171490990/interrupts.o
 .debug_abbrev  0x000054dd       0x49 build/default/production/_ext/1171490990/exceptions.o
 .debug_abbrev  0x00005526      0x190 build/default/production/_ext/1171490990/startup_xc32.o
 .debug_abbrev  0x000056b6      0x408 build/default/production/_ext/1360937237/can0_driver.o
 .debug_abbrev  0x00005abe      0x2a0 build/default/production/_ext/1360937237/sht4x_driver.o
 .debug_abbrev  0x00005d5e      0x240 build/default/production/_ext/1360937237/rstc_driver.o
 .debug_abbrev  0x00005f9e      0x2e5 build/default/production/_ext/1360937237/ad9954_driver.o
 .debug_abbrev  0x00006283      0x2ba build/default/production/_ext/1360937237/rtc_driver.o
 .debug_abbrev  0x0000653d      0x2bf build/default/production/_ext/1360937237/mcp9808_driver.o
 .debug_abbrev  0x000067fc      0x336 build/default/production/_ext/1360937237/bme690_driver.o
 .debug_abbrev  0x00006b32      0x2ff build/default/production/_ext/1360937237/fcm360w_driver.o
 .debug_abbrev  0x00006e31      0x227 build/default/production/_ext/1360937237/console_driver.o
 .debug_abbrev  0x00007058      0x350 build/default/production/_ext/1360937237/hdc302x_driver.o
 .debug_abbrev  0x000073a8       0xc3 build/default/production/_ext/1360937237/fan_driver.o
 .debug_abbrev  0x0000746b      0x274 build/default/production/_ext/1360937237/ntc_driver.o
 .debug_abbrev  0x000076df      0x17c build/default/production/_ext/1360937237/timer_driver.o
 .debug_abbrev  0x0000785b      0x262 build/default/production/_ext/1360937237/xm125_driver.o
 .debug_abbrev  0x00007abd      0x2ca build/default/production/_ext/1360937237/ws281x_driver.o
 .debug_abbrev  0x00007d87      0x2c4 build/default/production/_ext/1360937237/vcnl4200_driver.o
 .debug_abbrev  0x0000804b      0x331 build/default/production/_ext/1360937237/sen63c_driver.o
 .debug_abbrev  0x0000837c      0x333 build/default/production/_ext/1360937237/ssd1306_driver.o
 .debug_abbrev  0x000086af      0x1f2 build/default/production/_ext/1360937237/app.o
 .debug_abbrev  0x000088a1       0xa2 build/default/production/_ext/1360937237/main.o
 .debug_abbrev  0x00008943       0xdd build/default/production/_ext/1360937237/stcc4_driver.o
 .debug_abbrev  0x00008a20      0x31d build/default/production/_ext/1360937237/bmp585_driver.o
 .debug_abbrev  0x00008d3d      0x156 C:/Applications/Microchip/XC32/bin/bin/../../lib/gcc/pic32c/13.2.1/../../../../pic32c/lib/thumb/v6-m/nofp\libpic32c.a(data_init.o)
 .debug_abbrev  0x00008e93       0xbb C:/Applications/Microchip/XC32/bin/bin/../../lib/gcc/pic32c/13.2.1/../../../../pic32c/lib/thumb/v6-m/nofp\libc-size-musl.a(memcpy.o)
 .debug_abbrev  0x00008f4e       0xa2 C:/Applications/Microchip/XC32/bin/bin/../../lib/gcc/pic32c/13.2.1/../../../../pic32c/lib/thumb/v6-m/nofp\libc-size-musl.a(memset.o)
 .debug_abbrev  0x00008ff0       0x91 C:/Applications/Microchip/XC32/bin/bin/../../lib/gcc/pic32c/13.2.1/../../../../pic32c/lib/thumb/v6-m/nofp\libc-size-musl.a(strlen.o)
 .debug_abbrev  0x00009081       0xa2 C:/Applications/Microchip/XC32/bin/bin/../../lib/gcc/pic32c/13.2.1/../../../../pic32c/lib/thumb/v6-m/nofp\libc-size-musl.a(strstr.o)
 .debug_abbrev  0x00009123       0xb5 C:/Applications/Microchip/XC32/bin/bin/../../lib/gcc/pic32c/13.2.1/../../../../pic32c/lib/thumb/v6-m/nofp\libc-size-musl.a(strchr.o)
 .debug_abbrev  0x000091d8       0xc4 C:/Applications/Microchip/XC32/bin/bin/../../lib/gcc/pic32c/13.2.1/../../../../pic32c/lib/thumb/v6-m/nofp\libc-size-musl.a(strchrnul.o)
 .debug_abbrev  0x0000929c      0x133 C:/Applications/Microchip/XC32/bin/bin/../../lib/gcc/pic32c/13.2.1/../../../../pic32c/lib/thumb/v6-m/nofp\libc-musl.a(__libc_start_main.o)
 .debug_abbrev  0x000093cf       0xd4 C:/Applications/Microchip/XC32/bin/bin/../../lib/gcc/pic32c/13.2.1/../../../../pic32c/lib/thumb/v6-m/nofp\libc-musl.a(libc.o)
 .debug_abbrev  0x000094a3      0x198 C:/Applications/Microchip/XC32/bin/bin/../../lib/gcc/pic32c/13.2.1/../../../../pic32c/lib/thumb/v6-m/nofp\libc-musl.a(vsnprintf.o)
 .debug_abbrev  0x0000963b      0x10e C:/Applications/Microchip/XC32/bin/bin/../../lib/gcc/pic32c/13.2.1/../../../../pic32c/lib/thumb/v6-m/nofp\libc-musl.a(sprintf.o)
 .debug_abbrev  0x00009749       0xd3 C:/Applications/Microchip/XC32/bin/bin/../../lib/gcc/pic32c/13.2.1/../../../../pic32c/lib/thumb/v6-m/nofp\libc-musl.a(vsprintf.o)
 .debug_abbrev  0x0000981c       0x62 C:/Applications/Microchip/XC32/bin/bin/../../lib/gcc/pic32c/13.2.1/../../../../pic32c/lib/thumb/v6-m/nofp\libc-musl.a(__environ.o)
 .debug_abbrev  0x0000987e       0x39 C:/Applications/Microchip/XC32/bin/bin/../../lib/gcc/pic32c/13.2.1/../../../../pic32c/lib/thumb/v6-m/nofp\libc-musl.a(__errno_location.o)
 .debug_abbrev  0x000098b7      0x1a1 C:/Applications/Microchip/XC32/bin/bin/../../lib/gcc/pic32c/13.2.1/../../../../pic32c/lib/thumb/v6-m/nofp\libc-musl.a(vfprintf.o)
 .debug_abbrev  0x00009a58       0xdc C:/Applications/Microchip/XC32/bin/bin/../../lib/gcc/pic32c/13.2.1/../../../../pic32c/lib/thumb/v6-m/nofp\libc-musl.a(__pop_float.o)
 .debug_abbrev  0x00009b34       0xdc C:/Applications/Microchip/XC32/bin/bin/../../lib/gcc/pic32c/13.2.1/../../../../pic32c/lib/thumb/v6-m/nofp\libc-musl.a(__pop_int.o)
 .debug_abbrev  0x00009c10       0xdc C:/Applications/Microchip/XC32/bin/bin/../../lib/gcc/pic32c/13.2.1/../../../../pic32c/lib/thumb/v6-m/nofp\libc-musl.a(__pop_ptr.o)
 .debug_abbrev  0x00009cec      0x324 C:/Applications/Microchip/XC32/bin/bin/../../lib/gcc/pic32c/13.2.1/../../../../pic32c/lib/thumb/v6-m/nofp\libc-musl.a(__printf_core.o)
 .debug_abbrev  0x0000a010       0xc6 C:/Applications/Microchip/XC32/bin/bin/../../lib/gcc/pic32c/13.2.1/../../../../pic32c/lib/thumb/v6-m/nofp\libc-musl.a(atoi.o)
 .debug_abbrev  0x0000a0d6       0xf4 C:/Applications/Microchip/XC32/bin/bin/../../lib/gcc/pic32c/13.2.1/../../../../pic32c/lib/thumb/v6-m/nofp\libc-musl.a(tolower.o)
 .debug_abbrev  0x0000a1ca      0x1eb C:/Applications/Microchip/XC32/bin/bin/../../lib/gcc/pic32c/13.2.1/../../../../pic32c/lib/thumb/v6-m/nofp\libc-musl.a(__fmt_a.o)
 .debug_abbrev  0x0000a3b5      0x16b C:/Applications/Microchip/XC32/bin/bin/../../lib/gcc/pic32c/13.2.1/../../../../pic32c/lib/thumb/v6-m/nofp\libc-musl.a(__fmt_d.o)
 .debug_abbrev  0x0000a520      0x1ee C:/Applications/Microchip/XC32/bin/bin/../../lib/gcc/pic32c/13.2.1/../../../../pic32c/lib/thumb/v6-m/nofp\libc-musl.a(__fmt_fp.o)
 .debug_abbrev  0x0000a70e      0x16b C:/Applications/Microchip/XC32/bin/bin/../../lib/gcc/pic32c/13.2.1/../../../../pic32c/lib/thumb/v6-m/nofp\libc-musl.a(__fmt_o.o)
 .debug_abbrev  0x0000a879      0x16f C:/Applications/Microchip/XC32/bin/bin/../../lib/gcc/pic32c/13.2.1/../../../../pic32c/lib/thumb/v6-m/nofp\libc-musl.a(__fmt_s.o)
 .debug_abbrev  0x0000a9e8      0x16b C:/Applications/Microchip/XC32/bin/bin/../../lib/gcc/pic32c/13.2.1/../../../../pic32c/lib/thumb/v6-m/nofp\libc-musl.a(__fmt_u.o)
 .debug_abbrev  0x0000ab53      0x15a C:/Applications/Microchip/XC32/bin/bin/../../lib/gcc/pic32c/13.2.1/../../../../pic32c/lib/thumb/v6-m/nofp\libc-musl.a(__fmt_x.o)
 .debug_abbrev  0x0000acad       0xf4 C:/Applications/Microchip/XC32/bin/bin/../../lib/gcc/pic32c/13.2.1/../../../../pic32c/lib/thumb/v6-m/nofp\libc-musl.a(toupper.o)
 .debug_abbrev  0x0000ada1      0x10c C:/Applications/Microchip/XC32/bin/bin/../../lib/gcc/pic32c/13.2.1/../../../../pic32c/lib/thumb/v6-m/nofp\libc-musl.a(__cvt_u.o)
 .debug_abbrev  0x0000aead       0xb5 C:/Applications/Microchip/XC32/bin/bin/../../lib/gcc/pic32c/13.2.1/../../../../pic32c/lib/thumb/v6-m/nofp\libc-size-musl.a(strcpy.o)
 .debug_abbrev  0x0000af62       0x6e C:/Applications/Microchip/XC32/bin/bin/../../lib/gcc/pic32c/13.2.1/../../../../pic32c/lib/thumb/v6-m/nofp\libc-size-musl.a(stpcpy.o)
 .debug_abbrev  0x0000afd0       0x21 C:/Applications/Microchip/XC32/bin/bin/../../lib/gcc/pic32c/13.2.1/thumb/v6-m/nofp\libgcc.a(_thumb1_case_uqi.o)
 .debug_abbrev  0x0000aff1       0x21 C:/Applications/Microchip/XC32/bin/bin/../../lib/gcc/pic32c/13.2.1/thumb/v6-m/nofp\libgcc.a(_udivsi3.o)
 .debug_abbrev  0x0000b012       0x21 C:/Applications/Microchip/XC32/bin/bin/../../lib/gcc/pic32c/13.2.1/thumb/v6-m/nofp\libgcc.a(_divsi3.o)
 .debug_abbrev  0x0000b033       0x1f C:/Applications/Microchip/XC32/bin/bin/../../lib/gcc/pic32c/13.2.1/thumb/v6-m/nofp\libgcc.a(_dvmd_tls.o)
 .debug_abbrev  0x0000b052       0x21 C:/Applications/Microchip/XC32/bin/bin/../../lib/gcc/pic32c/13.2.1/thumb/v6-m/nofp\libgcc.a(_aeabi_uldivmod.o)
 .debug_abbrev  0x0000b073      0x15d C:/Applications/Microchip/XC32/bin/bin/../../lib/gcc/pic32c/13.2.1/thumb/v6-m/nofp\libgcc.a(_muldi3.o)
 .debug_abbrev  0x0000b1d0      0x11c C:/Applications/Microchip/XC32/bin/bin/../../lib/gcc/pic32c/13.2.1/thumb/v6-m/nofp\libgcc.a(_udivmoddi4.o)
 .debug_abbrev  0x0000b2ec       0x21 C:/Applications/Microchip/XC32/bin/bin/../../lib/gcc/pic32c/13.2.1/thumb/v6-m/nofp\libgcc.a(_lshrdi3.o)
 .debug_abbrev  0x0000b30d       0x21 C:/Applications/Microchip/XC32/bin/bin/../../lib/gcc/pic32c/13.2.1/thumb/v6-m/nofp\libgcc.a(_ashldi3.o)
 .debug_abbrev  0x0000b32e       0x14 C:/Applications/Microchip/XC32/bin/bin/../../lib/gcc/pic32c/13.2.1/thumb/v6-m/nofp\libgcc.a(_clzdi2.o)
 .debug_abbrev  0x0000b342       0x21 C:/Applications/Microchip/XC32/bin/bin/../../lib/gcc/pic32c/13.2.1/thumb/v6-m/nofp\libgcc.a(_clzsi2.o)
 .debug_abbrev  0x0000b363       0xa5 C:/Applications/Microchip/XC32/bin/bin/../../lib/gcc/pic32c/13.2.1/../../../../pic32c/lib/thumb/v6-m/nofp\libpic32c.a(pic32_data_init_clear.o)
 .debug_abbrev  0x0000b408       0xb9 C:/Applications/Microchip/XC32/bin/bin/../../lib/gcc/pic32c/13.2.1/../../../../pic32c/lib/thumb/v6-m/nofp\libpic32c.a(pic32_data_init_copy.o)

.debug_loc      0x00000000    0x1cd46
 .debug_loc     0x00000000     0x1dcc build/default/production/_ext/158385033/drv_i2c.o
 .debug_loc     0x00001dcc     0x274c build/default/production/_ext/2070931557/drv_spi.o
 .debug_loc     0x00004518     0x2b58 build/default/production/_ext/869808652/drv_usart.o
 .debug_loc     0x00007070      0x150 build/default/production/_ext/829343244/plib_ac.o
 .debug_loc     0x000071c0      0x1d7 build/default/production/_ext/60163342/plib_adc0.o
 .debug_loc     0x00007397      0xeae build/default/production/_ext/60165182/plib_can0.o
 .debug_loc     0x00008245       0x6f build/default/production/_ext/1984496892/plib_clock.o
 .debug_loc     0x000082b4       0x2b build/default/production/_ext/60166132/plib_dac.o
 .debug_loc     0x000082df      0xc0c build/default/production/_ext/1865161661/plib_dmac.o
 .debug_loc     0x00008eeb       0xda build/default/production/_ext/60167341/plib_eic.o
 .debug_loc     0x00008fc5      0x104 build/default/production/_ext/1986646378/plib_evsys.o
 .debug_loc     0x000090c9      0x15a build/default/production/_ext/1987437027/plib_freqm.o
 .debug_loc     0x00009223      0x3db build/default/production/_ext/1865468468/plib_nvic.o
 .debug_loc     0x000095fe      0x725 build/default/production/_ext/1593096446/plib_nvmctrl.o
 .debug_loc     0x00009d23       0x15 build/default/production/_ext/1865510628/plib_pdec.o
 .debug_loc     0x00009d38      0x2b8 build/default/production/_ext/1865521619/plib_port.o
 .debug_loc     0x00009ff0      0x1f8 build/default/production/_ext/60180175/plib_rtc_clock.o
 .debug_loc     0x0000a1e8      0xce6 build/default/production/_ext/508257091/plib_sercom3_i2c_master.o
 .debug_loc     0x0000aece      0x6e2 build/default/production/_ext/17022449/plib_sercom2_spi_master.o
 .debug_loc     0x0000b5b0      0xeba build/default/production/_ext/504274921/plib_sercom1_usart.o
 .debug_loc     0x0000c46a      0x8e6 build/default/production/_ext/504274921/plib_sercom0_usart.o
 .debug_loc     0x0000cd50       0x39 build/default/production/_ext/1865616679/plib_supc.o
 .debug_loc     0x0000cd89      0x509 build/default/production/_ext/1827571544/plib_systick.o
 .debug_loc     0x0000d292       0x7a build/default/production/_ext/829342655/plib_tc0.o
 .debug_loc     0x0000d30c      0x13d build/default/production/_ext/60181570/plib_tcc1.o
 .debug_loc     0x0000d449      0x193 build/default/production/_ext/60181570/plib_tcc0.o
 .debug_loc     0x0000d5dc      0xbf1 build/default/production/_ext/1832805299/sys_console_uart.o
 .debug_loc     0x0000e1cd      0xdc2 build/default/production/_ext/1832805299/sys_console.o
 .debug_loc     0x0000ef8f      0x197 build/default/production/_ext/14461671/sys_dma.o
 .debug_loc     0x0000f126      0x161 build/default/production/_ext/1881668453/sys_int.o
 .debug_loc     0x0000f287     0x208d build/default/production/_ext/101884895/sys_time.o
 .debug_loc     0x00011314       0x20 build/default/production/_ext/1171490990/tasks.o
 .debug_loc     0x00011334       0x4b build/default/production/_ext/1171490990/initialization.o
 .debug_loc     0x0001137f       0x40 build/default/production/_ext/1171490990/interrupts.o
 .debug_loc     0x000113bf       0x6b build/default/production/_ext/1171490990/startup_xc32.o
 .debug_loc     0x0001142a      0x42e build/default/production/_ext/1360937237/can0_driver.o
 .debug_loc     0x00011858      0x334 build/default/production/_ext/1360937237/sht4x_driver.o
 .debug_loc     0x00011b8c      0x173 build/default/production/_ext/1360937237/rstc_driver.o
 .debug_loc     0x00011cff     0x1042 build/default/production/_ext/1360937237/ad9954_driver.o
 .debug_loc     0x00012d41      0x1b2 build/default/production/_ext/1360937237/rtc_driver.o
 .debug_loc     0x00012ef3      0x498 build/default/production/_ext/1360937237/mcp9808_driver.o
 .debug_loc     0x0001338b      0xd8c build/default/production/_ext/1360937237/bme690_driver.o
 .debug_loc     0x00014117       0xfa build/default/production/_ext/1360937237/fcm360w_driver.o
 .debug_loc     0x00014211       0x36 build/default/production/_ext/1360937237/console_driver.o
 .debug_loc     0x00014247     0x10d2 build/default/production/_ext/1360937237/hdc302x_driver.o
 .debug_loc     0x00015319      0x124 build/default/production/_ext/1360937237/ntc_driver.o
 .debug_loc     0x0001543d      0x120 build/default/production/_ext/1360937237/timer_driver.o
 .debug_loc     0x0001555d       0x82 build/default/production/_ext/1360937237/xm125_driver.o
 .debug_loc     0x000155df      0x2c4 build/default/production/_ext/1360937237/ws281x_driver.o
 .debug_loc     0x000158a3      0x992 build/default/production/_ext/1360937237/vcnl4200_driver.o
 .debug_loc     0x00016235      0x9b9 build/default/production/_ext/1360937237/sen63c_driver.o
 .debug_loc     0x00016bee      0x5bb build/default/production/_ext/1360937237/ssd1306_driver.o
 .debug_loc     0x000171a9       0x40 build/default/production/_ext/1360937237/app.o
 .debug_loc     0x000171e9       0x20 build/default/production/_ext/1360937237/main.o
 .debug_loc     0x00017209       0x16 build/default/production/_ext/1360937237/stcc4_driver.o
 .debug_loc     0x0001721f     0x15ac build/default/production/_ext/1360937237/bmp585_driver.o
 .debug_loc     0x000187cb      0x113 C:/Applications/Microchip/XC32/bin/bin/../../lib/gcc/pic32c/13.2.1/../../../../pic32c/lib/thumb/v6-m/nofp\libpic32c.a(data_init.o)
 .debug_loc     0x000188de      0x12d C:/Applications/Microchip/XC32/bin/bin/../../lib/gcc/pic32c/13.2.1/../../../../pic32c/lib/thumb/v6-m/nofp\libc-size-musl.a(memcpy.o)
 .debug_loc     0x00018a0b       0xe5 C:/Applications/Microchip/XC32/bin/bin/../../lib/gcc/pic32c/13.2.1/../../../../pic32c/lib/thumb/v6-m/nofp\libc-size-musl.a(memset.o)
 .debug_loc     0x00018af0       0x93 C:/Applications/Microchip/XC32/bin/bin/../../lib/gcc/pic32c/13.2.1/../../../../pic32c/lib/thumb/v6-m/nofp\libc-size-musl.a(strlen.o)
 .debug_loc     0x00018b83       0xc1 C:/Applications/Microchip/XC32/bin/bin/../../lib/gcc/pic32c/13.2.1/../../../../pic32c/lib/thumb/v6-m/nofp\libc-size-musl.a(strstr.o)
 .debug_loc     0x00018c44       0x98 C:/Applications/Microchip/XC32/bin/bin/../../lib/gcc/pic32c/13.2.1/../../../../pic32c/lib/thumb/v6-m/nofp\libc-size-musl.a(strchr.o)
 .debug_loc     0x00018cdc       0xdb C:/Applications/Microchip/XC32/bin/bin/../../lib/gcc/pic32c/13.2.1/../../../../pic32c/lib/thumb/v6-m/nofp\libc-size-musl.a(strchrnul.o)
 .debug_loc     0x00018db7       0x5e C:/Applications/Microchip/XC32/bin/bin/../../lib/gcc/pic32c/13.2.1/../../../../pic32c/lib/thumb/v6-m/nofp\libc-musl.a(__libc_start_main.o)
 .debug_loc     0x00018e15      0x120 C:/Applications/Microchip/XC32/bin/bin/../../lib/gcc/pic32c/13.2.1/../../../../pic32c/lib/thumb/v6-m/nofp\libc-musl.a(vsnprintf.o)
 .debug_loc     0x00018f35       0x6c C:/Applications/Microchip/XC32/bin/bin/../../lib/gcc/pic32c/13.2.1/../../../../pic32c/lib/thumb/v6-m/nofp\libc-musl.a(sprintf.o)
 .debug_loc     0x00018fa1       0x98 C:/Applications/Microchip/XC32/bin/bin/../../lib/gcc/pic32c/13.2.1/../../../../pic32c/lib/thumb/v6-m/nofp\libc-musl.a(vsprintf.o)
 .debug_loc     0x00019039       0xdc C:/Applications/Microchip/XC32/bin/bin/../../lib/gcc/pic32c/13.2.1/../../../../pic32c/lib/thumb/v6-m/nofp\libc-musl.a(vfprintf.o)
 .debug_loc     0x00019115       0xfb C:/Applications/Microchip/XC32/bin/bin/../../lib/gcc/pic32c/13.2.1/../../../../pic32c/lib/thumb/v6-m/nofp\libc-musl.a(__pop_float.o)
 .debug_loc     0x00019210      0x374 C:/Applications/Microchip/XC32/bin/bin/../../lib/gcc/pic32c/13.2.1/../../../../pic32c/lib/thumb/v6-m/nofp\libc-musl.a(__pop_int.o)
 .debug_loc     0x00019584      0x1a1 C:/Applications/Microchip/XC32/bin/bin/../../lib/gcc/pic32c/13.2.1/../../../../pic32c/lib/thumb/v6-m/nofp\libc-musl.a(__pop_ptr.o)
 .debug_loc     0x00019725      0x68c C:/Applications/Microchip/XC32/bin/bin/../../lib/gcc/pic32c/13.2.1/../../../../pic32c/lib/thumb/v6-m/nofp\libc-musl.a(__printf_core.o)
 .debug_loc     0x00019db1       0xbc C:/Applications/Microchip/XC32/bin/bin/../../lib/gcc/pic32c/13.2.1/../../../../pic32c/lib/thumb/v6-m/nofp\libc-musl.a(atoi.o)
 .debug_loc     0x00019e6d       0xa1 C:/Applications/Microchip/XC32/bin/bin/../../lib/gcc/pic32c/13.2.1/../../../../pic32c/lib/thumb/v6-m/nofp\libc-musl.a(tolower.o)
 .debug_loc     0x00019f0e      0xd70 C:/Applications/Microchip/XC32/bin/bin/../../lib/gcc/pic32c/13.2.1/../../../../pic32c/lib/thumb/v6-m/nofp\libc-musl.a(__fmt_a.o)
 .debug_loc     0x0001ac7e      0x2b3 C:/Applications/Microchip/XC32/bin/bin/../../lib/gcc/pic32c/13.2.1/../../../../pic32c/lib/thumb/v6-m/nofp\libc-musl.a(__fmt_d.o)
 .debug_loc     0x0001af31      0xc86 C:/Applications/Microchip/XC32/bin/bin/../../lib/gcc/pic32c/13.2.1/../../../../pic32c/lib/thumb/v6-m/nofp\libc-musl.a(__fmt_fp.o)
 .debug_loc     0x0001bbb7      0x13e C:/Applications/Microchip/XC32/bin/bin/../../lib/gcc/pic32c/13.2.1/../../../../pic32c/lib/thumb/v6-m/nofp\libc-musl.a(__fmt_o.o)
 .debug_loc     0x0001bcf5      0x150 C:/Applications/Microchip/XC32/bin/bin/../../lib/gcc/pic32c/13.2.1/../../../../pic32c/lib/thumb/v6-m/nofp\libc-musl.a(__fmt_s.o)
 .debug_loc     0x0001be45      0x13e C:/Applications/Microchip/XC32/bin/bin/../../lib/gcc/pic32c/13.2.1/../../../../pic32c/lib/thumb/v6-m/nofp\libc-musl.a(__fmt_u.o)
 .debug_loc     0x0001bf83      0x3d5 C:/Applications/Microchip/XC32/bin/bin/../../lib/gcc/pic32c/13.2.1/../../../../pic32c/lib/thumb/v6-m/nofp\libc-musl.a(__fmt_x.o)
 .debug_loc     0x0001c358       0xa1 C:/Applications/Microchip/XC32/bin/bin/../../lib/gcc/pic32c/13.2.1/../../../../pic32c/lib/thumb/v6-m/nofp\libc-musl.a(toupper.o)
 .debug_loc     0x0001c3f9      0x1d9 C:/Applications/Microchip/XC32/bin/bin/../../lib/gcc/pic32c/13.2.1/../../../../pic32c/lib/thumb/v6-m/nofp\libc-musl.a(__cvt_u.o)
 .debug_loc     0x0001c5d2       0x7a C:/Applications/Microchip/XC32/bin/bin/../../lib/gcc/pic32c/13.2.1/../../../../pic32c/lib/thumb/v6-m/nofp\libc-size-musl.a(strcpy.o)
 .debug_loc     0x0001c64c       0xb5 C:/Applications/Microchip/XC32/bin/bin/../../lib/gcc/pic32c/13.2.1/../../../../pic32c/lib/thumb/v6-m/nofp\libc-size-musl.a(stpcpy.o)
 .debug_loc     0x0001c701      0x12d C:/Applications/Microchip/XC32/bin/bin/../../lib/gcc/pic32c/13.2.1/thumb/v6-m/nofp\libgcc.a(_muldi3.o)
 .debug_loc     0x0001c82e      0x28a C:/Applications/Microchip/XC32/bin/bin/../../lib/gcc/pic32c/13.2.1/thumb/v6-m/nofp\libgcc.a(_udivmoddi4.o)
 .debug_loc     0x0001cab8       0xf7 C:/Applications/Microchip/XC32/bin/bin/../../lib/gcc/pic32c/13.2.1/../../../../pic32c/lib/thumb/v6-m/nofp\libpic32c.a(pic32_data_init_clear.o)
 .debug_loc     0x0001cbaf      0x197 C:/Applications/Microchip/XC32/bin/bin/../../lib/gcc/pic32c/13.2.1/../../../../pic32c/lib/thumb/v6-m/nofp\libpic32c.a(pic32_data_init_copy.o)

.debug_aranges  0x00000000     0x29b8
 .debug_aranges
                0x00000000       0xc0 build/default/production/_ext/158385033/drv_i2c.o
 .debug_aranges
                0x000000c0       0xb8 build/default/production/_ext/2070931557/drv_spi.o
 .debug_aranges
                0x00000178      0x110 build/default/production/_ext/869808652/drv_usart.o
 .debug_aranges
                0x00000288       0x50 build/default/production/_ext/829343244/plib_ac.o
 .debug_aranges
                0x000002d8       0x88 build/default/production/_ext/60163342/plib_adc0.o
 .debug_aranges
                0x00000360       0xa0 build/default/production/_ext/60165182/plib_can0.o
 .debug_aranges
                0x00000400       0x20 build/default/production/_ext/60165242/plib_ccl.o
 .debug_aranges
                0x00000420       0x30 build/default/production/_ext/1984496892/plib_clock.o
 .debug_aranges
                0x00000450       0x30 build/default/production/_ext/60166132/plib_dac.o
 .debug_aranges
                0x00000480       0x98 build/default/production/_ext/1865161661/plib_dmac.o
 .debug_aranges