Archive member included to satisfy reference by file (symbol)

c:/applications/microchip/xc32/bin/bin/../../lib/gcc/pic32c/8.3.1/../../../../pic32c/lib/thumb/v6-m/nofp\libpic32c.a(data_init.o)
                              build/default/production/_ext/1171490990/startup_xc32.o (__pic32c_data_initialization)
c:/applications/microchip/xc32/bin/bin/../../lib/gcc/pic32c/8.3.1/../../../../pic32c/lib/thumb/v6-m/nofp\libc-size-musl.a(memcpy.o)
                              build/default/production/_ext/60165182/plib_can0.o (memcpy)
c:/applications/microchip/xc32/bin/bin/../../lib/gcc/pic32c/8.3.1/../../../../pic32c/lib/thumb/v6-m/nofp\libc-size-musl.a(memset.o)
                              build/default/production/_ext/60165182/plib_can0.o (memset)
c:/applications/microchip/xc32/bin/bin/../../lib/gcc/pic32c/8.3.1/../../../../pic32c/lib/thumb/v6-m/nofp\libc-size-musl.a(strlen.o)
                              build/default/production/_ext/1832805299/sys_console.o (strlen)
c:/applications/microchip/xc32/bin/bin/../../lib/gcc/pic32c/8.3.1/../../../../pic32c/lib/thumb/v6-m/nofp\libm-fast-emfloat.a(__aeabi_fadd.o)
                              build/default/production/_ext/508257091/plib_sercom0_i2c_master.o (__aeabi_fadd)
c:/applications/microchip/xc32/bin/bin/../../lib/gcc/pic32c/8.3.1/../../../../pic32c/lib/thumb/v6-m/nofp\libm-fast-emfloat.a(__aeabi_dadd.o)
                              build/default/production/_ext/1360937237/mcp9808_driver.o (__aeabi_dadd)
c:/applications/microchip/xc32/bin/bin/../../lib/gcc/pic32c/8.3.1/../../../../pic32c/lib/thumb/v6-m/nofp\libm-fast-emfloat.a(__aeabi_fsub.o)
                              build/default/production/_ext/508257091/plib_sercom0_i2c_master.o (__aeabi_fsub)
c:/applications/microchip/xc32/bin/bin/../../lib/gcc/pic32c/8.3.1/../../../../pic32c/lib/thumb/v6-m/nofp\libm-fast-emfloat.a(__aeabi_fmul.o)
                              build/default/production/_ext/60165182/plib_can0.o (__aeabi_fmul)
c:/applications/microchip/xc32/bin/bin/../../lib/gcc/pic32c/8.3.1/../../../../pic32c/lib/thumb/v6-m/nofp\libm-fast-emfloat.a(__aeabi_dmul_aux.o)
                              build/default/production/_ext/1360937237/mcp9808_driver.o (__aeabi_dmul)
c:/applications/microchip/xc32/bin/bin/../../lib/gcc/pic32c/8.3.1/../../../../pic32c/lib/thumb/v6-m/nofp\libm-fast-emfloat.a(__aeabi_fdiv.o)
                              build/default/production/_ext/60165182/plib_can0.o (__aeabi_fdiv)
c:/applications/microchip/xc32/bin/bin/../../lib/gcc/pic32c/8.3.1/../../../../pic32c/lib/thumb/v6-m/nofp\libm-fast-emfloat.a(__aeabi_fcmplt.o)
                              build/default/production/_ext/60165182/plib_can0.o (__aeabi_fcmplt)
c:/applications/microchip/xc32/bin/bin/../../lib/gcc/pic32c/8.3.1/../../../../pic32c/lib/thumb/v6-m/nofp\libm-fast-emfloat.a(__aeabi_f2iz.o)
                              build/default/production/_ext/504274921/plib_sercom3_usart.o (__aeabi_f2iz)
c:/applications/microchip/xc32/bin/bin/../../lib/gcc/pic32c/8.3.1/../../../../pic32c/lib/thumb/v6-m/nofp\libm-fast-emfloat.a(__aeabi_f2uiz.o)
                              build/default/production/_ext/60165182/plib_can0.o (__aeabi_f2uiz)
c:/applications/microchip/xc32/bin/bin/../../lib/gcc/pic32c/8.3.1/../../../../pic32c/lib/thumb/v6-m/nofp\libm-fast-emfloat.a(__aeabi_i2f.o)
                              build/default/production/_ext/504274921/plib_sercom3_usart.o (__aeabi_i2f)
c:/applications/microchip/xc32/bin/bin/../../lib/gcc/pic32c/8.3.1/../../../../pic32c/lib/thumb/v6-m/nofp\libm-fast-emfloat.a(__aeabi_ui2f.o)
                              build/default/production/_ext/60165182/plib_can0.o (__aeabi_ui2f)
c:/applications/microchip/xc32/bin/bin/../../lib/gcc/pic32c/8.3.1/../../../../pic32c/lib/thumb/v6-m/nofp\libm-fast-emfloat.a(__aeabi_f2d.o)
                              build/default/production/_ext/1360937237/bme690_driver.o (__aeabi_f2d)
c:/applications/microchip/xc32/bin/bin/../../lib/gcc/pic32c/8.3.1/../../../../pic32c/lib/thumb/v6-m/nofp\libm-fast-emfloat.a(__aeabi_d2f.o)
                              build/default/production/_ext/1360937237/mcp9808_driver.o (__aeabi_d2f)
c:/applications/microchip/xc32/bin/bin/../../lib/gcc/pic32c/8.3.1/../../../../pic32c/lib/thumb/v6-m/nofp\libc-musl.a(__libc_start_main.o)
                              build/default/production/_ext/1171490990/startup_xc32.o (__libc_init_array)
c:/applications/microchip/xc32/bin/bin/../../lib/gcc/pic32c/8.3.1/../../../../pic32c/lib/thumb/v6-m/nofp\libc-musl.a(libc.o)
                              c:/applications/microchip/xc32/bin/bin/../../lib/gcc/pic32c/8.3.1/../../../../pic32c/lib/thumb/v6-m/nofp\libc-musl.a(__libc_start_main.o) (__progname_full)
c:/applications/microchip/xc32/bin/bin/../../lib/gcc/pic32c/8.3.1/../../../../pic32c/lib/thumb/v6-m/nofp\libc-musl.a(vsnprintf.o)
                              build/default/production/_ext/1832805299/sys_console.o (vsnprintf)
[...]
Memory Configuration

Name             Origin             Length             Attributes
rom              0x0000000000000000 0x0000000000080000 xrl
ram              0x0000000020000000 0x0000000000010000 xw !r
config_00804000  0x0000000000804000 0x0000000000000004
config_00804004  0x0000000000804004 0x0000000000000004
*default*        0x0000000000000000 0xffffffffffffffff

Linker script and memory map

LOAD c:/applications/microchip/xc32/bin/bin/../../lib/gcc/pic32c/8.3.1/thumb/v6-m/nofp/crti.o
LOAD c:/applications/microchip/xc32/bin/bin/../../lib/gcc/pic32c/8.3.1/thumb/v6-m/nofp/crtbegin.o
LOAD build/default/production/_ext/158385033/drv_i2c.o
LOAD build/default/production/_ext/2070931557/drv_spi.o
LOAD build/default/production/_ext/869808652/drv_usart.o
LOAD build/default/production/_ext/60163342/plib_adc0.o
LOAD build/default/production/_ext/60165182/plib_can0.o
LOAD build/default/production/_ext/60165242/plib_ccl.o
LOAD build/default/production/_ext/1984496892/plib_clock.o
LOAD build/default/production/_ext/60166132/plib_dac.o
LOAD build/default/production/_ext/1985337713/plib_divas.o
LOAD build/default/production/_ext/1865161661/plib_dmac.o
LOAD build/default/production/_ext/60167341/plib_eic.o
LOAD build/default/production/_ext/1986646378/plib_evsys.o
LOAD build/default/production/_ext/1987437027/plib_freqm.o
LOAD build/default/production/_ext/1865468468/plib_nvic.o
LOAD build/default/production/_ext/1593096446/plib_nvmctrl.o
LOAD build/default/production/_ext/1865510628/plib_pdec.o
LOAD build/default/production/_ext/829342769/plib_pm.o
LOAD build/default/production/_ext/1865521619/plib_port.o
LOAD build/default/production/_ext/1865585090/plib_rstc.o
LOAD build/default/production/_ext/60180175/plib_rtc_timer.o
LOAD build/default/production/_ext/508257091/plib_sercom0_i2c_master.o
LOAD build/default/production/_ext/17022449/plib_sercom1_spi_master.o
LOAD build/default/production/_ext/504274921/plib_sercom3_usart.o
LOAD build/default/production/_ext/504274921/plib_sercom2_usart.o
LOAD build/default/production/_ext/1865616679/plib_supc.o
LOAD build/default/production/_ext/829342655/plib_tc0.o
LOAD build/default/production/_ext/829342655/plib_tc1.o
LOAD build/default/production/_ext/60181570/plib_tcc0.o
LOAD build/default/production/_ext/163028504/xc32_monitor.o
LOAD build/default/production/_ext/1832805299/sys_console.o
LOAD build/default/production/_ext/1832805299/sys_console_uart.o
LOAD build/default/production/_ext/14461671/sys_dma.o
LOAD build/default/production/_ext/1881668453/sys_int.o
LOAD build/default/production/_ext/1000052432/sys_reset.o
LOAD build/default/production/_ext/101884895/sys_time.o
LOAD build/default/production/_ext/1171490990/tasks.o
LOAD build/default/production/_ext/1171490990/initialization.o
LOAD build/default/production/_ext/1171490990/interrupts.o
LOAD build/default/production/_ext/1171490990/startup_xc32.o
LOAD build/default/production/_ext/1171490990/libc_syscalls.o
LOAD build/default/production/_ext/1171490990/exceptions.o
LOAD build/default/production/_ext/1360937237/bme690_driver.o
LOAD build/default/production/_ext/1360937237/can0_driver.o
LOAD build/default/production/_ext/1360937237/console_driver.o
LOAD build/default/production/_ext/1360937237/fcm360w_driver.o
LOAD build/default/production/_ext/1360937237/hdc302x_driver.o
LOAD build/default/production/_ext/1360937237/mcp9808_driver.o
LOAD build/default/production/_ext/1360937237/rstc_driver.o
LOAD build/default/production/_ext/1360937237/rtc_driver.o
LOAD build/default/production/_ext/1360937237/sht4x_driver.o
LOAD build/default/production/_ext/1360937237/timer_driver.o
LOAD build/default/production/_ext/1360937237/xm125_driver.o
LOAD build/default/production/_ext/1360937237/main.o
LOAD build/default/production/_ext/1360937237/ntc_driver.o
LOAD build/default/production/_ext/1360937237/ad9954_driver.o
                0x0000000000000001                __MPLAB_BUILD = 0x1
                0x0000000000080000                __rom_end = (ORIGIN (rom) + LENGTH (rom))
                0x0000000020010000                __ram_end = (ORIGIN (ram) + LENGTH (ram))

.config_00804000
 *(.config_00804000)

.config_00804004
 *(.config_00804004)

.vectors        0x0000000000000000       0xc0
                0x0000000000000000                . = ALIGN (0x4)
                0x0000000000000000                _sfixed = .
 *(.vectors .vectors.* .vectors_default .vectors_default.*)
 .vectors.exception_table
                0x0000000000000000       0xc0 build/default/production/_ext/1171490990/interrupts.o
                0x0000000000000000                exception_table
 *(.isr_vector)
 *(.reset*)
 *(.after_vectors)

.text           0x00000000000000c0       0x20
                0x00000000000000c0                . = ALIGN (0x4)
 *(.glue_7t)
 .glue_7t       0x00000000000000c0        0x0 linker stubs
 *(.glue_7)
 .glue_7        0x00000000000000c0        0x0 linker stubs
 *(.gnu.linkonce.r.*)
 *(.ARM.extab* .gnu.linkonce.armextab.*)
                0x00000000000000c0                . = ALIGN (0x4)
 *(.init)
 .init          0x00000000000000c0        0x4 c:/applications/microchip/xc32/bin/bin/../../lib/gcc/pic32c/8.3.1/thumb/v6-m/nofp/crti.o
                0x00000000000000c0                _init
 .init          0x00000000000000c4        0x8 c:/applications/microchip/xc32/bin/bin/../../lib/gcc/pic32c/8.3.1/thumb/v6-m/nofp/crtn.o
                0x00000000000000cc                . = ALIGN (0x4)
                0x00000000000000cc                __preinit_array_start = .
 *(.preinit_array)
                0x00000000000000cc                __preinit_array_end = .
                0x00000000000000cc                . = ALIGN (0x4)
                0x00000000000000cc                __init_array_start = .
 *(SORT_BY_NAME(.init_array.*))
 *(.init_array)
 .init_array    0x00000000000000cc        0x4 c:/applications/microchip/xc32/bin/bin/../../lib/gcc/pic32c/8.3.1/thumb/v6-m/nofp/crtbegin.o
                0x00000000000000d0                __init_array_end = .
                0x00000000000000d0                . = ALIGN (0x4)
 *crtbegin.o(.ctors)
 *(EXCLUDE_FILE(*crtend.o) .ctors)
 *(SORT_BY_NAME(.ctors.*))
 *crtend.o(.ctors)
                0x00000000000000d0                . = ALIGN (0x4)
 *(.fini)
 .fini          0x00000000000000d0        0x4 c:/applications/microchip/xc32/bin/bin/../../lib/gcc/pic32c/8.3.1/thumb/v6-m/nofp/crti.o
                0x00000000000000d0                _fini
 .fini          0x00000000000000d4        0x8 c:/applications/microchip/xc32/bin/bin/../../lib/gcc/pic32c/8.3.1/thumb/v6-m/nofp/crtn.o
                0x00000000000000dc                . = ALIGN (0x4)
                0x00000000000000dc                __fini_array_start = .
 *(.fini_array)
 .fini_array    0x00000000000000dc        0x4 c:/applications/microchip/xc32/bin/bin/../../lib/gcc/pic32c/8.3.1/thumb/v6-m/nofp/crtbegin.o
 *(SORT_BY_NAME(.fini_array.*))
                0x00000000000000e0                __fini_array_end = .
 *crtbegin.o(.dtors)
 *(EXCLUDE_FILE(*crtend.o) .dtors)
 *(SORT_BY_NAME(.dtors.*))
 *crtend.o(.dtors)
                0x00000000000000e0                . = ALIGN (0x4)
                0x00000000000000e0                _efixed = .
                [!provide]                        PROVIDE (__exidx_start = .)

.ARM.exidx      0x00000000000000e0        0x8
 *(.ARM.exidx* .gnu.linkonce.armexidx.*)
 .ARM.exidx     0x00000000000000e0        0x8 c:/applications/microchip/xc32/bin/bin/../../lib/gcc/pic32c/8.3.1/thumb/v6-m/nofp\libgcc.a(_udivmoddi4.o)
                [!provide]                        PROVIDE (__exidx_end = .)
                0x00000000000000e8                . = ALIGN (0x4)
                0x00000000000000e8                _etext = .

.bss            0x0000000020000000        0x0
                0x0000000020000000                . = ALIGN (0x4)
                0x0000000020000000                __bss_start__ = .
                0x0000000020000000                _sbss = .
                0x0000000020000000                _szero = .
 *(COMMON)
                0x0000000020000000                . = ALIGN (0x4)
                0x0000000020000000                __bss_end__ = .
                0x0000000020000000                _ebss = .
                0x0000000020000000                _ezero = .
                0x0000000020000000                . = ALIGN (0x4)
                0x0000000020000000                _end = .
                0x000000002000ffff                _ram_end_ = ((ORIGIN (ram) + LENGTH (ram)) - 0x1)
                0x0000000000001000                _min_heap_size = 0x1000
START GROUP
LOAD c:/applications/microchip/xc32/bin/bin/../../lib/gcc/pic32c/8.3.1/../../../../pic32c/lib/thumb/v6-m/nofp\libpic32c.a
LOAD c:/applications/microchip/xc32/bin/bin/../../lib/gcc/pic32c/8.3.1/../../../../pic32c/lib/thumb/v6-m/nofp\libc-size-musl.a
LOAD c:/applications/microchip/xc32/bin/bin/../../lib/gcc/pic32c/8.3.1/../../../../pic32c/lib/thumb/v6-m/nofp\liblmalloc-musl.a
LOAD c:/applications/microchip/xc32/bin/bin/../../lib/gcc/pic32c/8.3.1/../../../../pic32c/lib/thumb/v6-m/nofp\libm-fast-emfloat.a
LOAD c:/applications/microchip/xc32/bin/bin/../../lib/gcc/pic32c/8.3.1/../../../../pic32c/lib/thumb/v6-m/nofp\libm-musl.a
LOAD c:/applications/microchip/xc32/bin/bin/../../lib/gcc/pic32c/8.3.1/../../../../pic32c/lib/thumb/v6-m/nofp\libc-musl.a
LOAD c:/applications/microchip/xc32/bin/bin/../../lib/gcc/pic32c/8.3.1/../../../../pic32c/lib/thumb/v6-m/nofp\libm-fast-emfloat.a
LOAD c:/applications/microchip/xc32/bin/bin/../../lib/gcc/pic32c/8.3.1/../../../../pic32c/lib/thumb/v6-m/nofp\libm-musl.a
LOAD c:/applications/microchip/xc32/bin/bin/../../lib/gcc/pic32c/8.3.1/thumb/v6-m/nofp\libgcc.a
END GROUP
LOAD c:/applications/microchip/xc32/bin/bin/../../lib/gcc/pic32c/8.3.1/thumb/v6-m/nofp/crtend.o
LOAD c:/applications/microchip/xc32/bin/bin/../../lib/gcc/pic32c/8.3.1/thumb/v6-m/nofp/crtn.o
OUTPUT(dist/default/production/PIC32CMxxxxJH01_DRIVER.X.production.elf elf32-littlearm)
LOAD data_init
LOAD stack

.ARM.attributes
                0x0000000000000000       0x2a
 .ARM.attributes
                0x0000000000000000       0x1e c:/applications/microchip/xc32/bin/bin/../../lib/gcc/pic32c/8.3.1/thumb/v6-m/nofp/crti.o
 .ARM.attributes
                0x000000000000001e       0x2c c:/applications/microchip/xc32/bin/bin/../../lib/gcc/pic32c/8.3.1/thumb/v6-m/nofp/crtbegin.o
 .ARM.attributes
                0x000000000000004a       0x2c build/default/production/_ext/158385033/drv_i2c.o
 .ARM.attributes
                0x0000000000000076       0x2c build/default/production/_ext/2070931557/drv_spi.o
 .ARM.attributes
                0x00000000000000a2       0x2c build/default/production/_ext/869808652/drv_usart.o
 .ARM.attributes
                0x00000000000000ce       0x2c build/default/production/_ext/60163342/plib_adc0.o
 .ARM.attributes
                0x00000000000000fa       0x2c build/default/production/_ext/60165182/plib_can0.o
 .ARM.attributes
                0x0000000000000126       0x2c build/default/production/_ext/60165242/plib_ccl.o
 .ARM.attributes
                0x0000000000000152       0x2c build/default/production/_ext/1984496892/plib_clock.o
 .ARM.attributes
                0x000000000000017e       0x2c build/default/production/_ext/60166132/plib_dac.o
 .ARM.attributes
                0x00000000000001aa       0x2c build/default/production/_ext/1865161661/plib_dmac.o
 .ARM.attributes
                0x00000000000001d6       0x2c build/default/production/_ext/60167341/plib_eic.o
 .ARM.attributes
                0x0000000000000202       0x2c build/default/production/_ext/1986646378/plib_evsys.o
 .ARM.attributes
                0x000000000000022e       0x2c build/default/production/_ext/1987437027/plib_freqm.o
 .ARM.attributes
                0x000000000000025a       0x2c build/default/production/_ext/1865468468/plib_nvic.o
 .ARM.attributes
                0x0000000000000286       0x2c build/default/production/_ext/1593096446/plib_nvmctrl.o
 .ARM.attributes
                0x00000000000002b2       0x2c build/default/production/_ext/1865510628/plib_pdec.o
 .ARM.attributes
                0x00000000000002de       0x2c build/default/production/_ext/829342769/plib_pm.o
 .ARM.attributes
                0x000000000000030a       0x2c build/default/production/_ext/1865521619/plib_port.o
 .ARM.attributes
                0x0000000000000336       0x2c build/default/production/_ext/1865585090/plib_rstc.o
 .ARM.attributes
                0x0000000000000362       0x2c build/default/production/_ext/60180175/plib_rtc_timer.o
 .ARM.attributes
                0x000000000000038e       0x2c build/default/production/_ext/508257091/plib_sercom0_i2c_master.o
 .ARM.attributes
                0x00000000000003ba       0x2c build/default/production/_ext/17022449/plib_sercom1_spi_master.o
 .ARM.attributes
                0x00000000000003e6       0x2c build/default/production/_ext/504274921/plib_sercom3_usart.o
 .ARM.attributes
                0x0000000000000412       0x2c build/default/production/_ext/504274921/plib_sercom2_usart.o
 .ARM.attributes
                0x000000000000043e       0x2c build/default/production/_ext/1865616679/plib_supc.o
 .ARM.attributes
                0x000000000000046a       0x2c build/default/production/_ext/829342655/plib_tc0.o
 .ARM.attributes
                0x0000000000000496       0x2c build/default/production/_ext/829342655/plib_tc1.o
 .ARM.attributes
                0x00000000000004c2       0x2c build/default/production/_ext/60181570/plib_tcc0.o
 .ARM.attributes
                0x00000000000004ee       0x2c build/default/production/_ext/1832805299/sys_console.o
 .ARM.attributes
                0x000000000000051a       0x2c build/default/production/_ext/1832805299/sys_console_uart.o
 .ARM.attributes
                0x0000000000000546       0x2c build/default/production/_ext/14461671/sys_dma.o
 .ARM.attributes
                0x0000000000000572       0x2c build/default/production/_ext/1881668453/sys_int.o
 .ARM.attributes
                0x000000000000059e       0x2c build/default/production/_ext/101884895/sys_time.o
 .ARM.attributes
                0x00000000000005ca       0x2c build/default/production/_ext/1171490990/tasks.o
 .ARM.attributes
                0x00000000000005f6       0x2c build/default/production/_ext/1171490990/initialization.o
 .ARM.attributes
                0x0000000000000622       0x2c build/default/production/_ext/1171490990/interrupts.o
 .ARM.attributes
                0x000000000000064e       0x2c build/default/production/_ext/1171490990/startup_xc32.o
 .ARM.attributes
                0x000000000000067a       0x2c build/default/production/_ext/1171490990/exceptions.o
 .ARM.attributes
                0x00000000000006a6       0x2c build/default/production/_ext/1360937237/bme690_driver.o
 .ARM.attributes
                0x00000000000006d2       0x2c build/default/production/_ext/1360937237/can0_driver.o
 .ARM.attributes
                0x00000000000006fe       0x2c build/default/production/_ext/1360937237/console_driver.o
 .ARM.attributes
                0x000000000000072a       0x2c build/default/production/_ext/1360937237/fcm360w_driver.o
 .ARM.attributes
                0x0000000000000756       0x2c build/default/production/_ext/1360937237/hdc302x_driver.o
 .ARM.attributes
                0x0000000000000782       0x2c build/default/production/_ext/1360937237/mcp9808_driver.o
 .ARM.attributes
                0x00000000000007ae       0x2c build/default/production/_ext/1360937237/rstc_driver.o
 .ARM.attributes
                0x00000000000007da       0x2c build/default/production/_ext/1360937237/rtc_driver.o
 .ARM.attributes
                0x0000000000000806       0x2c build/default/production/_ext/1360937237/sht4x_driver.o
 .ARM.attributes
                0x0000000000000832       0x2c build/default/production/_ext/1360937237/timer_driver.o
 .ARM.attributes
                0x000000000000085e       0x2c build/default/production/_ext/1360937237/xm125_driver.o
 .ARM.attributes
                0x000000000000088a       0x2c build/default/production/_ext/1360937237/main.o
 .ARM.attributes
                0x00000000000008b6       0x2c build/default/production/_ext/1360937237/ntc_driver.o
 .ARM.attributes
                0x00000000000008e2       0x2c build/default/production/_ext/1360937237/ad9954_driver.o
 .ARM.attributes
                0x000000000000090e       0x2c c:/applications/microchip/xc32/bin/bin/../../lib/gcc/pic32c/8.3.1/../../../../pic32c/lib/thumb/v6-m/nofp\libpic32c.a(data_init.o)
 .ARM.attributes
                0x000000000000093a       0x2e c:/applications/microchip/xc32/bin/bin/../../lib/gcc/pic32c/8.3.1/../../../../pic32c/lib/thumb/v6-m/nofp\libc-size-musl.a(memcpy.o)
 .ARM.attributes
                0x0000000000000968       0x2e c:/applications/microchip/xc32/bin/bin/../../lib/gcc/pic32c/8.3.1/../../../../pic32c/lib/thumb/v6-m/nofp\libc-size-musl.a(memset.o)
 .ARM.attributes
                0x0000000000000996       0x1c c:/applications/microchip/xc32/bin/bin/../../lib/gcc/pic32c/8.3.1/../../../../pic32c/lib/thumb/v6-m/nofp\libm-fast-emfloat.a(__aeabi_fadd.o)
 .ARM.attributes
                0x00000000000009b2       0x1c c:/applications/microchip/xc32/bin/bin/../../lib/gcc/pic32c/8.3.1/../../../../pic32c/lib/thumb/v6-m/nofp\libm-fast-emfloat.a(__aeabi_dadd.o)
 .ARM.attributes
                0x00000000000009ce       0x1c c:/applications/microchip/xc32/bin/bin/../../lib/gcc/pic32c/8.3.1/../../../../pic32c/lib/thumb/v6-m/nofp\libm-fast-emfloat.a(__aeabi_fsub.o)
 .ARM.attributes
                0x00000000000009ea       0x1c c:/applications/microchip/xc32/bin/bin/../../lib/gcc/pic32c/8.3.1/../../../../pic32c/lib/thumb/v6-m/nofp\libm-fast-emfloat.a(__aeabi_fmul.o)
 .ARM.attributes
                0x0000000000000a06       0x1c c:/applications/microchip/xc32/bin/bin/../../lib/gcc/pic32c/8.3.1/../../../../pic32c/lib/thumb/v6-m/nofp\libm-fast-emfloat.a(__aeabi_dmul_aux.o)
 .ARM.attributes
                0x0000000000000a22       0x1c c:/applications/microchip/xc32/bin/bin/../../lib/gcc/pic32c/8.3.1/../../../../pic32c/lib/thumb/v6-m/nofp\libm-fast-emfloat.a(__aeabi_fdiv.o)
 .ARM.attributes
                0x0000000000000a3e       0x1c c:/applications/microchip/xc32/bin/bin/../../lib/gcc/pic32c/8.3.1/../../../../pic32c/lib/thumb/v6-m/nofp\libm-fast-emfloat.a(__aeabi_f2iz.o)
 .ARM.attributes
                0x0000000000000a5a       0x1c c:/applications/microchip/xc32/bin/bin/../../lib/gcc/pic32c/8.3.1/../../../../pic32c/lib/thumb/v6-m/nofp\libm-fast-emfloat.a(__aeabi_f2uiz.o)
 .ARM.attributes
                0x0000000000000a76       0x1c c:/applications/microchip/xc32/bin/bin/../../lib/gcc/pic32c/8.3.1/../../../../pic32c/lib/thumb/v6-m/nofp\libm-fast-emfloat.a(__aeabi_i2f.o)
 .ARM.attributes
                0x0000000000000a92       0x1c c:/applications/microchip/xc32/bin/bin/../../lib/gcc/pic32c/8.3.1/../../../../pic32c/lib/thumb/v6-m/nofp\libm-fast-emfloat.a(__aeabi_ui2f.o)
 .ARM.attributes
                0x0000000000000aae       0x1c c:/applications/microchip/xc32/bin/bin/../../lib/gcc/pic32c/8.3.1/../../../../pic32c/lib/thumb/v6-m/nofp\libm-fast-emfloat.a(__aeabi_f2d.o)
 .ARM.attributes
                0x0000000000000aca       0x1c c:/applications/microchip/xc32/bin/bin/../../lib/gcc/pic32c/8.3.1/../../../../pic32c/lib/thumb/v6-m/nofp\libm-fast-emfloat.a(__aeabi_d2f.o)
 .ARM.attributes
                0x0000000000000ae6       0x2e c:/applications/microchip/xc32/bin/bin/../../lib/gcc/pic32c/8.3.1/../../../../pic32c/lib/thumb/v6-m/nofp\libc-musl.a(__libc_start_main.o)
 .ARM.attributes
                0x0000000000000b14       0x2e c:/applications/microchip/xc32/bin/bin/../../lib/gcc/pic32c/8.3.1/../../../../pic32c/lib/thumb/v6-m/nofp\libc-musl.a(libc.o)
 .ARM.attributes
                0x0000000000000b42       0x2e c:/applications/microchip/xc32/bin/bin/../../lib/gcc/pic32c/8.3.1/../../../../pic32c/lib/thumb/v6-m/nofp\libc-musl.a(__environ.o)
 .ARM.attributes
                0x0000000000000b70       0x1e c:/applications/microchip/xc32/bin/bin/../../lib/gcc/pic32c/8.3.1/thumb/v6-m/nofp\libgcc.a(_udivsi3.o)
 .ARM.attributes
                0x0000000000000b8e       0x1e c:/applications/microchip/xc32/bin/bin/../../lib/gcc/pic32c/8.3.1/thumb/v6-m/nofp\libgcc.a(_dvmd_tls.o)
 .ARM.attributes
                0x0000000000000bac       0x1e c:/applications/microchip/xc32/bin/bin/../../lib/gcc/pic32c/8.3.1/thumb/v6-m/nofp\libgcc.a(_aeabi_uldivmod.o)
 .ARM.attributes
                0x0000000000000bca       0x2c c:/applications/microchip/xc32/bin/bin/../../lib/gcc/pic32c/8.3.1/thumb/v6-m/nofp\libgcc.a(_muldi3.o)
 .ARM.attributes
                0x0000000000000bf6       0x2c c:/applications/microchip/xc32/bin/bin/../../lib/gcc/pic32c/8.3.1/thumb/v6-m/nofp\libgcc.a(_udivmoddi4.o)
 .ARM.attributes
                0x0000000000000c22       0x1e c:/applications/microchip/xc32/bin/bin/../../lib/gcc/pic32c/8.3.1/thumb/v6-m/nofp\libgcc.a(_lshrdi3.o)
 .ARM.attributes
                0x0000000000000c40       0x1e c:/applications/microchip/xc32/bin/bin/../../lib/gcc/pic32c/8.3.1/thumb/v6-m/nofp\libgcc.a(_ashldi3.o)
 .ARM.attributes
                0x0000000000000c5e       0x1e c:/applications/microchip/xc32/bin/bin/../../lib/gcc/pic32c/8.3.1/thumb/v6-m/nofp\libgcc.a(_clzdi2.o)
 .ARM.attributes
                0x0000000000000c7c       0x1e c:/applications/microchip/xc32/bin/bin/../../lib/gcc/pic32c/8.3.1/thumb/v6-m/nofp\libgcc.a(_clzsi2.o)
 .ARM.attributes
                0x0000000000000c9a       0x1e c:/applications/microchip/xc32/bin/bin/../../lib/gcc/pic32c/8.3.1/thumb/v6-m/nofp/crtn.o
 .ARM.attributes
                0x0000000000000cb8       0x2c c:/applications/microchip/xc32/bin/bin/../../lib/gcc/pic32c/8.3.1/../../../../pic32c/lib/thumb/v6-m/nofp\libpic32c.a(pic32_data_init_clear.o)
 .ARM.attributes
                0x0000000000000ce4       0x2c c:/applications/microchip/xc32/bin/bin/../../lib/gcc/pic32c/8.3.1/../../../../pic32c/lib/thumb/v6-m/nofp\libpic32c.a(pic32_data_init_copy.o)

.comment        0x0000000000000000       0x2b
 .comment       0x0000000000000000       0x2b c:/applications/microchip/xc32/bin/bin/../../lib/gcc/pic32c/8.3.1/thumb/v6-m/nofp/crtbegin.o
                                         0x2c (size before relaxing)
 .comment       0x000000000000002b       0x2c build/default/production/_ext/158385033/drv_i2c.o
 .comment       0x000000000000002b       0x2c build/default/production/_ext/2070931557/drv_spi.o
 .comment       0x000000000000002b       0x2c build/default/production/_ext/869808652/drv_usart.o
 .comment       0x000000000000002b       0x2c build/default/production/_ext/60163342/plib_adc0.o
 .comment       0x000000000000002b       0x2c build/default/production/_ext/60165182/plib_can0.o
 .comment       0x000000000000002b       0x2c build/default/production/_ext/60165242/plib_ccl.o
 .comment       0x000000000000002b       0x2c build/default/production/_ext/1984496892/plib_clock.o
 .comment       0x000000000000002b       0x2c build/default/production/_ext/60166132/plib_dac.o
 .comment       0x000000000000002b       0x2c build/default/production/_ext/1865161661/plib_dmac.o
 .comment       0x000000000000002b       0x2c build/default/production/_ext/60167341/plib_eic.o
 .comment       0x000000000000002b       0x2c build/default/production/_ext/1986646378/plib_evsys.o
 .comment       0x000000000000002b       0x2c build/default/production/_ext/1987437027/plib_freqm.o
 .comment       0x000000000000002b       0x2c build/default/production/_ext/1865468468/plib_nvic.o
 .comment       0x000000000000002b       0x2c build/default/production/_ext/1593096446/plib_nvmctrl.o
 .comment       0x000000000000002b       0x2c build/default/production/_ext/1865510628/plib_pdec.o
 .comment       0x000000000000002b       0x2c build/default/production/_ext/829342769/plib_pm.o
 .comment       0x000000000000002b       0x2c build/default/production/_ext/1865521619/plib_port.o
 .comment       0x000000000000002b       0x2c build/default/production/_ext/1865585090/plib_rstc.o
 .comment       0x000000000000002b       0x2c build/default/production/_ext/60180175/plib_rtc_timer.o
 .comment       0x000000000000002b       0x2c build/default/production/_ext/508257091/plib_sercom0_i2c_master.o
 .comment       0x000000000000002b       0x2c build/default/production/_ext/17022449/plib_sercom1_spi_master.o
 .comment       0x000000000000002b       0x2c build/default/production/_ext/504274921/plib_sercom3_usart.o
 .comment       0x000000000000002b       0x2c build/default/production/_ext/504274921/plib_sercom2_usart.o
 .comment       0x000000000000002b       0x2c build/default/production/_ext/1865616679/plib_supc.o
 .comment       0x000000000000002b       0x2c build/default/production/_ext/829342655/plib_tc0.o
 .comment       0x000000000000002b       0x2c build/default/production/_ext/829342655/plib_tc1.o
 .comment       0x000000000000002b       0x2c build/default/production/_ext/60181570/plib_tcc0.o
 .comment       0x000000000000002b       0x2c build/default/production/_ext/1832805299/sys_console.o
 .comment       0x000000000000002b       0x2c build/default/production/_ext/1832805299/sys_console_uart.o
 .comment       0x000000000000002b       0x2c build/default/production/_ext/14461671/sys_dma.o
 .comment       0x000000000000002b       0x2c build/default/production/_ext/1881668453/sys_int.o
 .comment       0x000000000000002b       0x2c build/default/production/_ext/101884895/sys_time.o
 .comment       0x000000000000002b       0x2c build/default/production/_ext/1171490990/tasks.o
 .comment       0x000000000000002b       0x2c build/default/production/_ext/1171490990/initialization.o
 .comment       0x000000000000002b       0x2c build/default/production/_ext/1171490990/interrupts.o
 .comment       0x000000000000002b       0x2c build/default/production/_ext/1171490990/startup_xc32.o
 .comment       0x000000000000002b       0x2c build/default/production/_ext/1171490990/exceptions.o
 .comment       0x000000000000002b       0x2c build/default/production/_ext/1360937237/bme690_driver.o
 .comment       0x000000000000002b       0x2c build/default/production/_ext/1360937237/can0_driver.o
 .comment       0x000000000000002b       0x2c build/default/production/_ext/1360937237/console_driver.o
 .comment       0x000000000000002b       0x2c build/default/production/_ext/1360937237/fcm360w_driver.o
 .comment       0x000000000000002b       0x2c build/default/production/_ext/1360937237/hdc302x_driver.o
 .comment       0x000000000000002b       0x2c build/default/production/_ext/1360937237/mcp9808_driver.o
 .comment       0x000000000000002b       0x2c build/default/production/_ext/1360937237/rstc_driver.o
 .comment       0x000000000000002b       0x2c build/default/production/_ext/1360937237/rtc_driver.o
 .comment       0x000000000000002b       0x2c build/default/production/_ext/1360937237/sht4x_driver.o
 .comment       0x000000000000002b       0x2c build/default/production/_ext/1360937237/timer_driver.o
 .comment       0x000000000000002b       0x2c build/default/production/_ext/1360937237/xm125_driver.o
 .comment       0x000000000000002b       0x2c build/default/production/_ext/1360937237/main.o
 .comment       0x000000000000002b       0x2c build/default/production/_ext/1360937237/ntc_driver.o
 .comment       0x000000000000002b       0x2c build/default/production/_ext/1360937237/ad9954_driver.o
 .comment       0x000000000000002b       0x2c c:/applications/microchip/xc32/bin/bin/../../lib/gcc/pic32c/8.3.1/../../../../pic32c/lib/thumb/v6-m/nofp\libpic32c.a(data_init.o)
 .comment       0x000000000000002b       0x2c c:/applications/microchip/xc32/bin/bin/../../lib/gcc/pic32c/8.3.1/../../../../pic32c/lib/thumb/v6-m/nofp\libc-size-musl.a(memcpy.o)
 .comment       0x000000000000002b       0x2c c:/applications/microchip/xc32/bin/bin/../../lib/gcc/pic32c/8.3.1/../../../../pic32c/lib/thumb/v6-m/nofp\libc-size-musl.a(memset.o)
 .comment       0x000000000000002b       0x2c c:/applications/microchip/xc32/bin/bin/../../lib/gcc/pic32c/8.3.1/../../../../pic32c/lib/thumb/v6-m/nofp\libc-musl.a(__libc_start_main.o)
 .comment       0x000000000000002b       0x2c c:/applications/microchip/xc32/bin/bin/../../lib/gcc/pic32c/8.3.1/../../../../pic32c/lib/thumb/v6-m/nofp\libc-musl.a(libc.o)
 .comment       0x000000000000002b       0x2c c:/applications/microchip/xc32/bin/bin/../../lib/gcc/pic32c/8.3.1/../../../../pic32c/lib/thumb/v6-m/nofp\libc-musl.a(__environ.o)
 .comment       0x000000000000002b       0x2c c:/applications/microchip/xc32/bin/bin/../../lib/gcc/pic32c/8.3.1/thumb/v6-m/nofp\libgcc.a(_muldi3.o)
 .comment       0x000000000000002b       0x2c c:/applications/microchip/xc32/bin/bin/../../lib/gcc/pic32c/8.3.1/thumb/v6-m/nofp\libgcc.a(_udivmoddi4.o)
 .comment       0x000000000000002b       0x2c c:/applications/microchip/xc32/bin/bin/../../lib/gcc/pic32c/8.3.1/../../../../pic32c/lib/thumb/v6-m/nofp\libpic32c.a(pic32_data_init_clear.o)
 .comment       0x000000000000002b       0x2c c:/applications/microchip/xc32/bin/bin/../../lib/gcc/pic32c/8.3.1/../../../../pic32c/lib/thumb/v6-m/nofp\libpic32c.a(pic32_data_init_copy.o)

.debug_info     0x0000000000000000    0x21648
 .debug_info    0x0000000000000000     0x1eb8 build/default/production/_ext/158385033/drv_i2c.o
 .debug_info    0x0000000000001eb8     0x2935 build/default/production/_ext/2070931557/drv_spi.o
 .debug_info    0x00000000000047ed     0x29ea build/default/production/_ext/869808652/drv_usart.o
 .debug_info    0x00000000000071d7      0x5f1 build/default/production/_ext/60163342/plib_adc0.o
 .debug_info    0x00000000000077c8     0x1326 build/default/production/_ext/60165182/plib_can0.o
 .debug_info    0x0000000000008aee      0x17b build/default/production/_ext/60165242/plib_ccl.o
 .debug_info    0x0000000000008c69      0x6ed build/default/production/_ext/1984496892/plib_clock.o
 .debug_info    0x0000000000009356      0x24b build/default/production/_ext/60166132/plib_dac.o
 .debug_info    0x00000000000095a1      0xc04 build/default/production/_ext/1865161661/plib_dmac.o
 .debug_info    0x000000000000a1a5      0x3c6 build/default/production/_ext/60167341/plib_eic.o
 .debug_info    0x000000000000a56b       0x9b build/default/production/_ext/1986646378/plib_evsys.o
 .debug_info    0x000000000000a606      0x2e2 build/default/production/_ext/1987437027/plib_freqm.o
 .debug_info    0x000000000000a8e8      0xade build/default/production/_ext/1865468468/plib_nvic.o
 .debug_info    0x000000000000b3c6      0x809 build/default/production/_ext/1593096446/plib_nvmctrl.o
 .debug_info    0x000000000000bbcf      0x378 build/default/production/_ext/1865510628/plib_pdec.o
 .debug_info    0x000000000000bf47      0x175 build/default/production/_ext/829342769/plib_pm.o
 .debug_info    0x000000000000c0bc      0x5fe build/default/production/_ext/1865521619/plib_port.o
 .debug_info    0x000000000000c6ba       0xf3 build/default/production/_ext/1865585090/plib_rstc.o
 .debug_info    0x000000000000c7ad      0x7ea build/default/production/_ext/60180175/plib_rtc_timer.o
 .debug_info    0x000000000000cf97     0x12ed build/default/production/_ext/508257091/plib_sercom0_i2c_master.o
 .debug_info    0x000000000000e284      0xf10 build/default/production/_ext/17022449/plib_sercom1_spi_master.o
 .debug_info    0x000000000000f194     0x11cc build/default/production/_ext/504274921/plib_sercom3_usart.o
 .debug_info    0x0000000000010360     0x17df build/default/production/_ext/504274921/plib_sercom2_usart.o
 .debug_info    0x0000000000011b3f      0x262 build/default/production/_ext/1865616679/plib_supc.o
 .debug_info    0x0000000000011da1      0x83d build/default/production/_ext/829342655/plib_tc0.o
 .debug_info    0x00000000000125de      0x814 build/default/production/_ext/829342655/plib_tc1.o
 .debug_info    0x0000000000012df2      0x529 build/default/production/_ext/60181570/plib_tcc0.o
 .debug_info    0x000000000001331b      0xc75 build/default/production/_ext/1832805299/sys_console.o
 .debug_info    0x0000000000013f90      0xdd1 build/default/production/_ext/1832805299/sys_console_uart.o
 .debug_info    0x0000000000014d61      0x2f6 build/default/production/_ext/14461671/sys_dma.o
 .debug_info    0x0000000000015057      0x5a0 build/default/production/_ext/1881668453/sys_int.o
 .debug_info    0x00000000000155f7     0x1d54 build/default/production/_ext/101884895/sys_time.o
 .debug_info    0x000000000001734b      0x1c5 build/default/production/_ext/1171490990/tasks.o
 .debug_info    0x0000000000017510     0x2de3 build/default/production/_ext/1171490990/initialization.o
 .debug_info    0x000000000001a2f3      0x4e6 build/default/production/_ext/1171490990/interrupts.o
 .debug_info    0x000000000001a7d9      0x332 build/default/production/_ext/1171490990/startup_xc32.o
 .debug_info    0x000000000001ab0b       0xc1 build/default/production/_ext/1171490990/exceptions.o
 .debug_info    0x000000000001abcc     0x1070 build/default/production/_ext/1360937237/bme690_driver.o
 .debug_info    0x000000000001bc3c      0xd5c build/default/production/_ext/1360937237/can0_driver.o
 .debug_info    0x000000000001c998      0x13a build/default/production/_ext/1360937237/console_driver.o
 .debug_info    0x000000000001cad2      0x165 build/default/production/_ext/1360937237/fcm360w_driver.o
 .debug_info    0x000000000001cc37     0x1413 build/default/production/_ext/1360937237/hdc302x_driver.o
 .debug_info    0x000000000001e04a      0xbbf build/default/production/_ext/1360937237/mcp9808_driver.o
 .debug_info    0x000000000001ec09      0x508 build/default/production/_ext/1360937237/rstc_driver.o
 .debug_info    0x000000000001f111      0x3bc build/default/production/_ext/1360937237/rtc_driver.o
 .debug_info    0x000000000001f4cd      0x9d6 build/default/production/_ext/1360937237/sht4x_driver.o
 .debug_info    0x000000000001fea3      0x595 build/default/production/_ext/1360937237/timer_driver.o
 .debug_info    0x0000000000020438      0x13a build/default/production/_ext/1360937237/xm125_driver.o
 .debug_info    0x0000000000020572       0xeb build/default/production/_ext/1360937237/main.o
 .debug_info    0x000000000002065d      0x13a build/default/production/_ext/1360937237/ntc_driver.o
 .debug_info    0x0000000000020797      0x13a build/default/production/_ext/1360937237/ad9954_driver.o
 .debug_info    0x00000000000208d1       0x68 c:/applications/microchip/xc32/bin/bin/../../lib/gcc/pic32c/8.3.1/../../../../pic32c/lib/thumb/v6-m/nofp\libpic32c.a(data_init.o)
 .debug_info    0x0000000000020939       0xed c:/applications/microchip/xc32/bin/bin/../../lib/gcc/pic32c/8.3.1/../../../../pic32c/lib/thumb/v6-m/nofp\libc-size-musl.a(memcpy.o)
 .debug_info    0x0000000000020a26       0xbb c:/applications/microchip/xc32/bin/bin/../../lib/gcc/pic32c/8.3.1/../../../../pic32c/lib/thumb/v6-m/nofp\libc-size-musl.a(memset.o)
 .debug_info    0x0000000000020ae1      0x2fb c:/applications/microchip/xc32/bin/bin/../../lib/gcc/pic32c/8.3.1/../../../../pic32c/lib/thumb/v6-m/nofp\libc-musl.a(__libc_start_main.o)
 .debug_info    0x0000000000020ddc      0x276 c:/applications/microchip/xc32/bin/bin/../../lib/gcc/pic32c/8.3.1/../../../../pic32c/lib/thumb/v6-m/nofp\libc-musl.a(libc.o)
 .debug_info    0x0000000000021052       0x97 c:/applications/microchip/xc32/bin/bin/../../lib/gcc/pic32c/8.3.1/../../../../pic32c/lib/thumb/v6-m/nofp\libc-musl.a(__environ.o)
 .debug_info    0x00000000000210e9       0x26 c:/applications/microchip/xc32/bin/bin/../../lib/gcc/pic32c/8.3.1/thumb/v6-m/nofp\libgcc.a(_udivsi3.o)
 .debug_info    0x000000000002110f       0x26 c:/applications/microchip/xc32/bin/bin/../../lib/gcc/pic32c/8.3.1/thumb/v6-m/nofp\libgcc.a(_dvmd_tls.o)
 .debug_info    0x0000000000021135       0x26 c:/applications/microchip/xc32/bin/bin/../../lib/gcc/pic32c/8.3.1/thumb/v6-m/nofp\libgcc.a(_aeabi_uldivmod.o)
 .debug_info    0x000000000002115b      0x243 c:/applications/microchip/xc32/bin/bin/../../lib/gcc/pic32c/8.3.1/thumb/v6-m/nofp\libgcc.a(_muldi3.o)
 .debug_info    0x000000000002139e      0x193 c:/applications/microchip/xc32/bin/bin/../../lib/gcc/pic32c/8.3.1/thumb/v6-m/nofp\libgcc.a(_udivmoddi4.o)
 .debug_info    0x0000000000021531       0x26 c:/applications/microchip/xc32/bin/bin/../../lib/gcc/pic32c/8.3.1/thumb/v6-m/nofp\libgcc.a(_lshrdi3.o)
 .debug_info    0x0000000000021557       0x26 c:/applications/microchip/xc32/bin/bin/../../lib/gcc/pic32c/8.3.1/thumb/v6-m/nofp\libgcc.a(_ashldi3.o)
 .debug_info    0x000000000002157d       0x26 c:/applications/microchip/xc32/bin/bin/../../lib/gcc/pic32c/8.3.1/thumb/v6-m/nofp\libgcc.a(_clzdi2.o)
 .debug_info    0x00000000000215a3       0x26 c:/applications/microchip/xc32/bin/bin/../../lib/gcc/pic32c/8.3.1/thumb/v6-m/nofp\libgcc.a(_clzsi2.o)
 .debug_info    0x00000000000215c9       0x3f c:/applications/microchip/xc32/bin/bin/../../lib/gcc/pic32c/8.3.1/../../../../pic32c/lib/thumb/v6-m/nofp\libpic32c.a(pic32_data_init_clear.o)
 .debug_info    0x0000000000021608       0x40 c:/applications/microchip/xc32/bin/bin/../../lib/gcc/pic32c/8.3.1/../../../../pic32c/lib/thumb/v6-m/nofp\libpic32c.a(pic32_data_init_copy.o)

.debug_abbrev   0x0000000000000000     0x6cce
 .debug_abbrev  0x0000000000000000      0x4a4 build/default/production/_ext/158385033/drv_i2c.o
 .debug_abbrev  0x00000000000004a4      0x4ec build/default/production/_ext/2070931557/drv_spi.o
 .debug_abbrev  0x0000000000000990      0x523 build/default/production/_ext/869808652/drv_usart.o
 .debug_abbrev  0x0000000000000eb3      0x172 build/default/production/_ext/60163342/plib_adc0.o
 .debug_abbrev  0x0000000000001025      0x31b build/default/production/_ext/60165182/plib_can0.o
 .debug_abbrev  0x0000000000001340       0xa4 build/default/production/_ext/60165242/plib_ccl.o
 .debug_abbrev  0x00000000000013e4      0x1b4 build/default/production/_ext/1984496892/plib_clock.o
 .debug_abbrev  0x0000000000001598       0xf0 build/default/production/_ext/60166132/plib_dac.o
 .debug_abbrev  0x0000000000001688      0x2b9 build/default/production/_ext/1865161661/plib_dmac.o
 .debug_abbrev  0x0000000000001941      0x195 build/default/production/_ext/60167341/plib_eic.o
 .debug_abbrev  0x0000000000001ad6       0x46 build/default/production/_ext/1986646378/plib_evsys.o
 .debug_abbrev  0x0000000000001b1c      0x138 build/default/production/_ext/1987437027/plib_freqm.o
 .debug_abbrev  0x0000000000001c54      0x271 build/default/production/_ext/1865468468/plib_nvic.o
 .debug_abbrev  0x0000000000001ec5      0x1f2 build/default/production/_ext/1593096446/plib_nvmctrl.o
 .debug_abbrev  0x00000000000020b7       0xf2 build/default/production/_ext/1865510628/plib_pdec.o
 .debug_abbrev  0x00000000000021a9       0xa4 build/default/production/_ext/829342769/plib_pm.o
 .debug_abbrev  0x000000000000224d      0x1e8 build/default/production/_ext/1865521619/plib_port.o
 .debug_abbrev  0x0000000000002435       0x94 build/default/production/_ext/1865585090/plib_rstc.o
 .debug_abbrev  0x00000000000024c9      0x1a2 build/default/production/_ext/60180175/plib_rtc_timer.o
 .debug_abbrev  0x000000000000266b      0x3a9 build/default/production/_ext/508257091/plib_sercom0_i2c_master.o
 .debug_abbrev  0x0000000000002a14      0x276 build/default/production/_ext/17022449/plib_sercom1_spi_master.o
 .debug_abbrev  0x0000000000002c8a      0x318 build/default/production/_ext/504274921/plib_sercom3_usart.o
 .debug_abbrev  0x0000000000002fa2      0x43d build/default/production/_ext/504274921/plib_sercom2_usart.o
 .debug_abbrev  0x00000000000033df      0x12b build/default/production/_ext/1865616679/plib_supc.o
 .debug_abbrev  0x000000000000350a      0x1be build/default/production/_ext/829342655/plib_tc0.o
 .debug_abbrev  0x00000000000036c8      0x1be build/default/production/_ext/829342655/plib_tc1.o
 .debug_abbrev  0x0000000000003886      0x122 build/default/production/_ext/60181570/plib_tcc0.o
 .debug_abbrev  0x00000000000039a8      0x3c1 build/default/production/_ext/1832805299/sys_console.o
 .debug_abbrev  0x0000000000003d69      0x31c build/default/production/_ext/1832805299/sys_console_uart.o
 .debug_abbrev  0x0000000000004085       0xfd build/default/production/_ext/14461671/sys_dma.o
 .debug_abbrev  0x0000000000004182      0x262 build/default/production/_ext/1881668453/sys_int.o
 .debug_abbrev  0x00000000000043e4      0x51d build/default/production/_ext/101884895/sys_time.o
 .debug_abbrev  0x0000000000004901       0x7b build/default/production/_ext/1171490990/tasks.o
 .debug_abbrev  0x000000000000497c      0x284 build/default/production/_ext/1171490990/initialization.o
 .debug_abbrev  0x0000000000004c00      0x11e build/default/production/_ext/1171490990/interrupts.o
 .debug_abbrev  0x0000000000004d1e      0x187 build/default/production/_ext/1171490990/startup_xc32.o
 .debug_abbrev  0x0000000000004ea5       0x49 build/default/production/_ext/1171490990/exceptions.o
 .debug_abbrev  0x0000000000004eee      0x21f build/default/production/_ext/1360937237/bme690_driver.o
 .debug_abbrev  0x000000000000510d      0x3b9 build/default/production/_ext/1360937237/can0_driver.o
 .debug_abbrev  0x00000000000054c6       0xdd build/default/production/_ext/1360937237/console_driver.o
 .debug_abbrev  0x00000000000055a3       0xbc build/default/production/_ext/1360937237/fcm360w_driver.o
 .debug_abbrev  0x000000000000565f      0x28a build/default/production/_ext/1360937237/hdc302x_driver.o
 .debug_abbrev  0x00000000000058e9      0x272 build/default/production/_ext/1360937237/mcp9808_driver.o
 .debug_abbrev  0x0000000000005b5b      0x21d build/default/production/_ext/1360937237/rstc_driver.o
 .debug_abbrev  0x0000000000005d78      0x210 build/default/production/_ext/1360937237/rtc_driver.o
 .debug_abbrev  0x0000000000005f88      0x258 build/default/production/_ext/1360937237/sht4x_driver.o
 .debug_abbrev  0x00000000000061e0      0x13f build/default/production/_ext/1360937237/timer_driver.o
 .debug_abbrev  0x000000000000631f       0xdd build/default/production/_ext/1360937237/xm125_driver.o
 .debug_abbrev  0x00000000000063fc       0x82 build/default/production/_ext/1360937237/main.o
 .debug_abbrev  0x000000000000647e       0xdd build/default/production/_ext/1360937237/ntc_driver.o
 .debug_abbrev  0x000000000000655b       0xdd build/default/production/_ext/1360937237/ad9954_driver.o
 .debug_abbrev  0x0000000000006638       0x44 c:/applications/microchip/xc32/bin/bin/../../lib/gcc/pic32c/8.3.1/../../../../pic32c/lib/thumb/v6-m/nofp\libpic32c.a(data_init.o)
 .debug_abbrev  0x000000000000667c       0xbb c:/applications/microchip/xc32/bin/bin/../../lib/gcc/pic32c/8.3.1/../../../../pic32c/lib/thumb/v6-m/nofp\libc-size-musl.a(memcpy.o)
 .debug_abbrev  0x0000000000006737       0xa2 c:/applications/microchip/xc32/bin/bin/../../lib/gcc/pic32c/8.3.1/../../../../pic32c/lib/thumb/v6-m/nofp\libc-size-musl.a(memset.o)
 .debug_abbrev  0x00000000000067d9      0x133 c:/applications/microchip/xc32/bin/bin/../../lib/gcc/pic32c/8.3.1/../../../../pic32c/lib/thumb/v6-m/nofp\libc-musl.a(__libc_start_main.o)
 .debug_abbrev  0x000000000000690c       0xd4 c:/applications/microchip/xc32/bin/bin/../../lib/gcc/pic32c/8.3.1/../../../../pic32c/lib/thumb/v6-m/nofp\libc-musl.a(libc.o)
 .debug_abbrev  0x00000000000069e0       0x62 c:/applications/microchip/xc32/bin/bin/../../lib/gcc/pic32c/8.3.1/../../../../pic32c/lib/thumb/v6-m/nofp\libc-musl.a(__environ.o)
 .debug_abbrev  0x0000000000006a42       0x14 c:/applications/microchip/xc32/bin/bin/../../lib/gcc/pic32c/8.3.1/thumb/v6-m/nofp\libgcc.a(_udivsi3.o)
 .debug_abbrev  0x0000000000006a56       0x14 c:/applications/microchip/xc32/bin/bin/../../lib/gcc/pic32c/8.3.1/thumb/v6-m/nofp\libgcc.a(_dvmd_tls.o)
 .debug_abbrev  0x0000000000006a6a       0x14 c:/applications/microchip/xc32/bin/bin/../../lib/gcc/pic32c/8.3.1/thumb/v6-m/nofp\libgcc.a(_aeabi_uldivmod.o)
 .debug_abbrev  0x0000000000006a7e      0x10b c:/applications/microchip/xc32/bin/bin/../../lib/gcc/pic32c/8.3.1/thumb/v6-m/nofp\libgcc.a(_muldi3.o)
 .debug_abbrev  0x0000000000006b89       0x99 c:/applications/microchip/xc32/bin/bin/../../lib/gcc/pic32c/8.3.1/thumb/v6-m/nofp\libgcc.a(_udivmoddi4.o)
 .debug_abbrev  0x0000000000006c22       0x14 c:/applications/microchip/xc32/bin/bin/../../lib/gcc/pic32c/8.3.1/thumb/v6-m/nofp\libgcc.a(_lshrdi3.o)
 .debug_abbrev  0x0000000000006c36       0x14 c:/applications/microchip/xc32/bin/bin/../../lib/gcc/pic32c/8.3.1/thumb/v6-m/nofp\libgcc.a(_ashldi3.o)
 .debug_abbrev  0x0000000000006c4a       0x14 c:/applications/microchip/xc32/bin/bin/../../lib/gcc/pic32c/8.3.1/thumb/v6-m/nofp\libgcc.a(_clzdi2.o)
 .debug_abbrev  0x0000000000006c5e       0x14 c:/applications/microchip/xc32/bin/bin/../../lib/gcc/pic32c/8.3.1/thumb/v6-m/nofp\libgcc.a(_clzsi2.o)
 .debug_abbrev  0x0000000000006c72       0x2e c:/applications/microchip/xc32/bin/bin/../../lib/gcc/pic32c/8.3.1/../../../../pic32c/lib/thumb/v6-m/nofp\libpic32c.a(pic32_data_init_clear.o)
 .debug_abbrev  0x0000000000006ca0       0x2e c:/applications/microchip/xc32/bin/bin/../../lib/gcc/pic32c/8.3.1/../../../../pic32c/lib/thumb/v6-m/nofp\libpic32c.a(pic32_data_init_copy.o)

.debug_loc      0x0000000000000000    0x12234
 .debug_loc     0x0000000000000000     0x1b2f build/default/production/_ext/158385033/drv_i2c.o
 .debug_loc     0x0000000000001b2f     0x226f build/default/production/_ext/2070931557/drv_spi.o
 .debug_loc     0x0000000000003d9e     0x28d9 build/default/production/_ext/869808652/drv_usart.o
 .debug_loc     0x0000000000006677      0x14d build/default/production/_ext/60163342/plib_adc0.o
 .debug_loc     0x00000000000067c4      0xd37 build/default/production/_ext/60165182/plib_can0.o
 .debug_loc     0x00000000000074fb       0x6f build/default/production/_ext/1984496892/plib_clock.o
 .debug_loc     0x000000000000756a       0x25 build/default/production/_ext/60166132/plib_dac.o
 .debug_loc     0x000000000000758f      0xb09 build/default/production/_ext/1865161661/plib_dmac.o
 .debug_loc     0x0000000000008098       0xfe build/default/production/_ext/60167341/plib_eic.o
 .debug_loc     0x0000000000008196      0x10a build/default/production/_ext/1987437027/plib_freqm.o
 .debug_loc     0x00000000000082a0      0x3bb build/default/production/_ext/1865468468/plib_nvic.o
 .debug_loc     0x000000000000865b      0x685 build/default/production/_ext/1593096446/plib_nvmctrl.o
 .debug_loc     0x0000000000008ce0       0x15 build/default/production/_ext/1865510628/plib_pdec.o
 .debug_loc     0x0000000000008cf5      0x29b build/default/production/_ext/1865521619/plib_port.o
 .debug_loc     0x0000000000008f90       0x94 build/default/production/_ext/60180175/plib_rtc_timer.o
 .debug_loc     0x0000000000009024      0xcad build/default/production/_ext/508257091/plib_sercom0_i2c_master.o
 .debug_loc     0x0000000000009cd1      0x68a build/default/production/_ext/17022449/plib_sercom1_spi_master.o
 .debug_loc     0x000000000000a35b      0x892 build/default/production/_ext/504274921/plib_sercom3_usart.o
 .debug_loc     0x000000000000abed      0xf01 build/default/production/_ext/504274921/plib_sercom2_usart.o
 .debug_loc     0x000000000000baee       0x6e build/default/production/_ext/1865616679/plib_supc.o
 .debug_loc     0x000000000000bb5c       0x74 build/default/production/_ext/829342655/plib_tc0.o
 .debug_loc     0x000000000000bbd0       0x74 build/default/production/_ext/829342655/plib_tc1.o
 .debug_loc     0x000000000000bc44      0x155 build/default/production/_ext/60181570/plib_tcc0.o
 .debug_loc     0x000000000000bd99      0xc4c build/default/production/_ext/1832805299/sys_console.o
 .debug_loc     0x000000000000c9e5      0x997 build/default/production/_ext/1832805299/sys_console_uart.o
 .debug_loc     0x000000000000d37c      0x186 build/default/production/_ext/14461671/sys_dma.o
 .debug_loc     0x000000000000d502      0x17d build/default/production/_ext/1881668453/sys_int.o
 .debug_loc     0x000000000000d67f     0x248e build/default/production/_ext/101884895/sys_time.o
 .debug_loc     0x000000000000fb0d       0x20 build/default/production/_ext/1171490990/tasks.o
 .debug_loc     0x000000000000fb2d       0x45 build/default/production/_ext/1171490990/initialization.o
 .debug_loc     0x000000000000fb72       0x60 build/default/production/_ext/1171490990/interrupts.o
 .debug_loc     0x000000000000fbd2       0x4f build/default/production/_ext/1171490990/startup_xc32.o
 .debug_loc     0x000000000000fc21      0x30d build/default/production/_ext/1360937237/bme690_driver.o
 .debug_loc     0x000000000000ff2e      0x3a2 build/default/production/_ext/1360937237/can0_driver.o
 .debug_loc     0x00000000000102d0       0x16 build/default/production/_ext/1360937237/console_driver.o
 .debug_loc     0x00000000000102e6      0xd9e build/default/production/_ext/1360937237/hdc302x_driver.o
 .debug_loc     0x0000000000011084      0x433 build/default/production/_ext/1360937237/mcp9808_driver.o
 .debug_loc     0x00000000000114b7      0x16d build/default/production/_ext/1360937237/rstc_driver.o
 .debug_loc     0x0000000000011624       0xb1 build/default/production/_ext/1360937237/rtc_driver.o
 .debug_loc     0x00000000000116d5      0x303 build/default/production/_ext/1360937237/sht4x_driver.o
 .debug_loc     0x00000000000119d8      0x120 build/default/production/_ext/1360937237/timer_driver.o
 .debug_loc     0x0000000000011af8       0x16 build/default/production/_ext/1360937237/xm125_driver.o
 .debug_loc     0x0000000000011b0e       0x20 build/default/production/_ext/1360937237/main.o
 .debug_loc     0x0000000000011b2e       0x16 build/default/production/_ext/1360937237/ntc_driver.o
 .debug_loc     0x0000000000011b44       0x16 build/default/production/_ext/1360937237/ad9954_driver.o
 .debug_loc     0x0000000000011b5a       0x14 c:/applications/microchip/xc32/bin/bin/../../lib/gcc/pic32c/8.3.1/../../../../pic32c/lib/thumb/v6-m/nofp\libpic32c.a(data_init.o)
 .debug_loc     0x0000000000011b6e      0x12d c:/applications/microchip/xc32/bin/bin/../../lib/gcc/pic32c/8.3.1/../../../../pic32c/lib/thumb/v6-m/nofp\libc-size-musl.a(memcpy.o)
 .debug_loc     0x0000000000011c9b       0xcd c:/applications/microchip/xc32/bin/bin/../../lib/gcc/pic32c/8.3.1/../../../../pic32c/lib/thumb/v6-m/nofp\libc-size-musl.a(memset.o)
 .debug_loc     0x0000000000011d68       0x5e c:/applications/microchip/xc32/bin/bin/../../lib/gcc/pic32c/8.3.1/../../../../pic32c/lib/thumb/v6-m/nofp\libc-musl.a(__libc_start_main.o)
 .debug_loc     0x0000000000011dc6      0x176 c:/applications/microchip/xc32/bin/bin/../../lib/gcc/pic32c/8.3.1/thumb/v6-m/nofp\libgcc.a(_muldi3.o)
 .debug_loc     0x0000000000011f3c      0x2e4 c:/applications/microchip/xc32/bin/bin/../../lib/gcc/pic32c/8.3.1/thumb/v6-m/nofp\libgcc.a(_udivmoddi4.o)
 .debug_loc     0x0000000000012220       0x14 c:/applications/microchip/xc32/bin/bin/../../lib/gcc/pic32c/8.3.1/../../../../pic32c/lib/thumb/v6-m/nofp\libpic32c.a(pic32_data_init_copy.o)

.debug_aranges  0x0000000000000000     0x1970
 .debug_aranges
                0x0000000000000000       0xc0 build/default/production/_ext/158385033/drv_i2c.o
 .debug_aranges
                0x00000000000000c0       0xb8 build/default/production/_ext/2070931557/drv_spi.o
 .debug_aranges
                0x0000000000000178      0x110 build/default/production/_ext/869808652/drv_usart.o
 .debug_aranges
                0x0000000000000288       0x80 build/default/production/_ext/60163342/plib_adc0.o
 .debug_aranges
                0x0000000000000308       0xa0 build/default/production/_ext/60165182/plib_can0.o
 .debug_aranges
                0x00000000000003a8       0x20 build/default/production/_ext/60165242/plib_ccl.o
 .debug_aranges
                0x00000000000003c8       0x30 build/default/production/_ext/1984496892/plib_clock.o
 .debug_aranges
                0x00000000000003f8       0x30 build/default/production/_ext/60166132/plib_dac.o
 .debug_aranges
                0x0000000000000428       0x98 build/default/production/_ext/1865161661/plib_dmac.o
 .debug_aranges
                0x00000000000004c0       0x40 build/default/production/_ext/60167341/plib_eic.o
 .debug_aranges
                0x0000000000000500       0x20 build/default/production/_ext/1986646378/plib_evsys.o
 .debug_aranges
                0x0000000000000520       0x40 build/default/production/_ext/1987437027/plib_freqm.o
 .debug_aranges
                0x0000000000000560       0x48 build/default/production/_ext/1865468468/plib_nvic.o
 .debug_aranges
                0x00000000000005a8       0xb0 build/default/production/_ext/1593096446/plib_nvmctrl.o
 .debug_aranges
                0x0000000000000658       0x50 build/default/production/_ext/1865510628/plib_pdec.o
 .debug_aranges
                0x00000000000006a8       0x30 build/default/production/_ext/829342769/plib_pm.o
 .debug_aranges
                0x00000000000006d8       0x68 build/default/production/_ext/1865521619/plib_port.o
 .debug_aranges
                0x0000000000000740       0x20 build/default/production/_ext/1865585090/plib_rstc.o
 .debug_aranges
                0x0000000000000760       0x88 build/default/production/_ext/60180175/plib_rtc_timer.o
 .debug_aranges
                0x00000000000007e8       0x78 build/default/production/_ext/508257091/plib_sercom0_i2c_master.o
 .debug_aranges
                0x0000000000000860       0x60 build/default/production/_ext/17022449/plib_sercom1_spi_master.o
 .debug_aranges
                0x00000000000008c0       0xe0 build/default/production/_ext/504274921/plib_sercom3_usart.o
 .debug_aranges
                0x00000000000009a0       0xe8 build/default/production/_ext/504274921/plib_sercom2_usart.o
 .debug_aranges
                0x0000000000000a88       0x30 build/default/production/_ext/1865616679/plib_supc.o
 .debug_aranges
                0x0000000000000ab8       0x78 build/default/production/_ext/829342655/plib_tc0.o
 .debug_aranges
                0x0000000000000b30       0x70 build/default/production/_ext/829342655/plib_tc1.o
 .debug_aranges
                0x0000000000000ba0       0x80 build/default/production/_ext/60181570/plib_tcc0.o
 .debug_aranges
                0x0000000000000c20       0x88 build/default/production/_ext/1832805299/sys_console.o
 .debug_aranges
                0x0000000000000ca8       0x68 build/default/production/_ext/1832805299/sys_console_uart.o
 .debug_aranges
                0x0000000000000d10       0x28 build/default/production/_ext/14461671/sys_dma.o
 .debug_aranges
                0x0000000000000d38       0x40 build/default/production/_ext/1881668453/sys_int.o
 .debug_aranges
                0x0000000000000d78      0x128 build/default/production/_ext/101884895/sys_time.o
 .debug_aranges
                0x0000000000000ea0       0x20 build/default/production/_ext/1171490990/tasks.o
 .debug_aranges
                0x0000000000000ec0       0x20 build/default/production/_ext/1171490990/initialization.o
 .debug_aranges
                0x0000000000000ee0       0x38 build/default/production/_ext/1171490990/interrupts.o
 .debug_aranges
                0x0000000000000f18       0x28 build/default/production/_ext/1171490990/startup_xc32.o
 .debug_aranges
                0x0000000000000f40       0x28 build/default/production/_ext/1171490990/exceptions.o
 .debug_aranges
                0x0000000000000f68      0x1e8 build/default/production/_ext/1360937237/bme690_driver.o
 .debug_aranges
                0x0000000000001150       0x78 build/default/production/_ext/1360937237/can0_driver.o
 .debug_aranges
                0x00000000000011c8       0x28 build/default/production/_ext/1360937237/console_driver.o
 .debug_aranges
                0x00000000000011f0       0x28 build/default/production/_ext/1360937237/fcm360w_driver.o
 .debug_aranges
                0x0000000000001218      0x1d8 build/default/production/_ext/1360937237/hdc302x_driver.o
 .debug_aranges
                0x00000000000013f0       0xc0 build/default/production/_ext/1360937237/mcp9808_driver.o
 .debug_aranges
                0x00000000000014b0       0x50 build/default/production/_ext/1360937237/rstc_driver.o
 .debug_aranges
                0x0000000000001500       0x58 build/default/production/_ext/1360937237/rtc_driver.o
 .debug_aranges
                0x0000000000001558       0x98 build/default/production/_ext/1360937237/sht4x_driver.o
 .debug_aranges
                0x00000000000015f0       0xc0 build/default/production/_ext/1360937237/timer_driver.o
 .debug_aranges
                0x00000000000016b0       0x28 build/default/production/_ext/1360937237/xm125_driver.o
 .debug_aranges
                0x00000000000016d8       0x20 build/default/production/_ext/1360937237/main.o
 .debug_aranges
                0x00000000000016f8       0x28 build/default/production/_ext/1360937237/ntc_driver.o
 .debug_aranges
                0x0000000000001720       0x28 build/default/production/_ext/1360937237/ad9954_driver.o
 .debug_aranges
                0x0000000000001748       0x30 c:/applications/microchip/xc32/bin/bin/../../lib/gcc/pic32c/8.3.1/../../../../pic32c/lib/thumb/v6-m/nofp\libpic32c.a(data_init.o)
 .debug_aranges
                0x0000000000001778       0x20 c:/applications/microchip/xc32/bin/bin/../../lib/gcc/pic32c/8.3.1/../../../../pic32c/lib/thumb/v6-m/nofp\libc-size-musl.a(memcpy.o)
 .debug_aranges
                0x0000000000001798       0x20 c:/applications/microchip/xc32/bin/bin/../../lib/gcc/pic32c/8.3.1/../../../../pic32c/lib/thumb/v6-m/nofp\libc-size-musl.a(memset.o)
 .debug_aranges
                0x00000000000017b8       0x28 c:/applications/microchip/xc32/bin/bin/../../lib/gcc/pic32c/8.3.1/../../../../pic32c/lib/thumb/v6-m/nofp\libc-musl.a(__libc_start_main.o)
 .debug_aranges
                0x00000000000017e0       0x18 c:/applications/microchip/xc32/bin/bin/../../lib/gcc/pic32c/8.3.1/../../../../pic32c/lib/thumb/v6-m/nofp\libc-musl.a(libc.o)
 .debug_aranges
                0x00000000000017f8       0x18 c:/applications/microchip/xc32/bin/bin/../../lib/gcc/pic32c/8.3.1/../../../../pic32c/lib/thumb/v6-m/nofp\libc-musl.a(__environ.o)
 .debug_aranges
                0x0000000000001810       0x20 c:/applications/microchip/xc32/bin/bin/../../lib/gcc/pic32c/8.3.1/thumb/v6-m/nofp\libgcc.a(_udivsi3.o)
 .debug_aranges
                0x0000000000001830       0x20 c:/applications/microchip/xc32/bin/bin/../../lib/gcc/pic32c/8.3.1/thumb/v6-m/nofp\libgcc.a(_dvmd_tls.o)
 .debug_aranges
                0x0000000000001850       0x20 c:/applications/microchip/xc32/bin/bin/../../lib/gcc/pic32c/8.3.1/thumb/v6-m/nofp\libgcc.a(_aeabi_uldivmod.o)
 .debug_aranges
                0x0000000000001870       0x20 c:/applications/microchip/xc32/bin/bin/../../lib/gcc/pic32c/8.3.1/thumb/v6-m/nofp\libgcc.a(_muldi3.o)
 .debug_aranges
                0x0000000000001890       0x20 c:/applications/microchip/xc32/bin/bin/../../lib/gcc/pic32c/8.3.1/thumb/v6-m/nofp\libgcc.a(_udivmoddi4.o)
 .debug_aranges
                0x00000000000018b0       0x20 c:/applications/microchip/xc32/bin/bin/../../lib/gcc/pic32c/8.3.1/thumb/v6-m/nofp\libgcc.a(_lshrdi3.o)
 .debug_aranges
                0x00000000000018d0       0x20 c:/applications/microchip/xc32/bin/bin/../../lib/gcc/pic32c/8.3.1/thumb/v6-m/nofp\libgcc.a(_ashldi3.o)
 .debug_aranges
                0x00000000000018f0       0x20 c:/applications/microchip/xc32/bin/bin/../../lib/gcc/pic32c/8.3.1/thumb/v6-m/nofp\libgcc.a(_clzdi2.o)
 .debug_aranges
                0x0000000000001910       0x20 c:/applications/microchip/xc32/bin/bin/../../lib/gcc/pic32c/8.3.1/thumb/v6-m/nofp\libgcc.a(_clzsi2.o)
 .debug_aranges
                0x0000000000001930       0x20 c:/applications/microchip/xc32/bin/bin/../../lib/gcc/pic32c/8.3.1/../../../../pic32c/lib/thumb/v6-m/nofp\libpic32c.a(pic32_data_init_clear.o)
 .debug_aranges
                0x0000000000001950       0x20 c:/applications/microchip/xc32/bin/bin/../../lib/gcc/pic32c/8.3.1/../../../../pic32c/lib/thumb/v6-m/nofp\libpic32c.a(pic32_data_init_copy.o)

.debug_ranges   0x0000000000000000     0x1d28
 .debug_ranges  0x0000000000000000      0x190 build/default/production/_ext/158385033/drv_i2c.o
 .debug_ranges  0x0000000000000190      0x1d0 build/default/production/_ext/2070931557/drv_spi.o
 .debug_ranges  0x0000000000000360      0x248 build/default/production/_ext/869808652/drv_usart.o
 .debug_ranges  0x00000000000005a8       0x70 build/default/production/_ext/60163342/plib_adc0.o
 .debug_ranges  0x0000000000000618       0x90 build/default/production/_ext/60165182/plib_can0.o
 .debug_ranges  0x00000000000006a8       0x10 build/default/production/_ext/60165242/plib_ccl.o
 .debug_ranges  0x00000000000006b8       0x20 build/default/production/_ext/1984496892/plib_clock.o
 .debug_ranges  0x00000000000006d8       0x20 build/default/production/_ext/60166132/plib_dac.o
 .debug_ranges  0x00000000000006f8       0xa0 build/default/production/_ext/1865161661/plib_dmac.o
 .debug_ranges  0x0000000000000798       0x30 build/default/production/_ext/60167341/plib_eic.o
 .debug_ranges  0x00000000000007c8       0x10 build/default/production/_ext/1986646378/plib_evsys.o
 .debug_ranges  0x00000000000007d8       0x48 build/default/production/_ext/1987437027/plib_freqm.o
 .debug_ranges  0x0000000000000820       0x50 build/default/production/_ext/1865468468/plib_nvic.o
 .debug_ranges  0x0000000000000870       0xa0 build/default/production/_ext/1593096446/plib_nvmctrl.o
 .debug_ranges  0x0000000000000910       0x40 build/default/production/_ext/1865510628/plib_pdec.o
 .debug_ranges  0x0000000000000950       0x20 build/default/production/_ext/829342769/plib_pm.o
 .debug_ranges  0x0000000000000970       0x58 build/default/production/_ext/1865521619/plib_port.o
 .debug_ranges  0x00000000000009c8       0x10 build/default/production/_ext/1865585090/plib_rstc.o
 .debug_ranges  0x00000000000009d8       0x78 build/default/production/_ext/60180175/plib_rtc_timer.o
 .debug_ranges  0x0000000000000a50      0x130 build/default/production/_ext/508257091/plib_sercom0_i2c_master.o
 .debug_ranges  0x0000000000000b80       0x68 build/default/production/_ext/17022449/plib_sercom1_spi_master.o
 .debug_ranges  0x0000000000000be8      0x120 build/default/production/_ext/504274921/plib_sercom3_usart.o
 .debug_ranges  0x0000000000000d08      0x1e8 build/default/production/_ext/504274921/plib_sercom2_usart.o
 .debug_ranges  0x0000000000000ef0       0x20 build/default/production/_ext/1865616679/plib_supc.o
 .debug_ranges  0x0000000000000f10       0x68 build/default/production/_ext/829342655/plib_tc0.o
 .debug_ranges  0x0000000000000f78       0x60 build/default/production/_ext/829342655/plib_tc1.o
 .debug_ranges  0x0000000000000fd8       0x70 build/default/production/_ext/60181570/plib_tcc0.o
 .debug_ranges  0x0000000000001048       0x90 build/default/production/_ext/1832805299/sys_console.o
 .debug_ranges  0x00000000000010d8      0x1a8 build/default/production/_ext/1832805299/sys_console_uart.o
 .debug_ranges  0x0000000000001280       0x18 build/default/production/_ext/14461671/sys_dma.o
 .debug_ranges  0x0000000000001298       0x48 build/default/production/_ext/1881668453/sys_int.o
 .debug_ranges  0x00000000000012e0      0x1a0 build/default/production/_ext/101884895/sys_time.o
 .debug_ranges  0x0000000000001480       0x10 build/default/production/_ext/1171490990/tasks.o
 .debug_ranges  0x0000000000001490       0x10 build/default/production/_ext/1171490990/initialization.o
 .debug_ranges  0x00000000000014a0       0x28 build/default/production/_ext/1171490990/interrupts.o
 .debug_ranges  0x00000000000014c8       0x18 build/default/production/_ext/1171490990/startup_xc32.o
 .debug_ranges  0x00000000000014e0       0x18 build/default/production/_ext/1171490990/exceptions.o
 .debug_ranges  0x00000000000014f8      0x1d8 build/default/production/_ext/1360937237/bme690_driver.o
 .debug_ranges  0x00000000000016d0       0xc8 build/default/production/_ext/1360937237/can0_driver.o
 .debug_ranges  0x0000000000001798       0x18 build/default/production/_ext/1360937237/console_driver.o
 .debug_ranges  0x00000000000017b0       0x18 build/default/production/_ext/1360937237/fcm360w_driver.o
 .debug_ranges  0x00000000000017c8      0x1e0 build/default/production/_ext/1360937237/hdc302x_driver.o
 .debug_ranges  0x00000000000019a8       0xb0 build/default/production/_ext/1360937237/mcp9808_driver.o
 .debug_ranges  0x0000000000001a58       0x40 build/default/production/_ext/1360937237/rstc_driver.o
 .debug_ranges  0x0000000000001a98       0x48 build/default/production/_ext/1360937237/rtc_driver.o
 .debug_ranges  0x0000000000001ae0       0x88 build/default/production/_ext/1360937237/sht4x_driver.o
 .debug_ranges  0x0000000000001b68       0xb0 build/default/production/_ext/1360937237/timer_driver.o
 .debug_ranges  0x0000000000001c18       0x18 build/default/production/_ext/1360937237/xm125_driver.o
 .debug_ranges  0x0000000000001c30       0x10 build/default/production/_ext/1360937237/main.o
 .debug_ranges  0x0000000000001c40       0x18 build/default/production/_ext/1360937237/ntc_driver.o
 .debug_ranges  0x0000000000001c58       0x18 build/default/production/_ext/1360937237/ad9954_driver.o
 .debug_ranges  0x0000000000001c70       0x20 c:/applications/microchip/xc32/bin/bin/../../lib/gcc/pic32c/8.3.1/../../../../pic32c/lib/thumb/v6-m/nofp\libpic32c.a(data_init.o)
 .debug_ranges  0x0000000000001c90       0x10 c:/applications/microchip/xc32/bin/bin/../../lib/gcc/pic32c/8.3.1/../../../../pic32c/lib/thumb/v6-m/nofp\libc-size-musl.a(memcpy.o)
 .debug_ranges  0x0000000000001ca0       0x10 c:/applications/microchip/xc32/bin/bin/../../lib/gcc/pic32c/8.3.1/../../../../pic32c/lib/thumb/v6-m/nofp\libc-size-musl.a(memset.o)
 .debug_ranges  0x0000000000001cb0       0x30 c:/applications/microchip/xc32/bin/bin/../../lib/gcc/pic32c/8.3.1/../../../../pic32c/lib/thumb/v6-m/nofp\libc-musl.a(__libc_start_main.o)
 .debug_ranges  0x0000000000001ce0       0x28 c:/applications/microchip/xc32/bin/bin/../../lib/gcc/pic32c/8.3.1/thumb/v6-m/nofp\libgcc.a(_muldi3.o)
 .debug_ranges  0x0000000000001d08       0x10 c:/applications/microchip/xc32/bin/bin/../../lib/gcc/pic32c/8.3.1/../../../../pic32c/lib/thumb/v6-m/nofp\libpic32c.a(pic32_data_init_clear.o)
 .debug_ranges  0x0000000000001d18       0x10 c:/applications/microchip/xc32/bin/bin/../../lib/gcc/pic32c/8.3.1/../../../../pic32c/lib/thumb/v6-m/nofp\libpic32c.a(pic32_data_init_copy.o)

.debug_line     0x0000000000000000    0x11557
 .debug_line    0x0000000000000000      0xf70 build/default/production/_ext/158385033/drv_i2c.o
 .debug_line    0x0000000000000f70     0x1506 build/default/production/_ext/2070931557/drv_spi.o
 .debug_line    0x0000000000002476     0x1432 build/default/production/_ext/869808652/drv_usart.o
 .debug_line    0x00000000000038a8      0x399 build/default/production/_ext/60163342/plib_adc0.o
 .debug_line    0x0000000000003c41      0x8e2 build/default/production/_ext/60165182/plib_can0.o
 .debug_line    0x0000000000004523      0x129 build/default/production/_ext/60165242/plib_ccl.o
 .debug_line    0x000000000000464c      0x439 build/default/production/_ext/1984496892/plib_clock.o
 .debug_line    0x0000000000004a85      0x160 build/default/production/_ext/60166132/plib_dac.o
 .debug_line    0x0000000000004be5      0x76a build/default/production/_ext/1865161661/plib_dmac.o
 .debug_line    0x000000000000534f      0x2c0 build/default/production/_ext/60167341/plib_eic.o
 .debug_line    0x000000000000560f       0x66 build/default/production/_ext/1986646378/plib_evsys.o
 .debug_line    0x0000000000005675      0x1e2 build/default/production/_ext/1987437027/plib_freqm.o
 .debug_line    0x0000000000005857      0x5f8 build/default/production/_ext/1865468468/plib_nvic.o
 .debug_line    0x0000000000005e4f      0x49b build/default/production/_ext/1593096446/plib_nvmctrl.o
 .debug_line    0x00000000000062ea      0x2da build/default/production/_ext/1865510628/plib_pdec.o
 .debug_line    0x00000000000065c4      0x150 build/default/production/_ext/829342769/plib_pm.o
 .debug_line    0x0000000000006714      0x28f build/default/production/_ext/1865521619/plib_port.o
 .debug_line    0x00000000000069a3       0xfa build/default/production/_ext/1865585090/plib_rstc.o
 .debug_line    0x0000000000006a9d      0x3b3 build/default/production/_ext/60180175/plib_rtc_timer.o
 .debug_line    0x0000000000006e50      0x92f build/default/production/_ext/508257091/plib_sercom0_i2c_master.o
 .debug_line    0x000000000000777f      0x791 build/default/production/_ext/17022449/plib_sercom1_spi_master.o
 .debug_line    0x0000000000007f10      0x9d0 build/default/production/_ext/504274921/plib_sercom3_usart.o
 .debug_line    0x00000000000088e0      0xd39 build/default/production/_ext/504274921/plib_sercom2_usart.o
 .debug_line    0x0000000000009619      0x1cc build/default/production/_ext/1865616679/plib_supc.o
 .debug_line    0x00000000000097e5      0x374 build/default/production/_ext/829342655/plib_tc0.o
 .debug_line    0x0000000000009b59      0x342 build/default/production/_ext/829342655/plib_tc1.o
 .debug_line    0x0000000000009e9b      0x3b1 build/default/production/_ext/60181570/plib_tcc0.o
 .debug_line    0x000000000000a24c      0x64b build/default/production/_ext/1832805299/sys_console.o
 .debug_line    0x000000000000a897      0x603 build/default/production/_ext/1832805299/sys_console_uart.o
 .debug_line    0x000000000000ae9a      0x141 build/default/production/_ext/14461671/sys_dma.o
 .debug_line    0x000000000000afdb      0x2cc build/default/production/_ext/1881668453/sys_int.o
 .debug_line    0x000000000000b2a7     0x1213 build/default/production/_ext/101884895/sys_time.o
 .debug_line    0x000000000000c4ba      0x147 build/default/production/_ext/1171490990/tasks.o
 .debug_line    0x000000000000c601      0xa60 build/default/production/_ext/1171490990/initialization.o
 .debug_line    0x000000000000d061      0x13f build/default/production/_ext/1171490990/interrupts.o
 .debug_line    0x000000000000d1a0      0x234 build/default/production/_ext/1171490990/startup_xc32.o
 .debug_line    0x000000000000d3d4       0x6f build/default/production/_ext/1171490990/exceptions.o
 .debug_line    0x000000000000d443      0x727 build/default/production/_ext/1360937237/bme690_driver.o
 .debug_line    0x000000000000db6a      0x59b build/default/production/_ext/1360937237/can0_driver.o
 .debug_line    0x000000000000e105       0x96 build/default/production/_ext/1360937237/console_driver.o
 .debug_line    0x000000000000e19b       0xf9 build/default/production/_ext/1360937237/fcm360w_driver.o
 .debug_line    0x000000000000e294      0xbc0 build/default/production/_ext/1360937237/hdc302x_driver.o
 .debug_line    0x000000000000ee54      0x702 build/default/production/_ext/1360937237/mcp9808_driver.o
 .debug_line    0x000000000000f556      0x43f build/default/production/_ext/1360937237/rstc_driver.o
 .debug_line    0x000000000000f995      0x2e4 build/default/production/_ext/1360937237/rtc_driver.o
 .debug_line    0x000000000000fc79      0x59b build/default/production/_ext/1360937237/sht4x_driver.o
 .debug_line    0x0000000000010214      0x38d build/default/production/_ext/1360937237/timer_driver.o
 .debug_line    0x00000000000105a1       0x92 build/default/production/_ext/1360937237/xm125_driver.o
 .debug_line    0x0000000000010633       0x6d build/default/production/_ext/1360937237/main.o
 .debug_line    0x00000000000106a0       0x8e build/default/production/_ext/1360937237/ntc_driver.o
 .debug_line    0x000000000001072e       0x94 build/default/production/_ext/1360937237/ad9954_driver.o
 .debug_line    0x00000000000107c2       0xa5 c:/applications/microchip/xc32/bin/bin/../../lib/gcc/pic32c/8.3.1/../../../../pic32c/lib/thumb/v6-m/nofp\libpic32c.a(data_init.o)
 .debug_line    0x0000000000010867       0xee c:/applications/microchip/xc32/bin/bin/../../lib/gcc/pic32c/8.3.1/../../../../pic32c/lib/thumb/v6-m/nofp\libc-size-musl.a(memcpy.o)
 .debug_line    0x0000000000010955       0xe3 c:/applications/microchip/xc32/bin/bin/../../lib/gcc/pic32c/8.3.1/../../../../pic32c/lib/thumb/v6-m/nofp\libc-size-musl.a(memset.o)
 .debug_line    0x0000000000010a38      0x1bc c:/applications/microchip/xc32/bin/bin/../../lib/gcc/pic32c/8.3.1/../../../../pic32c/lib/thumb/v6-m/nofp\libc-musl.a(__libc_start_main.o)
 .debug_line    0x0000000000010bf4       0xb5 c:/applications/microchip/xc32/bin/bin/../../lib/gcc/pic32c/8.3.1/../../../../pic32c/lib/thumb/v6-m/nofp\libc-musl.a(libc.o)
 .debug_line    0x0000000000010ca9       0xfb c:/applications/microchip/xc32/bin/bin/../../lib/gcc/pic32c/8.3.1/../../../../pic32c/lib/thumb/v6-m/nofp\libc-musl.a(__environ.o)
 .debug_line    0x0000000000010da4       0xa8 c:/applications/microchip/xc32/bin/bin/../../lib/gcc/pic32c/8.3.1/thumb/v6-m/nofp\libgcc.a(_udivsi3.o)
 .debug_line    0x0000000000010e4c       0x91 c:/applications/microchip/xc32/bin/bin/../../lib/gcc/pic32c/8.3.1/thumb/v6-m/nofp\libgcc.a(_dvmd_tls.o)
 .debug_line    0x0000000000010edd       0x9c c:/applications/microchip/xc32/bin/bin/../../lib/gcc/pic32c/8.3.1/thumb/v6-m/nofp\libgcc.a(_aeabi_uldivmod.o)
 .debug_line    0x0000000000010f79       0xe7 c:/applications/microchip/xc32/bin/bin/../../lib/gcc/pic32c/8.3.1/thumb/v6-m/nofp\libgcc.a(_muldi3.o)
 .debug_line    0x0000000000011060      0x188 c:/applications/microchip/xc32/bin/bin/../../lib/gcc/pic32c/8.3.1/thumb/v6-m/nofp\libgcc.a(_udivmoddi4.o)
 .debug_line    0x00000000000111e8       0x9c c:/applications/microchip/xc32/bin/bin/../../lib/gcc/pic32c/8.3.1/thumb/v6-m/nofp\libgcc.a(_lshrdi3.o)
 .debug_line    0x0000000000011284       0x9c c:/applications/microchip/xc32/bin/bin/../../lib/gcc/pic32c/8.3.1/thumb/v6-m/nofp\libgcc.a(_ashldi3.o)
 .debug_line    0x0000000000011320       0x9b c:/applications/microchip/xc32/bin/bin/../../lib/gcc/pic32c/8.3.1/thumb/v6-m/nofp\libgcc.a(_clzdi2.o)
 .debug_line    0x00000000000113bb       0xa5 c:/applications/microchip/xc32/bin/bin/../../lib/gcc/pic32c/8.3.1/thumb/v6-m/nofp\libgcc.a(_clzsi2.o)
 .debug_line    0x0000000000011460       0x6f c:/applications/microchip/xc32/bin/bin/../../lib/gcc/pic32c/8.3.1/../../../../pic32c/lib/thumb/v6-m/nofp\libpic32c.a(pic32_data_init_clear.o)
 .debug_line    0x00000000000114cf       0x88 c:/applications/microchip/xc32/bin/bin/../../lib/gcc/pic32c/8.3.1/../../../../pic32c/lib/thumb/v6-m/nofp\libpic32c.a(pic32_data_init_copy.o)

.debug_str      0x0000000000000000    0x1e9e4
 .debug_str     0x0000000000000000     0x11f4 build/default/production/_ext/158385033/drv_i2c.o
 .debug_str     0x00000000000011f4     0x1d65 build/default/production/_ext/2070931557/drv_spi.o
 .debug_str     0x0000000000002f59     0x1971 build/default/production/_ext/869808652/drv_usart.o
 .debug_str     0x00000000000048ca      0x7ef build/default/production/_ext/60163342/plib_adc0.o
 .debug_str     0x00000000000050b9      0xe84 build/default/production/_ext/60165182/plib_can0.o
 .debug_str     0x0000000000005f3d      0x338 build/default/production/_ext/60165242/plib_ccl.o
 .debug_str     0x0000000000006275      0x740 build/default/production/_ext/1984496892/plib_clock.o
 .debug_str     0x00000000000069b5      0x3d9 build/default/production/_ext/60166132/plib_dac.o
 .debug_str     0x0000000000006d8e      0x93f build/default/production/_ext/1865161661/plib_dmac.o
 .debug_str     0x00000000000076cd      0x4a8 build/default/production/_ext/60167341/plib_eic.o
 .debug_str     0x0000000000007b75      0x2f4 build/default/production/_ext/1986646378/plib_evsys.o
 .debug_str     0x0000000000007e69      0x437 build/default/production/_ext/1987437027/plib_freqm.o
 .debug_str     0x00000000000082a0      0x690 build/default/production/_ext/1865468468/plib_nvic.o
 .debug_str     0x0000000000008930      0x6a7 build/default/production/_ext/1593096446/plib_nvmctrl.o
 .debug_str     0x0000000000008fd7      0x4ae build/default/production/_ext/1865510628/plib_pdec.o
 .debug_str     0x0000000000009485      0x35c build/default/production/_ext/829342769/plib_pm.o
 .debug_str     0x00000000000097e1      0x73f build/default/production/_ext/1865521619/plib_port.o
 .debug_str     0x0000000000009f20      0x333 build/default/production/_ext/1865585090/plib_rstc.o
 .debug_str     0x000000000000a253      0x624 build/default/production/_ext/60180175/plib_rtc_timer.o
 .debug_str     0x000000000000a877      0x99b build/default/production/_ext/508257091/plib_sercom0_i2c_master.o
 .debug_str     0x000000000000b212      0x851 build/default/production/_ext/17022449/plib_sercom1_spi_master.o
 .debug_str     0x000000000000ba63      0xac1 build/default/production/_ext/504274921/plib_sercom3_usart.o
 .debug_str     0x000000000000c524      0xdef build/default/production/_ext/504274921/plib_sercom2_usart.o
 .debug_str     0x000000000000d313      0x40a build/default/production/_ext/1865616679/plib_supc.o
 .debug_str     0x000000000000d71d      0x632 build/default/production/_ext/829342655/plib_tc0.o
 .debug_str     0x000000000000dd4f      0x611 build/default/production/_ext/829342655/plib_tc1.o
 .debug_str     0x000000000000e360      0x5bf build/default/production/_ext/60181570/plib_tcc0.o
 .debug_str     0x000000000000e91f      0xa82 build/default/production/_ext/1832805299/sys_console.o
 .debug_str     0x000000000000f3a1      0xb3d build/default/production/_ext/1832805299/sys_console_uart.o
 .debug_str     0x000000000000fede      0x670 build/default/production/_ext/14461671/sys_dma.o
 .debug_str     0x000000000001054e      0x63e build/default/production/_ext/1881668453/sys_int.o
 .debug_str     0x0000000000010b8c      0xf5c build/default/production/_ext/101884895/sys_time.o
 .debug_str     0x0000000000011ae8      0x3cb build/default/production/_ext/1171490990/tasks.o
 .debug_str     0x0000000000011eb3     0x2aa7 build/default/production/_ext/1171490990/initialization.o
 .debug_str     0x000000000001495a      0x781 build/default/production/_ext/1171490990/interrupts.o
 .debug_str     0x00000000000150db      0x40a build/default/production/_ext/1171490990/startup_xc32.o
 .debug_str     0x00000000000154e5      0x307 build/default/production/_ext/1171490990/exceptions.o
 .debug_str     0x00000000000157ec      0xfe9 build/default/production/_ext/1360937237/bme690_driver.o
 .debug_str     0x00000000000167d5      0xd40 build/default/production/_ext/1360937237/can0_driver.o
 .debug_str     0x0000000000017515      0x38b build/default/production/_ext/1360937237/console_driver.o
 .debug_str     0x00000000000178a0      0x413 build/default/production/_ext/1360937237/fcm360w_driver.o
 .debug_str     0x0000000000017cb3     0x1005 build/default/production/_ext/1360937237/hdc302x_driver.o
 .debug_str     0x0000000000018cb8      0xefc build/default/production/_ext/1360937237/mcp9808_driver.o
 .debug_str     0x0000000000019bb4      0x621 build/default/production/_ext/1360937237/rstc_driver.o
 .debug_str     0x000000000001a1d5      0x618 build/default/production/_ext/1360937237/rtc_driver.o
 .debug_str     0x000000000001a7ed     0x1006 build/default/production/_ext/1360937237/sht4x_driver.o
 .debug_str     0x000000000001b7f3      0x68e build/default/production/_ext/1360937237/timer_driver.o
 .debug_str     0x000000000001be81      0x37b build/default/production/_ext/1360937237/xm125_driver.o
 .debug_str     0x000000000001c1fc      0x2e7 build/default/production/_ext/1360937237/main.o
 .debug_str     0x000000000001c4e3      0x36b build/default/production/_ext/1360937237/ntc_driver.o
 .debug_str     0x000000000001c84e      0x383 build/default/production/_ext/1360937237/ad9954_driver.o
 .debug_str     0x000000000001cbd1      0x1fc c:/applications/microchip/xc32/bin/bin/../../lib/gcc/pic32c/8.3.1/../../../../pic32c/lib/thumb/v6-m/nofp\libpic32c.a(data_init.o)
 .debug_str     0x000000000001cdcd      0x225 c:/applications/microchip/xc32/bin/bin/../../lib/gcc/pic32c/8.3.1/../../../../pic32c/lib/thumb/v6-m/nofp\libc-size-musl.a(memcpy.o)
 .debug_str     0x000000000001cff2      0x211 c:/applications/microchip/xc32/bin/bin/../../lib/gcc/pic32c/8.3.1/../../../../pic32c/lib/thumb/v6-m/nofp\libc-size-musl.a(memset.o)
 .debug_str     0x000000000001d203      0x3ca c:/applications/microchip/xc32/bin/bin/../../lib/gcc/pic32c/8.3.1/../../../../pic32c/lib/thumb/v6-m/nofp\libc-musl.a(__libc_start_main.o)
 .debug_str     0x000000000001d5cd      0x335 c:/applications/microchip/xc32/bin/bin/../../lib/gcc/pic32c/8.3.1/../../../../pic32c/lib/thumb/v6-m/nofp\libc-musl.a(libc.o)
 .debug_str     0x000000000001d902      0x235 c:/applications/microchip/xc32/bin/bin/../../lib/gcc/pic32c/8.3.1/../../../../pic32c/lib/thumb/v6-m/nofp\libc-musl.a(__environ.o)
 .debug_str     0x000000000001db37       0xd6 c:/applications/microchip/xc32/bin/bin/../../lib/gcc/pic32c/8.3.1/thumb/v6-m/nofp\libgcc.a(_udivsi3.o)
 .debug_str     0x000000000001dc0d       0xd6 c:/applications/microchip/xc32/bin/bin/../../lib/gcc/pic32c/8.3.1/thumb/v6-m/nofp\libgcc.a(_dvmd_tls.o)
 .debug_str     0x000000000001dce3       0xd6 c:/applications/microchip/xc32/bin/bin/../../lib/gcc/pic32c/8.3.1/thumb/v6-m/nofp\libgcc.a(_aeabi_uldivmod.o)
 .debug_str     0x000000000001ddb9      0x2af c:/applications/microchip/xc32/bin/bin/../../lib/gcc/pic32c/8.3.1/thumb/v6-m/nofp\libgcc.a(_muldi3.o)
 .debug_str     0x000000000001e068      0x27c c:/applications/microchip/xc32/bin/bin/../../lib/gcc/pic32c/8.3.1/thumb/v6-m/nofp\libgcc.a(_udivmoddi4.o)
 .debug_str     0x000000000001e2e4       0xd6 c:/applications/microchip/xc32/bin/bin/../../lib/gcc/pic32c/8.3.1/thumb/v6-m/nofp\libgcc.a(_lshrdi3.o)
 .debug_str     0x000000000001e3ba       0xd6 c:/applications/microchip/xc32/bin/bin/../../lib/gcc/pic32c/8.3.1/thumb/v6-m/nofp\libgcc.a(_ashldi3.o)
 .debug_str     0x000000000001e490       0xd6 c:/applications/microchip/xc32/bin/bin/../../lib/gcc/pic32c/8.3.1/thumb/v6-m/nofp\libgcc.a(_clzdi2.o)
 .debug_str     0x000000000001e566       0xd6 c:/applications/microchip/xc32/bin/bin/../../lib/gcc/pic32c/8.3.1/thumb/v6-m/nofp\libgcc.a(_clzsi2.o)
 .debug_str     0x000000000001e63c      0x1d5 c:/applications/microchip/xc32/bin/bin/../../lib/gcc/pic32c/8.3.1/../../../../pic32c/lib/thumb/v6-m/nofp\libpic32c.a(pic32_data_init_clear.o)
 .debug_str     0x000000000001e811      0x1d3 c:/applications/microchip/xc32/bin/bin/../../lib/gcc/pic32c/8.3.1/../../../../pic32c/lib/thumb/v6-m/nofp\libpic32c.a(pic32_data_init_copy.o)

.debug_frame    0x0000000000000000     0x3600
 .debug_frame   0x0000000000000000      0x250 build/default/production/_ext/158385033/drv_i2c.o
 .debug_frame   0x0000000000000250      0x23c build/default/production/_ext/2070931557/drv_spi.o
 .debug_frame   0x000000000000048c      0x348 build/default/production/_ext/869808652/drv_usart.o
 .debug_frame   0x00000000000007d4       0xe0 build/default/production/_ext/60163342/plib_adc0.o
 .debug_frame   0x00000000000008b4      0x180 build/default/production/_ext/60165182/plib_can0.o
 .debug_frame   0x0000000000000a34       0x20 build/default/production/_ext/60165242/plib_ccl.o
 .debug_frame   0x0000000000000a54       0x48 build/default/production/_ext/1984496892/plib_clock.o
 .debug_frame   0x0000000000000a9c       0x40 build/default/production/_ext/60166132/plib_dac.o
 .debug_frame   0x0000000000000adc      0x18c build/default/production/_ext/1865161661/plib_dmac.o
 .debug_frame   0x0000000000000c68       0x7c build/default/production/_ext/60167341/plib_eic.o
 .debug_frame   0x0000000000000ce4       0x20 build/default/production/_ext/1986646378/plib_evsys.o
 .debug_frame   0x0000000000000d04       0x68 build/default/production/_ext/1987437027/plib_freqm.o
 .debug_frame   0x0000000000000d6c       0x90 build/default/production/_ext/1865468468/plib_nvic.o
 .debug_frame   0x0000000000000dfc      0x16c build/default/production/_ext/1593096446/plib_nvmctrl.o
 .debug_frame   0x0000000000000f68       0x80 build/default/production/_ext/1865510628/plib_pdec.o
 .debug_frame   0x0000000000000fe8       0x40 build/default/production/_ext/829342769/plib_pm.o
 .debug_frame   0x0000000000001028       0xc8 build/default/production/_ext/1865521619/plib_port.o
 .debug_frame   0x00000000000010f0       0x20 build/default/production/_ext/1865585090/plib_rstc.o
 .debug_frame   0x0000000000001110       0xf8 build/default/production/_ext/60180175/plib_rtc_timer.o
 .debug_frame   0x0000000000001208      0x124 build/default/production/_ext/508257091/plib_sercom0_i2c_master.o
 .debug_frame   0x000000000000132c       0xd4 build/default/production/_ext/17022449/plib_sercom1_spi_master.o
 .debug_frame   0x0000000000001400      0x1f0 build/default/production/_ext/504274921/plib_sercom3_usart.o
 .debug_frame   0x00000000000015f0      0x254 build/default/production/_ext/504274921/plib_sercom2_usart.o
 .debug_frame   0x0000000000001844       0x50 build/default/production/_ext/1865616679/plib_supc.o
 .debug_frame   0x0000000000001894       0xd8 build/default/production/_ext/829342655/plib_tc0.o
 .debug_frame   0x000000000000196c       0xc8 build/default/production/_ext/829342655/plib_tc1.o
 .debug_frame   0x0000000000001a34       0xe0 build/default/production/_ext/60181570/plib_tcc0.o
 .debug_frame   0x0000000000001b14      0x15c build/default/production/_ext/1832805299/sys_console.o
 .debug_frame   0x0000000000001c70       0xe8 build/default/production/_ext/1832805299/sys_console_uart.o
 .debug_frame   0x0000000000001d58       0x48 build/default/production/_ext/14461671/sys_dma.o
 .debug_frame   0x0000000000001da0       0x84 build/default/production/_ext/1881668453/sys_int.o
 .debug_frame   0x0000000000001e24      0x3a0 build/default/production/_ext/101884895/sys_time.o
 .debug_frame   0x00000000000021c4       0x28 build/default/production/_ext/1171490990/tasks.o
 .debug_frame   0x00000000000021ec       0x28 build/default/production/_ext/1171490990/initialization.o
 .debug_frame   0x0000000000002214       0x68 build/default/production/_ext/1171490990/interrupts.o
 .debug_frame   0x000000000000227c       0x40 build/default/production/_ext/1171490990/startup_xc32.o
 .debug_frame   0x00000000000022bc       0x30 build/default/production/_ext/1171490990/exceptions.o
 .debug_frame   0x00000000000022ec      0x420 build/default/production/_ext/1360937237/bme690_driver.o
 .debug_frame   0x000000000000270c      0x120 build/default/production/_ext/1360937237/can0_driver.o
 .debug_frame   0x000000000000282c       0x30 build/default/production/_ext/1360937237/console_driver.o
 .debug_frame   0x000000000000285c       0x30 build/default/production/_ext/1360937237/fcm360w_driver.o
 .debug_frame   0x000000000000288c      0x50c build/default/production/_ext/1360937237/hdc302x_driver.o
 .debug_frame   0x0000000000002d98      0x1d8 build/default/production/_ext/1360937237/mcp9808_driver.o
 .debug_frame   0x0000000000002f70       0x90 build/default/production/_ext/1360937237/rstc_driver.o
 .debug_frame   0x0000000000003000       0xa8 build/default/production/_ext/1360937237/rtc_driver.o
 .debug_frame   0x00000000000030a8      0x160 build/default/production/_ext/1360937237/sht4x_driver.o
 .debug_frame   0x0000000000003208      0x1ac build/default/production/_ext/1360937237/timer_driver.o
 .debug_frame   0x00000000000033b4       0x30 build/default/production/_ext/1360937237/xm125_driver.o
 .debug_frame   0x00000000000033e4       0x28 build/default/production/_ext/1360937237/main.o
 .debug_frame   0x000000000000340c       0x30 build/default/production/_ext/1360937237/ntc_driver.o
 .debug_frame   0x000000000000343c       0x30 build/default/production/_ext/1360937237/ad9954_driver.o
 .debug_frame   0x000000000000346c       0x48 c:/applications/microchip/xc32/bin/bin/../../lib/gcc/pic32c/8.3.1/../../../../pic32c/lib/thumb/v6-m/nofp\libpic32c.a(data_init.o)
 .debug_frame   0x00000000000034b4       0x28 c:/applications/microchip/xc32/bin/bin/../../lib/gcc/pic32c/8.3.1/../../../../pic32c/lib/thumb/v6-m/nofp\libc-size-musl.a(memcpy.o)
 .debug_frame   0x00000000000034dc       0x20 c:/applications/microchip/xc32/bin/bin/../../lib/gcc/pic32c/8.3.1/../../../../pic32c/lib/thumb/v6-m/nofp\libc-size-musl.a(memset.o)
 .debug_frame   0x00000000000034fc       0x38 c:/applications/microchip/xc32/bin/bin/../../lib/gcc/pic32c/8.3.1/../../../../pic32c/lib/thumb/v6-m/nofp\libc-musl.a(__libc_start_main.o)
 .debug_frame   0x0000000000003534       0x20 c:/applications/microchip/xc32/bin/bin/../../lib/gcc/pic32c/8.3.1/thumb/v6-m/nofp\libgcc.a(_udivsi3.o)
 .debug_frame   0x0000000000003554       0x34 c:/applications/microchip/xc32/bin/bin/../../lib/gcc/pic32c/8.3.1/thumb/v6-m/nofp\libgcc.a(_muldi3.o)
 .debug_frame   0x0000000000003588       0x30 c:/applications/microchip/xc32/bin/bin/../../lib/gcc/pic32c/8.3.1/thumb/v6-m/nofp\libgcc.a(_udivmoddi4.o)
 .debug_frame   0x00000000000035b8       0x20 c:/applications/microchip/xc32/bin/bin/../../lib/gcc/pic32c/8.3.1/../../../../pic32c/lib/thumb/v6-m/nofp\libpic32c.a(pic32_data_init_clear.o)
 .debug_frame   0x00000000000035d8       0x28 c:/applications/microchip/xc32/bin/bin/../../lib/gcc/pic32c/8.3.1/../../../../pic32c/lib/thumb/v6-m/nofp\libpic32c.a(pic32_data_init_copy.o)

.note.GNU-stack
                0x0000000000000000        0x0
 .note.GNU-stack
                0x0000000000000000        0x0 c:/applications/microchip/xc32/bin/bin/../../lib/gcc/pic32c/8.3.1/../../../../pic32c/lib/thumb/v6-m/nofp\libc-size-musl.a(memcpy.o)
 .note.GNU-stack
                0x0000000000000000        0x0 c:/applications/microchip/xc32/bin/bin/../../lib/gcc/pic32c/8.3.1/../../../../pic32c/lib/thumb/v6-m/nofp\libc-size-musl.a(memset.o)
 .note.GNU-stack
                0x0000000000000000        0x0 c:/applications/microchip/xc32/bin/bin/../../lib/gcc/pic32c/8.3.1/../../../../pic32c/lib/thumb/v6-m/nofp\libc-musl.a(__libc_start_main.o)
 .note.GNU-stack
                0x0000000000000000        0x0 c:/applications/microchip/xc32/bin/bin/../../lib/gcc/pic32c/8.3.1/../../../../pic32c/lib/thumb/v6-m/nofp\libc-musl.a(libc.o)
 .note.GNU-stack
                0x0000000000000000        0x0 c:/applications/microchip/xc32/bin/bin/../../lib/gcc/pic32c/8.3.1/../../../../pic32c/lib/thumb/v6-m/nofp\libc-musl.a(__environ.o)

.stack          0x0000000020009920      0x100
 .stack         0x0000000020009920      0x100 stack

.bss.can0_driverData%1
                0x0000000020000000     0x5b40
 .bss.can0_driverData
                0x0000000020000000     0x5b40 build/default/production/_ext/1360937237/can0_driver.o
                0x0000000020000000                can0_driverData

.bss.SERCOM2_USART_ReadBuffer%2
                0x0000000020005b40     0x1000
 .bss.SERCOM2_USART_ReadBuffer
                0x0000000020005b40     0x1000 build/default/production/_ext/504274921/plib_sercom2_usart.o

.bss.SERCOM2_USART_WriteBuffer%3
                0x0000000020006b40     0x1000
 .bss.SERCOM2_USART_WriteBuffer
                0x0000000020006b40     0x1000 build/default/production/_ext/504274921/plib_sercom2_usart.o

.bss.timers%4   0x0000000020007b40      0x640
 .bss.timers    0x0000000020007b40      0x640 build/default/production/_ext/101884895/sys_time.o

.bss.eicCallbackObject%5
                0x0000000020008180       0xc0
 .bss.eicCallbackObject
                0x0000000020008180       0xc0 build/default/production/_ext/60167341/plib_eic.o

.bss.drvUSART0BufferObjPool%6
                0x0000000020008240       0xb4
 .bss.drvUSART0BufferObjPool
                0x0000000020008240       0xb4 build/default/production/_ext/1171490990/initialization.o

.bss.drvSPI0TransferObjPool%7
                0x00000000200082f4       0x90
 .bss.drvSPI0TransferObjPool
                0x00000000200082f4       0x90 build/default/production/_ext/1171490990/initialization.o

.bss.gDrvSPIObj%8
                0x0000000020008384       0x74
 .bss.gDrvSPIObj
                0x0000000020008384       0x74 build/default/production/_ext/2070931557/drv_spi.o

.bss.gDrvUSARTObj%9
                0x00000000200083f8       0x60
 .bss.gDrvUSARTObj
                0x00000000200083f8       0x60 build/default/production/_ext/869808652/drv_usart.o

.bss.drvI2C0TransferObj%10
                0x0000000020008458       0x58
 .bss.drvI2C0TransferObj
                0x0000000020008458       0x58 build/default/production/_ext/1171490990/initialization.o

.bss%11         0x00000000200084b0       0x50
 .bss           0x00000000200084b0       0x50 c:/applications/microchip/xc32/bin/bin/../../lib/gcc/pic32c/8.3.1/../../../../pic32c/lib/thumb/v6-m/nofp\libc-musl.a(libc.o)
                0x00000000200084b0                __progname_full
                0x00000000200084b0                program_invocation_name
                0x00000000200084b4                program_invocation_short_name
                0x00000000200084b4                __progname
                0x00000000200084b8                __sysinfo
                0x00000000200084bc                __hwcap
                0x00000000200084c0                __libc

.bss.descriptor_section%12
                0x0000000020008500       0x40
 .bss.descriptor_section
                0x0000000020008500       0x40 build/default/production/_ext/1865161661/plib_dmac.o

.bss.dmacChannelObj%13
                0x0000000020008540       0x40
 .bss.dmacChannelObj
                0x0000000020008540       0x40 build/default/production/_ext/1865161661/plib_dmac.o

.bss.write_back_section%14
                0x0000000020008580       0x40
 .bss.write_back_section
                0x0000000020008580       0x40 build/default/production/_ext/1865161661/plib_dmac.o

.bss.sercom2USARTObj%15
                0x00000000200085c0       0x40
 .bss.sercom2USARTObj
                0x00000000200085c0       0x40 build/default/production/_ext/504274921/plib_sercom2_usart.o

.bss.gSystemCounterObj%16
                0x0000000020008600       0x40
 .bss.gSystemCounterObj
                0x0000000020008600       0x40 build/default/production/_ext/101884895/sys_time.o

.bss.can0DataTx%17
                0x0000000020008640       0x40
 .bss.can0DataTx
                0x0000000020008640       0x40 build/default/production/_ext/1360937237/can0_driver.o
                0x0000000020008640                can0DataTx

.bss.gDrvI2CObj%18
                0x0000000020008680       0x3c
 .bss.gDrvI2CObj
                0x0000000020008680       0x3c build/default/production/_ext/158385033/drv_i2c.o

.bss.sercom3USARTObj%19
                0x00000000200086bc       0x30
 .bss.sercom3USARTObj
                0x00000000200086bc       0x30 build/default/production/_ext/504274921/plib_sercom3_usart.o

.bss.sercom0I2CObj%20
                0x00000000200086ec       0x2c
 .bss.sercom0I2CObj
                0x00000000200086ec       0x2c build/default/production/_ext/508257091/plib_sercom0_i2c_master.o

.bss.sercom1SPIObj%21
                0x0000000020008718       0x2c
 .bss.sercom1SPIObj
                0x0000000020008718       0x2c build/default/production/_ext/17022449/plib_sercom1_spi_master.o

.bss.drvSPI0ClientObjPool%22
                0x0000000020008744       0x28
 .bss.drvSPI0ClientObjPool
                0x0000000020008744       0x28 build/default/production/_ext/1171490990/initialization.o

.bss.bme690_driverData%23
                0x000000002000876c       0x20