Archive member included to satisfy reference by file (symbol)

c:/applications/microchip/xc32/bin/bin/../../lib/gcc/pic32c/8.3.1/../../../../pic32c/lib/thumb/v6-m/nofp\libpic32c.a(data_init.o)
                              build/default/production/_ext/1171490990/startup_xc32.o (__pic32c_data_initialization)
c:/applications/microchip/xc32/bin/bin/../../lib/gcc/pic32c/8.3.1/../../../../pic32c/lib/thumb/v6-m/nofp\libc-size-musl.a(memcpy.o)
                              build/default/production/_ext/60165182/plib_can0.o (memcpy)
c:/applications/microchip/xc32/bin/bin/../../lib/gcc/pic32c/8.3.1/../../../../pic32c/lib/thumb/v6-m/nofp\libc-size-musl.a(memset.o)
                              build/default/production/_ext/60165182/plib_can0.o (memset)
c:/applications/microchip/xc32/bin/bin/../../lib/gcc/pic32c/8.3.1/../../../../pic32c/lib/thumb/v6-m/nofp\libc-size-musl.a(strlen.o)
                              build/default/production/_ext/1832805299/sys_console.o (strlen)
c:/applications/microchip/xc32/bin/bin/../../lib/gcc/pic32c/8.3.1/../../../../pic32c/lib/thumb/v6-m/nofp\libc-size-musl.a(strstr.o)
                              build/default/production/_ext/1360937237/fcm360w_driver.o (strstr)
c:/applications/microchip/xc32/bin/bin/../../lib/gcc/pic32c/8.3.1/../../../../pic32c/lib/thumb/v6-m/nofp\libc-size-musl.a(strchr.o)
                              build/default/production/_ext/1360937237/fcm360w_driver.o (strchr)
c:/applications/microchip/xc32/bin/bin/../../lib/gcc/pic32c/8.3.1/../../../../pic32c/lib/thumb/v6-m/nofp\libc-size-musl.a(strchrnul.o)
                              c:/applications/microchip/xc32/bin/bin/../../lib/gcc/pic32c/8.3.1/../../../../pic32c/lib/thumb/v6-m/nofp\libc-size-musl.a(strchr.o) (__strchrnul)
c:/applications/microchip/xc32/bin/bin/../../lib/gcc/pic32c/8.3.1/../../../../pic32c/lib/thumb/v6-m/nofp\libm-fast-emfloat.a(__aeabi_fadd.o)
                              build/default/production/_ext/508257091/plib_sercom3_i2c_master.o (__aeabi_fadd)
c:/applications/microchip/xc32/bin/bin/../../lib/gcc/pic32c/8.3.1/../../../../pic32c/lib/thumb/v6-m/nofp\libm-fast-emfloat.a(__aeabi_dadd.o)
                              build/default/production/_ext/1360937237/mcp9808_driver.o (__aeabi_dadd)
c:/applications/microchip/xc32/bin/bin/../../lib/gcc/pic32c/8.3.1/../../../../pic32c/lib/thumb/v6-m/nofp\libm-fast-emfloat.a(__aeabi_fsub.o)
                              build/default/production/_ext/508257091/plib_sercom3_i2c_master.o (__aeabi_fsub)
c:/applications/microchip/xc32/bin/bin/../../lib/gcc/pic32c/8.3.1/../../../../pic32c/lib/thumb/v6-m/nofp\libm-fast-emfloat.a(__aeabi_fmul.o)
                              build/default/production/_ext/60165182/plib_can0.o (__aeabi_fmul)
c:/applications/microchip/xc32/bin/bin/../../lib/gcc/pic32c/8.3.1/../../../../pic32c/lib/thumb/v6-m/nofp\libm-fast-emfloat.a(__aeabi_dmul_aux.o)
                              build/default/production/_ext/1360937237/mcp9808_driver.o (__aeabi_dmul)
c:/applications/microchip/xc32/bin/bin/../../lib/gcc/pic32c/8.3.1/../../../../pic32c/lib/thumb/v6-m/nofp\libm-fast-emfloat.a(__aeabi_fdiv.o)
                              build/default/production/_ext/60165182/plib_can0.o (__aeabi_fdiv)
c:/applications/microchip/xc32/bin/bin/../../lib/gcc/pic32c/8.3.1/../../../../pic32c/lib/thumb/v6-m/nofp\libm-fast-emfloat.a(__aeabi_fcmplt.o)
                              build/default/production/_ext/60165182/plib_can0.o (__aeabi_fcmplt)
c:/applications/microchip/xc32/bin/bin/../../lib/gcc/pic32c/8.3.1/../../../../pic32c/lib/thumb/v6-m/nofp\libm-fast-emfloat.a(__aeabi_f2iz.o)
                              build/default/production/_ext/504274921/plib_sercom1_usart.o (__aeabi_f2iz)
c:/applications/microchip/xc32/bin/bin/../../lib/gcc/pic32c/8.3.1/../../../../pic32c/lib/thumb/v6-m/nofp\libm-fast-emfloat.a(__aeabi_f2uiz.o)
                              build/default/production/_ext/60165182/plib_can0.o (__aeabi_f2uiz)
c:/applications/microchip/xc32/bin/bin/../../lib/gcc/pic32c/8.3.1/../../../../pic32c/lib/thumb/v6-m/nofp\libm-fast-emfloat.a(__aeabi_i2f.o)
                              build/default/production/_ext/504274921/plib_sercom1_usart.o (__aeabi_i2f)
c:/applications/microchip/xc32/bin/bin/../../lib/gcc/pic32c/8.3.1/../../../../pic32c/lib/thumb/v6-m/nofp\libm-fast-emfloat.a(__aeabi_l2f.o)
                              build/default/production/_ext/1360937237/ad9954_driver.o (__aeabi_l2f)
c:/applications/microchip/xc32/bin/bin/../../lib/gcc/pic32c/8.3.1/../../../../pic32c/lib/thumb/v6-m/nofp\libm-fast-emfloat.a(__aeabi_ui2f.o)
                              build/default/production/_ext/60165182/plib_can0.o (__aeabi_ui2f)
c:/applications/microchip/xc32/bin/bin/../../lib/gcc/pic32c/8.3.1/../../../../pic32c/lib/thumb/v6-m/nofp\libm-fast-emfloat.a(__aeabi_ul2f.o)
                              c:/applications/microchip/xc32/bin/bin/../../lib/gcc/pic32c/8.3.1/../../../../pic32c/lib/thumb/v6-m/nofp\libm-fast-emfloat.a(__aeabi_l2f.o) (__aeabi_ul2f)
[...]
Memory Configuration

Name             Origin             Length             Attributes
rom              0x0000000000000000 0x0000000000080000 xrl
ram              0x0000000020000000 0x0000000000010000 xw !r
config_00804000  0x0000000000804000 0x0000000000000004
config_00804004  0x0000000000804004 0x0000000000000004
*default*        0x0000000000000000 0xffffffffffffffff

Linker script and memory map

LOAD c:/applications/microchip/xc32/bin/bin/../../lib/gcc/pic32c/8.3.1/thumb/v6-m/nofp/crti.o
LOAD c:/applications/microchip/xc32/bin/bin/../../lib/gcc/pic32c/8.3.1/thumb/v6-m/nofp/crtbegin.o
LOAD build/default/production/_ext/158385033/drv_i2c.o
LOAD build/default/production/_ext/2070931557/drv_spi.o
LOAD build/default/production/_ext/869808652/drv_usart.o
LOAD build/default/production/_ext/829343244/plib_ac.o
LOAD build/default/production/_ext/60163342/plib_adc0.o
LOAD build/default/production/_ext/60165182/plib_can0.o
LOAD build/default/production/_ext/60165242/plib_ccl.o
LOAD build/default/production/_ext/1984496892/plib_clock.o
LOAD build/default/production/_ext/60166132/plib_dac.o
LOAD build/default/production/_ext/1985337713/plib_divas.o
LOAD build/default/production/_ext/1865161661/plib_dmac.o
LOAD build/default/production/_ext/60167341/plib_eic.o
LOAD build/default/production/_ext/1986646378/plib_evsys.o
LOAD build/default/production/_ext/1987437027/plib_freqm.o
LOAD build/default/production/_ext/1865468468/plib_nvic.o
LOAD build/default/production/_ext/1593096446/plib_nvmctrl.o
LOAD build/default/production/_ext/1865510628/plib_pdec.o
LOAD build/default/production/_ext/829342769/plib_pm.o
LOAD build/default/production/_ext/1865521619/plib_port.o
LOAD build/default/production/_ext/1865585090/plib_rstc.o
LOAD build/default/production/_ext/60180175/plib_rtc_timer.o
LOAD build/default/production/_ext/508257091/plib_sercom3_i2c_master.o
LOAD build/default/production/_ext/17022449/plib_sercom2_spi_master.o
LOAD build/default/production/_ext/504274921/plib_sercom1_usart.o
LOAD build/default/production/_ext/504274921/plib_sercom0_usart.o
LOAD build/default/production/_ext/1865616679/plib_supc.o
LOAD build/default/production/_ext/1827571544/plib_systick.o
LOAD build/default/production/_ext/829342655/plib_tc0.o
LOAD build/default/production/_ext/60181570/plib_tcc1.o
LOAD build/default/production/_ext/60181570/plib_tcc0.o
LOAD build/default/production/_ext/163028504/xc32_monitor.o
LOAD build/default/production/_ext/1832805299/sys_console_uart.o
LOAD build/default/production/_ext/1832805299/sys_console.o
LOAD build/default/production/_ext/14461671/sys_dma.o
LOAD build/default/production/_ext/1881668453/sys_int.o
LOAD build/default/production/_ext/101884895/sys_time.o
LOAD build/default/production/_ext/1171490990/tasks.o
LOAD build/default/production/_ext/1171490990/initialization.o
LOAD build/default/production/_ext/1171490990/interrupts.o
LOAD build/default/production/_ext/1171490990/exceptions.o
LOAD build/default/production/_ext/1171490990/startup_xc32.o
LOAD build/default/production/_ext/1171490990/libc_syscalls.o
LOAD build/default/production/_ext/1360937237/can0_driver.o
LOAD build/default/production/_ext/1360937237/led_driver.o
LOAD build/default/production/_ext/1360937237/sht4x_driver.o
LOAD build/default/production/_ext/1360937237/rstc_driver.o
LOAD build/default/production/_ext/1360937237/ad9954_driver.o
LOAD build/default/production/_ext/1360937237/rtc_driver.o
LOAD build/default/production/_ext/1360937237/mcp9808_driver.o
LOAD build/default/production/_ext/1360937237/bme690_driver.o
LOAD build/default/production/_ext/1360937237/fcm360w_driver.o
LOAD build/default/production/_ext/1360937237/console_driver.o
LOAD build/default/production/_ext/1360937237/hdc302x_driver.o
LOAD build/default/production/_ext/1360937237/fan_driver.o
LOAD build/default/production/_ext/1360937237/ntc_driver.o
LOAD build/default/production/_ext/1360937237/timer_driver.o
LOAD build/default/production/_ext/1360937237/xm125_driver.o
LOAD build/default/production/_ext/1360937237/app.o
LOAD build/default/production/_ext/1360937237/main.o
                0x0000000000000001                __MPLAB_BUILD = 0x1
                0x0000000000080000                __rom_end = (ORIGIN (rom) + LENGTH (rom))
                0x0000000020010000                __ram_end = (ORIGIN (ram) + LENGTH (ram))

.config_00804000
 *(.config_00804000)

.config_00804004
 *(.config_00804004)

.vectors        0x0000000000000000       0xc0
                0x0000000000000000                . = ALIGN (0x4)
                0x0000000000000000                _sfixed = .
 *(.vectors .vectors.* .vectors_default .vectors_default.*)
 .vectors.exception_table
                0x0000000000000000       0xc0 build/default/production/_ext/1171490990/interrupts.o
                0x0000000000000000                exception_table
 *(.isr_vector)
 *(.reset*)
 *(.after_vectors)

.text           0x00000000000000c0       0x20
                0x00000000000000c0                . = ALIGN (0x4)
 *(.glue_7t)
 .glue_7t       0x00000000000000c0        0x0 linker stubs
 *(.glue_7)
 .glue_7        0x00000000000000c0        0x0 linker stubs
 *(.gnu.linkonce.r.*)
 *(.ARM.extab* .gnu.linkonce.armextab.*)
                0x00000000000000c0                . = ALIGN (0x4)
 *(.init)
 .init          0x00000000000000c0        0x4 c:/applications/microchip/xc32/bin/bin/../../lib/gcc/pic32c/8.3.1/thumb/v6-m/nofp/crti.o
                0x00000000000000c0                _init
 .init          0x00000000000000c4        0x8 c:/applications/microchip/xc32/bin/bin/../../lib/gcc/pic32c/8.3.1/thumb/v6-m/nofp/crtn.o
                0x00000000000000cc                . = ALIGN (0x4)
                0x00000000000000cc                __preinit_array_start = .
 *(.preinit_array)
                0x00000000000000cc                __preinit_array_end = .
                0x00000000000000cc                . = ALIGN (0x4)
                0x00000000000000cc                __init_array_start = .
 *(SORT_BY_NAME(.init_array.*))
 *(.init_array)
 .init_array    0x00000000000000cc        0x4 c:/applications/microchip/xc32/bin/bin/../../lib/gcc/pic32c/8.3.1/thumb/v6-m/nofp/crtbegin.o
                0x00000000000000d0                __init_array_end = .
                0x00000000000000d0                . = ALIGN (0x4)
 *crtbegin.o(.ctors)
 *(EXCLUDE_FILE(*crtend.o) .ctors)
 *(SORT_BY_NAME(.ctors.*))
 *crtend.o(.ctors)
                0x00000000000000d0                . = ALIGN (0x4)
 *(.fini)
 .fini          0x00000000000000d0        0x4 c:/applications/microchip/xc32/bin/bin/../../lib/gcc/pic32c/8.3.1/thumb/v6-m/nofp/crti.o
                0x00000000000000d0                _fini
 .fini          0x00000000000000d4        0x8 c:/applications/microchip/xc32/bin/bin/../../lib/gcc/pic32c/8.3.1/thumb/v6-m/nofp/crtn.o
                0x00000000000000dc                . = ALIGN (0x4)
                0x00000000000000dc                __fini_array_start = .
 *(.fini_array)
 .fini_array    0x00000000000000dc        0x4 c:/applications/microchip/xc32/bin/bin/../../lib/gcc/pic32c/8.3.1/thumb/v6-m/nofp/crtbegin.o
 *(SORT_BY_NAME(.fini_array.*))
                0x00000000000000e0                __fini_array_end = .
 *crtbegin.o(.dtors)
 *(EXCLUDE_FILE(*crtend.o) .dtors)
 *(SORT_BY_NAME(.dtors.*))
 *crtend.o(.dtors)
                0x00000000000000e0                . = ALIGN (0x4)
                0x00000000000000e0                _efixed = .
                [!provide]                        PROVIDE (__exidx_start = .)

.ARM.exidx      0x00000000000000e0        0x8
 *(.ARM.exidx* .gnu.linkonce.armexidx.*)
 .ARM.exidx     0x00000000000000e0        0x8 c:/applications/microchip/xc32/bin/bin/../../lib/gcc/pic32c/8.3.1/thumb/v6-m/nofp\libgcc.a(_udivmoddi4.o)
                [!provide]                        PROVIDE (__exidx_end = .)
                0x00000000000000e8                . = ALIGN (0x4)
                0x00000000000000e8                _etext = .

.bss            0x0000000020000000        0x0
                0x0000000020000000                . = ALIGN (0x4)
                0x0000000020000000                __bss_start__ = .
                0x0000000020000000                _sbss = .
                0x0000000020000000                _szero = .
 *(COMMON)
                0x0000000020000000                . = ALIGN (0x4)
                0x0000000020000000                __bss_end__ = .
                0x0000000020000000                _ebss = .
                0x0000000020000000                _ezero = .
                0x0000000020000000                . = ALIGN (0x4)
                0x0000000020000000                _end = .
                0x000000002000ffff                _ram_end_ = ((ORIGIN (ram) + LENGTH (ram)) - 0x1)
                0x0000000000000200                _min_heap_size = 0x200
START GROUP
LOAD c:/applications/microchip/xc32/bin/bin/../../lib/gcc/pic32c/8.3.1/../../../../pic32c/lib/thumb/v6-m/nofp\libpic32c.a
LOAD c:/applications/microchip/xc32/bin/bin/../../lib/gcc/pic32c/8.3.1/../../../../pic32c/lib/thumb/v6-m/nofp\libc-size-musl.a
LOAD c:/applications/microchip/xc32/bin/bin/../../lib/gcc/pic32c/8.3.1/../../../../pic32c/lib/thumb/v6-m/nofp\liblmalloc-musl.a
LOAD c:/applications/microchip/xc32/bin/bin/../../lib/gcc/pic32c/8.3.1/../../../../pic32c/lib/thumb/v6-m/nofp\libm-fast-emfloat.a
LOAD c:/applications/microchip/xc32/bin/bin/../../lib/gcc/pic32c/8.3.1/../../../../pic32c/lib/thumb/v6-m/nofp\libm-musl.a
LOAD c:/applications/microchip/xc32/bin/bin/../../lib/gcc/pic32c/8.3.1/../../../../pic32c/lib/thumb/v6-m/nofp\libc-musl.a
LOAD c:/applications/microchip/xc32/bin/bin/../../lib/gcc/pic32c/8.3.1/../../../../pic32c/lib/thumb/v6-m/nofp\libm-fast-emfloat.a
LOAD c:/applications/microchip/xc32/bin/bin/../../lib/gcc/pic32c/8.3.1/../../../../pic32c/lib/thumb/v6-m/nofp\libm-musl.a
LOAD c:/applications/microchip/xc32/bin/bin/../../lib/gcc/pic32c/8.3.1/thumb/v6-m/nofp\libgcc.a
END GROUP
LOAD c:/applications/microchip/xc32/bin/bin/../../lib/gcc/pic32c/8.3.1/thumb/v6-m/nofp/crtend.o
LOAD c:/applications/microchip/xc32/bin/bin/../../lib/gcc/pic32c/8.3.1/thumb/v6-m/nofp/crtn.o
OUTPUT(dist/default/production/PIC32CMxxxxJH01_DRIVER.X.production.elf elf32-littlearm)
LOAD data_init
LOAD stack

.ARM.attributes
                0x0000000000000000       0x2a
 .ARM.attributes
                0x0000000000000000       0x1e c:/applications/microchip/xc32/bin/bin/../../lib/gcc/pic32c/8.3.1/thumb/v6-m/nofp/crti.o
 .ARM.attributes
                0x000000000000001e       0x2c c:/applications/microchip/xc32/bin/bin/../../lib/gcc/pic32c/8.3.1/thumb/v6-m/nofp/crtbegin.o
 .ARM.attributes
                0x000000000000004a       0x2c build/default/production/_ext/158385033/drv_i2c.o
 .ARM.attributes
                0x0000000000000076       0x2c build/default/production/_ext/2070931557/drv_spi.o
 .ARM.attributes
                0x00000000000000a2       0x2c build/default/production/_ext/869808652/drv_usart.o
 .ARM.attributes
                0x00000000000000ce       0x2c build/default/production/_ext/829343244/plib_ac.o
 .ARM.attributes
                0x00000000000000fa       0x2c build/default/production/_ext/60163342/plib_adc0.o
 .ARM.attributes
                0x0000000000000126       0x2c build/default/production/_ext/60165182/plib_can0.o
 .ARM.attributes
                0x0000000000000152       0x2c build/default/production/_ext/60165242/plib_ccl.o
 .ARM.attributes
                0x000000000000017e       0x2c build/default/production/_ext/1984496892/plib_clock.o
 .ARM.attributes
                0x00000000000001aa       0x2c build/default/production/_ext/60166132/plib_dac.o
 .ARM.attributes
                0x00000000000001d6       0x2c build/default/production/_ext/1865161661/plib_dmac.o
 .ARM.attributes
                0x0000000000000202       0x2c build/default/production/_ext/60167341/plib_eic.o
 .ARM.attributes
                0x000000000000022e       0x2c build/default/production/_ext/1986646378/plib_evsys.o
 .ARM.attributes
                0x000000000000025a       0x2c build/default/production/_ext/1987437027/plib_freqm.o
 .ARM.attributes
                0x0000000000000286       0x2c build/default/production/_ext/1865468468/plib_nvic.o
 .ARM.attributes
                0x00000000000002b2       0x2c build/default/production/_ext/1593096446/plib_nvmctrl.o
 .ARM.attributes
                0x00000000000002de       0x2c build/default/production/_ext/1865510628/plib_pdec.o
 .ARM.attributes
                0x000000000000030a       0x2c build/default/production/_ext/829342769/plib_pm.o
 .ARM.attributes
                0x0000000000000336       0x2c build/default/production/_ext/1865521619/plib_port.o
 .ARM.attributes
                0x0000000000000362       0x2c build/default/production/_ext/1865585090/plib_rstc.o
 .ARM.attributes
                0x000000000000038e       0x2c build/default/production/_ext/60180175/plib_rtc_timer.o
 .ARM.attributes
                0x00000000000003ba       0x2c build/default/production/_ext/508257091/plib_sercom3_i2c_master.o
 .ARM.attributes
                0x00000000000003e6       0x2c build/default/production/_ext/17022449/plib_sercom2_spi_master.o
 .ARM.attributes
                0x0000000000000412       0x2c build/default/production/_ext/504274921/plib_sercom1_usart.o
 .ARM.attributes
                0x000000000000043e       0x2c build/default/production/_ext/504274921/plib_sercom0_usart.o
 .ARM.attributes
                0x000000000000046a       0x2c build/default/production/_ext/1865616679/plib_supc.o
 .ARM.attributes
                0x0000000000000496       0x2c build/default/production/_ext/1827571544/plib_systick.o
 .ARM.attributes
                0x00000000000004c2       0x2c build/default/production/_ext/829342655/plib_tc0.o
 .ARM.attributes
                0x00000000000004ee       0x2c build/default/production/_ext/60181570/plib_tcc1.o
 .ARM.attributes
                0x000000000000051a       0x2c build/default/production/_ext/60181570/plib_tcc0.o
 .ARM.attributes
                0x0000000000000546       0x2c build/default/production/_ext/1832805299/sys_console_uart.o
 .ARM.attributes
                0x0000000000000572       0x2c build/default/production/_ext/1832805299/sys_console.o
 .ARM.attributes
                0x000000000000059e       0x2c build/default/production/_ext/14461671/sys_dma.o
 .ARM.attributes
                0x00000000000005ca       0x2c build/default/production/_ext/1881668453/sys_int.o
 .ARM.attributes
                0x00000000000005f6       0x2c build/default/production/_ext/101884895/sys_time.o
 .ARM.attributes
                0x0000000000000622       0x2c build/default/production/_ext/1171490990/tasks.o
 .ARM.attributes
                0x000000000000064e       0x2c build/default/production/_ext/1171490990/initialization.o
 .ARM.attributes
                0x000000000000067a       0x2c build/default/production/_ext/1171490990/interrupts.o
 .ARM.attributes
                0x00000000000006a6       0x2c build/default/production/_ext/1171490990/exceptions.o
 .ARM.attributes
                0x00000000000006d2       0x2c build/default/production/_ext/1171490990/startup_xc32.o
 .ARM.attributes
                0x00000000000006fe       0x2c build/default/production/_ext/1360937237/can0_driver.o
 .ARM.attributes
                0x000000000000072a       0x2c build/default/production/_ext/1360937237/led_driver.o
 .ARM.attributes
                0x0000000000000756       0x2c build/default/production/_ext/1360937237/sht4x_driver.o
 .ARM.attributes
                0x0000000000000782       0x2c build/default/production/_ext/1360937237/rstc_driver.o
 .ARM.attributes
                0x00000000000007ae       0x2c build/default/production/_ext/1360937237/ad9954_driver.o
 .ARM.attributes
                0x00000000000007da       0x2c build/default/production/_ext/1360937237/rtc_driver.o
 .ARM.attributes
                0x0000000000000806       0x2c build/default/production/_ext/1360937237/mcp9808_driver.o
 .ARM.attributes
                0x0000000000000832       0x2c build/default/production/_ext/1360937237/bme690_driver.o
 .ARM.attributes
                0x000000000000085e       0x2c build/default/production/_ext/1360937237/fcm360w_driver.o
 .ARM.attributes
                0x000000000000088a       0x2c build/default/production/_ext/1360937237/console_driver.o
 .ARM.attributes
                0x00000000000008b6       0x2c build/default/production/_ext/1360937237/hdc302x_driver.o
 .ARM.attributes
                0x00000000000008e2       0x2c build/default/production/_ext/1360937237/fan_driver.o
 .ARM.attributes
                0x000000000000090e       0x2c build/default/production/_ext/1360937237/ntc_driver.o
 .ARM.attributes
                0x000000000000093a       0x2c build/default/production/_ext/1360937237/timer_driver.o
 .ARM.attributes
                0x0000000000000966       0x2c build/default/production/_ext/1360937237/xm125_driver.o
 .ARM.attributes
                0x0000000000000992       0x2c build/default/production/_ext/1360937237/app.o
 .ARM.attributes
                0x00000000000009be       0x2c build/default/production/_ext/1360937237/main.o
 .ARM.attributes
                0x00000000000009ea       0x2c c:/applications/microchip/xc32/bin/bin/../../lib/gcc/pic32c/8.3.1/../../../../pic32c/lib/thumb/v6-m/nofp\libpic32c.a(data_init.o)
 .ARM.attributes
                0x0000000000000a16       0x2e c:/applications/microchip/xc32/bin/bin/../../lib/gcc/pic32c/8.3.1/../../../../pic32c/lib/thumb/v6-m/nofp\libc-size-musl.a(memcpy.o)
 .ARM.attributes
                0x0000000000000a44       0x2e c:/applications/microchip/xc32/bin/bin/../../lib/gcc/pic32c/8.3.1/../../../../pic32c/lib/thumb/v6-m/nofp\libc-size-musl.a(memset.o)
 .ARM.attributes
                0x0000000000000a72       0x2e c:/applications/microchip/xc32/bin/bin/../../lib/gcc/pic32c/8.3.1/../../../../pic32c/lib/thumb/v6-m/nofp\libc-size-musl.a(strlen.o)
 .ARM.attributes
                0x0000000000000aa0       0x2e c:/applications/microchip/xc32/bin/bin/../../lib/gcc/pic32c/8.3.1/../../../../pic32c/lib/thumb/v6-m/nofp\libc-size-musl.a(strstr.o)
 .ARM.attributes
                0x0000000000000ace       0x2e c:/applications/microchip/xc32/bin/bin/../../lib/gcc/pic32c/8.3.1/../../../../pic32c/lib/thumb/v6-m/nofp\libc-size-musl.a(strchr.o)
 .ARM.attributes
                0x0000000000000afc       0x2e c:/applications/microchip/xc32/bin/bin/../../lib/gcc/pic32c/8.3.1/../../../../pic32c/lib/thumb/v6-m/nofp\libc-size-musl.a(strchrnul.o)
 .ARM.attributes
                0x0000000000000b2a       0x1c c:/applications/microchip/xc32/bin/bin/../../lib/gcc/pic32c/8.3.1/../../../../pic32c/lib/thumb/v6-m/nofp\libm-fast-emfloat.a(__aeabi_fadd.o)
 .ARM.attributes
                0x0000000000000b46       0x1c c:/applications/microchip/xc32/bin/bin/../../lib/gcc/pic32c/8.3.1/../../../../pic32c/lib/thumb/v6-m/nofp\libm-fast-emfloat.a(__aeabi_dadd.o)
 .ARM.attributes
                0x0000000000000b62       0x1c c:/applications/microchip/xc32/bin/bin/../../lib/gcc/pic32c/8.3.1/../../../../pic32c/lib/thumb/v6-m/nofp\libm-fast-emfloat.a(__aeabi_fsub.o)
 .ARM.attributes
                0x0000000000000b7e       0x1c c:/applications/microchip/xc32/bin/bin/../../lib/gcc/pic32c/8.3.1/../../../../pic32c/lib/thumb/v6-m/nofp\libm-fast-emfloat.a(__aeabi_fmul.o)
 .ARM.attributes
                0x0000000000000b9a       0x1c c:/applications/microchip/xc32/bin/bin/../../lib/gcc/pic32c/8.3.1/../../../../pic32c/lib/thumb/v6-m/nofp\libm-fast-emfloat.a(__aeabi_dmul_aux.o)
 .ARM.attributes
                0x0000000000000bb6       0x1c c:/applications/microchip/xc32/bin/bin/../../lib/gcc/pic32c/8.3.1/../../../../pic32c/lib/thumb/v6-m/nofp\libm-fast-emfloat.a(__aeabi_fdiv.o)
 .ARM.attributes
                0x0000000000000bd2       0x1c c:/applications/microchip/xc32/bin/bin/../../lib/gcc/pic32c/8.3.1/../../../../pic32c/lib/thumb/v6-m/nofp\libm-fast-emfloat.a(__aeabi_f2iz.o)
 .ARM.attributes
                0x0000000000000bee       0x1c c:/applications/microchip/xc32/bin/bin/../../lib/gcc/pic32c/8.3.1/../../../../pic32c/lib/thumb/v6-m/nofp\libm-fast-emfloat.a(__aeabi_f2uiz.o)
 .ARM.attributes
                0x0000000000000c0a       0x1c c:/applications/microchip/xc32/bin/bin/../../lib/gcc/pic32c/8.3.1/../../../../pic32c/lib/thumb/v6-m/nofp\libm-fast-emfloat.a(__aeabi_i2f.o)
 .ARM.attributes
                0x0000000000000c26       0x1c c:/applications/microchip/xc32/bin/bin/../../lib/gcc/pic32c/8.3.1/../../../../pic32c/lib/thumb/v6-m/nofp\libm-fast-emfloat.a(__aeabi_ui2f.o)
 .ARM.attributes
                0x0000000000000c42       0x1c c:/applications/microchip/xc32/bin/bin/../../lib/gcc/pic32c/8.3.1/../../../../pic32c/lib/thumb/v6-m/nofp\libm-fast-emfloat.a(__aeabi_f2d.o)
 .ARM.attributes
                0x0000000000000c5e       0x1c c:/applications/microchip/xc32/bin/bin/../../lib/gcc/pic32c/8.3.1/../../../../pic32c/lib/thumb/v6-m/nofp\libm-fast-emfloat.a(__aeabi_d2f.o)
 .ARM.attributes
                0x0000000000000c7a       0x2e c:/applications/microchip/xc32/bin/bin/../../lib/gcc/pic32c/8.3.1/../../../../pic32c/lib/thumb/v6-m/nofp\libc-musl.a(__libc_start_main.o)
 .ARM.attributes
                0x0000000000000ca8       0x2e c:/applications/microchip/xc32/bin/bin/../../lib/gcc/pic32c/8.3.1/../../../../pic32c/lib/thumb/v6-m/nofp\libc-musl.a(libc.o)
 .ARM.attributes
                0x0000000000000cd6       0x2e c:/applications/microchip/xc32/bin/bin/../../lib/gcc/pic32c/8.3.1/../../../../pic32c/lib/thumb/v6-m/nofp\libc-musl.a(vsnprintf.o)
 .ARM.attributes
                0x0000000000000d04       0x2e c:/applications/microchip/xc32/bin/bin/../../lib/gcc/pic32c/8.3.1/../../../../pic32c/lib/thumb/v6-m/nofp\libc-musl.a(sprintf.o)
 .ARM.attributes
                0x0000000000000d32       0x2e c:/applications/microchip/xc32/bin/bin/../../lib/gcc/pic32c/8.3.1/../../../../pic32c/lib/thumb/v6-m/nofp\libc-musl.a(vsprintf.o)
 .ARM.attributes
                0x0000000000000d60       0x2e c:/applications/microchip/xc32/bin/bin/../../lib/gcc/pic32c/8.3.1/../../../../pic32c/lib/thumb/v6-m/nofp\libc-musl.a(__environ.o)
 .ARM.attributes
                0x0000000000000d8e       0x2e c:/applications/microchip/xc32/bin/bin/../../lib/gcc/pic32c/8.3.1/../../../../pic32c/lib/thumb/v6-m/nofp\libc-musl.a(__errno_location.o)
 .ARM.attributes
                0x0000000000000dbc       0x2e c:/applications/microchip/xc32/bin/bin/../../lib/gcc/pic32c/8.3.1/../../../../pic32c/lib/thumb/v6-m/nofp\libc-musl.a(vfprintf.o)
 .ARM.attributes
                0x0000000000000dea       0x2e c:/applications/microchip/xc32/bin/bin/../../lib/gcc/pic32c/8.3.1/../../../../pic32c/lib/thumb/v6-m/nofp\libc-musl.a(__pop_float.o)
 .ARM.attributes
                0x0000000000000e18       0x2e c:/applications/microchip/xc32/bin/bin/../../lib/gcc/pic32c/8.3.1/../../../../pic32c/lib/thumb/v6-m/nofp\libc-musl.a(__pop_int.o)
 .ARM.attributes
                0x0000000000000e46       0x2e c:/applications/microchip/xc32/bin/bin/../../lib/gcc/pic32c/8.3.1/../../../../pic32c/lib/thumb/v6-m/nofp\libc-musl.a(__pop_ptr.o)
 .ARM.attributes
                0x0000000000000e74       0x2e c:/applications/microchip/xc32/bin/bin/../../lib/gcc/pic32c/8.3.1/../../../../pic32c/lib/thumb/v6-m/nofp\libc-musl.a(__printf_core.o)
 .ARM.attributes
                0x0000000000000ea2       0x2e c:/applications/microchip/xc32/bin/bin/../../lib/gcc/pic32c/8.3.1/../../../../pic32c/lib/thumb/v6-m/nofp\libc-musl.a(atoi.o)
 .ARM.attributes
                0x0000000000000ed0       0x2e c:/applications/microchip/xc32/bin/bin/../../lib/gcc/pic32c/8.3.1/../../../../pic32c/lib/thumb/v6-m/nofp\libc-musl.a(tolower.o)
 .ARM.attributes
                0x0000000000000efe       0x2e c:/applications/microchip/xc32/bin/bin/../../lib/gcc/pic32c/8.3.1/../../../../pic32c/lib/thumb/v6-m/nofp\libc-musl.a(__fmt_a.o)
 .ARM.attributes
                0x0000000000000f2c       0x2e c:/applications/microchip/xc32/bin/bin/../../lib/gcc/pic32c/8.3.1/../../../../pic32c/lib/thumb/v6-m/nofp\libc-musl.a(__fmt_d.o)
 .ARM.attributes
                0x0000000000000f5a       0x2e c:/applications/microchip/xc32/bin/bin/../../lib/gcc/pic32c/8.3.1/../../../../pic32c/lib/thumb/v6-m/nofp\libc-musl.a(__fmt_fp.o)
 .ARM.attributes
                0x0000000000000f88       0x2e c:/applications/microchip/xc32/bin/bin/../../lib/gcc/pic32c/8.3.1/../../../../pic32c/lib/thumb/v6-m/nofp\libc-musl.a(__fmt_o.o)
 .ARM.attributes
                0x0000000000000fb6       0x2e c:/applications/microchip/xc32/bin/bin/../../lib/gcc/pic32c/8.3.1/../../../../pic32c/lib/thumb/v6-m/nofp\libc-musl.a(__fmt_s.o)
 .ARM.attributes
                0x0000000000000fe4       0x2e c:/applications/microchip/xc32/bin/bin/../../lib/gcc/pic32c/8.3.1/../../../../pic32c/lib/thumb/v6-m/nofp\libc-musl.a(__fmt_u.o)
 .ARM.attributes
                0x0000000000001012       0x2e c:/applications/microchip/xc32/bin/bin/../../lib/gcc/pic32c/8.3.1/../../../../pic32c/lib/thumb/v6-m/nofp\libc-musl.a(__fmt_x.o)
 .ARM.attributes
                0x0000000000001040       0x2e c:/applications/microchip/xc32/bin/bin/../../lib/gcc/pic32c/8.3.1/../../../../pic32c/lib/thumb/v6-m/nofp\libc-musl.a(toupper.o)
 .ARM.attributes
                0x000000000000106e       0x2e c:/applications/microchip/xc32/bin/bin/../../lib/gcc/pic32c/8.3.1/../../../../pic32c/lib/thumb/v6-m/nofp\libc-musl.a(__cvt_u.o)
 .ARM.attributes
                0x000000000000109c       0x2c c:/applications/microchip/xc32/bin/bin/../../lib/gcc/pic32c/8.3.1/../../../../pic32c/lib/thumb/v6-m/nofp\libm-fast-emfloat.a(fma.o)
 .ARM.attributes
                0x00000000000010c8       0x2c c:/applications/microchip/xc32/bin/bin/../../lib/gcc/pic32c/8.3.1/../../../../pic32c/lib/thumb/v6-m/nofp\libm-fast-emfloat.a(floor.o)
 .ARM.attributes
                0x00000000000010f4       0x1c c:/applications/microchip/xc32/bin/bin/../../lib/gcc/pic32c/8.3.1/../../../../pic32c/lib/thumb/v6-m/nofp\libm-fast-emfloat.a(__aeabi_dsub.o)
 .ARM.attributes
                0x0000000000001110       0x1c c:/applications/microchip/xc32/bin/bin/../../lib/gcc/pic32c/8.3.1/../../../../pic32c/lib/thumb/v6-m/nofp\libm-fast-emfloat.a(__aeabi_ddiv.o)
 .ARM.attributes
                0x000000000000112c       0x1c c:/applications/microchip/xc32/bin/bin/../../lib/gcc/pic32c/8.3.1/../../../../pic32c/lib/thumb/v6-m/nofp\libm-fast-emfloat.a(__aeabi_dcmple.o)
 .ARM.attributes
                0x0000000000001148       0x1c c:/applications/microchip/xc32/bin/bin/../../lib/gcc/pic32c/8.3.1/../../../../pic32c/lib/thumb/v6-m/nofp\libm-fast-emfloat.a(__aeabi_dcmpeq.o)
 .ARM.attributes
                0x0000000000001164       0x1c c:/applications/microchip/xc32/bin/bin/../../lib/gcc/pic32c/8.3.1/../../../../pic32c/lib/thumb/v6-m/nofp\libm-fast-emfloat.a(__aeabi_dcmpgt.o)
 .ARM.attributes
                0x0000000000001180       0x1c c:/applications/microchip/xc32/bin/bin/../../lib/gcc/pic32c/8.3.1/../../../../pic32c/lib/thumb/v6-m/nofp\libm-fast-emfloat.a(__aeabi_dcmplt.o)
 .ARM.attributes
                0x000000000000119c       0x1c c:/applications/microchip/xc32/bin/bin/../../lib/gcc/pic32c/8.3.1/../../../../pic32c/lib/thumb/v6-m/nofp\libm-fast-emfloat.a(__aeabi_d2iz.o)
 .ARM.attributes
                0x00000000000011b8       0x1c c:/applications/microchip/xc32/bin/bin/../../lib/gcc/pic32c/8.3.1/../../../../pic32c/lib/thumb/v6-m/nofp\libm-fast-emfloat.a(__aeabi_d2uiz.o)
 .ARM.attributes
                0x00000000000011d4       0x1e c:/applications/microchip/xc32/bin/bin/../../lib/gcc/pic32c/8.3.1/thumb/v6-m/nofp\libgcc.a(_udivsi3.o)
 .ARM.attributes
                0x00000000000011f2       0x1e c:/applications/microchip/xc32/bin/bin/../../lib/gcc/pic32c/8.3.1/thumb/v6-m/nofp\libgcc.a(_divsi3.o)
 .ARM.attributes
                0x0000000000001210       0x1e c:/applications/microchip/xc32/bin/bin/../../lib/gcc/pic32c/8.3.1/thumb/v6-m/nofp\libgcc.a(_dvmd_tls.o)
 .ARM.attributes
                0x000000000000122e       0x1e c:/applications/microchip/xc32/bin/bin/../../lib/gcc/pic32c/8.3.1/thumb/v6-m/nofp\libgcc.a(_aeabi_uldivmod.o)
 .ARM.attributes
                0x000000000000124c       0x2c c:/applications/microchip/xc32/bin/bin/../../lib/gcc/pic32c/8.3.1/thumb/v6-m/nofp\libgcc.a(_muldi3.o)
 .ARM.attributes
                0x0000000000001278       0x2c c:/applications/microchip/xc32/bin/bin/../../lib/gcc/pic32c/8.3.1/thumb/v6-m/nofp\libgcc.a(_udivmoddi4.o)
 .ARM.attributes
                0x00000000000012a4       0x1e c:/applications/microchip/xc32/bin/bin/../../lib/gcc/pic32c/8.3.1/thumb/v6-m/nofp\libgcc.a(_lshrdi3.o)
 .ARM.attributes
                0x00000000000012c2       0x1e c:/applications/microchip/xc32/bin/bin/../../lib/gcc/pic32c/8.3.1/thumb/v6-m/nofp\libgcc.a(_ashldi3.o)
 .ARM.attributes
                0x00000000000012e0       0x1e c:/applications/microchip/xc32/bin/bin/../../lib/gcc/pic32c/8.3.1/thumb/v6-m/nofp\libgcc.a(_clzdi2.o)
 .ARM.attributes
                0x00000000000012fe       0x1e c:/applications/microchip/xc32/bin/bin/../../lib/gcc/pic32c/8.3.1/thumb/v6-m/nofp\libgcc.a(_clzsi2.o)
 .ARM.attributes
                0x000000000000131c       0x2e c:/applications/microchip/xc32/bin/bin/../../lib/gcc/pic32c/8.3.1/../../../../pic32c/lib/thumb/v6-m/nofp\libc-size-musl.a(strcpy.o)
 .ARM.attributes
                0x000000000000134a       0x2e c:/applications/microchip/xc32/bin/bin/../../lib/gcc/pic32c/8.3.1/../../../../pic32c/lib/thumb/v6-m/nofp\libc-size-musl.a(stpcpy.o)
 .ARM.attributes
                0x0000000000001378       0x1e c:/applications/microchip/xc32/bin/bin/../../lib/gcc/pic32c/8.3.1/thumb/v6-m/nofp/crtn.o
 .ARM.attributes
                0x0000000000001396       0x2c c:/applications/microchip/xc32/bin/bin/../../lib/gcc/pic32c/8.3.1/../../../../pic32c/lib/thumb/v6-m/nofp\libpic32c.a(pic32_data_init_clear.o)
 .ARM.attributes
                0x00000000000013c2       0x2c c:/applications/microchip/xc32/bin/bin/../../lib/gcc/pic32c/8.3.1/../../../../pic32c/lib/thumb/v6-m/nofp\libpic32c.a(pic32_data_init_copy.o)

.comment        0x0000000000000000       0x2b
 .comment       0x0000000000000000       0x2b c:/applications/microchip/xc32/bin/bin/../../lib/gcc/pic32c/8.3.1/thumb/v6-m/nofp/crtbegin.o
                                         0x2c (size before relaxing)
 .comment       0x000000000000002b       0x2c build/default/production/_ext/158385033/drv_i2c.o
 .comment       0x000000000000002b       0x2c build/default/production/_ext/2070931557/drv_spi.o
 .comment       0x000000000000002b       0x2c build/default/production/_ext/869808652/drv_usart.o
 .comment       0x000000000000002b       0x2c build/default/production/_ext/829343244/plib_ac.o
 .comment       0x000000000000002b       0x2c build/default/production/_ext/60163342/plib_adc0.o
 .comment       0x000000000000002b       0x2c build/default/production/_ext/60165182/plib_can0.o
 .comment       0x000000000000002b       0x2c build/default/production/_ext/60165242/plib_ccl.o
 .comment       0x000000000000002b       0x2c build/default/production/_ext/1984496892/plib_clock.o
 .comment       0x000000000000002b       0x2c build/default/production/_ext/60166132/plib_dac.o
 .comment       0x000000000000002b       0x2c build/default/production/_ext/1865161661/plib_dmac.o
 .comment       0x000000000000002b       0x2c build/default/production/_ext/60167341/plib_eic.o
 .comment       0x000000000000002b       0x2c build/default/production/_ext/1986646378/plib_evsys.o
 .comment       0x000000000000002b       0x2c build/default/production/_ext/1987437027/plib_freqm.o
 .comment       0x000000000000002b       0x2c build/default/production/_ext/1865468468/plib_nvic.o
 .comment       0x000000000000002b       0x2c build/default/production/_ext/1593096446/plib_nvmctrl.o
 .comment       0x000000000000002b       0x2c build/default/production/_ext/1865510628/plib_pdec.o
 .comment       0x000000000000002b       0x2c build/default/production/_ext/829342769/plib_pm.o
 .comment       0x000000000000002b       0x2c build/default/production/_ext/1865521619/plib_port.o
 .comment       0x000000000000002b       0x2c build/default/production/_ext/1865585090/plib_rstc.o
 .comment       0x000000000000002b       0x2c build/default/production/_ext/60180175/plib_rtc_timer.o
 .comment       0x000000000000002b       0x2c build/default/production/_ext/508257091/plib_sercom3_i2c_master.o
 .comment       0x000000000000002b       0x2c build/default/production/_ext/17022449/plib_sercom2_spi_master.o
 .comment       0x000000000000002b       0x2c build/default/production/_ext/504274921/plib_sercom1_usart.o
 .comment       0x000000000000002b       0x2c build/default/production/_ext/504274921/plib_sercom0_usart.o
 .comment       0x000000000000002b       0x2c build/default/production/_ext/1865616679/plib_supc.o
 .comment       0x000000000000002b       0x2c build/default/production/_ext/1827571544/plib_systick.o
 .comment       0x000000000000002b       0x2c build/default/production/_ext/829342655/plib_tc0.o
 .comment       0x000000000000002b       0x2c build/default/production/_ext/60181570/plib_tcc1.o
 .comment       0x000000000000002b       0x2c build/default/production/_ext/60181570/plib_tcc0.o
 .comment       0x000000000000002b       0x2c build/default/production/_ext/1832805299/sys_console_uart.o
 .comment       0x000000000000002b       0x2c build/default/production/_ext/1832805299/sys_console.o
 .comment       0x000000000000002b       0x2c build/default/production/_ext/14461671/sys_dma.o
 .comment       0x000000000000002b       0x2c build/default/production/_ext/1881668453/sys_int.o
 .comment       0x000000000000002b       0x2c build/default/production/_ext/101884895/sys_time.o
 .comment       0x000000000000002b       0x2c build/default/production/_ext/1171490990/tasks.o
 .comment       0x000000000000002b       0x2c build/default/production/_ext/1171490990/initialization.o
 .comment       0x000000000000002b       0x2c build/default/production/_ext/1171490990/interrupts.o
 .comment       0x000000000000002b       0x2c build/default/production/_ext/1171490990/exceptions.o
 .comment       0x000000000000002b       0x2c build/default/production/_ext/1171490990/startup_xc32.o
 .comment       0x000000000000002b       0x2c build/default/production/_ext/1360937237/can0_driver.o
 .comment       0x000000000000002b       0x2c build/default/production/_ext/1360937237/led_driver.o
 .comment       0x000000000000002b       0x2c build/default/production/_ext/1360937237/sht4x_driver.o
 .comment       0x000000000000002b       0x2c build/default/production/_ext/1360937237/rstc_driver.o
 .comment       0x000000000000002b       0x2c build/default/production/_ext/1360937237/ad9954_driver.o
 .comment       0x000000000000002b       0x2c build/default/production/_ext/1360937237/rtc_driver.o
 .comment       0x000000000000002b       0x2c build/default/production/_ext/1360937237/mcp9808_driver.o
 .comment       0x000000000000002b       0x2c build/default/production/_ext/1360937237/bme690_driver.o
 .comment       0x000000000000002b       0x2c build/default/production/_ext/1360937237/fcm360w_driver.o
 .comment       0x000000000000002b       0x2c build/default/production/_ext/1360937237/console_driver.o
 .comment       0x000000000000002b       0x2c build/default/production/_ext/1360937237/hdc302x_driver.o
 .comment       0x000000000000002b       0x2c build/default/production/_ext/1360937237/fan_driver.o
 .comment       0x000000000000002b       0x2c build/default/production/_ext/1360937237/ntc_driver.o
 .comment       0x000000000000002b       0x2c build/default/production/_ext/1360937237/timer_driver.o
 .comment       0x000000000000002b       0x2c build/default/production/_ext/1360937237/xm125_driver.o
 .comment       0x000000000000002b       0x2c build/default/production/_ext/1360937237/app.o
 .comment       0x000000000000002b       0x2c build/default/production/_ext/1360937237/main.o
 .comment       0x000000000000002b       0x2c c:/applications/microchip/xc32/bin/bin/../../lib/gcc/pic32c/8.3.1/../../../../pic32c/lib/thumb/v6-m/nofp\libpic32c.a(data_init.o)
 .comment       0x000000000000002b       0x2c c:/applications/microchip/xc32/bin/bin/../../lib/gcc/pic32c/8.3.1/../../../../pic32c/lib/thumb/v6-m/nofp\libc-size-musl.a(memcpy.o)
 .comment       0x000000000000002b       0x2c c:/applications/microchip/xc32/bin/bin/../../lib/gcc/pic32c/8.3.1/../../../../pic32c/lib/thumb/v6-m/nofp\libc-size-musl.a(memset.o)
 .comment       0x000000000000002b       0x2c c:/applications/microchip/xc32/bin/bin/../../lib/gcc/pic32c/8.3.1/../../../../pic32c/lib/thumb/v6-m/nofp\libc-size-musl.a(strlen.o)
 .comment       0x000000000000002b       0x2c c:/applications/microchip/xc32/bin/bin/../../lib/gcc/pic32c/8.3.1/../../../../pic32c/lib/thumb/v6-m/nofp\libc-size-musl.a(strstr.o)
 .comment       0x000000000000002b       0x2c c:/applications/microchip/xc32/bin/bin/../../lib/gcc/pic32c/8.3.1/../../../../pic32c/lib/thumb/v6-m/nofp\libc-size-musl.a(strchr.o)
 .comment       0x000000000000002b       0x2c c:/applications/microchip/xc32/bin/bin/../../lib/gcc/pic32c/8.3.1/../../../../pic32c/lib/thumb/v6-m/nofp\libc-size-musl.a(strchrnul.o)
 .comment       0x000000000000002b       0x2c c:/applications/microchip/xc32/bin/bin/../../lib/gcc/pic32c/8.3.1/../../../../pic32c/lib/thumb/v6-m/nofp\libc-musl.a(__libc_start_main.o)
 .comment       0x000000000000002b       0x2c c:/applications/microchip/xc32/bin/bin/../../lib/gcc/pic32c/8.3.1/../../../../pic32c/lib/thumb/v6-m/nofp\libc-musl.a(libc.o)
 .comment       0x000000000000002b       0x2c c:/applications/microchip/xc32/bin/bin/../../lib/gcc/pic32c/8.3.1/../../../../pic32c/lib/thumb/v6-m/nofp\libc-musl.a(vsnprintf.o)
 .comment       0x000000000000002b       0x2c c:/applications/microchip/xc32/bin/bin/../../lib/gcc/pic32c/8.3.1/../../../../pic32c/lib/thumb/v6-m/nofp\libc-musl.a(sprintf.o)
 .comment       0x000000000000002b       0x2c c:/applications/microchip/xc32/bin/bin/../../lib/gcc/pic32c/8.3.1/../../../../pic32c/lib/thumb/v6-m/nofp\libc-musl.a(vsprintf.o)
 .comment       0x000000000000002b       0x2c c:/applications/microchip/xc32/bin/bin/../../lib/gcc/pic32c/8.3.1/../../../../pic32c/lib/thumb/v6-m/nofp\libc-musl.a(__environ.o)
 .comment       0x000000000000002b       0x2c c:/applications/microchip/xc32/bin/bin/../../lib/gcc/pic32c/8.3.1/../../../../pic32c/lib/thumb/v6-m/nofp\libc-musl.a(__errno_location.o)
 .comment       0x000000000000002b       0x2c c:/applications/microchip/xc32/bin/bin/../../lib/gcc/pic32c/8.3.1/../../../../pic32c/lib/thumb/v6-m/nofp\libc-musl.a(vfprintf.o)
 .comment       0x000000000000002b       0x2c c:/applications/microchip/xc32/bin/bin/../../lib/gcc/pic32c/8.3.1/../../../../pic32c/lib/thumb/v6-m/nofp\libc-musl.a(__pop_float.o)
 .comment       0x000000000000002b       0x2c c:/applications/microchip/xc32/bin/bin/../../lib/gcc/pic32c/8.3.1/../../../../pic32c/lib/thumb/v6-m/nofp\libc-musl.a(__pop_int.o)
 .comment       0x000000000000002b       0x2c c:/applications/microchip/xc32/bin/bin/../../lib/gcc/pic32c/8.3.1/../../../../pic32c/lib/thumb/v6-m/nofp\libc-musl.a(__pop_ptr.o)
 .comment       0x000000000000002b       0x2c c:/applications/microchip/xc32/bin/bin/../../lib/gcc/pic32c/8.3.1/../../../../pic32c/lib/thumb/v6-m/nofp\libc-musl.a(__printf_core.o)
 .comment       0x000000000000002b       0x2c c:/applications/microchip/xc32/bin/bin/../../lib/gcc/pic32c/8.3.1/../../../../pic32c/lib/thumb/v6-m/nofp\libc-musl.a(atoi.o)
 .comment       0x000000000000002b       0x2c c:/applications/microchip/xc32/bin/bin/../../lib/gcc/pic32c/8.3.1/../../../../pic32c/lib/thumb/v6-m/nofp\libc-musl.a(tolower.o)
 .comment       0x000000000000002b       0x2c c:/applications/microchip/xc32/bin/bin/../../lib/gcc/pic32c/8.3.1/../../../../pic32c/lib/thumb/v6-m/nofp\libc-musl.a(__fmt_a.o)
 .comment       0x000000000000002b       0x2c c:/applications/microchip/xc32/bin/bin/../../lib/gcc/pic32c/8.3.1/../../../../pic32c/lib/thumb/v6-m/nofp\libc-musl.a(__fmt_d.o)
 .comment       0x000000000000002b       0x2c c:/applications/microchip/xc32/bin/bin/../../lib/gcc/pic32c/8.3.1/../../../../pic32c/lib/thumb/v6-m/nofp\libc-musl.a(__fmt_fp.o)
 .comment       0x000000000000002b       0x2c c:/applications/microchip/xc32/bin/bin/../../lib/gcc/pic32c/8.3.1/../../../../pic32c/lib/thumb/v6-m/nofp\libc-musl.a(__fmt_o.o)
 .comment       0x000000000000002b       0x2c c:/applications/microchip/xc32/bin/bin/../../lib/gcc/pic32c/8.3.1/../../../../pic32c/lib/thumb/v6-m/nofp\libc-musl.a(__fmt_s.o)
 .comment       0x000000000000002b       0x2c c:/applications/microchip/xc32/bin/bin/../../lib/gcc/pic32c/8.3.1/../../../../pic32c/lib/thumb/v6-m/nofp\libc-musl.a(__fmt_u.o)
 .comment       0x000000000000002b       0x2c c:/applications/microchip/xc32/bin/bin/../../lib/gcc/pic32c/8.3.1/../../../../pic32c/lib/thumb/v6-m/nofp\libc-musl.a(__fmt_x.o)
 .comment       0x000000000000002b       0x2c c:/applications/microchip/xc32/bin/bin/../../lib/gcc/pic32c/8.3.1/../../../../pic32c/lib/thumb/v6-m/nofp\libc-musl.a(toupper.o)
 .comment       0x000000000000002b       0x2c c:/applications/microchip/xc32/bin/bin/../../lib/gcc/pic32c/8.3.1/../../../../pic32c/lib/thumb/v6-m/nofp\libc-musl.a(__cvt_u.o)
 .comment       0x000000000000002b       0x2c c:/applications/microchip/xc32/bin/bin/../../lib/gcc/pic32c/8.3.1/../../../../pic32c/lib/thumb/v6-m/nofp\libm-fast-emfloat.a(fma.o)
 .comment       0x000000000000002b       0x2c c:/applications/microchip/xc32/bin/bin/../../lib/gcc/pic32c/8.3.1/../../../../pic32c/lib/thumb/v6-m/nofp\libm-fast-emfloat.a(floor.o)
 .comment       0x000000000000002b       0x2c c:/applications/microchip/xc32/bin/bin/../../lib/gcc/pic32c/8.3.1/thumb/v6-m/nofp\libgcc.a(_muldi3.o)
 .comment       0x000000000000002b       0x2c c:/applications/microchip/xc32/bin/bin/../../lib/gcc/pic32c/8.3.1/thumb/v6-m/nofp\libgcc.a(_udivmoddi4.o)
 .comment       0x000000000000002b       0x2c c:/applications/microchip/xc32/bin/bin/../../lib/gcc/pic32c/8.3.1/../../../../pic32c/lib/thumb/v6-m/nofp\libc-size-musl.a(strcpy.o)
 .comment       0x000000000000002b       0x2c c:/applications/microchip/xc32/bin/bin/../../lib/gcc/pic32c/8.3.1/../../../../pic32c/lib/thumb/v6-m/nofp\libc-size-musl.a(stpcpy.o)
 .comment       0x000000000000002b       0x2c c:/applications/microchip/xc32/bin/bin/../../lib/gcc/pic32c/8.3.1/../../../../pic32c/lib/thumb/v6-m/nofp\libpic32c.a(pic32_data_init_clear.o)
 .comment       0x000000000000002b       0x2c c:/applications/microchip/xc32/bin/bin/../../lib/gcc/pic32c/8.3.1/../../../../pic32c/lib/thumb/v6-m/nofp\libpic32c.a(pic32_data_init_copy.o)

.debug_info     0x0000000000000000    0x2c57b
 .debug_info    0x0000000000000000     0x1eb8 build/default/production/_ext/158385033/drv_i2c.o
 .debug_info    0x0000000000001eb8     0x2935 build/default/production/_ext/2070931557/drv_spi.o
 .debug_info    0x00000000000047ed     0x29ea build/default/production/_ext/869808652/drv_usart.o
 .debug_info    0x00000000000071d7      0x4e6 build/default/production/_ext/829343244/plib_ac.o
 .debug_info    0x00000000000076bd      0x5f1 build/default/production/_ext/60163342/plib_adc0.o
 .debug_info    0x0000000000007cae     0x1325 build/default/production/_ext/60165182/plib_can0.o
 .debug_info    0x0000000000008fd3      0x17b build/default/production/_ext/60165242/plib_ccl.o
 .debug_info    0x000000000000914e      0x6ad build/default/production/_ext/1984496892/plib_clock.o
 .debug_info    0x00000000000097fb      0x24b build/default/production/_ext/60166132/plib_dac.o
 .debug_info    0x0000000000009a46      0xc04 build/default/production/_ext/1865161661/plib_dmac.o
 .debug_info    0x000000000000a64a      0x3c6 build/default/production/_ext/60167341/plib_eic.o
 .debug_info    0x000000000000aa10      0x2ca build/default/production/_ext/1986646378/plib_evsys.o
 .debug_info    0x000000000000acda      0x2e2 build/default/production/_ext/1987437027/plib_freqm.o
 .debug_info    0x000000000000afbc      0xa81 build/default/production/_ext/1865468468/plib_nvic.o
 .debug_info    0x000000000000ba3d      0x809 build/default/production/_ext/1593096446/plib_nvmctrl.o
 .debug_info    0x000000000000c246      0x378 build/default/production/_ext/1865510628/plib_pdec.o
 .debug_info    0x000000000000c5be      0x175 build/default/production/_ext/829342769/plib_pm.o
 .debug_info    0x000000000000c733      0x5fe build/default/production/_ext/1865521619/plib_port.o
 .debug_info    0x000000000000cd31       0xf3 build/default/production/_ext/1865585090/plib_rstc.o
 .debug_info    0x000000000000ce24      0x7ea build/default/production/_ext/60180175/plib_rtc_timer.o
 .debug_info    0x000000000000d60e     0x12ed build/default/production/_ext/508257091/plib_sercom3_i2c_master.o
 .debug_info    0x000000000000e8fb      0xf10 build/default/production/_ext/17022449/plib_sercom2_spi_master.o
 .debug_info    0x000000000000f80b     0x17df build/default/production/_ext/504274921/plib_sercom1_usart.o
 .debug_info    0x0000000000010fea     0x11cc build/default/production/_ext/504274921/plib_sercom0_usart.o
 .debug_info    0x00000000000121b6      0x186 build/default/production/_ext/1865616679/plib_supc.o
 .debug_info    0x000000000001233c      0x6df build/default/production/_ext/1827571544/plib_systick.o
 .debug_info    0x0000000000012a1b      0x7c2 build/default/production/_ext/829342655/plib_tc0.o
 .debug_info    0x00000000000131dd      0x4e6 build/default/production/_ext/60181570/plib_tcc1.o
 .debug_info    0x00000000000136c3      0x529 build/default/production/_ext/60181570/plib_tcc0.o
 .debug_info    0x0000000000013bec      0xdd1 build/default/production/_ext/1832805299/sys_console_uart.o
 .debug_info    0x00000000000149bd      0xc75 build/default/production/_ext/1832805299/sys_console.o
 .debug_info    0x0000000000015632      0x2f6 build/default/production/_ext/14461671/sys_dma.o
 .debug_info    0x0000000000015928      0x59f build/default/production/_ext/1881668453/sys_int.o
 .debug_info    0x0000000000015ec7     0x1a0f build/default/production/_ext/101884895/sys_time.o
 .debug_info    0x00000000000178d6      0x20b build/default/production/_ext/1171490990/tasks.o
 .debug_info    0x0000000000017ae1     0x2e5e build/default/production/_ext/1171490990/initialization.o
 .debug_info    0x000000000001a93f      0x49d build/default/production/_ext/1171490990/interrupts.o
 .debug_info    0x000000000001addc       0xc1 build/default/production/_ext/1171490990/exceptions.o
 .debug_info    0x000000000001ae9d      0x332 build/default/production/_ext/1171490990/startup_xc32.o
 .debug_info    0x000000000001b1cf      0xd5b build/default/production/_ext/1360937237/can0_driver.o
 .debug_info    0x000000000001bf2a      0x850 build/default/production/_ext/1360937237/led_driver.o
 .debug_info    0x000000000001c77a      0x9cd build/default/production/_ext/1360937237/sht4x_driver.o
 .debug_info    0x000000000001d147      0x508 build/default/production/_ext/1360937237/rstc_driver.o
 .debug_info    0x000000000001d64f     0x155b build/default/production/_ext/1360937237/ad9954_driver.o
 .debug_info    0x000000000001ebaa      0x3bc build/default/production/_ext/1360937237/rtc_driver.o
 .debug_info    0x000000000001ef66      0xbbf build/default/production/_ext/1360937237/mcp9808_driver.o
 .debug_info    0x000000000001fb25      0xb4f build/default/production/_ext/1360937237/bme690_driver.o
 .debug_info    0x0000000000020674     0x4fed build/default/production/_ext/1360937237/fcm360w_driver.o
 .debug_info    0x0000000000025661      0x16b build/default/production/_ext/1360937237/console_driver.o
 .debug_info    0x00000000000257cc     0x15e0 build/default/production/_ext/1360937237/hdc302x_driver.o
 .debug_info    0x0000000000026dac      0x13a build/default/production/_ext/1360937237/fan_driver.o
 .debug_info    0x0000000000026ee6      0x16b build/default/production/_ext/1360937237/ntc_driver.o
 .debug_info    0x0000000000027051      0x496 build/default/production/_ext/1360937237/timer_driver.o
 .debug_info    0x00000000000274e7      0x16b build/default/production/_ext/1360937237/xm125_driver.o
 .debug_info    0x0000000000027652      0x13a build/default/production/_ext/1360937237/app.o
 .debug_info    0x000000000002778c       0xeb build/default/production/_ext/1360937237/main.o
 .debug_info    0x0000000000027877       0x68 c:/applications/microchip/xc32/bin/bin/../../lib/gcc/pic32c/8.3.1/../../../../pic32c/lib/thumb/v6-m/nofp\libpic32c.a(data_init.o)
 .debug_info    0x00000000000278df       0xed c:/applications/microchip/xc32/bin/bin/../../lib/gcc/pic32c/8.3.1/../../../../pic32c/lib/thumb/v6-m/nofp\libc-size-musl.a(memcpy.o)
 .debug_info    0x00000000000279cc       0xbb c:/applications/microchip/xc32/bin/bin/../../lib/gcc/pic32c/8.3.1/../../../../pic32c/lib/thumb/v6-m/nofp\libc-size-musl.a(memset.o)
 .debug_info    0x0000000000027a87       0xa4 c:/applications/microchip/xc32/bin/bin/../../lib/gcc/pic32c/8.3.1/../../../../pic32c/lib/thumb/v6-m/nofp\libc-size-musl.a(strlen.o)
 .debug_info    0x0000000000027b2b       0xc7 c:/applications/microchip/xc32/bin/bin/../../lib/gcc/pic32c/8.3.1/../../../../pic32c/lib/thumb/v6-m/nofp\libc-size-musl.a(strstr.o)
 .debug_info    0x0000000000027bf2       0xd2 c:/applications/microchip/xc32/bin/bin/../../lib/gcc/pic32c/8.3.1/../../../../pic32c/lib/thumb/v6-m/nofp\libc-size-musl.a(strchr.o)
 .debug_info    0x0000000000027cc4      0x133 c:/applications/microchip/xc32/bin/bin/../../lib/gcc/pic32c/8.3.1/../../../../pic32c/lib/thumb/v6-m/nofp\libc-size-musl.a(strchrnul.o)
 .debug_info    0x0000000000027df7      0x2fb c:/applications/microchip/xc32/bin/bin/../../lib/gcc/pic32c/8.3.1/../../../../pic32c/lib/thumb/v6-m/nofp\libc-musl.a(__libc_start_main.o)
 .debug_info    0x00000000000280f2      0x276 c:/applications/microchip/xc32/bin/bin/../../lib/gcc/pic32c/8.3.1/../../../../pic32c/lib/thumb/v6-m/nofp\libc-musl.a(libc.o)
 .debug_info    0x0000000000028368      0x43a c:/applications/microchip/xc32/bin/bin/../../lib/gcc/pic32c/8.3.1/../../../../pic32c/lib/thumb/v6-m/nofp\libc-musl.a(vsnprintf.o)
 .debug_info    0x00000000000287a2      0x116 c:/applications/microchip/xc32/bin/bin/../../lib/gcc/pic32c/8.3.1/../../../../pic32c/lib/thumb/v6-m/nofp\libc-musl.a(sprintf.o)
 .debug_info    0x00000000000288b8      0x10e c:/applications/microchip/xc32/bin/bin/../../lib/gcc/pic32c/8.3.1/../../../../pic32c/lib/thumb/v6-m/nofp\libc-musl.a(vsprintf.o)
 .debug_info    0x00000000000289c6       0x97 c:/applications/microchip/xc32/bin/bin/../../lib/gcc/pic32c/8.3.1/../../../../pic32c/lib/thumb/v6-m/nofp\libc-musl.a(__environ.o)
 .debug_info    0x0000000000028a5d       0x5b c:/applications/microchip/xc32/bin/bin/../../lib/gcc/pic32c/8.3.1/../../../../pic32c/lib/thumb/v6-m/nofp\libc-musl.a(__errno_location.o)
 .debug_info    0x0000000000028ab8      0x40e c:/applications/microchip/xc32/bin/bin/../../lib/gcc/pic32c/8.3.1/../../../../pic32c/lib/thumb/v6-m/nofp\libc-musl.a(vfprintf.o)
 .debug_info    0x0000000000028ec6      0x162 c:/applications/microchip/xc32/bin/bin/../../lib/gcc/pic32c/8.3.1/../../../../pic32c/lib/thumb/v6-m/nofp\libc-musl.a(__pop_float.o)
 .debug_info    0x0000000000029028      0x183 c:/applications/microchip/xc32/bin/bin/../../lib/gcc/pic32c/8.3.1/../../../../pic32c/lib/thumb/v6-m/nofp\libc-musl.a(__pop_int.o)
 .debug_info    0x00000000000291ab      0x18d c:/applications/microchip/xc32/bin/bin/../../lib/gcc/pic32c/8.3.1/../../../../pic32c/lib/thumb/v6-m/nofp\libc-musl.a(__pop_ptr.o)
 .debug_info    0x0000000000029338      0xa6f c:/applications/microchip/xc32/bin/bin/../../lib/gcc/pic32c/8.3.1/../../../../pic32c/lib/thumb/v6-m/nofp\libc-musl.a(__printf_core.o)
 .debug_info    0x0000000000029da7       0xf4 c:/applications/microchip/xc32/bin/bin/../../lib/gcc/pic32c/8.3.1/../../../../pic32c/lib/thumb/v6-m/nofp\libc-musl.a(atoi.o)
 .debug_info    0x0000000000029e9b      0x131 c:/applications/microchip/xc32/bin/bin/../../lib/gcc/pic32c/8.3.1/../../../../pic32c/lib/thumb/v6-m/nofp\libc-musl.a(tolower.o)
 .debug_info    0x0000000000029fcc      0x5fb c:/applications/microchip/xc32/bin/bin/../../lib/gcc/pic32c/8.3.1/../../../../pic32c/lib/thumb/v6-m/nofp\libc-musl.a(__fmt_a.o)
 .debug_info    0x000000000002a5c7      0x330 c:/applications/microchip/xc32/bin/bin/../../lib/gcc/pic32c/8.3.1/../../../../pic32c/lib/thumb/v6-m/nofp\libc-musl.a(__fmt_d.o)
 .debug_info    0x000000000002a8f7      0x676 c:/applications/microchip/xc32/bin/bin/../../lib/gcc/pic32c/8.3.1/../../../../pic32c/lib/thumb/v6-m/nofp\libc-musl.a(__fmt_fp.o)
 .debug_info    0x000000000002af6d      0x301 c:/applications/microchip/xc32/bin/bin/../../lib/gcc/pic32c/8.3.1/../../../../pic32c/lib/thumb/v6-m/nofp\libc-musl.a(__fmt_o.o)
 .debug_info    0x000000000002b26e      0x2e9 c:/applications/microchip/xc32/bin/bin/../../lib/gcc/pic32c/8.3.1/../../../../pic32c/lib/thumb/v6-m/nofp\libc-musl.a(__fmt_s.o)
 .debug_info    0x000000000002b557      0x301 c:/applications/microchip/xc32/bin/bin/../../lib/gcc/pic32c/8.3.1/../../../../pic32c/lib/thumb/v6-m/nofp\libc-musl.a(__fmt_u.o)
 .debug_info    0x000000000002b858      0x335 c:/applications/microchip/xc32/bin/bin/../../lib/gcc/pic32c/8.3.1/../../../../pic32c/lib/thumb/v6-m/nofp\libc-musl.a(__fmt_x.o)
 .debug_info    0x000000000002bb8d      0x131 c:/applications/microchip/xc32/bin/bin/../../lib/gcc/pic32c/8.3.1/../../../../pic32c/lib/thumb/v6-m/nofp\libc-musl.a(toupper.o)
 .debug_info    0x000000000002bcbe      0x1cf c:/applications/microchip/xc32/bin/bin/../../lib/gcc/pic32c/8.3.1/../../../../pic32c/lib/thumb/v6-m/nofp\libc-musl.a(__cvt_u.o)
 .debug_info    0x000000000002be8d       0x26 c:/applications/microchip/xc32/bin/bin/../../lib/gcc/pic32c/8.3.1/thumb/v6-m/nofp\libgcc.a(_udivsi3.o)
 .debug_info    0x000000000002beb3       0x26 c:/applications/microchip/xc32/bin/bin/../../lib/gcc/pic32c/8.3.1/thumb/v6-m/nofp\libgcc.a(_divsi3.o)
 .debug_info    0x000000000002bed9       0x26 c:/applications/microchip/xc32/bin/bin/../../lib/gcc/pic32c/8.3.1/thumb/v6-m/nofp\libgcc.a(_dvmd_tls.o)
 .debug_info    0x000000000002beff       0x26 c:/applications/microchip/xc32/bin/bin/../../lib/gcc/pic32c/8.3.1/thumb/v6-m/nofp\libgcc.a(_aeabi_uldivmod.o)
 .debug_info    0x000000000002bf25      0x243 c:/applications/microchip/xc32/bin/bin/../../lib/gcc/pic32c/8.3.1/thumb/v6-m/nofp\libgcc.a(_muldi3.o)
 .debug_info    0x000000000002c168      0x193 c:/applications/microchip/xc32/bin/bin/../../lib/gcc/pic32c/8.3.1/thumb/v6-m/nofp\libgcc.a(_udivmoddi4.o)
 .debug_info    0x000000000002c2fb       0x26 c:/applications/microchip/xc32/bin/bin/../../lib/gcc/pic32c/8.3.1/thumb/v6-m/nofp\libgcc.a(_lshrdi3.o)
 .debug_info    0x000000000002c321       0x26 c:/applications/microchip/xc32/bin/bin/../../lib/gcc/pic32c/8.3.1/thumb/v6-m/nofp\libgcc.a(_ashldi3.o)
 .debug_info    0x000000000002c347       0x26 c:/applications/microchip/xc32/bin/bin/../../lib/gcc/pic32c/8.3.1/thumb/v6-m/nofp\libgcc.a(_clzdi2.o)
 .debug_info    0x000000000002c36d       0x26 c:/applications/microchip/xc32/bin/bin/../../lib/gcc/pic32c/8.3.1/thumb/v6-m/nofp\libgcc.a(_clzsi2.o)
 .debug_info    0x000000000002c393       0xbd c:/applications/microchip/xc32/bin/bin/../../lib/gcc/pic32c/8.3.1/../../../../pic32c/lib/thumb/v6-m/nofp\libc-size-musl.a(strcpy.o)
 .debug_info    0x000000000002c450       0xac c:/applications/microchip/xc32/bin/bin/../../lib/gcc/pic32c/8.3.1/../../../../pic32c/lib/thumb/v6-m/nofp\libc-size-musl.a(stpcpy.o)
 .debug_info    0x000000000002c4fc       0x3f c:/applications/microchip/xc32/bin/bin/../../lib/gcc/pic32c/8.3.1/../../../../pic32c/lib/thumb/v6-m/nofp\libpic32c.a(pic32_data_init_clear.o)
 .debug_info    0x000000000002c53b       0x40 c:/applications/microchip/xc32/bin/bin/../../lib/gcc/pic32c/8.3.1/../../../../pic32c/lib/thumb/v6-m/nofp\libpic32c.a(pic32_data_init_copy.o)

.debug_abbrev   0x0000000000000000     0x9580
 .debug_abbrev  0x0000000000000000      0x4a4 build/default/production/_ext/158385033/drv_i2c.o
 .debug_abbrev  0x00000000000004a4      0x4ec build/default/production/_ext/2070931557/drv_spi.o
 .debug_abbrev  0x0000000000000990      0x523 build/default/production/_ext/869808652/drv_usart.o
 .debug_abbrev  0x0000000000000eb3      0x1a2 build/default/production/_ext/829343244/plib_ac.o
 .debug_abbrev  0x0000000000001055      0x172 build/default/production/_ext/60163342/plib_adc0.o
 .debug_abbrev  0x00000000000011c7      0x31b build/default/production/_ext/60165182/plib_can0.o
 .debug_abbrev  0x00000000000014e2       0xa4 build/default/production/_ext/60165242/plib_ccl.o
 .debug_abbrev  0x0000000000001586      0x1b4 build/default/production/_ext/1984496892/plib_clock.o
 .debug_abbrev  0x000000000000173a       0xf0 build/default/production/_ext/60166132/plib_dac.o
 .debug_abbrev  0x000000000000182a      0x2b9 build/default/production/_ext/1865161661/plib_dmac.o
 .debug_abbrev  0x0000000000001ae3      0x195 build/default/production/_ext/60167341/plib_eic.o
 .debug_abbrev  0x0000000000001c78       0xe5 build/default/production/_ext/1986646378/plib_evsys.o
 .debug_abbrev  0x0000000000001d5d      0x138 build/default/production/_ext/1987437027/plib_freqm.o
 .debug_abbrev  0x0000000000001e95      0x282 build/default/production/_ext/1865468468/plib_nvic.o
 .debug_abbrev  0x0000000000002117      0x1f2 build/default/production/_ext/1593096446/plib_nvmctrl.o
 .debug_abbrev  0x0000000000002309       0xf2 build/default/production/_ext/1865510628/plib_pdec.o
 .debug_abbrev  0x00000000000023fb       0xa4 build/default/production/_ext/829342769/plib_pm.o
 .debug_abbrev  0x000000000000249f      0x1e8 build/default/production/_ext/1865521619/plib_port.o
 .debug_abbrev  0x0000000000002687       0x94 build/default/production/_ext/1865585090/plib_rstc.o
 .debug_abbrev  0x000000000000271b      0x1a2 build/default/production/_ext/60180175/plib_rtc_timer.o
 .debug_abbrev  0x00000000000028bd      0x3a9 build/default/production/_ext/508257091/plib_sercom3_i2c_master.o
 .debug_abbrev  0x0000000000002c66      0x276 build/default/production/_ext/17022449/plib_sercom2_spi_master.o
 .debug_abbrev  0x0000000000002edc      0x43d build/default/production/_ext/504274921/plib_sercom1_usart.o
 .debug_abbrev  0x0000000000003319      0x318 build/default/production/_ext/504274921/plib_sercom0_usart.o
 .debug_abbrev  0x0000000000003631       0xb8 build/default/production/_ext/1865616679/plib_supc.o
 .debug_abbrev  0x00000000000036e9      0x220 build/default/production/_ext/1827571544/plib_systick.o
 .debug_abbrev  0x0000000000003909      0x1be build/default/production/_ext/829342655/plib_tc0.o
 .debug_abbrev  0x0000000000003ac7      0x122 build/default/production/_ext/60181570/plib_tcc1.o
 .debug_abbrev  0x0000000000003be9      0x122 build/default/production/_ext/60181570/plib_tcc0.o
 .debug_abbrev  0x0000000000003d0b      0x31c build/default/production/_ext/1832805299/sys_console_uart.o
 .debug_abbrev  0x0000000000004027      0x3c1 build/default/production/_ext/1832805299/sys_console.o
 .debug_abbrev  0x00000000000043e8       0xfd build/default/production/_ext/14461671/sys_dma.o
 .debug_abbrev  0x00000000000044e5      0x262 build/default/production/_ext/1881668453/sys_int.o
 .debug_abbrev  0x0000000000004747      0x4f4 build/default/production/_ext/101884895/sys_time.o
 .debug_abbrev  0x0000000000004c3b       0x7b build/default/production/_ext/1171490990/tasks.o
 .debug_abbrev  0x0000000000004cb6      0x271 build/default/production/_ext/1171490990/initialization.o
 .debug_abbrev  0x0000000000004f27      0x11e build/default/production/_ext/1171490990/interrupts.o
 .debug_abbrev  0x0000000000005045       0x49 build/default/production/_ext/1171490990/exceptions.o
 .debug_abbrev  0x000000000000508e      0x187 build/default/production/_ext/1171490990/startup_xc32.o
 .debug_abbrev  0x0000000000005215      0x3b9 build/default/production/_ext/1360937237/can0_driver.o
 .debug_abbrev  0x00000000000055ce      0x274 build/default/production/_ext/1360937237/led_driver.o
 .debug_abbrev  0x0000000000005842      0x258 build/default/production/_ext/1360937237/sht4x_driver.o
 .debug_abbrev  0x0000000000005a9a      0x21d build/default/production/_ext/1360937237/rstc_driver.o
 .debug_abbrev  0x0000000000005cb7      0x2a2 build/default/production/_ext/1360937237/ad9954_driver.o
 .debug_abbrev  0x0000000000005f59      0x210 build/default/production/_ext/1360937237/rtc_driver.o
 .debug_abbrev  0x0000000000006169      0x272 build/default/production/_ext/1360937237/mcp9808_driver.o
 .debug_abbrev  0x00000000000063db      0x22e build/default/production/_ext/1360937237/bme690_driver.o
 .debug_abbrev  0x0000000000006609      0x34d build/default/production/_ext/1360937237/fcm360w_driver.o
 .debug_abbrev  0x0000000000006956       0xbc build/default/production/_ext/1360937237/console_driver.o
 .debug_abbrev  0x0000000000006a12      0x31f build/default/production/_ext/1360937237/hdc302x_driver.o
 .debug_abbrev  0x0000000000006d31       0xdd build/default/production/_ext/1360937237/fan_driver.o
 .debug_abbrev  0x0000000000006e0e       0xbc build/default/production/_ext/1360937237/ntc_driver.o
 .debug_abbrev  0x0000000000006eca      0x146 build/default/production/_ext/1360937237/timer_driver.o
 .debug_abbrev  0x0000000000007010       0xbc build/default/production/_ext/1360937237/xm125_driver.o
 .debug_abbrev  0x00000000000070cc       0xdd build/default/production/_ext/1360937237/app.o
 .debug_abbrev  0x00000000000071a9       0x82 build/default/production/_ext/1360937237/main.o
 .debug_abbrev  0x000000000000722b       0x44 c:/applications/microchip/xc32/bin/bin/../../lib/gcc/pic32c/8.3.1/../../../../pic32c/lib/thumb/v6-m/nofp\libpic32c.a(data_init.o)
 .debug_abbrev  0x000000000000726f       0xbb c:/applications/microchip/xc32/bin/bin/../../lib/gcc/pic32c/8.3.1/../../../../pic32c/lib/thumb/v6-m/nofp\libc-size-musl.a(memcpy.o)
 .debug_abbrev  0x000000000000732a       0xa2 c:/applications/microchip/xc32/bin/bin/../../lib/gcc/pic32c/8.3.1/../../../../pic32c/lib/thumb/v6-m/nofp\libc-size-musl.a(memset.o)
 .debug_abbrev  0x00000000000073cc       0x91 c:/applications/microchip/xc32/bin/bin/../../lib/gcc/pic32c/8.3.1/../../../../pic32c/lib/thumb/v6-m/nofp\libc-size-musl.a(strlen.o)
 .debug_abbrev  0x000000000000745d       0xa2 c:/applications/microchip/xc32/bin/bin/../../lib/gcc/pic32c/8.3.1/../../../../pic32c/lib/thumb/v6-m/nofp\libc-size-musl.a(strstr.o)
 .debug_abbrev  0x00000000000074ff       0xad c:/applications/microchip/xc32/bin/bin/../../lib/gcc/pic32c/8.3.1/../../../../pic32c/lib/thumb/v6-m/nofp\libc-size-musl.a(strchr.o)
 .debug_abbrev  0x00000000000075ac       0xbc c:/applications/microchip/xc32/bin/bin/../../lib/gcc/pic32c/8.3.1/../../../../pic32c/lib/thumb/v6-m/nofp\libc-size-musl.a(strchrnul.o)
 .debug_abbrev  0x0000000000007668      0x133 c:/applications/microchip/xc32/bin/bin/../../lib/gcc/pic32c/8.3.1/../../../../pic32c/lib/thumb/v6-m/nofp\libc-musl.a(__libc_start_main.o)
 .debug_abbrev  0x000000000000779b       0xd4 c:/applications/microchip/xc32/bin/bin/../../lib/gcc/pic32c/8.3.1/../../../../pic32c/lib/thumb/v6-m/nofp\libc-musl.a(libc.o)
 .debug_abbrev  0x000000000000786f      0x195 c:/applications/microchip/xc32/bin/bin/../../lib/gcc/pic32c/8.3.1/../../../../pic32c/lib/thumb/v6-m/nofp\libc-musl.a(vsnprintf.o)
 .debug_abbrev  0x0000000000007a04      0x106 c:/applications/microchip/xc32/bin/bin/../../lib/gcc/pic32c/8.3.1/../../../../pic32c/lib/thumb/v6-m/nofp\libc-musl.a(sprintf.o)
 .debug_abbrev  0x0000000000007b0a       0xcb c:/applications/microchip/xc32/bin/bin/../../lib/gcc/pic32c/8.3.1/../../../../pic32c/lib/thumb/v6-m/nofp\libc-musl.a(vsprintf.o)
 .debug_abbrev  0x0000000000007bd5       0x62 c:/applications/microchip/xc32/bin/bin/../../lib/gcc/pic32c/8.3.1/../../../../pic32c/lib/thumb/v6-m/nofp\libc-musl.a(__environ.o)
 .debug_abbrev  0x0000000000007c37       0x39 c:/applications/microchip/xc32/bin/bin/../../lib/gcc/pic32c/8.3.1/../../../../pic32c/lib/thumb/v6-m/nofp\libc-musl.a(__errno_location.o)
 .debug_abbrev  0x0000000000007c70      0x18b c:/applications/microchip/xc32/bin/bin/../../lib/gcc/pic32c/8.3.1/../../../../pic32c/lib/thumb/v6-m/nofp\libc-musl.a(vfprintf.o)
 .debug_abbrev  0x0000000000007dfb       0xdc c:/applications/microchip/xc32/bin/bin/../../lib/gcc/pic32c/8.3.1/../../../../pic32c/lib/thumb/v6-m/nofp\libc-musl.a(__pop_float.o)
 .debug_abbrev  0x0000000000007ed7       0xdc c:/applications/microchip/xc32/bin/bin/../../lib/gcc/pic32c/8.3.1/../../../../pic32c/lib/thumb/v6-m/nofp\libc-musl.a(__pop_int.o)
 .debug_abbrev  0x0000000000007fb3       0xdc c:/applications/microchip/xc32/bin/bin/../../lib/gcc/pic32c/8.3.1/../../../../pic32c/lib/thumb/v6-m/nofp\libc-musl.a(__pop_ptr.o)
 .debug_abbrev  0x000000000000808f      0x317 c:/applications/microchip/xc32/bin/bin/../../lib/gcc/pic32c/8.3.1/../../../../pic32c/lib/thumb/v6-m/nofp\libc-musl.a(__printf_core.o)
 .debug_abbrev  0x00000000000083a6       0xc6 c:/applications/microchip/xc32/bin/bin/../../lib/gcc/pic32c/8.3.1/../../../../pic32c/lib/thumb/v6-m/nofp\libc-musl.a(atoi.o)
 .debug_abbrev  0x000000000000846c       0xf4 c:/applications/microchip/xc32/bin/bin/../../lib/gcc/pic32c/8.3.1/../../../../pic32c/lib/thumb/v6-m/nofp\libc-musl.a(tolower.o)
 .debug_abbrev  0x0000000000008560      0x1d5 c:/applications/microchip/xc32/bin/bin/../../lib/gcc/pic32c/8.3.1/../../../../pic32c/lib/thumb/v6-m/nofp\libc-musl.a(__fmt_a.o)
 .debug_abbrev  0x0000000000008735      0x161 c:/applications/microchip/xc32/bin/bin/../../lib/gcc/pic32c/8.3.1/../../../../pic32c/lib/thumb/v6-m/nofp\libc-musl.a(__fmt_d.o)
 .debug_abbrev  0x0000000000008896      0x1e3 c:/applications/microchip/xc32/bin/bin/../../lib/gcc/pic32c/8.3.1/../../../../pic32c/lib/thumb/v6-m/nofp\libc-musl.a(__fmt_fp.o)
 .debug_abbrev  0x0000000000008a79      0x161 c:/applications/microchip/xc32/bin/bin/../../lib/gcc/pic32c/8.3.1/../../../../pic32c/lib/thumb/v6-m/nofp\libc-musl.a(__fmt_o.o)
 .debug_abbrev  0x0000000000008bda      0x15e c:/applications/microchip/xc32/bin/bin/../../lib/gcc/pic32c/8.3.1/../../../../pic32c/lib/thumb/v6-m/nofp\libc-musl.a(__fmt_s.o)
 .debug_abbrev  0x0000000000008d38      0x161 c:/applications/microchip/xc32/bin/bin/../../lib/gcc/pic32c/8.3.1/../../../../pic32c/lib/thumb/v6-m/nofp\libc-musl.a(__fmt_u.o)
 .debug_abbrev  0x0000000000008e99      0x150 c:/applications/microchip/xc32/bin/bin/../../lib/gcc/pic32c/8.3.1/../../../../pic32c/lib/thumb/v6-m/nofp\libc-musl.a(__fmt_x.o)
 .debug_abbrev  0x0000000000008fe9       0xf4 c:/applications/microchip/xc32/bin/bin/../../lib/gcc/pic32c/8.3.1/../../../../pic32c/lib/thumb/v6-m/nofp\libc-musl.a(toupper.o)
 .debug_abbrev  0x00000000000090dd       0xf3 c:/applications/microchip/xc32/bin/bin/../../lib/gcc/pic32c/8.3.1/../../../../pic32c/lib/thumb/v6-m/nofp\libc-musl.a(__cvt_u.o)
 .debug_abbrev  0x00000000000091d0       0x14 c:/applications/microchip/xc32/bin/bin/../../lib/gcc/pic32c/8.3.1/thumb/v6-m/nofp\libgcc.a(_udivsi3.o)
 .debug_abbrev  0x00000000000091e4       0x14 c:/applications/microchip/xc32/bin/bin/../../lib/gcc/pic32c/8.3.1/thumb/v6-m/nofp\libgcc.a(_divsi3.o)
 .debug_abbrev  0x00000000000091f8       0x14 c:/applications/microchip/xc32/bin/bin/../../lib/gcc/pic32c/8.3.1/thumb/v6-m/nofp\libgcc.a(_dvmd_tls.o)
 .debug_abbrev  0x000000000000920c       0x14 c:/applications/microchip/xc32/bin/bin/../../lib/gcc/pic32c/8.3.1/thumb/v6-m/nofp\libgcc.a(_aeabi_uldivmod.o)
 .debug_abbrev  0x0000000000009220      0x10b c:/applications/microchip/xc32/bin/bin/../../lib/gcc/pic32c/8.3.1/thumb/v6-m/nofp\libgcc.a(_muldi3.o)
 .debug_abbrev  0x000000000000932b       0x99 c:/applications/microchip/xc32/bin/bin/../../lib/gcc/pic32c/8.3.1/thumb/v6-m/nofp\libgcc.a(_udivmoddi4.o)
 .debug_abbrev  0x00000000000093c4       0x14 c:/applications/microchip/xc32/bin/bin/../../lib/gcc/pic32c/8.3.1/thumb/v6-m/nofp\libgcc.a(_lshrdi3.o)
 .debug_abbrev  0x00000000000093d8       0x14 c:/applications/microchip/xc32/bin/bin/../../lib/gcc/pic32c/8.3.1/thumb/v6-m/nofp\libgcc.a(_ashldi3.o)
 .debug_abbrev  0x00000000000093ec       0x14 c:/applications/microchip/xc32/bin/bin/../../lib/gcc/pic32c/8.3.1/thumb/v6-m/nofp\libgcc.a(_clzdi2.o)
 .debug_abbrev  0x0000000000009400       0x14 c:/applications/microchip/xc32/bin/bin/../../lib/gcc/pic32c/8.3.1/thumb/v6-m/nofp\libgcc.a(_clzsi2.o)
 .debug_abbrev  0x0000000000009414       0xa2 c:/applications/microchip/xc32/bin/bin/../../lib/gcc/pic32c/8.3.1/../../../../pic32c/lib/thumb/v6-m/nofp\libc-size-musl.a(strcpy.o)
 .debug_abbrev  0x00000000000094b6       0x6e c:/applications/microchip/xc32/bin/bin/../../lib/gcc/pic32c/8.3.1/../../../../pic32c/lib/thumb/v6-m/nofp\libc-size-musl.a(stpcpy.o)
 .debug_abbrev  0x0000000000009524       0x2e c:/applications/microchip/xc32/bin/bin/../../lib/gcc/pic32c/8.3.1/../../../../pic32c/lib/thumb/v6-m/nofp\libpic32c.a(pic32_data_init_clear.o)
 .debug_abbrev  0x0000000000009552       0x2e c:/applications/microchip/xc32/bin/bin/../../lib/gcc/pic32c/8.3.1/../../../../pic32c/lib/thumb/v6-m/nofp\libpic32c.a(pic32_data_init_copy.o)

.debug_loc      0x0000000000000000    0x1d4ea
 .debug_loc     0x0000000000000000     0x1b2f build/default/production/_ext/158385033/drv_i2c.o
 .debug_loc     0x0000000000001b2f     0x226f build/default/production/_ext/2070931557/drv_spi.o
 .debug_loc     0x0000000000003d9e     0x28d9 build/default/production/_ext/869808652/drv_usart.o
 .debug_loc     0x0000000000006677      0x12f build/default/production/_ext/829343244/plib_ac.o
 .debug_loc     0x00000000000067a6      0x14d build/default/production/_ext/60163342/plib_adc0.o
 .debug_loc     0x00000000000068f3      0xd37 build/default/production/_ext/60165182/plib_can0.o
 .debug_loc     0x000000000000762a       0x6f build/default/production/_ext/1984496892/plib_clock.o
 .debug_loc     0x0000000000007699       0x25 build/default/production/_ext/60166132/plib_dac.o
 .debug_loc     0x00000000000076be      0xb09 build/default/production/_ext/1865161661/plib_dmac.o
 .debug_loc     0x00000000000081c7       0xfe build/default/production/_ext/60167341/plib_eic.o
 .debug_loc     0x00000000000082c5       0xc8 build/default/production/_ext/1986646378/plib_evsys.o
 .debug_loc     0x000000000000838d      0x10a build/default/production/_ext/1987437027/plib_freqm.o
 .debug_loc     0x0000000000008497      0x379 build/default/production/_ext/1865468468/plib_nvic.o
 .debug_loc     0x0000000000008810      0x685 build/default/production/_ext/1593096446/plib_nvmctrl.o
 .debug_loc     0x0000000000008e95       0x15 build/default/production/_ext/1865510628/plib_pdec.o
 .debug_loc     0x0000000000008eaa      0x29b build/default/production/_ext/1865521619/plib_port.o
 .debug_loc     0x0000000000009145       0x94 build/default/production/_ext/60180175/plib_rtc_timer.o
 .debug_loc     0x00000000000091d9      0xcad build/default/production/_ext/508257091/plib_sercom3_i2c_master.o
 .debug_loc     0x0000000000009e86      0x68a build/default/production/_ext/17022449/plib_sercom2_spi_master.o
 .debug_loc     0x000000000000a510      0xf01 build/default/production/_ext/504274921/plib_sercom1_usart.o
 .debug_loc     0x000000000000b411      0x892 build/default/production/_ext/504274921/plib_sercom0_usart.o
 .debug_loc     0x000000000000bca3       0x39 build/default/production/_ext/1865616679/plib_supc.o
 .debug_loc     0x000000000000bcdc      0x47f build/default/production/_ext/1827571544/plib_systick.o
 .debug_loc     0x000000000000c15b       0x74 build/default/production/_ext/829342655/plib_tc0.o
 .debug_loc     0x000000000000c1cf      0x10b build/default/production/_ext/60181570/plib_tcc1.o
 .debug_loc     0x000000000000c2da      0x155 build/default/production/_ext/60181570/plib_tcc0.o
 .debug_loc     0x000000000000c42f      0x997 build/default/production/_ext/1832805299/sys_console_uart.o
 .debug_loc     0x000000000000cdc6      0xc4c build/default/production/_ext/1832805299/sys_console.o
 .debug_loc     0x000000000000da12      0x186 build/default/production/_ext/14461671/sys_dma.o
 .debug_loc     0x000000000000db98      0x17d build/default/production/_ext/1881668453/sys_int.o
 .debug_loc     0x000000000000dd15     0x1fc2 build/default/production/_ext/101884895/sys_time.o
 .debug_loc     0x000000000000fcd7       0x20 build/default/production/_ext/1171490990/tasks.o
 .debug_loc     0x000000000000fcf7       0x45 build/default/production/_ext/1171490990/initialization.o
 .debug_loc     0x000000000000fd3c       0x40 build/default/production/_ext/1171490990/interrupts.o
 .debug_loc     0x000000000000fd7c       0x4f build/default/production/_ext/1171490990/startup_xc32.o
 .debug_loc     0x000000000000fdcb      0x3a2 build/default/production/_ext/1360937237/can0_driver.o
 .debug_loc     0x000000000001016d      0x2a8 build/default/production/_ext/1360937237/led_driver.o
 .debug_loc     0x0000000000010415      0x303 build/default/production/_ext/1360937237/sht4x_driver.o
 .debug_loc     0x0000000000010718      0x16d build/default/production/_ext/1360937237/rstc_driver.o
 .debug_loc     0x0000000000010885     0x1176 build/default/production/_ext/1360937237/ad9954_driver.o
 .debug_loc     0x00000000000119fb       0xb1 build/default/production/_ext/1360937237/rtc_driver.o
 .debug_loc     0x0000000000011aac      0x433 build/default/production/_ext/1360937237/mcp9808_driver.o
 .debug_loc     0x0000000000011edf      0x34e build/default/production/_ext/1360937237/bme690_driver.o
 .debug_loc     0x000000000001222d     0x61d2 build/default/production/_ext/1360937237/fcm360w_driver.o
 .debug_loc     0x00000000000183ff      0xdea build/default/production/_ext/1360937237/hdc302x_driver.o
 .debug_loc     0x00000000000191e9       0x16 build/default/production/_ext/1360937237/fan_driver.o
 .debug_loc     0x00000000000191ff       0xe0 build/default/production/_ext/1360937237/timer_driver.o
 .debug_loc     0x00000000000192df       0x16 build/default/production/_ext/1360937237/app.o
 .debug_loc     0x00000000000192f5       0x20 build/default/production/_ext/1360937237/main.o
 .debug_loc     0x0000000000019315       0x14 c:/applications/microchip/xc32/bin/bin/../../lib/gcc/pic32c/8.3.1/../../../../pic32c/lib/thumb/v6-m/nofp\libpic32c.a(data_init.o)
 .debug_loc     0x0000000000019329      0x12d c:/applications/microchip/xc32/bin/bin/../../lib/gcc/pic32c/8.3.1/../../../../pic32c/lib/thumb/v6-m/nofp\libc-size-musl.a(memcpy.o)
 .debug_loc     0x0000000000019456       0xcd c:/applications/microchip/xc32/bin/bin/../../lib/gcc/pic32c/8.3.1/../../../../pic32c/lib/thumb/v6-m/nofp\libc-size-musl.a(memset.o)
 .debug_loc     0x0000000000019523       0x81 c:/applications/microchip/xc32/bin/bin/../../lib/gcc/pic32c/8.3.1/../../../../pic32c/lib/thumb/v6-m/nofp\libc-size-musl.a(strlen.o)
 .debug_loc     0x00000000000195a4       0xa2 c:/applications/microchip/xc32/bin/bin/../../lib/gcc/pic32c/8.3.1/../../../../pic32c/lib/thumb/v6-m/nofp\libc-size-musl.a(strstr.o)
 .debug_loc     0x0000000000019646       0x8c c:/applications/microchip/xc32/bin/bin/../../lib/gcc/pic32c/8.3.1/../../../../pic32c/lib/thumb/v6-m/nofp\libc-size-musl.a(strchr.o)
 .debug_loc     0x00000000000196d2       0xd5 c:/applications/microchip/xc32/bin/bin/../../lib/gcc/pic32c/8.3.1/../../../../pic32c/lib/thumb/v6-m/nofp\libc-size-musl.a(strchrnul.o)
 .debug_loc     0x00000000000197a7       0x5e c:/applications/microchip/xc32/bin/bin/../../lib/gcc/pic32c/8.3.1/../../../../pic32c/lib/thumb/v6-m/nofp\libc-musl.a(__libc_start_main.o)
 .debug_loc     0x0000000000019805      0x10c c:/applications/microchip/xc32/bin/bin/../../lib/gcc/pic32c/8.3.1/../../../../pic32c/lib/thumb/v6-m/nofp\libc-musl.a(vsnprintf.o)
 .debug_loc     0x0000000000019911       0x66 c:/applications/microchip/xc32/bin/bin/../../lib/gcc/pic32c/8.3.1/../../../../pic32c/lib/thumb/v6-m/nofp\libc-musl.a(sprintf.o)
 .debug_loc     0x0000000000019977       0x8c c:/applications/microchip/xc32/bin/bin/../../lib/gcc/pic32c/8.3.1/../../../../pic32c/lib/thumb/v6-m/nofp\libc-musl.a(vsprintf.o)
 .debug_loc     0x0000000000019a03       0xd0 c:/applications/microchip/xc32/bin/bin/../../lib/gcc/pic32c/8.3.1/../../../../pic32c/lib/thumb/v6-m/nofp\libc-musl.a(vfprintf.o)
 .debug_loc     0x0000000000019ad3       0x6f c:/applications/microchip/xc32/bin/bin/../../lib/gcc/pic32c/8.3.1/../../../../pic32c/lib/thumb/v6-m/nofp\libc-musl.a(__pop_float.o)
 .debug_loc     0x0000000000019b42      0x34c c:/applications/microchip/xc32/bin/bin/../../lib/gcc/pic32c/8.3.1/../../../../pic32c/lib/thumb/v6-m/nofp\libc-musl.a(__pop_int.o)
 .debug_loc     0x0000000000019e8e      0x1fe c:/applications/microchip/xc32/bin/bin/../../lib/gcc/pic32c/8.3.1/../../../../pic32c/lib/thumb/v6-m/nofp\libc-musl.a(__pop_ptr.o)
 .debug_loc     0x000000000001a08c      0x6d9 c:/applications/microchip/xc32/bin/bin/../../lib/gcc/pic32c/8.3.1/../../../../pic32c/lib/thumb/v6-m/nofp\libc-musl.a(__printf_core.o)
 .debug_loc     0x000000000001a765       0xdc c:/applications/microchip/xc32/bin/bin/../../lib/gcc/pic32c/8.3.1/../../../../pic32c/lib/thumb/v6-m/nofp\libc-musl.a(atoi.o)
 .debug_loc     0x000000000001a841       0x8f c:/applications/microchip/xc32/bin/bin/../../lib/gcc/pic32c/8.3.1/../../../../pic32c/lib/thumb/v6-m/nofp\libc-musl.a(tolower.o)
 .debug_loc     0x000000000001a8d0      0xdb0 c:/applications/microchip/xc32/bin/bin/../../lib/gcc/pic32c/8.3.1/../../../../pic32c/lib/thumb/v6-m/nofp\libc-musl.a(__fmt_a.o)
 .debug_loc     0x000000000001b680      0x2a6 c:/applications/microchip/xc32/bin/bin/../../lib/gcc/pic32c/8.3.1/../../../../pic32c/lib/thumb/v6-m/nofp\libc-musl.a(__fmt_d.o)
 .debug_loc     0x000000000001b926      0xc94 c:/applications/microchip/xc32/bin/bin/../../lib/gcc/pic32c/8.3.1/../../../../pic32c/lib/thumb/v6-m/nofp\libc-musl.a(__fmt_fp.o)
 .debug_loc     0x000000000001c5ba      0x12d c:/applications/microchip/xc32/bin/bin/../../lib/gcc/pic32c/8.3.1/../../../../pic32c/lib/thumb/v6-m/nofp\libc-musl.a(__fmt_o.o)
 .debug_loc     0x000000000001c6e7      0x144 c:/applications/microchip/xc32/bin/bin/../../lib/gcc/pic32c/8.3.1/../../../../pic32c/lib/thumb/v6-m/nofp\libc-musl.a(__fmt_s.o)
 .debug_loc     0x000000000001c82b      0x12d c:/applications/microchip/xc32/bin/bin/../../lib/gcc/pic32c/8.3.1/../../../../pic32c/lib/thumb/v6-m/nofp\libc-musl.a(__fmt_u.o)
 .debug_loc     0x000000000001c958      0x3be c:/applications/microchip/xc32/bin/bin/../../lib/gcc/pic32c/8.3.1/../../../../pic32c/lib/thumb/v6-m/nofp\libc-musl.a(__fmt_x.o)
 .debug_loc     0x000000000001cd16       0x8f c:/applications/microchip/xc32/bin/bin/../../lib/gcc/pic32c/8.3.1/../../../../pic32c/lib/thumb/v6-m/nofp\libc-musl.a(toupper.o)
 .debug_loc     0x000000000001cda5      0x1d3 c:/applications/microchip/xc32/bin/bin/../../lib/gcc/pic32c/8.3.1/../../../../pic32c/lib/thumb/v6-m/nofp\libc-musl.a(__cvt_u.o)
 .debug_loc     0x000000000001cf78      0x176 c:/applications/microchip/xc32/bin/bin/../../lib/gcc/pic32c/8.3.1/thumb/v6-m/nofp\libgcc.a(_muldi3.o)
 .debug_loc     0x000000000001d0ee      0x2e4 c:/applications/microchip/xc32/bin/bin/../../lib/gcc/pic32c/8.3.1/thumb/v6-m/nofp\libgcc.a(_udivmoddi4.o)
 .debug_loc     0x000000000001d3d2       0x74 c:/applications/microchip/xc32/bin/bin/../../lib/gcc/pic32c/8.3.1/../../../../pic32c/lib/thumb/v6-m/nofp\libc-size-musl.a(strcpy.o)
 .debug_loc     0x000000000001d446       0x90 c:/applications/microchip/xc32/bin/bin/../../lib/gcc/pic32c/8.3.1/../../../../pic32c/lib/thumb/v6-m/nofp\libc-size-musl.a(stpcpy.o)
 .debug_loc     0x000000000001d4d6       0x14 c:/applications/microchip/xc32/bin/bin/../../lib/gcc/pic32c/8.3.1/../../../../pic32c/lib/thumb/v6-m/nofp\libpic32c.a(pic32_data_init_copy.o)

.debug_aranges  0x0000000000000000     0x2100
 .debug_aranges
                0x0000000000000000       0xc0 build/default/production/_ext/158385033/drv_i2c.o
 .debug_aranges
                0x00000000000000c0       0xb8 build/default/production/_ext/2070931557/drv_spi.o
 .debug_aranges
                0x0000000000000178      0x110 build/default/production/_ext/869808652/drv_usart.o
 .debug_aranges
                0x0000000000000288       0x50 build/default/production/_ext/829343244/plib_ac.o
 .debug_aranges
                0x00000000000002d8       0x80 build/default/production/_ext/60163342/plib_adc0.o
 .debug_aranges
                0x0000000000000358       0xa0 build/default/production/_ext/60165182/plib_can0.o
 .debug_aranges
                0x00000000000003f8       0x20 build/default/production/_ext/60165242/plib_ccl.o
 .debug_aranges
                0x0000000000000418       0x30 build/default/production/_ext/1984496892/plib_clock.o
 .debug_aranges
                0x0000000000000448       0x30 build/default/production/_ext/60166132/plib_dac.o
 .debug_aranges
                0x0000000000000478       0x98 build/default/production/_ext/1865161661/plib_dmac.o
 .debug_aranges
                0x0000000000000510       0x40 build/default/production/_ext/60167341/plib_eic.o
 .debug_aranges
                0x0000000000000550       0x40 build/default/production/_ext/1986646378/plib_evsys.o
 .debug_aranges
                0x0000000000000590       0x40 build/default/production/_ext/1987437027/plib_freqm.o
 .debug_aranges
                0x00000000000005d0       0x48 build/default/production/_ext/1865468468/plib_nvic.o
 .debug_aranges
                0x0000000000000618       0xb0 build/default/production/_ext/1593096446/plib_nvmctrl.o
 .debug_aranges
                0x00000000000006c8       0x50 build/default/production/_ext/1865510628/plib_pdec.o
 .debug_aranges
                0x0000000000000718       0x30 build/default/production/_ext/829342769/plib_pm.o
 .debug_aranges
                0x0000000000000748       0x68 build/default/production/_ext/1865521619/plib_port.o
 .debug_aranges
                0x00000000000007b0       0x20 build/default/production/_ext/1865585090/plib_rstc.o
 .debug_aranges
                0x00000000000007d0       0x88 build/default/production/_ext/60180175/plib_rtc_timer.o
 .debug_aranges
                0x0000000000000858       0x78 build/default/production/_ext/508257091/plib_sercom3_i2c_master.o
 .debug_aranges
                0x00000000000008d0       0x60 build/default/production/_ext/17022449/plib_sercom2_spi_master.o
 .debug_aranges
                0x0000000000000930       0xe8 build/default/production/_ext/504274921/plib_sercom1_usart.o
 .debug_aranges
                0x0000000000000a18       0xe0 build/default/production/_ext/504274921/plib_sercom0_usart.o
 .debug_aranges
                0x0000000000000af8       0x20 build/default/production/_ext/1865616679/plib_supc.o
 .debug_aranges
                0x0000000000000b18       0xb0 build/default/production/_ext/1827571544/plib_systick.o
 .debug_aranges
                0x0000000000000bc8       0x60 build/default/production/_ext/829342655/plib_tc0.o
 .debug_aranges
                0x0000000000000c28       0x78 build/default/production/_ext/60181570/plib_tcc1.o
 .debug_aranges
                0x0000000000000ca0       0x80 build/default/production/_ext/60181570/plib_tcc0.o
 .debug_aranges
                0x0000000000000d20       0x68 build/default/production/_ext/1832805299/sys_console_uart.o
 .debug_aranges
                0x0000000000000d88       0x88 build/default/production/_ext/1832805299/sys_console.o
 .debug_aranges
                0x0000000000000e10       0x28 build/default/production/_ext/14461671/sys_dma.o
 .debug_aranges
                0x0000000000000e38       0x40 build/default/production/_ext/1881668453/sys_int.o
 .debug_aranges
                0x0000000000000e78      0x108 build/default/production/_ext/101884895/sys_time.o
 .debug_aranges
                0x0000000000000f80       0x20 build/default/production/_ext/1171490990/tasks.o
 .debug_aranges
                0x0000000000000fa0       0x20 build/default/production/_ext/1171490990/initialization.o
 .debug_aranges
                0x0000000000000fc0       0x30 build/default/production/_ext/1171490990/interrupts.o
 .debug_aranges
                0x0000000000000ff0       0x28 build/default/production/_ext/1171490990/exceptions.o
 .debug_aranges
                0x0000000000001018       0x28 build/default/production/_ext/1171490990/startup_xc32.o
 .debug_aranges
                0x0000000000001040       0x78 build/default/production/_ext/1360937237/can0_driver.o
 .debug_aranges
                0x00000000000010b8       0x70 build/default/production/_ext/1360937237/led_driver.o
 .debug_aranges
                0x0000000000001128       0x98 build/default/production/_ext/1360937237/sht4x_driver.o
 .debug_aranges
                0x00000000000011c0       0x50 build/default/production/_ext/1360937237/rstc_driver.o
 .debug_aranges
                0x0000000000001210      0x198 build/default/production/_ext/1360937237/ad9954_driver.o
 .debug_aranges
                0x00000000000013a8       0x58 build/default/production/_ext/1360937237/rtc_driver.o
 .debug_aranges
                0x0000000000001400       0xc0 build/default/production/_ext/1360937237/mcp9808_driver.o
 .debug_aranges
                0x00000000000014c0       0x80 build/default/production/_ext/1360937237/bme690_driver.o
 .debug_aranges
                0x0000000000001540      0x2a0 build/default/production/_ext/1360937237/fcm360w_driver.o
 .debug_aranges
                0x00000000000017e0       0x28 build/default/production/_ext/1360937237/console_driver.o
 .debug_aranges
                0x0000000000001808      0x1d8 build/default/production/_ext/1360937237/hdc302x_driver.o
 .debug_aranges
                0x00000000000019e0       0x28 build/default/production/_ext/1360937237/fan_driver.o
 .debug_aranges
                0x0000000000001a08       0x28 build/default/production/_ext/1360937237/ntc_driver.o
 .debug_aranges
                0x0000000000001a30       0x98 build/default/production/_ext/1360937237/timer_driver.o
 .debug_aranges
                0x0000000000001ac8       0x28 build/default/production/_ext/1360937237/xm125_driver.o
 .debug_aranges
                0x0000000000001af0       0x28 build/default/production/_ext/1360937237/app.o
 .debug_aranges
                0x0000000000001b18       0x20 build/default/production/_ext/1360937237/main.o
 .debug_aranges
                0x0000000000001b38       0x30 c:/applications/microchip/xc32/bin/bin/../../lib/gcc/pic32c/8.3.1/../../../../pic32c/lib/thumb/v6-m/nofp\libpic32c.a(data_init.o)
 .debug_aranges
                0x0000000000001b68       0x20 c:/applications/microchip/xc32/bin/bin/../../lib/gcc/pic32c/8.3.1/../../../../pic32c/lib/thumb/v6-m/nofp\libc-size-musl.a(memcpy.o)
 .debug_aranges
                0x0000000000001b88       0x20 c:/applications/microchip/xc32/bin/bin/../../lib/gcc/pic32c/8.3.1/../../../../pic32c/lib/thumb/v6-m/nofp\libc-size-musl.a(memset.o)
 .debug_aranges
                0x0000000000001ba8       0x20 c:/applications/microchip/xc32/bin/bin/../../lib/gcc/pic32c/8.3.1/../../../../pic32c/lib/thumb/v6-m/nofp\libc-size-musl.a(strlen.o)
 .debug_aranges
                0x0000000000001bc8       0x20 c:/applications/microchip/xc32/bin/bin/../../lib/gcc/pic32c/8.3.1/../../../../pic32c/lib/thumb/v6-m/nofp\libc-size-musl.a(strstr.o)
 .debug_aranges
                0x0000000000001be8       0x20 c:/applications/microchip/xc32/bin/bin/../../lib/gcc/pic32c/8.3.1/../../../../pic32c/lib/thumb/v6-m/nofp\libc-size-musl.a(strchr.o)
 .debug_aranges
                0x0000000000001c08       0x20 c:/applications/microchip/xc32/bin/bin/../../lib/gcc/pic32c/8.3.1/../../../../pic32c/lib/thumb/v6-m/nofp\libc-size-musl.a(strchrnul.o)
 .debug_aranges
                0x0000000000001c28       0x28 c:/applications/microchip/xc32/bin/bin/../../lib/gcc/pic32c/8.3.1/../../../../pic32c/lib/thumb/v6-m/nofp\libc-musl.a(__libc_start_main.o)
 .debug_aranges
                0x0000000000001c50       0x18 c:/applications/microchip/xc32/bin/bin/../../lib/gcc/pic32c/8.3.1/../../../../pic32c/lib/thumb/v6-m/nofp\libc-musl.a(libc.o)
 .debug_aranges
                0x0000000000001c68       0x20 c:/applications/microchip/xc32/bin/bin/../../lib/gcc/pic32c/8.3.1/../../../../pic32c/lib/thumb/v6-m/nofp\libc-musl.a(vsnprintf.o)
 .debug_aranges
                0x0000000000001c88       0x20 c:/applications/microchip/xc32/bin/bin/../../lib/gcc/pic32c/8.3.1/../../../../pic32c/lib/thumb/v6-m/nofp\libc-musl.a(sprintf.o)
 .debug_aranges
                0x0000000000001ca8       0x20 c:/applications/microchip/xc32/bin/bin/../../lib/gcc/pic32c/8.3.1/../../../../pic32c/lib/thumb/v6-m/nofp\libc-musl.a(vsprintf.o)
 .debug_aranges
                0x0000000000001cc8       0x18 c:/applications/microchip/xc32/bin/bin/../../lib/gcc/pic32c/8.3.1/../../../../pic32c/lib/thumb/v6-m/nofp\libc-musl.a(__environ.o)
 .debug_aranges
                0x0000000000001ce0       0x18 c:/applications/microchip/xc32/bin/bin/../../lib/gcc/pic32c/8.3.1/../../../../pic32c/lib/thumb/v6-m/nofp\libc-musl.a(__errno_location.o)
 .debug_aranges
                0x0000000000001cf8       0x28 c:/applications/microchip/xc32/bin/bin/../../lib/gcc/pic32c/8.3.1/../../../../pic32c/lib/thumb/v6-m/nofp\libc-musl.a(vfprintf.o)
 .debug_aranges
                0x0000000000001d20       0x20 c:/applications/microchip/xc32/bin/bin/../../lib/gcc/pic32c/8.3.1/../../../../pic32c/lib/thumb/v6-m/nofp\libc-musl.a(__pop_float.o)
 .debug_aranges
                0x0000000000001d40       0x20 c:/applications/microchip/xc32/bin/bin/../../lib/gcc/pic32c/8.3.1/../../../../pic32c/lib/thumb/v6-m/nofp\libc-musl.a(__pop_int.o)
 .debug_aranges
                0x0000000000001d60       0x20 c:/applications/microchip/xc32/bin/bin/../../lib/gcc/pic32c/8.3.1/../../../../pic32c/lib/thumb/v6-m/nofp\libc-musl.a(__pop_ptr.o)
 .debug_aranges
                0x0000000000001d80       0x50 c:/applications/microchip/xc32/bin/bin/../../lib/gcc/pic32c/8.3.1/../../../../pic32c/lib/thumb/v6-m/nofp\libc-musl.a(__printf_core.o)
 .debug_aranges
                0x0000000000001dd0       0x20 c:/applications/microchip/xc32/bin/bin/../../lib/gcc/pic32c/8.3.1/../../../../pic32c/lib/thumb/v6-m/nofp\libc-musl.a(atoi.o)
 .debug_aranges
                0x0000000000001df0       0x28 c:/applications/microchip/xc32/bin/bin/../../lib/gcc/pic32c/8.3.1/../../../../pic32c/lib/thumb/v6-m/nofp\libc-musl.a(tolower.o)
 .debug_aranges
                0x0000000000001e18       0x20 c:/applications/microchip/xc32/bin/bin/../../lib/gcc/pic32c/8.3.1/../../../../pic32c/lib/thumb/v6-m/nofp\libc-musl.a(__fmt_a.o)
 .debug_aranges
                0x0000000000001e38       0x20 c:/applications/microchip/xc32/bin/bin/../../lib/gcc/pic32c/8.3.1/../../../../pic32c/lib/thumb/v6-m/nofp\libc-musl.a(__fmt_d.o)
 .debug_aranges
                0x0000000000001e58       0x20 c:/applications/microchip/xc32/bin/bin/../../lib/gcc/pic32c/8.3.1/../../../../pic32c/lib/thumb/v6-m/nofp\libc-musl.a(__fmt_fp.o)
 .debug_aranges
                0x0000000000001e78       0x20 c:/applications/microchip/xc32/bin/bin/../../lib/gcc/pic32c/8.3.1/../../../../pic32c/lib/thumb/v6-m/nofp\libc-musl.a(__fmt_o.o)
 .debug_aranges
                0x0000000000001e98       0x20 c:/applications/microchip/xc32/bin/bin/../../lib/gcc/pic32c/8.3.1/../../../../pic32c/lib/thumb/v6-m/nofp\libc-musl.a(__fmt_s.o)
 .debug_aranges
                0x0000000000001eb8       0x20 c:/applications/microchip/xc32/bin/bin/../../lib/gcc/pic32c/8.3.1/../../../../pic32c/lib/thumb/v6-m/nofp\libc-musl.a(__fmt_u.o)
 .debug_aranges
                0x0000000000001ed8       0x20 c:/applications/microchip/xc32/bin/bin/../../lib/gcc/pic32c/8.3.1/../../../../pic32c/lib/thumb/v6-m/nofp\libc-musl.a(__fmt_x.o)
 .debug_aranges
                0x0000000000001ef8       0x28 c:/applications/microchip/xc32/bin/bin/../../lib/gcc/pic32c/8.3.1/../../../../pic32c/lib/thumb/v6-m/nofp\libc-musl.a(toupper.o)
 .debug_aranges
                0x0000000000001f20       0x20 c:/applications/microchip/xc32/bin/bin/../../lib/gcc/pic32c/8.3.1/../../../../pic32c/lib/thumb/v6-m/nofp\libc-musl.a(__cvt_u.o)
 .debug_aranges
                0x0000000000001f40       0x20 c:/applications/microchip/xc32/bin/bin/../../lib/gcc/pic32c/8.3.1/thumb/v6-m/nofp\libgcc.a(_udivsi3.o)
 .debug_aranges
                0x0000000000001f60       0x20 c:/applications/microchip/xc32/bin/bin/../../lib/gcc/pic32c/8.3.1/thumb/v6-m/nofp\libgcc.a(_divsi3.o)
 .debug_aranges
                0x0000000000001f80       0x20 c:/applications/microchip/xc32/bin/bin/../../lib/gcc/pic32c/8.3.1/thumb/v6-m/nofp\libgcc.a(_dvmd_tls.o)
 .debug_aranges
                0x0000000000001fa0       0x20 c:/applications/microchip/xc32/bin/bin/../../lib/gcc/pic32c/8.3.1/thumb/v6-m/nofp\libgcc.a(_aeabi_uldivmod.o)
 .debug_aranges
                0x0000000000001fc0       0x20 c:/applications/microchip/xc32/bin/bin/../../lib/gcc/pic32c/8.3.1/thumb/v6-m/nofp\libgcc.a(_muldi3.o)
 .debug_aranges
                0x0000000000001fe0       0x20 c:/applications/microchip/xc32/bin/bin/../../lib/gcc/pic32c/8.3.1/thumb/v6-m/nofp\libgcc.a(_udivmoddi4.o)
 .debug_aranges
                0x0000000000002000       0x20 c:/applications/microchip/xc32/bin/bin/../../lib/gcc/pic32c/8.3.1/thumb/v6-m/nofp\libgcc.a(_lshrdi3.o)
 .debug_aranges
                0x0000000000002020       0x20 c:/applications/microchip/xc32/bin/bin/../../lib/gcc/pic32c/8.3.1/thumb/v6-m/nofp\libgcc.a(_ashldi3.o)
 .debug_aranges
                0x0000000000002040       0x20 c:/applications/microchip/xc32/bin/bin/../../lib/gcc/pic32c/8.3.1/thumb/v6-m/nofp\libgcc.a(_clzdi2.o)
 .debug_aranges
                0x0000000000002060       0x20 c:/applications/microchip/xc32/bin/bin/../../lib/gcc/pic32c/8.3.1/thumb/v6-m/nofp\libgcc.a(_clzsi2.o)
 .debug_aranges
                0x0000000000002080       0x20 c:/applications/microchip/xc32/bin/bin/../../lib/gcc/pic32c/8.3.1/../../../../pic32c/lib/thumb/v6-m/nofp\libc-size-musl.a(strcpy.o)
 .debug_aranges
                0x00000000000020a0       0x20 c:/applications/microchip/xc32/bin/bin/../../lib/gcc/pic32c/8.3.1/../../../../pic32c/lib/thumb/v6-m/nofp\libc-size-musl.a(stpcpy.o)
 .debug_aranges
                0x00000000000020c0       0x20 c:/applications/microchip/xc32/bin/bin/../../lib/gcc/pic32c/8.3.1/../../../../pic32c/lib/thumb/v6-m/nofp\libpic32c.a(pic32_data_init_clear.o)
 .debug_aranges
                0x00000000000020e0       0x20 c:/applications/microchip/xc32/bin/bin/../../lib/gcc/pic32c/8.3.1/../../../../pic32c/lib/thumb/v6-m/nofp\libpic32c.a(pic32_data_init_copy.o)

.debug_ranges   0x0000000000000000     0x22c8
 .debug_ranges  0x0000000000000000      0x190 build/default/production/_ext/158385033/drv_i2c.o
 .debug_ranges  0x0000000000000190      0x1d0 build/default/production/_ext/2070931557/drv_spi.o
 .debug_ranges  0x0000000000000360      0x248 build/default/production/_ext/869808652/drv_usart.o
 .debug_ranges  0x00000000000005a8       0x40 build/default/production/_ext/829343244/plib_ac.o
 .debug_ranges  0x00000000000005e8       0x70 build/default/production/_ext/60163342/plib_adc0.o
 .debug_ranges  0x0000000000000658       0x90 build/default/production/_ext/60165182/plib_can0.o
 .debug_ranges  0x00000000000006e8       0x10 build/default/production/_ext/60165242/plib_ccl.o