Archive member included to satisfy reference by file (symbol)

C:/Applications/Microchip/XC32/bin/bin/../../lib/gcc/pic32c/13.2.1/../../../../pic32c/lib/thumb/v6-m/nofp\libpic32c.a(data_init.o)
                              build/default/production/_ext/1171490990/startup_xc32.o (__pic32c_data_initialization)
C:/Applications/Microchip/XC32/bin/bin/../../lib/gcc/pic32c/13.2.1/../../../../pic32c/lib/thumb/v6-m/nofp\libc-size-musl.a(memcpy.o)
                              build/default/production/_ext/60165182/plib_can0.o (memcpy)
C:/Applications/Microchip/XC32/bin/bin/../../lib/gcc/pic32c/13.2.1/../../../../pic32c/lib/thumb/v6-m/nofp\libc-size-musl.a(memset.o)
                              build/default/production/_ext/60165182/plib_can0.o (memset)
C:/Applications/Microchip/XC32/bin/bin/../../lib/gcc/pic32c/13.2.1/../../../../pic32c/lib/thumb/v6-m/nofp\libc-size-musl.a(strlen.o)
                              build/default/production/_ext/1832805299/sys_console.o (strlen)
C:/Applications/Microchip/XC32/bin/bin/../../lib/gcc/pic32c/13.2.1/../../../../pic32c/lib/thumb/v6-m/nofp\libc-size-musl.a(strstr.o)
                              build/default/production/_ext/1360937237/fcm360w_driver.o (strstr)
C:/Applications/Microchip/XC32/bin/bin/../../lib/gcc/pic32c/13.2.1/../../../../pic32c/lib/thumb/v6-m/nofp\libc-size-musl.a(strchr.o)
                              build/default/production/_ext/1360937237/fcm360w_driver.o (strchr)
C:/Applications/Microchip/XC32/bin/bin/../../lib/gcc/pic32c/13.2.1/../../../../pic32c/lib/thumb/v6-m/nofp\libc-size-musl.a(strchrnul.o)
                              C:/Applications/Microchip/XC32/bin/bin/../../lib/gcc/pic32c/13.2.1/../../../../pic32c/lib/thumb/v6-m/nofp\libc-size-musl.a(strchr.o) (__strchrnul)
C:/Applications/Microchip/XC32/bin/bin/../../lib/gcc/pic32c/13.2.1/../../../../pic32c/lib/thumb/v6-m/nofp\libc-musl.a(__libc_start_main.o)
                              build/default/production/_ext/1171490990/startup_xc32.o (__libc_init_array)
C:/Applications/Microchip/XC32/bin/bin/../../lib/gcc/pic32c/13.2.1/../../../../pic32c/lib/thumb/v6-m/nofp\libc-musl.a(libc.o)
                              C:/Applications/Microchip/XC32/bin/bin/../../lib/gcc/pic32c/13.2.1/../../../../pic32c/lib/thumb/v6-m/nofp\libc-musl.a(__libc_start_main.o) (__progname_full)
C:/Applications/Microchip/XC32/bin/bin/../../lib/gcc/pic32c/13.2.1/../../../../pic32c/lib/thumb/v6-m/nofp\libc-musl.a(vsnprintf.o)
                              build/default/production/_ext/1832805299/sys_console.o (vsnprintf)
C:/Applications/Microchip/XC32/bin/bin/../../lib/gcc/pic32c/13.2.1/../../../../pic32c/lib/thumb/v6-m/nofp\libc-musl.a(sprintf.o)
                              (sprintf)
C:/Applications/Microchip/XC32/bin/bin/../../lib/gcc/pic32c/13.2.1/../../../../pic32c/lib/thumb/v6-m/nofp\libc-musl.a(vsprintf.o)
                              C:/Applications/Microchip/XC32/bin/bin/../../lib/gcc/pic32c/13.2.1/../../../../pic32c/lib/thumb/v6-m/nofp\libc-musl.a(sprintf.o) (vsprintf)
C:/Applications/Microchip/XC32/bin/bin/../../lib/gcc/pic32c/13.2.1/../../../../pic32c/lib/thumb/v6-m/nofp\libc-musl.a(__environ.o)
                              C:/Applications/Microchip/XC32/bin/bin/../../lib/gcc/pic32c/13.2.1/../../../../pic32c/lib/thumb/v6-m/nofp\libc-musl.a(__libc_start_main.o) (__environ)
C:/Applications/Microchip/XC32/bin/bin/../../lib/gcc/pic32c/13.2.1/../../../../pic32c/lib/thumb/v6-m/nofp\libc-musl.a(__errno_location.o)
                              C:/Applications/Microchip/XC32/bin/bin/../../lib/gcc/pic32c/13.2.1/../../../../pic32c/lib/thumb/v6-m/nofp\libc-musl.a(vsnprintf.o) (__errno_val)
C:/Applications/Microchip/XC32/bin/bin/../../lib/gcc/pic32c/13.2.1/../../../../pic32c/lib/thumb/v6-m/nofp\libc-musl.a(vfprintf.o)
                              C:/Applications/Microchip/XC32/bin/bin/../../lib/gcc/pic32c/13.2.1/../../../../pic32c/lib/thumb/v6-m/nofp\libc-musl.a(vsnprintf.o) (vfprintf)
C:/Applications/Microchip/XC32/bin/bin/../../lib/gcc/pic32c/13.2.1/../../../../pic32c/lib/thumb/v6-m/nofp\libc-musl.a(__io_fmt_needed.o)
                              C:/Applications/Microchip/XC32/bin/bin/../../lib/gcc/pic32c/13.2.1/../../../../pic32c/lib/thumb/v6-m/nofp\libc-musl.a(vfprintf.o) (__io_fmt_needed)
C:/Applications/Microchip/XC32/bin/bin/../../lib/gcc/pic32c/13.2.1/../../../../pic32c/lib/thumb/v6-m/nofp\libc-musl.a(__pop_float.o)
                              C:/Applications/Microchip/XC32/bin/bin/../../lib/gcc/pic32c/13.2.1/../../../../pic32c/lib/thumb/v6-m/nofp\libc-musl.a(__io_fmt_needed.o) (__pop_float_needed)
C:/Applications/Microchip/XC32/bin/bin/../../lib/gcc/pic32c/13.2.1/../../../../pic32c/lib/thumb/v6-m/nofp\libc-musl.a(__pop_int.o)
                              C:/Applications/Microchip/XC32/bin/bin/../../lib/gcc/pic32c/13.2.1/../../../../pic32c/lib/thumb/v6-m/nofp\libc-musl.a(__io_fmt_needed.o) (__pop_int_needed)
[...]
Memory Configuration

Name             Origin             Length             Attributes
rom              0x00000000         0x00080000         xrl
ram              0x20000000         0x00010000         xw!r
config_00804000  0x00804000         0x00000004
config_00804004  0x00804004         0x00000004
*default*        0x00000000         0xffffffff

Linker script and memory map

LOAD C:/Applications/Microchip/XC32/bin/bin/../../lib/gcc/pic32c/13.2.1/thumb/v6-m/nofp/crti.o
LOAD C:/Applications/Microchip/XC32/bin/bin/../../lib/gcc/pic32c/13.2.1/thumb/v6-m/nofp/crtbegin.o
LOAD build/default/production/_ext/158385033/drv_i2c.o
LOAD build/default/production/_ext/2070931557/drv_spi.o
LOAD build/default/production/_ext/869808652/drv_usart.o
LOAD build/default/production/_ext/829343244/plib_ac.o
LOAD build/default/production/_ext/60163342/plib_adc0.o
LOAD build/default/production/_ext/60165182/plib_can0.o
LOAD build/default/production/_ext/60165242/plib_ccl.o
LOAD build/default/production/_ext/1984496892/plib_clock.o
LOAD build/default/production/_ext/60166132/plib_dac.o
LOAD build/default/production/_ext/1985337713/plib_divas.o
LOAD build/default/production/_ext/1865161661/plib_dmac.o
LOAD build/default/production/_ext/60167341/plib_eic.o
LOAD build/default/production/_ext/1986646378/plib_evsys.o
LOAD build/default/production/_ext/1987437027/plib_freqm.o
LOAD build/default/production/_ext/1865468468/plib_nvic.o
LOAD build/default/production/_ext/1593096446/plib_nvmctrl.o
LOAD build/default/production/_ext/1865510628/plib_pdec.o
LOAD build/default/production/_ext/829342769/plib_pm.o
LOAD build/default/production/_ext/1865521619/plib_port.o
LOAD build/default/production/_ext/1865585090/plib_rstc.o
LOAD build/default/production/_ext/60180175/plib_rtc_clock.o
LOAD build/default/production/_ext/508257091/plib_sercom3_i2c_master.o
LOAD build/default/production/_ext/17022449/plib_sercom2_spi_master.o
LOAD build/default/production/_ext/504274921/plib_sercom1_usart.o
LOAD build/default/production/_ext/504274921/plib_sercom0_usart.o
LOAD build/default/production/_ext/1865616679/plib_supc.o
LOAD build/default/production/_ext/1827571544/plib_systick.o
LOAD build/default/production/_ext/829342655/plib_tc0.o
LOAD build/default/production/_ext/60181570/plib_tcc1.o
LOAD build/default/production/_ext/60181570/plib_tcc0.o
LOAD build/default/production/_ext/60184501/plib_wdt.o
LOAD build/default/production/_ext/163028504/xc32_monitor.o
LOAD build/default/production/_ext/1832805299/sys_console_uart.o
LOAD build/default/production/_ext/1832805299/sys_console.o
LOAD build/default/production/_ext/14461671/sys_dma.o
LOAD build/default/production/_ext/1881668453/sys_int.o
LOAD build/default/production/_ext/101884895/sys_time.o
LOAD build/default/production/_ext/1171490990/tasks.o
LOAD build/default/production/_ext/1171490990/initialization.o
LOAD build/default/production/_ext/1171490990/interrupts.o
LOAD build/default/production/_ext/1171490990/exceptions.o
LOAD build/default/production/_ext/1171490990/startup_xc32.o
LOAD build/default/production/_ext/1171490990/libc_syscalls.o
LOAD build/default/production/_ext/1360937237/can0_driver.o
LOAD build/default/production/_ext/1360937237/sht4x_driver.o
LOAD build/default/production/_ext/1360937237/rstc_driver.o
LOAD build/default/production/_ext/1360937237/ad9954_driver.o
LOAD build/default/production/_ext/1360937237/rtc_driver.o
LOAD build/default/production/_ext/1360937237/mcp9808_driver.o
LOAD build/default/production/_ext/1360937237/bme690_driver.o
LOAD build/default/production/_ext/1360937237/fcm360w_driver.o
LOAD build/default/production/_ext/1360937237/console_driver.o
LOAD build/default/production/_ext/1360937237/hdc302x_driver.o
LOAD build/default/production/_ext/1360937237/fan_driver.o
LOAD build/default/production/_ext/1360937237/ntc_driver.o
LOAD build/default/production/_ext/1360937237/timer_driver.o
LOAD build/default/production/_ext/1360937237/xm125_driver.o
LOAD build/default/production/_ext/1360937237/ws281x_driver.o
LOAD build/default/production/_ext/1360937237/vcnl4200_driver.o
LOAD build/default/production/_ext/1360937237/sen63c_driver.o
LOAD build/default/production/_ext/1360937237/app.o
LOAD build/default/production/_ext/1360937237/main.o
LOAD build/default/production/_ext/1360937237/ssd1306_driver.o
                0x00000001                        __MPLAB_BUILD = 0x1
                0x00080000                        __rom_end = (ORIGIN (rom) + LENGTH (rom))
                0x20010000                        __ram_end = (ORIGIN (ram) + LENGTH (ram))

.config_00804000
                0x00804000        0x4
 *(.config_00804000)
 .config_00804000
                0x00804000        0x4 build/default/production/_ext/1171490990/initialization.o
                0x00804000                __config_00804000

.config_00804004
                0x00804004        0x4
 *(.config_00804004)
 .config_00804004
                0x00804004        0x4 build/default/production/_ext/1171490990/initialization.o
                0x00804004                __config_00804004

.vectors        0x00000000       0xc0
                0x00000000                        . = ALIGN (0x4)
                0x00000000                        _sfixed = .
 *(.vectors .vectors.* .vectors_default .vectors_default.*)
 .vectors       0x00000000       0xc0 build/default/production/_ext/1171490990/interrupts.o
                0x00000000                exception_table
 *(.isr_vector)
 *(.reset*)
 *(.after_vectors)

.text           0x000000c0       0x20
                0x000000c0                        . = ALIGN (0x4)
 *(.glue_7t)
 .glue_7t       0x000000c0        0x0 linker stubs
 *(.glue_7)
 .glue_7        0x000000c0        0x0 linker stubs
 *(.gnu.linkonce.r.*)
 *(.ARM.extab* .gnu.linkonce.armextab.*)
                0x000000c0                        . = ALIGN (0x4)
 *(.init)
 .init          0x000000c0        0x4 C:/Applications/Microchip/XC32/bin/bin/../../lib/gcc/pic32c/13.2.1/thumb/v6-m/nofp/crti.o
                0x000000c0                _init
 .init          0x000000c4        0x8 C:/Applications/Microchip/XC32/bin/bin/../../lib/gcc/pic32c/13.2.1/thumb/v6-m/nofp/crtn.o
                0x000000cc                        . = ALIGN (0x4)
                0x000000cc                        __preinit_array_start = .
 *(.preinit_array)
                0x000000cc                        __preinit_array_end = .
                0x000000cc                        . = ALIGN (0x4)
                0x000000cc                        __init_array_start = .
 *(SORT_BY_NAME(.init_array.*))
 *(.init_array)
 .init_array    0x000000cc        0x4 C:/Applications/Microchip/XC32/bin/bin/../../lib/gcc/pic32c/13.2.1/thumb/v6-m/nofp/crtbegin.o
                0x000000d0                        __init_array_end = .
                0x000000d0                        . = ALIGN (0x4)
 *crtbegin.o(.ctors)
 *(EXCLUDE_FILE(*crtend.o) .ctors)
 *(SORT_BY_NAME(.ctors.*))
 *crtend.o(.ctors)
                0x000000d0                        . = ALIGN (0x4)
 *(.fini)
 .fini          0x000000d0        0x4 C:/Applications/Microchip/XC32/bin/bin/../../lib/gcc/pic32c/13.2.1/thumb/v6-m/nofp/crti.o
                0x000000d0                _fini
 .fini          0x000000d4        0x8 C:/Applications/Microchip/XC32/bin/bin/../../lib/gcc/pic32c/13.2.1/thumb/v6-m/nofp/crtn.o
                0x000000dc                        . = ALIGN (0x4)
                0x000000dc                        __fini_array_start = .
 *(.fini_array)
 .fini_array    0x000000dc        0x4 C:/Applications/Microchip/XC32/bin/bin/../../lib/gcc/pic32c/13.2.1/thumb/v6-m/nofp/crtbegin.o
 *(SORT_BY_NAME(.fini_array.*))
                0x000000e0                        __fini_array_end = .
 *crtbegin.o(.dtors)
 *(EXCLUDE_FILE(*crtend.o) .dtors)
 *(SORT_BY_NAME(.dtors.*))
 *crtend.o(.dtors)
                0x000000e0                        . = ALIGN (0x4)
                0x000000e0                        _efixed = .
                [!provide]                        PROVIDE (__exidx_start = .)

.ARM.exidx      0x000000e0        0x8
 *(.ARM.exidx* .gnu.linkonce.armexidx.*)
 .ARM.exidx     0x000000e0        0x8 C:/Applications/Microchip/XC32/bin/bin/../../lib/gcc/pic32c/13.2.1/thumb/v6-m/nofp\libgcc.a(_udivmoddi4.o)
                [!provide]                        PROVIDE (__exidx_end = .)
                0x000000e8                        . = ALIGN (0x4)
                0x000000e8                        _etext = .

.bss            0x20000000        0x0
                0x20000000                        . = ALIGN (0x4)
                0x20000000                        __bss_start__ = .
                0x20000000                        _sbss = .
                0x20000000                        _szero = .
 *(COMMON)
                0x20000000                        . = ALIGN (0x4)
                0x20000000                        __bss_end__ = .
                0x20000000                        _ebss = .
                0x20000000                        _ezero = .
                0x20000000                        . = ALIGN (0x4)
                0x20000000                        _end = .
                0x2000ffff                        _ram_end_ = ((ORIGIN (ram) + LENGTH (ram)) - 0x1)
                0x00000200                        _min_heap_size = 0x200
START GROUP
LOAD C:/Applications/Microchip/XC32/bin/bin/../../lib/gcc/pic32c/13.2.1/../../../../pic32c/lib/thumb/v6-m/nofp\libpic32c.a
LOAD C:/Applications/Microchip/XC32/bin/bin/../../lib/gcc/pic32c/13.2.1/../../../../pic32c/lib/thumb/v6-m/nofp\libc-size-musl.a
LOAD C:/Applications/Microchip/XC32/bin/bin/../../lib/gcc/pic32c/13.2.1/../../../../pic32c/lib/thumb/v6-m/nofp\liblmalloc-musl.a
LOAD C:/Applications/Microchip/XC32/bin/bin/../../lib/gcc/pic32c/13.2.1/../../../../pic32c/lib/thumb/v6-m/nofp\libc-musl.a
LOAD C:/Applications/Microchip/XC32/bin/bin/../../lib/gcc/pic32c/13.2.1/../../../../pic32c/lib/thumb/v6-m/nofp\libm-fast-emfloat.a
LOAD C:/Applications/Microchip/XC32/bin/bin/../../lib/gcc/pic32c/13.2.1/../../../../pic32c/lib/thumb/v6-m/nofp\libm-musl.a
END GROUP
LOAD C:/Applications/Microchip/XC32/bin/bin/../../lib/gcc/pic32c/13.2.1/thumb/v6-m/nofp\libgcc.a
LOAD C:/Applications/Microchip/XC32/bin/bin/../../lib/gcc/pic32c/13.2.1/thumb/v6-m/nofp/crtend.o
LOAD C:/Applications/Microchip/XC32/bin/bin/../../lib/gcc/pic32c/13.2.1/thumb/v6-m/nofp/crtn.o
OUTPUT(dist/default/production/PIC32CMxxxxJH01_DRIVER.X.production.elf elf32-littlearm)
LOAD linker stubs
LOAD data_init

.note           0x00000000      0x780
 .note          0x00000000       0x18 C:/Applications/Microchip/XC32/bin/bin/../../lib/gcc/pic32c/13.2.1/thumb/v6-m/nofp/crti.o
 .note          0x00000018       0x18 C:/Applications/Microchip/XC32/bin/bin/../../lib/gcc/pic32c/13.2.1/thumb/v6-m/nofp/crtbegin.o
 .note          0x00000030       0x18 build/default/production/_ext/1832805299/sys_console_uart.o
 .note          0x00000048       0x18 build/default/production/_ext/101884895/sys_time.o
 .note          0x00000060       0x18 build/default/production/_ext/1171490990/tasks.o
 .note          0x00000078       0x78 build/default/production/_ext/1171490990/initialization.o
 .note          0x000000f0       0x18 build/default/production/_ext/1171490990/interrupts.o
 .note          0x00000108       0x18 build/default/production/_ext/1171490990/exceptions.o
 .note          0x00000120       0x18 build/default/production/_ext/1360937237/can0_driver.o
 .note          0x00000138       0x18 build/default/production/_ext/1360937237/sht4x_driver.o
 .note          0x00000150       0x18 build/default/production/_ext/1360937237/rstc_driver.o
 .note          0x00000168       0x18 build/default/production/_ext/1360937237/ad9954_driver.o
 .note          0x00000180       0x18 build/default/production/_ext/1360937237/rtc_driver.o
 .note          0x00000198       0x18 build/default/production/_ext/1360937237/mcp9808_driver.o
 .note          0x000001b0       0x18 build/default/production/_ext/1360937237/bme690_driver.o
 .note          0x000001c8       0x18 build/default/production/_ext/1360937237/fcm360w_driver.o
 .note          0x000001e0       0x18 build/default/production/_ext/1360937237/console_driver.o
 .note          0x000001f8       0x18 build/default/production/_ext/1360937237/hdc302x_driver.o
 .note          0x00000210       0x18 build/default/production/_ext/1360937237/fan_driver.o
 .note          0x00000228       0x18 build/default/production/_ext/1360937237/ntc_driver.o
 .note          0x00000240       0x18 build/default/production/_ext/1360937237/timer_driver.o
 .note          0x00000258       0x18 build/default/production/_ext/1360937237/xm125_driver.o
 .note          0x00000270       0x18 build/default/production/_ext/1360937237/ws281x_driver.o
 .note          0x00000288       0x18 build/default/production/_ext/1360937237/vcnl4200_driver.o
 .note          0x000002a0       0x18 build/default/production/_ext/1360937237/sen63c_driver.o
 .note          0x000002b8       0x18 build/default/production/_ext/1360937237/app.o
 .note          0x000002d0       0x18 build/default/production/_ext/1360937237/main.o
 .note          0x000002e8       0x18 build/default/production/_ext/1360937237/ssd1306_driver.o
 .note          0x00000300       0x18 C:/Applications/Microchip/XC32/bin/bin/../../lib/gcc/pic32c/13.2.1/../../../../pic32c/lib/thumb/v6-m/nofp\libpic32c.a(data_init.o)
 .note          0x00000318       0x18 C:/Applications/Microchip/XC32/bin/bin/../../lib/gcc/pic32c/13.2.1/../../../../pic32c/lib/thumb/v6-m/nofp\libc-size-musl.a(memcpy.o)
 .note          0x00000330       0x18 C:/Applications/Microchip/XC32/bin/bin/../../lib/gcc/pic32c/13.2.1/../../../../pic32c/lib/thumb/v6-m/nofp\libc-size-musl.a(memset.o)
 .note          0x00000348       0x18 C:/Applications/Microchip/XC32/bin/bin/../../lib/gcc/pic32c/13.2.1/../../../../pic32c/lib/thumb/v6-m/nofp\libc-size-musl.a(strlen.o)
 .note          0x00000360       0x18 C:/Applications/Microchip/XC32/bin/bin/../../lib/gcc/pic32c/13.2.1/../../../../pic32c/lib/thumb/v6-m/nofp\libc-size-musl.a(strstr.o)
 .note          0x00000378       0x18 C:/Applications/Microchip/XC32/bin/bin/../../lib/gcc/pic32c/13.2.1/../../../../pic32c/lib/thumb/v6-m/nofp\libc-size-musl.a(strchr.o)
 .note          0x00000390       0x18 C:/Applications/Microchip/XC32/bin/bin/../../lib/gcc/pic32c/13.2.1/../../../../pic32c/lib/thumb/v6-m/nofp\libc-size-musl.a(strchrnul.o)
 .note          0x000003a8       0x18 C:/Applications/Microchip/XC32/bin/bin/../../lib/gcc/pic32c/13.2.1/../../../../pic32c/lib/thumb/v6-m/nofp\libc-musl.a(__libc_start_main.o)
 .note          0x000003c0       0x18 C:/Applications/Microchip/XC32/bin/bin/../../lib/gcc/pic32c/13.2.1/../../../../pic32c/lib/thumb/v6-m/nofp\libc-musl.a(libc.o)
 .note          0x000003d8       0x18 C:/Applications/Microchip/XC32/bin/bin/../../lib/gcc/pic32c/13.2.1/../../../../pic32c/lib/thumb/v6-m/nofp\libc-musl.a(vsnprintf.o)
 .note          0x000003f0       0x18 C:/Applications/Microchip/XC32/bin/bin/../../lib/gcc/pic32c/13.2.1/../../../../pic32c/lib/thumb/v6-m/nofp\libc-musl.a(sprintf.o)
 .note          0x00000408       0x18 C:/Applications/Microchip/XC32/bin/bin/../../lib/gcc/pic32c/13.2.1/../../../../pic32c/lib/thumb/v6-m/nofp\libc-musl.a(vsprintf.o)
 .note          0x00000420       0x18 C:/Applications/Microchip/XC32/bin/bin/../../lib/gcc/pic32c/13.2.1/../../../../pic32c/lib/thumb/v6-m/nofp\libc-musl.a(__environ.o)
 .note          0x00000438       0x18 C:/Applications/Microchip/XC32/bin/bin/../../lib/gcc/pic32c/13.2.1/../../../../pic32c/lib/thumb/v6-m/nofp\libc-musl.a(__errno_location.o)
 .note          0x00000450       0x18 C:/Applications/Microchip/XC32/bin/bin/../../lib/gcc/pic32c/13.2.1/../../../../pic32c/lib/thumb/v6-m/nofp\libc-musl.a(vfprintf.o)
 .note          0x00000468       0x18 C:/Applications/Microchip/XC32/bin/bin/../../lib/gcc/pic32c/13.2.1/../../../../pic32c/lib/thumb/v6-m/nofp\libc-musl.a(__io_fmt_needed.o)
 .note          0x00000480       0x18 C:/Applications/Microchip/XC32/bin/bin/../../lib/gcc/pic32c/13.2.1/../../../../pic32c/lib/thumb/v6-m/nofp\libc-musl.a(__pop_float.o)
 .note          0x00000498       0x18 C:/Applications/Microchip/XC32/bin/bin/../../lib/gcc/pic32c/13.2.1/../../../../pic32c/lib/thumb/v6-m/nofp\libc-musl.a(__pop_int.o)
 .note          0x000004b0       0x18 C:/Applications/Microchip/XC32/bin/bin/../../lib/gcc/pic32c/13.2.1/../../../../pic32c/lib/thumb/v6-m/nofp\libc-musl.a(__pop_ptr.o)
 .note          0x000004c8       0x18 C:/Applications/Microchip/XC32/bin/bin/../../lib/gcc/pic32c/13.2.1/../../../../pic32c/lib/thumb/v6-m/nofp\libc-musl.a(__printf_core.o)
 .note          0x000004e0       0x18 C:/Applications/Microchip/XC32/bin/bin/../../lib/gcc/pic32c/13.2.1/../../../../pic32c/lib/thumb/v6-m/nofp\libc-musl.a(atoi.o)
 .note          0x000004f8       0x18 C:/Applications/Microchip/XC32/bin/bin/../../lib/gcc/pic32c/13.2.1/../../../../pic32c/lib/thumb/v6-m/nofp\libc-musl.a(tolower.o)
 .note          0x00000510       0x18 C:/Applications/Microchip/XC32/bin/bin/../../lib/gcc/pic32c/13.2.1/../../../../pic32c/lib/thumb/v6-m/nofp\libc-musl.a(__fmt_a.o)
 .note          0x00000528       0x18 C:/Applications/Microchip/XC32/bin/bin/../../lib/gcc/pic32c/13.2.1/../../../../pic32c/lib/thumb/v6-m/nofp\libc-musl.a(__fmt_d.o)
 .note          0x00000540       0x18 C:/Applications/Microchip/XC32/bin/bin/../../lib/gcc/pic32c/13.2.1/../../../../pic32c/lib/thumb/v6-m/nofp\libc-musl.a(__fmt_fp.o)
 .note          0x00000558       0x18 C:/Applications/Microchip/XC32/bin/bin/../../lib/gcc/pic32c/13.2.1/../../../../pic32c/lib/thumb/v6-m/nofp\libc-musl.a(__fmt_o.o)
 .note          0x00000570       0x18 C:/Applications/Microchip/XC32/bin/bin/../../lib/gcc/pic32c/13.2.1/../../../../pic32c/lib/thumb/v6-m/nofp\libc-musl.a(__fmt_s.o)
 .note          0x00000588       0x18 C:/Applications/Microchip/XC32/bin/bin/../../lib/gcc/pic32c/13.2.1/../../../../pic32c/lib/thumb/v6-m/nofp\libc-musl.a(__fmt_u.o)
 .note          0x000005a0       0x18 C:/Applications/Microchip/XC32/bin/bin/../../lib/gcc/pic32c/13.2.1/../../../../pic32c/lib/thumb/v6-m/nofp\libc-musl.a(__fmt_x.o)
 .note          0x000005b8       0x18 C:/Applications/Microchip/XC32/bin/bin/../../lib/gcc/pic32c/13.2.1/../../../../pic32c/lib/thumb/v6-m/nofp\libc-musl.a(toupper.o)
 .note          0x000005d0       0x18 C:/Applications/Microchip/XC32/bin/bin/../../lib/gcc/pic32c/13.2.1/../../../../pic32c/lib/thumb/v6-m/nofp\libc-musl.a(__cvt_u.o)
 .note          0x000005e8       0x18 C:/Applications/Microchip/XC32/bin/bin/../../lib/gcc/pic32c/13.2.1/../../../../pic32c/lib/thumb/v6-m/nofp\libc-size-musl.a(strcpy.o)
 .note          0x00000600       0x18 C:/Applications/Microchip/XC32/bin/bin/../../lib/gcc/pic32c/13.2.1/../../../../pic32c/lib/thumb/v6-m/nofp\libc-size-musl.a(stpcpy.o)
 .note          0x00000618       0x18 C:/Applications/Microchip/XC32/bin/bin/../../lib/gcc/pic32c/13.2.1/thumb/v6-m/nofp\libgcc.a(_thumb1_case_uqi.o)
 .note          0x00000630       0x18 C:/Applications/Microchip/XC32/bin/bin/../../lib/gcc/pic32c/13.2.1/thumb/v6-m/nofp\libgcc.a(_udivsi3.o)
 .note          0x00000648       0x18 C:/Applications/Microchip/XC32/bin/bin/../../lib/gcc/pic32c/13.2.1/thumb/v6-m/nofp\libgcc.a(_divsi3.o)
 .note          0x00000660       0x18 C:/Applications/Microchip/XC32/bin/bin/../../lib/gcc/pic32c/13.2.1/thumb/v6-m/nofp\libgcc.a(_dvmd_tls.o)
 .note          0x00000678       0x18 C:/Applications/Microchip/XC32/bin/bin/../../lib/gcc/pic32c/13.2.1/thumb/v6-m/nofp\libgcc.a(_aeabi_uldivmod.o)
 .note          0x00000690       0x18 C:/Applications/Microchip/XC32/bin/bin/../../lib/gcc/pic32c/13.2.1/thumb/v6-m/nofp\libgcc.a(_muldi3.o)
 .note          0x000006a8       0x18 C:/Applications/Microchip/XC32/bin/bin/../../lib/gcc/pic32c/13.2.1/thumb/v6-m/nofp\libgcc.a(_udivmoddi4.o)
 .note          0x000006c0       0x18 C:/Applications/Microchip/XC32/bin/bin/../../lib/gcc/pic32c/13.2.1/thumb/v6-m/nofp\libgcc.a(_lshrdi3.o)
 .note          0x000006d8       0x18 C:/Applications/Microchip/XC32/bin/bin/../../lib/gcc/pic32c/13.2.1/thumb/v6-m/nofp\libgcc.a(_ashldi3.o)
 .note          0x000006f0       0x18 C:/Applications/Microchip/XC32/bin/bin/../../lib/gcc/pic32c/13.2.1/thumb/v6-m/nofp\libgcc.a(_clzdi2.o)
 .note          0x00000708       0x18 C:/Applications/Microchip/XC32/bin/bin/../../lib/gcc/pic32c/13.2.1/thumb/v6-m/nofp\libgcc.a(_clzsi2.o)
 .note          0x00000720       0x18 C:/Applications/Microchip/XC32/bin/bin/../../lib/gcc/pic32c/13.2.1/thumb/v6-m/nofp/crtend.o
 .note          0x00000738       0x18 C:/Applications/Microchip/XC32/bin/bin/../../lib/gcc/pic32c/13.2.1/thumb/v6-m/nofp/crtn.o
 .note          0x00000750       0x18 C:/Applications/Microchip/XC32/bin/bin/../../lib/gcc/pic32c/13.2.1/../../../../pic32c/lib/thumb/v6-m/nofp\libpic32c.a(pic32_data_init_clear.o)
 .note          0x00000768       0x18 C:/Applications/Microchip/XC32/bin/bin/../../lib/gcc/pic32c/13.2.1/../../../../pic32c/lib/thumb/v6-m/nofp\libpic32c.a(pic32_data_init_copy.o)

.ARM.attributes
                0x00000000       0x2a
 .ARM.attributes
                0x00000000       0x1e C:/Applications/Microchip/XC32/bin/bin/../../lib/gcc/pic32c/13.2.1/thumb/v6-m/nofp/crti.o
 .ARM.attributes
                0x0000001e       0x2c C:/Applications/Microchip/XC32/bin/bin/../../lib/gcc/pic32c/13.2.1/thumb/v6-m/nofp/crtbegin.o
 .ARM.attributes
                0x0000004a       0x2c build/default/production/_ext/158385033/drv_i2c.o
 .ARM.attributes
                0x00000076       0x2c build/default/production/_ext/2070931557/drv_spi.o
 .ARM.attributes
                0x000000a2       0x2c build/default/production/_ext/869808652/drv_usart.o
 .ARM.attributes
                0x000000ce       0x2c build/default/production/_ext/829343244/plib_ac.o
 .ARM.attributes
                0x000000fa       0x2c build/default/production/_ext/60163342/plib_adc0.o
 .ARM.attributes
                0x00000126       0x2c build/default/production/_ext/60165182/plib_can0.o
 .ARM.attributes
                0x00000152       0x2c build/default/production/_ext/60165242/plib_ccl.o
 .ARM.attributes
                0x0000017e       0x2c build/default/production/_ext/1984496892/plib_clock.o
 .ARM.attributes
                0x000001aa       0x2c build/default/production/_ext/60166132/plib_dac.o
 .ARM.attributes
                0x000001d6       0x2c build/default/production/_ext/1865161661/plib_dmac.o
 .ARM.attributes
                0x00000202       0x2c build/default/production/_ext/60167341/plib_eic.o
 .ARM.attributes
                0x0000022e       0x2c build/default/production/_ext/1986646378/plib_evsys.o
 .ARM.attributes
                0x0000025a       0x2c build/default/production/_ext/1987437027/plib_freqm.o
 .ARM.attributes
                0x00000286       0x2c build/default/production/_ext/1865468468/plib_nvic.o
 .ARM.attributes
                0x000002b2       0x2c build/default/production/_ext/1593096446/plib_nvmctrl.o
 .ARM.attributes
                0x000002de       0x2c build/default/production/_ext/1865510628/plib_pdec.o
 .ARM.attributes
                0x0000030a       0x2c build/default/production/_ext/829342769/plib_pm.o
 .ARM.attributes
                0x00000336       0x2c build/default/production/_ext/1865521619/plib_port.o
 .ARM.attributes
                0x00000362       0x2c build/default/production/_ext/1865585090/plib_rstc.o
 .ARM.attributes
                0x0000038e       0x2c build/default/production/_ext/60180175/plib_rtc_clock.o
 .ARM.attributes
                0x000003ba       0x2c build/default/production/_ext/508257091/plib_sercom3_i2c_master.o
 .ARM.attributes
                0x000003e6       0x2c build/default/production/_ext/17022449/plib_sercom2_spi_master.o
 .ARM.attributes
                0x00000412       0x2c build/default/production/_ext/504274921/plib_sercom1_usart.o
 .ARM.attributes
                0x0000043e       0x2c build/default/production/_ext/504274921/plib_sercom0_usart.o
 .ARM.attributes
                0x0000046a       0x2c build/default/production/_ext/1865616679/plib_supc.o
 .ARM.attributes
                0x00000496       0x2c build/default/production/_ext/1827571544/plib_systick.o
 .ARM.attributes
                0x000004c2       0x2c build/default/production/_ext/829342655/plib_tc0.o
 .ARM.attributes
                0x000004ee       0x2c build/default/production/_ext/60181570/plib_tcc1.o
 .ARM.attributes
                0x0000051a       0x2c build/default/production/_ext/60181570/plib_tcc0.o
 .ARM.attributes
                0x00000546       0x2c build/default/production/_ext/60184501/plib_wdt.o
 .ARM.attributes
                0x00000572       0x2c build/default/production/_ext/1832805299/sys_console_uart.o
 .ARM.attributes
                0x0000059e       0x2c build/default/production/_ext/1832805299/sys_console.o
 .ARM.attributes
                0x000005ca       0x2c build/default/production/_ext/14461671/sys_dma.o
 .ARM.attributes
                0x000005f6       0x2c build/default/production/_ext/1881668453/sys_int.o
 .ARM.attributes
                0x00000622       0x2c build/default/production/_ext/101884895/sys_time.o
 .ARM.attributes
                0x0000064e       0x2c build/default/production/_ext/1171490990/tasks.o
 .ARM.attributes
                0x0000067a       0x2c build/default/production/_ext/1171490990/initialization.o
 .ARM.attributes
                0x000006a6       0x2c build/default/production/_ext/1171490990/interrupts.o
 .ARM.attributes
                0x000006d2       0x2c build/default/production/_ext/1171490990/exceptions.o
 .ARM.attributes
                0x000006fe       0x2c build/default/production/_ext/1171490990/startup_xc32.o
 .ARM.attributes
                0x0000072a       0x2c build/default/production/_ext/1360937237/can0_driver.o
 .ARM.attributes
                0x00000756       0x2c build/default/production/_ext/1360937237/sht4x_driver.o
 .ARM.attributes
                0x00000782       0x2c build/default/production/_ext/1360937237/rstc_driver.o
 .ARM.attributes
                0x000007ae       0x2c build/default/production/_ext/1360937237/ad9954_driver.o
 .ARM.attributes
                0x000007da       0x2c build/default/production/_ext/1360937237/rtc_driver.o
 .ARM.attributes
                0x00000806       0x2c build/default/production/_ext/1360937237/mcp9808_driver.o
 .ARM.attributes
                0x00000832       0x2c build/default/production/_ext/1360937237/bme690_driver.o
 .ARM.attributes
                0x0000085e       0x2c build/default/production/_ext/1360937237/fcm360w_driver.o
 .ARM.attributes
                0x0000088a       0x2c build/default/production/_ext/1360937237/console_driver.o
 .ARM.attributes
                0x000008b6       0x2c build/default/production/_ext/1360937237/hdc302x_driver.o
 .ARM.attributes
                0x000008e2       0x2c build/default/production/_ext/1360937237/fan_driver.o
 .ARM.attributes
                0x0000090e       0x2c build/default/production/_ext/1360937237/ntc_driver.o
 .ARM.attributes
                0x0000093a       0x2c build/default/production/_ext/1360937237/timer_driver.o
 .ARM.attributes
                0x00000966       0x2c build/default/production/_ext/1360937237/xm125_driver.o
 .ARM.attributes
                0x00000992       0x2c build/default/production/_ext/1360937237/ws281x_driver.o
 .ARM.attributes
                0x000009be       0x2c build/default/production/_ext/1360937237/vcnl4200_driver.o
 .ARM.attributes
                0x000009ea       0x2c build/default/production/_ext/1360937237/sen63c_driver.o
 .ARM.attributes
                0x00000a16       0x2c build/default/production/_ext/1360937237/app.o
 .ARM.attributes
                0x00000a42       0x2c build/default/production/_ext/1360937237/main.o
 .ARM.attributes
                0x00000a6e       0x2c build/default/production/_ext/1360937237/ssd1306_driver.o
 .ARM.attributes
                0x00000a9a       0x2c C:/Applications/Microchip/XC32/bin/bin/../../lib/gcc/pic32c/13.2.1/../../../../pic32c/lib/thumb/v6-m/nofp\libpic32c.a(data_init.o)
 .ARM.attributes
                0x00000ac6       0x2e C:/Applications/Microchip/XC32/bin/bin/../../lib/gcc/pic32c/13.2.1/../../../../pic32c/lib/thumb/v6-m/nofp\libc-size-musl.a(memcpy.o)
 .ARM.attributes
                0x00000af4       0x2e C:/Applications/Microchip/XC32/bin/bin/../../lib/gcc/pic32c/13.2.1/../../../../pic32c/lib/thumb/v6-m/nofp\libc-size-musl.a(memset.o)
 .ARM.attributes
                0x00000b22       0x2e C:/Applications/Microchip/XC32/bin/bin/../../lib/gcc/pic32c/13.2.1/../../../../pic32c/lib/thumb/v6-m/nofp\libc-size-musl.a(strlen.o)
 .ARM.attributes
                0x00000b50       0x2e C:/Applications/Microchip/XC32/bin/bin/../../lib/gcc/pic32c/13.2.1/../../../../pic32c/lib/thumb/v6-m/nofp\libc-size-musl.a(strstr.o)
 .ARM.attributes
                0x00000b7e       0x2e C:/Applications/Microchip/XC32/bin/bin/../../lib/gcc/pic32c/13.2.1/../../../../pic32c/lib/thumb/v6-m/nofp\libc-size-musl.a(strchr.o)
 .ARM.attributes
                0x00000bac       0x2e C:/Applications/Microchip/XC32/bin/bin/../../lib/gcc/pic32c/13.2.1/../../../../pic32c/lib/thumb/v6-m/nofp\libc-size-musl.a(strchrnul.o)
 .ARM.attributes
                0x00000bda       0x2e C:/Applications/Microchip/XC32/bin/bin/../../lib/gcc/pic32c/13.2.1/../../../../pic32c/lib/thumb/v6-m/nofp\libc-musl.a(__libc_start_main.o)
 .ARM.attributes
                0x00000c08       0x2e C:/Applications/Microchip/XC32/bin/bin/../../lib/gcc/pic32c/13.2.1/../../../../pic32c/lib/thumb/v6-m/nofp\libc-musl.a(libc.o)
 .ARM.attributes
                0x00000c36       0x2e C:/Applications/Microchip/XC32/bin/bin/../../lib/gcc/pic32c/13.2.1/../../../../pic32c/lib/thumb/v6-m/nofp\libc-musl.a(vsnprintf.o)
 .ARM.attributes
                0x00000c64       0x2e C:/Applications/Microchip/XC32/bin/bin/../../lib/gcc/pic32c/13.2.1/../../../../pic32c/lib/thumb/v6-m/nofp\libc-musl.a(sprintf.o)
 .ARM.attributes
                0x00000c92       0x2e C:/Applications/Microchip/XC32/bin/bin/../../lib/gcc/pic32c/13.2.1/../../../../pic32c/lib/thumb/v6-m/nofp\libc-musl.a(vsprintf.o)
 .ARM.attributes
                0x00000cc0       0x2e C:/Applications/Microchip/XC32/bin/bin/../../lib/gcc/pic32c/13.2.1/../../../../pic32c/lib/thumb/v6-m/nofp\libc-musl.a(__environ.o)
 .ARM.attributes
                0x00000cee       0x2e C:/Applications/Microchip/XC32/bin/bin/../../lib/gcc/pic32c/13.2.1/../../../../pic32c/lib/thumb/v6-m/nofp\libc-musl.a(__errno_location.o)
 .ARM.attributes
                0x00000d1c       0x2e C:/Applications/Microchip/XC32/bin/bin/../../lib/gcc/pic32c/13.2.1/../../../../pic32c/lib/thumb/v6-m/nofp\libc-musl.a(vfprintf.o)
 .ARM.attributes
                0x00000d4a       0x2e C:/Applications/Microchip/XC32/bin/bin/../../lib/gcc/pic32c/13.2.1/../../../../pic32c/lib/thumb/v6-m/nofp\libc-musl.a(__pop_float.o)
 .ARM.attributes
                0x00000d78       0x2e C:/Applications/Microchip/XC32/bin/bin/../../lib/gcc/pic32c/13.2.1/../../../../pic32c/lib/thumb/v6-m/nofp\libc-musl.a(__pop_int.o)
 .ARM.attributes
                0x00000da6       0x2e C:/Applications/Microchip/XC32/bin/bin/../../lib/gcc/pic32c/13.2.1/../../../../pic32c/lib/thumb/v6-m/nofp\libc-musl.a(__pop_ptr.o)
 .ARM.attributes
                0x00000dd4       0x2e C:/Applications/Microchip/XC32/bin/bin/../../lib/gcc/pic32c/13.2.1/../../../../pic32c/lib/thumb/v6-m/nofp\libc-musl.a(__printf_core.o)
 .ARM.attributes
                0x00000e02       0x2e C:/Applications/Microchip/XC32/bin/bin/../../lib/gcc/pic32c/13.2.1/../../../../pic32c/lib/thumb/v6-m/nofp\libc-musl.a(atoi.o)
 .ARM.attributes
                0x00000e30       0x2e C:/Applications/Microchip/XC32/bin/bin/../../lib/gcc/pic32c/13.2.1/../../../../pic32c/lib/thumb/v6-m/nofp\libc-musl.a(tolower.o)
 .ARM.attributes
                0x00000e5e       0x2e C:/Applications/Microchip/XC32/bin/bin/../../lib/gcc/pic32c/13.2.1/../../../../pic32c/lib/thumb/v6-m/nofp\libc-musl.a(__fmt_a.o)
 .ARM.attributes
                0x00000e8c       0x2e C:/Applications/Microchip/XC32/bin/bin/../../lib/gcc/pic32c/13.2.1/../../../../pic32c/lib/thumb/v6-m/nofp\libc-musl.a(__fmt_d.o)
 .ARM.attributes
                0x00000eba       0x2e C:/Applications/Microchip/XC32/bin/bin/../../lib/gcc/pic32c/13.2.1/../../../../pic32c/lib/thumb/v6-m/nofp\libc-musl.a(__fmt_fp.o)
 .ARM.attributes
                0x00000ee8       0x2e C:/Applications/Microchip/XC32/bin/bin/../../lib/gcc/pic32c/13.2.1/../../../../pic32c/lib/thumb/v6-m/nofp\libc-musl.a(__fmt_o.o)
 .ARM.attributes
                0x00000f16       0x2e C:/Applications/Microchip/XC32/bin/bin/../../lib/gcc/pic32c/13.2.1/../../../../pic32c/lib/thumb/v6-m/nofp\libc-musl.a(__fmt_s.o)
 .ARM.attributes
                0x00000f44       0x2e C:/Applications/Microchip/XC32/bin/bin/../../lib/gcc/pic32c/13.2.1/../../../../pic32c/lib/thumb/v6-m/nofp\libc-musl.a(__fmt_u.o)
 .ARM.attributes
                0x00000f72       0x2e C:/Applications/Microchip/XC32/bin/bin/../../lib/gcc/pic32c/13.2.1/../../../../pic32c/lib/thumb/v6-m/nofp\libc-musl.a(__fmt_x.o)
 .ARM.attributes
                0x00000fa0       0x2e C:/Applications/Microchip/XC32/bin/bin/../../lib/gcc/pic32c/13.2.1/../../../../pic32c/lib/thumb/v6-m/nofp\libc-musl.a(toupper.o)
 .ARM.attributes
                0x00000fce       0x2e C:/Applications/Microchip/XC32/bin/bin/../../lib/gcc/pic32c/13.2.1/../../../../pic32c/lib/thumb/v6-m/nofp\libc-musl.a(__cvt_u.o)
 .ARM.attributes
                0x00000ffc       0x2c C:/Applications/Microchip/XC32/bin/bin/../../lib/gcc/pic32c/13.2.1/../../../../pic32c/lib/thumb/v6-m/nofp\libm-fast-emfloat.a(fma.o)
 .ARM.attributes
                0x00001028       0x2c C:/Applications/Microchip/XC32/bin/bin/../../lib/gcc/pic32c/13.2.1/../../../../pic32c/lib/thumb/v6-m/nofp\libm-fast-emfloat.a(floor.o)
 .ARM.attributes
                0x00001054       0x1c C:/Applications/Microchip/XC32/bin/bin/../../lib/gcc/pic32c/13.2.1/../../../../pic32c/lib/thumb/v6-m/nofp\libm-fast-emfloat.a(__aeabi_fadd.o)
 .ARM.attributes
                0x00001070       0x1c C:/Applications/Microchip/XC32/bin/bin/../../lib/gcc/pic32c/13.2.1/../../../../pic32c/lib/thumb/v6-m/nofp\libm-fast-emfloat.a(__aeabi_dadd.o)
 .ARM.attributes
                0x0000108c       0x1c C:/Applications/Microchip/XC32/bin/bin/../../lib/gcc/pic32c/13.2.1/../../../../pic32c/lib/thumb/v6-m/nofp\libm-fast-emfloat.a(__aeabi_fsub.o)
 .ARM.attributes
                0x000010a8       0x1c C:/Applications/Microchip/XC32/bin/bin/../../lib/gcc/pic32c/13.2.1/../../../../pic32c/lib/thumb/v6-m/nofp\libm-fast-emfloat.a(__aeabi_dsub.o)
 .ARM.attributes
                0x000010c4       0x1c C:/Applications/Microchip/XC32/bin/bin/../../lib/gcc/pic32c/13.2.1/../../../../pic32c/lib/thumb/v6-m/nofp\libm-fast-emfloat.a(__aeabi_fmul.o)
 .ARM.attributes
                0x000010e0       0x1c C:/Applications/Microchip/XC32/bin/bin/../../lib/gcc/pic32c/13.2.1/../../../../pic32c/lib/thumb/v6-m/nofp\libm-fast-emfloat.a(__aeabi_dmul_aux.o)
 .ARM.attributes
                0x000010fc       0x1c C:/Applications/Microchip/XC32/bin/bin/../../lib/gcc/pic32c/13.2.1/../../../../pic32c/lib/thumb/v6-m/nofp\libm-fast-emfloat.a(__aeabi_fdiv.o)
 .ARM.attributes
                0x00001118       0x1c C:/Applications/Microchip/XC32/bin/bin/../../lib/gcc/pic32c/13.2.1/../../../../pic32c/lib/thumb/v6-m/nofp\libm-fast-emfloat.a(__aeabi_ddiv.o)
 .ARM.attributes
                0x00001134       0x1c C:/Applications/Microchip/XC32/bin/bin/../../lib/gcc/pic32c/13.2.1/../../../../pic32c/lib/thumb/v6-m/nofp\libm-fast-emfloat.a(__aeabi_dcmple.o)
 .ARM.attributes
                0x00001150       0x1c C:/Applications/Microchip/XC32/bin/bin/../../lib/gcc/pic32c/13.2.1/../../../../pic32c/lib/thumb/v6-m/nofp\libm-fast-emfloat.a(__aeabi_dcmpeq.o)
 .ARM.attributes
                0x0000116c       0x1c C:/Applications/Microchip/XC32/bin/bin/../../lib/gcc/pic32c/13.2.1/../../../../pic32c/lib/thumb/v6-m/nofp\libm-fast-emfloat.a(__aeabi_dcmpgt.o)
 .ARM.attributes
                0x00001188       0x1c C:/Applications/Microchip/XC32/bin/bin/../../lib/gcc/pic32c/13.2.1/../../../../pic32c/lib/thumb/v6-m/nofp\libm-fast-emfloat.a(__aeabi_dcmplt.o)
 .ARM.attributes
                0x000011a4       0x1c C:/Applications/Microchip/XC32/bin/bin/../../lib/gcc/pic32c/13.2.1/../../../../pic32c/lib/thumb/v6-m/nofp\libm-fast-emfloat.a(__aeabi_f2iz.o)
 .ARM.attributes
                0x000011c0       0x1c C:/Applications/Microchip/XC32/bin/bin/../../lib/gcc/pic32c/13.2.1/../../../../pic32c/lib/thumb/v6-m/nofp\libm-fast-emfloat.a(__aeabi_d2iz.o)
 .ARM.attributes
                0x000011dc       0x1c C:/Applications/Microchip/XC32/bin/bin/../../lib/gcc/pic32c/13.2.1/../../../../pic32c/lib/thumb/v6-m/nofp\libm-fast-emfloat.a(__aeabi_f2uiz.o)
 .ARM.attributes
                0x000011f8       0x1c C:/Applications/Microchip/XC32/bin/bin/../../lib/gcc/pic32c/13.2.1/../../../../pic32c/lib/thumb/v6-m/nofp\libm-fast-emfloat.a(__aeabi_d2uiz.o)
 .ARM.attributes
                0x00001214       0x1c C:/Applications/Microchip/XC32/bin/bin/../../lib/gcc/pic32c/13.2.1/../../../../pic32c/lib/thumb/v6-m/nofp\libm-fast-emfloat.a(__aeabi_i2f.o)
 .ARM.attributes
                0x00001230       0x1c C:/Applications/Microchip/XC32/bin/bin/../../lib/gcc/pic32c/13.2.1/../../../../pic32c/lib/thumb/v6-m/nofp\libm-fast-emfloat.a(__aeabi_ui2f.o)
 .ARM.attributes
                0x0000124c       0x1c C:/Applications/Microchip/XC32/bin/bin/../../lib/gcc/pic32c/13.2.1/../../../../pic32c/lib/thumb/v6-m/nofp\libm-fast-emfloat.a(__aeabi_f2d.o)
 .ARM.attributes
                0x00001268       0x1c C:/Applications/Microchip/XC32/bin/bin/../../lib/gcc/pic32c/13.2.1/../../../../pic32c/lib/thumb/v6-m/nofp\libm-fast-emfloat.a(__aeabi_d2f.o)
 .ARM.attributes
                0x00001284       0x2e C:/Applications/Microchip/XC32/bin/bin/../../lib/gcc/pic32c/13.2.1/../../../../pic32c/lib/thumb/v6-m/nofp\libc-size-musl.a(strcpy.o)
 .ARM.attributes
                0x000012b2       0x2e C:/Applications/Microchip/XC32/bin/bin/../../lib/gcc/pic32c/13.2.1/../../../../pic32c/lib/thumb/v6-m/nofp\libc-size-musl.a(stpcpy.o)
 .ARM.attributes
                0x000012e0       0x1e C:/Applications/Microchip/XC32/bin/bin/../../lib/gcc/pic32c/13.2.1/thumb/v6-m/nofp\libgcc.a(_thumb1_case_uqi.o)
 .ARM.attributes
                0x000012fe       0x1e C:/Applications/Microchip/XC32/bin/bin/../../lib/gcc/pic32c/13.2.1/thumb/v6-m/nofp\libgcc.a(_udivsi3.o)
 .ARM.attributes
                0x0000131c       0x1e C:/Applications/Microchip/XC32/bin/bin/../../lib/gcc/pic32c/13.2.1/thumb/v6-m/nofp\libgcc.a(_divsi3.o)
 .ARM.attributes
                0x0000133a       0x1e C:/Applications/Microchip/XC32/bin/bin/../../lib/gcc/pic32c/13.2.1/thumb/v6-m/nofp\libgcc.a(_dvmd_tls.o)
 .ARM.attributes
                0x00001358       0x1e C:/Applications/Microchip/XC32/bin/bin/../../lib/gcc/pic32c/13.2.1/thumb/v6-m/nofp\libgcc.a(_aeabi_uldivmod.o)
 .ARM.attributes
                0x00001376       0x2c C:/Applications/Microchip/XC32/bin/bin/../../lib/gcc/pic32c/13.2.1/thumb/v6-m/nofp\libgcc.a(_muldi3.o)
 .ARM.attributes
                0x000013a2       0x2c C:/Applications/Microchip/XC32/bin/bin/../../lib/gcc/pic32c/13.2.1/thumb/v6-m/nofp\libgcc.a(_udivmoddi4.o)
 .ARM.attributes
                0x000013ce       0x1e C:/Applications/Microchip/XC32/bin/bin/../../lib/gcc/pic32c/13.2.1/thumb/v6-m/nofp\libgcc.a(_lshrdi3.o)
 .ARM.attributes
                0x000013ec       0x1e C:/Applications/Microchip/XC32/bin/bin/../../lib/gcc/pic32c/13.2.1/thumb/v6-m/nofp\libgcc.a(_ashldi3.o)
 .ARM.attributes
                0x0000140a       0x1e C:/Applications/Microchip/XC32/bin/bin/../../lib/gcc/pic32c/13.2.1/thumb/v6-m/nofp\libgcc.a(_clzdi2.o)
 .ARM.attributes
                0x00001428       0x1e C:/Applications/Microchip/XC32/bin/bin/../../lib/gcc/pic32c/13.2.1/thumb/v6-m/nofp\libgcc.a(_clzsi2.o)
 .ARM.attributes
                0x00001446       0x1e C:/Applications/Microchip/XC32/bin/bin/../../lib/gcc/pic32c/13.2.1/thumb/v6-m/nofp/crtn.o
 .ARM.attributes
                0x00001464       0x2c C:/Applications/Microchip/XC32/bin/bin/../../lib/gcc/pic32c/13.2.1/../../../../pic32c/lib/thumb/v6-m/nofp\libpic32c.a(pic32_data_init_clear.o)
 .ARM.attributes
                0x00001490       0x2c C:/Applications/Microchip/XC32/bin/bin/../../lib/gcc/pic32c/13.2.1/../../../../pic32c/lib/thumb/v6-m/nofp\libpic32c.a(pic32_data_init_copy.o)

.comment        0x00000000       0x60
 .comment       0x00000000       0x60 C:/Applications/Microchip/XC32/bin/bin/../../lib/gcc/pic32c/13.2.1/thumb/v6-m/nofp/crtbegin.o
                                 0x36 (size before relaxing)
 .comment       0x00000060       0x2c build/default/production/_ext/158385033/drv_i2c.o
 .comment       0x00000060       0x2c build/default/production/_ext/2070931557/drv_spi.o
 .comment       0x00000060       0x2c build/default/production/_ext/869808652/drv_usart.o
 .comment       0x00000060       0x2c build/default/production/_ext/829343244/plib_ac.o
 .comment       0x00000060       0x2c build/default/production/_ext/60163342/plib_adc0.o
 .comment       0x00000060       0x2c build/default/production/_ext/60165182/plib_can0.o
 .comment       0x00000060       0x2c build/default/production/_ext/60165242/plib_ccl.o
 .comment       0x00000060       0x2c build/default/production/_ext/1984496892/plib_clock.o
 .comment       0x00000060       0x2c build/default/production/_ext/60166132/plib_dac.o
 .comment       0x00000060       0x2c build/default/production/_ext/1865161661/plib_dmac.o
 .comment       0x00000060       0x2c build/default/production/_ext/60167341/plib_eic.o
 .comment       0x00000060       0x2c build/default/production/_ext/1986646378/plib_evsys.o
 .comment       0x00000060       0x2c build/default/production/_ext/1987437027/plib_freqm.o
 .comment       0x00000060       0x2c build/default/production/_ext/1865468468/plib_nvic.o
 .comment       0x00000060       0x2c build/default/production/_ext/1593096446/plib_nvmctrl.o
 .comment       0x00000060       0x2c build/default/production/_ext/1865510628/plib_pdec.o
 .comment       0x00000060       0x2c build/default/production/_ext/829342769/plib_pm.o
 .comment       0x00000060       0x2c build/default/production/_ext/1865521619/plib_port.o
 .comment       0x00000060       0x2c build/default/production/_ext/1865585090/plib_rstc.o
 .comment       0x00000060       0x2c build/default/production/_ext/60180175/plib_rtc_clock.o
 .comment       0x00000060       0x2c build/default/production/_ext/508257091/plib_sercom3_i2c_master.o
 .comment       0x00000060       0x2c build/default/production/_ext/17022449/plib_sercom2_spi_master.o
 .comment       0x00000060       0x2c build/default/production/_ext/504274921/plib_sercom1_usart.o
 .comment       0x00000060       0x2c build/default/production/_ext/504274921/plib_sercom0_usart.o
 .comment       0x00000060       0x2c build/default/production/_ext/1865616679/plib_supc.o
 .comment       0x00000060       0x2c build/default/production/_ext/1827571544/plib_systick.o
 .comment       0x00000060       0x2c build/default/production/_ext/829342655/plib_tc0.o
 .comment       0x00000060       0x2c build/default/production/_ext/60181570/plib_tcc1.o
 .comment       0x00000060       0x2c build/default/production/_ext/60181570/plib_tcc0.o
 .comment       0x00000060       0x2c build/default/production/_ext/60184501/plib_wdt.o
 .comment       0x00000060       0x36 build/default/production/_ext/1832805299/sys_console_uart.o
 .comment       0x00000060       0x2c build/default/production/_ext/1832805299/sys_console.o
 .comment       0x00000060       0x2c build/default/production/_ext/14461671/sys_dma.o
 .comment       0x00000060       0x2c build/default/production/_ext/1881668453/sys_int.o
 .comment       0x00000060       0x36 build/default/production/_ext/101884895/sys_time.o
 .comment       0x00000060       0x36 build/default/production/_ext/1171490990/tasks.o
 .comment       0x00000060       0x36 build/default/production/_ext/1171490990/initialization.o
 .comment       0x00000060       0x36 build/default/production/_ext/1171490990/interrupts.o
 .comment       0x00000060       0x36 build/default/production/_ext/1171490990/exceptions.o
 .comment       0x00000060       0x2c build/default/production/_ext/1171490990/startup_xc32.o
 .comment       0x00000060       0x36 build/default/production/_ext/1360937237/can0_driver.o
 .comment       0x00000060       0x36 build/default/production/_ext/1360937237/sht4x_driver.o
 .comment       0x00000060       0x36 build/default/production/_ext/1360937237/rstc_driver.o
 .comment       0x00000060       0x36 build/default/production/_ext/1360937237/ad9954_driver.o
 .comment       0x00000060       0x36 build/default/production/_ext/1360937237/rtc_driver.o
 .comment       0x00000060       0x36 build/default/production/_ext/1360937237/mcp9808_driver.o
 .comment       0x00000060       0x36 build/default/production/_ext/1360937237/bme690_driver.o
 .comment       0x00000060       0x36 build/default/production/_ext/1360937237/fcm360w_driver.o
 .comment       0x00000060       0x36 build/default/production/_ext/1360937237/console_driver.o
 .comment       0x00000060       0x36 build/default/production/_ext/1360937237/hdc302x_driver.o
 .comment       0x00000060       0x36 build/default/production/_ext/1360937237/fan_driver.o
 .comment       0x00000060       0x36 build/default/production/_ext/1360937237/ntc_driver.o
 .comment       0x00000060       0x36 build/default/production/_ext/1360937237/timer_driver.o
 .comment       0x00000060       0x36 build/default/production/_ext/1360937237/xm125_driver.o
 .comment       0x00000060       0x36 build/default/production/_ext/1360937237/ws281x_driver.o
 .comment       0x00000060       0x36 build/default/production/_ext/1360937237/vcnl4200_driver.o
 .comment       0x00000060       0x36 build/default/production/_ext/1360937237/sen63c_driver.o
 .comment       0x00000060       0x36 build/default/production/_ext/1360937237/app.o
 .comment       0x00000060       0x36 build/default/production/_ext/1360937237/main.o
 .comment       0x00000060       0x36 build/default/production/_ext/1360937237/ssd1306_driver.o
 .comment       0x00000060       0x36 C:/Applications/Microchip/XC32/bin/bin/../../lib/gcc/pic32c/13.2.1/../../../../pic32c/lib/thumb/v6-m/nofp\libpic32c.a(data_init.o)
 .comment       0x00000060       0x36 C:/Applications/Microchip/XC32/bin/bin/../../lib/gcc/pic32c/13.2.1/../../../../pic32c/lib/thumb/v6-m/nofp\libc-size-musl.a(memcpy.o)
 .comment       0x00000060       0x36 C:/Applications/Microchip/XC32/bin/bin/../../lib/gcc/pic32c/13.2.1/../../../../pic32c/lib/thumb/v6-m/nofp\libc-size-musl.a(memset.o)
 .comment       0x00000060       0x36 C:/Applications/Microchip/XC32/bin/bin/../../lib/gcc/pic32c/13.2.1/../../../../pic32c/lib/thumb/v6-m/nofp\libc-size-musl.a(strlen.o)
 .comment       0x00000060       0x36 C:/Applications/Microchip/XC32/bin/bin/../../lib/gcc/pic32c/13.2.1/../../../../pic32c/lib/thumb/v6-m/nofp\libc-size-musl.a(strstr.o)
 .comment       0x00000060       0x36 C:/Applications/Microchip/XC32/bin/bin/../../lib/gcc/pic32c/13.2.1/../../../../pic32c/lib/thumb/v6-m/nofp\libc-size-musl.a(strchr.o)
 .comment       0x00000060       0x36 C:/Applications/Microchip/XC32/bin/bin/../../lib/gcc/pic32c/13.2.1/../../../../pic32c/lib/thumb/v6-m/nofp\libc-size-musl.a(strchrnul.o)
 .comment       0x00000060       0x36 C:/Applications/Microchip/XC32/bin/bin/../../lib/gcc/pic32c/13.2.1/../../../../pic32c/lib/thumb/v6-m/nofp\libc-musl.a(__libc_start_main.o)
 .comment       0x00000060       0x36 C:/Applications/Microchip/XC32/bin/bin/../../lib/gcc/pic32c/13.2.1/../../../../pic32c/lib/thumb/v6-m/nofp\libc-musl.a(libc.o)
 .comment       0x00000060       0x36 C:/Applications/Microchip/XC32/bin/bin/../../lib/gcc/pic32c/13.2.1/../../../../pic32c/lib/thumb/v6-m/nofp\libc-musl.a(vsnprintf.o)
 .comment       0x00000060       0x36 C:/Applications/Microchip/XC32/bin/bin/../../lib/gcc/pic32c/13.2.1/../../../../pic32c/lib/thumb/v6-m/nofp\libc-musl.a(sprintf.o)
 .comment       0x00000060       0x36 C:/Applications/Microchip/XC32/bin/bin/../../lib/gcc/pic32c/13.2.1/../../../../pic32c/lib/thumb/v6-m/nofp\libc-musl.a(vsprintf.o)
 .comment       0x00000060       0x36 C:/Applications/Microchip/XC32/bin/bin/../../lib/gcc/pic32c/13.2.1/../../../../pic32c/lib/thumb/v6-m/nofp\libc-musl.a(__environ.o)
 .comment       0x00000060       0x36 C:/Applications/Microchip/XC32/bin/bin/../../lib/gcc/pic32c/13.2.1/../../../../pic32c/lib/thumb/v6-m/nofp\libc-musl.a(__errno_location.o)
 .comment       0x00000060       0x36 C:/Applications/Microchip/XC32/bin/bin/../../lib/gcc/pic32c/13.2.1/../../../../pic32c/lib/thumb/v6-m/nofp\libc-musl.a(vfprintf.o)
 .comment       0x00000060       0x36 C:/Applications/Microchip/XC32/bin/bin/../../lib/gcc/pic32c/13.2.1/../../../../pic32c/lib/thumb/v6-m/nofp\libc-musl.a(__pop_float.o)
 .comment       0x00000060       0x36 C:/Applications/Microchip/XC32/bin/bin/../../lib/gcc/pic32c/13.2.1/../../../../pic32c/lib/thumb/v6-m/nofp\libc-musl.a(__pop_int.o)
 .comment       0x00000060       0x36 C:/Applications/Microchip/XC32/bin/bin/../../lib/gcc/pic32c/13.2.1/../../../../pic32c/lib/thumb/v6-m/nofp\libc-musl.a(__pop_ptr.o)
 .comment       0x00000060       0x36 C:/Applications/Microchip/XC32/bin/bin/../../lib/gcc/pic32c/13.2.1/../../../../pic32c/lib/thumb/v6-m/nofp\libc-musl.a(__printf_core.o)
 .comment       0x00000060       0x36 C:/Applications/Microchip/XC32/bin/bin/../../lib/gcc/pic32c/13.2.1/../../../../pic32c/lib/thumb/v6-m/nofp\libc-musl.a(atoi.o)
 .comment       0x00000060       0x36 C:/Applications/Microchip/XC32/bin/bin/../../lib/gcc/pic32c/13.2.1/../../../../pic32c/lib/thumb/v6-m/nofp\libc-musl.a(tolower.o)
 .comment       0x00000060       0x36 C:/Applications/Microchip/XC32/bin/bin/../../lib/gcc/pic32c/13.2.1/../../../../pic32c/lib/thumb/v6-m/nofp\libc-musl.a(__fmt_a.o)
 .comment       0x00000060       0x36 C:/Applications/Microchip/XC32/bin/bin/../../lib/gcc/pic32c/13.2.1/../../../../pic32c/lib/thumb/v6-m/nofp\libc-musl.a(__fmt_d.o)
 .comment       0x00000060       0x36 C:/Applications/Microchip/XC32/bin/bin/../../lib/gcc/pic32c/13.2.1/../../../../pic32c/lib/thumb/v6-m/nofp\libc-musl.a(__fmt_fp.o)
 .comment       0x00000060       0x36 C:/Applications/Microchip/XC32/bin/bin/../../lib/gcc/pic32c/13.2.1/../../../../pic32c/lib/thumb/v6-m/nofp\libc-musl.a(__fmt_o.o)
 .comment       0x00000060       0x36 C:/Applications/Microchip/XC32/bin/bin/../../lib/gcc/pic32c/13.2.1/../../../../pic32c/lib/thumb/v6-m/nofp\libc-musl.a(__fmt_s.o)
 .comment       0x00000060       0x36 C:/Applications/Microchip/XC32/bin/bin/../../lib/gcc/pic32c/13.2.1/../../../../pic32c/lib/thumb/v6-m/nofp\libc-musl.a(__fmt_u.o)
 .comment       0x00000060       0x36 C:/Applications/Microchip/XC32/bin/bin/../../lib/gcc/pic32c/13.2.1/../../../../pic32c/lib/thumb/v6-m/nofp\libc-musl.a(__fmt_x.o)
 .comment       0x00000060       0x36 C:/Applications/Microchip/XC32/bin/bin/../../lib/gcc/pic32c/13.2.1/../../../../pic32c/lib/thumb/v6-m/nofp\libc-musl.a(toupper.o)
 .comment       0x00000060       0x36 C:/Applications/Microchip/XC32/bin/bin/../../lib/gcc/pic32c/13.2.1/../../../../pic32c/lib/thumb/v6-m/nofp\libc-musl.a(__cvt_u.o)
 .comment       0x00000060       0x36 C:/Applications/Microchip/XC32/bin/bin/../../lib/gcc/pic32c/13.2.1/../../../../pic32c/lib/thumb/v6-m/nofp\libm-fast-emfloat.a(fma.o)
 .comment       0x00000060       0x36 C:/Applications/Microchip/XC32/bin/bin/../../lib/gcc/pic32c/13.2.1/../../../../pic32c/lib/thumb/v6-m/nofp\libm-fast-emfloat.a(floor.o)
 .comment       0x00000060       0x36 C:/Applications/Microchip/XC32/bin/bin/../../lib/gcc/pic32c/13.2.1/../../../../pic32c/lib/thumb/v6-m/nofp\libc-size-musl.a(strcpy.o)
 .comment       0x00000060       0x36 C:/Applications/Microchip/XC32/bin/bin/../../lib/gcc/pic32c/13.2.1/../../../../pic32c/lib/thumb/v6-m/nofp\libc-size-musl.a(stpcpy.o)
 .comment       0x00000060       0x36 C:/Applications/Microchip/XC32/bin/bin/../../lib/gcc/pic32c/13.2.1/thumb/v6-m/nofp\libgcc.a(_muldi3.o)
 .comment       0x00000060       0x36 C:/Applications/Microchip/XC32/bin/bin/../../lib/gcc/pic32c/13.2.1/thumb/v6-m/nofp\libgcc.a(_udivmoddi4.o)
 .comment       0x00000060       0x36 C:/Applications/Microchip/XC32/bin/bin/../../lib/gcc/pic32c/13.2.1/../../../../pic32c/lib/thumb/v6-m/nofp\libpic32c.a(pic32_data_init_clear.o)
 .comment       0x00000060       0x36 C:/Applications/Microchip/XC32/bin/bin/../../lib/gcc/pic32c/13.2.1/../../../../pic32c/lib/thumb/v6-m/nofp\libpic32c.a(pic32_data_init_copy.o)

.debug_info     0x00000000    0x2f7a3
 .debug_info    0x00000000     0x1eb8 build/default/production/_ext/158385033/drv_i2c.o
 .debug_info    0x00001eb8     0x293b build/default/production/_ext/2070931557/drv_spi.o
 .debug_info    0x000047f3     0x29f0 build/default/production/_ext/869808652/drv_usart.o
 .debug_info    0x000071e3      0x4e6 build/default/production/_ext/829343244/plib_ac.o
 .debug_info    0x000076c9      0x6bd build/default/production/_ext/60163342/plib_adc0.o
 .debug_info    0x00007d86     0x1325 build/default/production/_ext/60165182/plib_can0.o
 .debug_info    0x000090ab      0x17b build/default/production/_ext/60165242/plib_ccl.o
 .debug_info    0x00009226      0x6ce build/default/production/_ext/1984496892/plib_clock.o
 .debug_info    0x000098f4      0x24b build/default/production/_ext/60166132/plib_dac.o
 .debug_info    0x00009b3f      0xc0d build/default/production/_ext/1865161661/plib_dmac.o
 .debug_info    0x0000a74c      0x3c6 build/default/production/_ext/60167341/plib_eic.o
 .debug_info    0x0000ab12      0x2ca build/default/production/_ext/1986646378/plib_evsys.o
 .debug_info    0x0000addc      0x3be build/default/production/_ext/1987437027/plib_freqm.o
 .debug_info    0x0000b19a      0xb37 build/default/production/_ext/1865468468/plib_nvic.o
 .debug_info    0x0000bcd1      0x809 build/default/production/_ext/1593096446/plib_nvmctrl.o
 .debug_info    0x0000c4da      0x378 build/default/production/_ext/1865510628/plib_pdec.o
 .debug_info    0x0000c852      0x175 build/default/production/_ext/829342769/plib_pm.o
 .debug_info    0x0000c9c7      0x5fe build/default/production/_ext/1865521619/plib_port.o
 .debug_info    0x0000cfc5       0xf3 build/default/production/_ext/1865585090/plib_rstc.o
 .debug_info    0x0000d0b8      0x895 build/default/production/_ext/60180175/plib_rtc_clock.o
 .debug_info    0x0000d94d     0x12ed build/default/production/_ext/508257091/plib_sercom3_i2c_master.o
 .debug_info    0x0000ec3a      0xf10 build/default/production/_ext/17022449/plib_sercom2_spi_master.o
 .debug_info    0x0000fb4a     0x17df build/default/production/_ext/504274921/plib_sercom1_usart.o
 .debug_info    0x00011329     0x11cc build/default/production/_ext/504274921/plib_sercom0_usart.o
 .debug_info    0x000124f5      0x186 build/default/production/_ext/1865616679/plib_supc.o
 .debug_info    0x0001267b      0x6df build/default/production/_ext/1827571544/plib_systick.o
 .debug_info    0x00012d5a      0x7c2 build/default/production/_ext/829342655/plib_tc0.o
 .debug_info    0x0001351c      0x4e6 build/default/production/_ext/60181570/plib_tcc1.o
 .debug_info    0x00013a02      0x529 build/default/production/_ext/60181570/plib_tcc0.o
 .debug_info    0x00013f2b      0x27f build/default/production/_ext/60184501/plib_wdt.o
 .debug_info    0x000141aa      0xdbb build/default/production/_ext/1832805299/sys_console_uart.o
 .debug_info    0x00014f65      0xc75 build/default/production/_ext/1832805299/sys_console.o
 .debug_info    0x00015bda      0x2fc build/default/production/_ext/14461671/sys_dma.o
 .debug_info    0x00015ed6      0x59f build/default/production/_ext/1881668453/sys_int.o
 .debug_info    0x00016475     0x1aa7 build/default/production/_ext/101884895/sys_time.o
 .debug_info    0x00017f1c      0x214 build/default/production/_ext/1171490990/tasks.o
 .debug_info    0x00018130     0x3414 build/default/production/_ext/1171490990/initialization.o
 .debug_info    0x0001b544      0x526 build/default/production/_ext/1171490990/interrupts.o
 .debug_info    0x0001ba6a       0xc1 build/default/production/_ext/1171490990/exceptions.o
 .debug_info    0x0001bb2b      0x332 build/default/production/_ext/1171490990/startup_xc32.o
 .debug_info    0x0001be5d      0xe34 build/default/production/_ext/1360937237/can0_driver.o
 .debug_info    0x0001cc91      0xabb build/default/production/_ext/1360937237/sht4x_driver.o
 .debug_info    0x0001d74c      0x539 build/default/production/_ext/1360937237/rstc_driver.o
 .debug_info    0x0001dc85     0x1527 build/default/production/_ext/1360937237/ad9954_driver.o
 .debug_info    0x0001f1ac      0x6aa build/default/production/_ext/1360937237/rtc_driver.o
 .debug_info    0x0001f856      0xd1e build/default/production/_ext/1360937237/mcp9808_driver.o
 .debug_info    0x00020574     0x1eaa build/default/production/_ext/1360937237/bme690_driver.o
 .debug_info    0x0002241e      0x7e9 build/default/production/_ext/1360937237/fcm360w_driver.o
 .debug_info    0x00022c07      0x34f build/default/production/_ext/1360937237/console_driver.o
 .debug_info    0x00022f56     0x184d build/default/production/_ext/1360937237/hdc302x_driver.o
 .debug_info    0x000247a3      0x18e build/default/production/_ext/1360937237/fan_driver.o
 .debug_info    0x00024931      0x4d6 build/default/production/_ext/1360937237/ntc_driver.o
 .debug_info    0x00024e07      0x514 build/default/production/_ext/1360937237/timer_driver.o
 .debug_info    0x0002531b      0x55d build/default/production/_ext/1360937237/xm125_driver.o
 .debug_info    0x00025878      0x8a9 build/default/production/_ext/1360937237/ws281x_driver.o
 .debug_info    0x00026121      0xfb1 build/default/production/_ext/1360937237/vcnl4200_driver.o
 .debug_info    0x000270d2     0x104f build/default/production/_ext/1360937237/sen63c_driver.o
 .debug_info    0x00028121      0x592 build/default/production/_ext/1360937237/app.o
 .debug_info    0x000286b3       0xed build/default/production/_ext/1360937237/main.o
 .debug_info    0x000287a0     0x13ce build/default/production/_ext/1360937237/ssd1306_driver.o
 .debug_info    0x00029b6e      0x212 C:/Applications/Microchip/XC32/bin/bin/../../lib/gcc/pic32c/13.2.1/../../../../pic32c/lib/thumb/v6-m/nofp\libpic32c.a(data_init.o)
 .debug_info    0x00029d80       0xed C:/Applications/Microchip/XC32/bin/bin/../../lib/gcc/pic32c/13.2.1/../../../../pic32c/lib/thumb/v6-m/nofp\libc-size-musl.a(memcpy.o)
 .debug_info    0x00029e6d       0xc2 C:/Applications/Microchip/XC32/bin/bin/../../lib/gcc/pic32c/13.2.1/../../../../pic32c/lib/thumb/v6-m/nofp\libc-size-musl.a(memset.o)
 .debug_info    0x00029f2f       0xab C:/Applications/Microchip/XC32/bin/bin/../../lib/gcc/pic32c/13.2.1/../../../../pic32c/lib/thumb/v6-m/nofp\libc-size-musl.a(strlen.o)
 .debug_info    0x00029fda       0xc7 C:/Applications/Microchip/XC32/bin/bin/../../lib/gcc/pic32c/13.2.1/../../../../pic32c/lib/thumb/v6-m/nofp\libc-size-musl.a(strstr.o)
 .debug_info    0x0002a0a1       0xeb C:/Applications/Microchip/XC32/bin/bin/../../lib/gcc/pic32c/13.2.1/../../../../pic32c/lib/thumb/v6-m/nofp\libc-size-musl.a(strchr.o)
 .debug_info    0x0002a18c      0x13a C:/Applications/Microchip/XC32/bin/bin/../../lib/gcc/pic32c/13.2.1/../../../../pic32c/lib/thumb/v6-m/nofp\libc-size-musl.a(strchrnul.o)
 .debug_info    0x0002a2c6      0x2fb C:/Applications/Microchip/XC32/bin/bin/../../lib/gcc/pic32c/13.2.1/../../../../pic32c/lib/thumb/v6-m/nofp\libc-musl.a(__libc_start_main.o)
 .debug_info    0x0002a5c1      0x276 C:/Applications/Microchip/XC32/bin/bin/../../lib/gcc/pic32c/13.2.1/../../../../pic32c/lib/thumb/v6-m/nofp\libc-musl.a(libc.o)
 .debug_info    0x0002a837      0x45b C:/Applications/Microchip/XC32/bin/bin/../../lib/gcc/pic32c/13.2.1/../../../../pic32c/lib/thumb/v6-m/nofp\libc-musl.a(vsnprintf.o)
 .debug_info    0x0002ac92      0x140 C:/Applications/Microchip/XC32/bin/bin/../../lib/gcc/pic32c/13.2.1/../../../../pic32c/lib/thumb/v6-m/nofp\libc-musl.a(sprintf.o)
 .debug_info    0x0002add2      0x14f C:/Applications/Microchip/XC32/bin/bin/../../lib/gcc/pic32c/13.2.1/../../../../pic32c/lib/thumb/v6-m/nofp\libc-musl.a(vsprintf.o)
 .debug_info    0x0002af21       0x97 C:/Applications/Microchip/XC32/bin/bin/../../lib/gcc/pic32c/13.2.1/../../../../pic32c/lib/thumb/v6-m/nofp\libc-musl.a(__environ.o)
 .debug_info    0x0002afb8       0x5b C:/Applications/Microchip/XC32/bin/bin/../../lib/gcc/pic32c/13.2.1/../../../../pic32c/lib/thumb/v6-m/nofp\libc-musl.a(__errno_location.o)
 .debug_info    0x0002b013      0x42c C:/Applications/Microchip/XC32/bin/bin/../../lib/gcc/pic32c/13.2.1/../../../../pic32c/lib/thumb/v6-m/nofp\libc-musl.a(vfprintf.o)
 .debug_info    0x0002b43f      0x163 C:/Applications/Microchip/XC32/bin/bin/../../lib/gcc/pic32c/13.2.1/../../../../pic32c/lib/thumb/v6-m/nofp\libc-musl.a(__pop_float.o)
 .debug_info    0x0002b5a2      0x183 C:/Applications/Microchip/XC32/bin/bin/../../lib/gcc/pic32c/13.2.1/../../../../pic32c/lib/thumb/v6-m/nofp\libc-musl.a(__pop_int.o)
 .debug_info    0x0002b725      0x18d C:/Applications/Microchip/XC32/bin/bin/../../lib/gcc/pic32c/13.2.1/../../../../pic32c/lib/thumb/v6-m/nofp\libc-musl.a(__pop_ptr.o)
 .debug_info    0x0002b8b2      0xb26 C:/Applications/Microchip/XC32/bin/bin/../../lib/gcc/pic32c/13.2.1/../../../../pic32c/lib/thumb/v6-m/nofp\libc-musl.a(__printf_core.o)
 .debug_info    0x0002c3d8       0xf4 C:/Applications/Microchip/XC32/bin/bin/../../lib/gcc/pic32c/13.2.1/../../../../pic32c/lib/thumb/v6-m/nofp\libc-musl.a(atoi.o)
 .debug_info    0x0002c4cc      0x13e C:/Applications/Microchip/XC32/bin/bin/../../lib/gcc/pic32c/13.2.1/../../../../pic32c/lib/thumb/v6-m/nofp\libc-musl.a(tolower.o)
 .debug_info    0x0002c60a      0x7a3 C:/Applications/Microchip/XC32/bin/bin/../../lib/gcc/pic32c/13.2.1/../../../../pic32c/lib/thumb/v6-m/nofp\libc-musl.a(__fmt_a.o)
 .debug_info    0x0002cdad      0x374 C:/Applications/Microchip/XC32/bin/bin/../../lib/gcc/pic32c/13.2.1/../../../../pic32c/lib/thumb/v6-m/nofp\libc-musl.a(__fmt_d.o)
 .debug_info    0x0002d121      0x80e C:/Applications/Microchip/XC32/bin/bin/../../lib/gcc/pic32c/13.2.1/../../../../pic32c/lib/thumb/v6-m/nofp\libc-musl.a(__fmt_fp.o)
 .debug_info    0x0002d92f      0x345 C:/Applications/Microchip/XC32/bin/bin/../../lib/gcc/pic32c/13.2.1/../../../../pic32c/lib/thumb/v6-m/nofp\libc-musl.a(__fmt_o.o)
 .debug_info    0x0002dc74      0x31e C:/Applications/Microchip/XC32/bin/bin/../../lib/gcc/pic32c/13.2.1/../../../../pic32c/lib/thumb/v6-m/nofp\libc-musl.a(__fmt_s.o)
 .debug_info    0x0002df92      0x345 C:/Applications/Microchip/XC32/bin/bin/../../lib/gcc/pic32c/13.2.1/../../../../pic32c/lib/thumb/v6-m/nofp\libc-musl.a(__fmt_u.o)
 .debug_info    0x0002e2d7      0x35f C:/Applications/Microchip/XC32/bin/bin/../../lib/gcc/pic32c/13.2.1/../../../../pic32c/lib/thumb/v6-m/nofp\libc-musl.a(__fmt_x.o)
 .debug_info    0x0002e636      0x13e C:/Applications/Microchip/XC32/bin/bin/../../lib/gcc/pic32c/13.2.1/../../../../pic32c/lib/thumb/v6-m/nofp\libc-musl.a(toupper.o)
 .debug_info    0x0002e774      0x1e3 C:/Applications/Microchip/XC32/bin/bin/../../lib/gcc/pic32c/13.2.1/../../../../pic32c/lib/thumb/v6-m/nofp\libc-musl.a(__cvt_u.o)
 .debug_info    0x0002e957       0xdd C:/Applications/Microchip/XC32/bin/bin/../../lib/gcc/pic32c/13.2.1/../../../../pic32c/lib/thumb/v6-m/nofp\libc-size-musl.a(strcpy.o)
 .debug_info    0x0002ea34       0xb3 C:/Applications/Microchip/XC32/bin/bin/../../lib/gcc/pic32c/13.2.1/../../../../pic32c/lib/thumb/v6-m/nofp\libc-size-musl.a(stpcpy.o)
 .debug_info    0x0002eae7       0x35 C:/Applications/Microchip/XC32/bin/bin/../../lib/gcc/pic32c/13.2.1/thumb/v6-m/nofp\libgcc.a(_thumb1_case_uqi.o)
 .debug_info    0x0002eb1c       0x51 C:/Applications/Microchip/XC32/bin/bin/../../lib/gcc/pic32c/13.2.1/thumb/v6-m/nofp\libgcc.a(_udivsi3.o)
 .debug_info    0x0002eb6d       0x51 C:/Applications/Microchip/XC32/bin/bin/../../lib/gcc/pic32c/13.2.1/thumb/v6-m/nofp\libgcc.a(_divsi3.o)
 .debug_info    0x0002ebbe       0x41 C:/Applications/Microchip/XC32/bin/bin/../../lib/gcc/pic32c/13.2.1/thumb/v6-m/nofp\libgcc.a(_dvmd_tls.o)
 .debug_info    0x0002ebff       0x35 C:/Applications/Microchip/XC32/bin/bin/../../lib/gcc/pic32c/13.2.1/thumb/v6-m/nofp\libgcc.a(_aeabi_uldivmod.o)
 .debug_info    0x0002ec34      0x44f C:/Applications/Microchip/XC32/bin/bin/../../lib/gcc/pic32c/13.2.1/thumb/v6-m/nofp\libgcc.a(_muldi3.o)
 .debug_info    0x0002f083      0x3fc C:/Applications/Microchip/XC32/bin/bin/../../lib/gcc/pic32c/13.2.1/thumb/v6-m/nofp\libgcc.a(_udivmoddi4.o)
 .debug_info    0x0002f47f       0x43 C:/Applications/Microchip/XC32/bin/bin/../../lib/gcc/pic32c/13.2.1/thumb/v6-m/nofp\libgcc.a(_lshrdi3.o)
 .debug_info    0x0002f4c2       0x43 C:/Applications/Microchip/XC32/bin/bin/../../lib/gcc/pic32c/13.2.1/thumb/v6-m/nofp\libgcc.a(_ashldi3.o)
 .debug_info    0x0002f505       0x26 C:/Applications/Microchip/XC32/bin/bin/../../lib/gcc/pic32c/13.2.1/thumb/v6-m/nofp\libgcc.a(_clzdi2.o)
 .debug_info    0x0002f52b       0x35 C:/Applications/Microchip/XC32/bin/bin/../../lib/gcc/pic32c/13.2.1/thumb/v6-m/nofp\libgcc.a(_clzsi2.o)
 .debug_info    0x0002f560      0x117 C:/Applications/Microchip/XC32/bin/bin/../../lib/gcc/pic32c/13.2.1/../../../../pic32c/lib/thumb/v6-m/nofp\libpic32c.a(pic32_data_init_clear.o)
 .debug_info    0x0002f677      0x12c C:/Applications/Microchip/XC32/bin/bin/../../lib/gcc/pic32c/13.2.1/../../../../pic32c/lib/thumb/v6-m/nofp\libpic32c.a(pic32_data_init_copy.o)

.debug_abbrev   0x00000000     0xae3e
 .debug_abbrev  0x00000000      0x4a4 build/default/production/_ext/158385033/drv_i2c.o
 .debug_abbrev  0x000004a4      0x4ec build/default/production/_ext/2070931557/drv_spi.o
 .debug_abbrev  0x00000990      0x523 build/default/production/_ext/869808652/drv_usart.o
 .debug_abbrev  0x00000eb3      0x1a2 build/default/production/_ext/829343244/plib_ac.o
 .debug_abbrev  0x00001055      0x1e1 build/default/production/_ext/60163342/plib_adc0.o
 .debug_abbrev  0x00001236      0x31b build/default/production/_ext/60165182/plib_can0.o
 .debug_abbrev  0x00001551       0xa4 build/default/production/_ext/60165242/plib_ccl.o
 .debug_abbrev  0x000015f5      0x1b4 build/default/production/_ext/1984496892/plib_clock.o
 .debug_abbrev  0x000017a9       0xf0 build/default/production/_ext/60166132/plib_dac.o
 .debug_abbrev  0x00001899      0x2b9 build/default/production/_ext/1865161661/plib_dmac.o
 .debug_abbrev  0x00001b52      0x195 build/default/production/_ext/60167341/plib_eic.o
 .debug_abbrev  0x00001ce7       0xe5 build/default/production/_ext/1986646378/plib_evsys.o
 .debug_abbrev  0x00001dcc      0x1ab build/default/production/_ext/1987437027/plib_freqm.o
 .debug_abbrev  0x00001f77      0x282 build/default/production/_ext/1865468468/plib_nvic.o
 .debug_abbrev  0x000021f9      0x1f2 build/default/production/_ext/1593096446/plib_nvmctrl.o
 .debug_abbrev  0x000023eb       0xf2 build/default/production/_ext/1865510628/plib_pdec.o
 .debug_abbrev  0x000024dd       0xa4 build/default/production/_ext/829342769/plib_pm.o
 .debug_abbrev  0x00002581      0x1e8 build/default/production/_ext/1865521619/plib_port.o
 .debug_abbrev  0x00002769       0x94 build/default/production/_ext/1865585090/plib_rstc.o
 .debug_abbrev  0x000027fd      0x1ed build/default/production/_ext/60180175/plib_rtc_clock.o
 .debug_abbrev  0x000029ea      0x3a9 build/default/production/_ext/508257091/plib_sercom3_i2c_master.o
 .debug_abbrev  0x00002d93      0x276 build/default/production/_ext/17022449/plib_sercom2_spi_master.o
 .debug_abbrev  0x00003009      0x43d build/default/production/_ext/504274921/plib_sercom1_usart.o
 .debug_abbrev  0x00003446      0x318 build/default/production/_ext/504274921/plib_sercom0_usart.o
 .debug_abbrev  0x0000375e       0xb8 build/default/production/_ext/1865616679/plib_supc.o
 .debug_abbrev  0x00003816      0x220 build/default/production/_ext/1827571544/plib_systick.o
 .debug_abbrev  0x00003a36      0x1be build/default/production/_ext/829342655/plib_tc0.o
 .debug_abbrev  0x00003bf4      0x122 build/default/production/_ext/60181570/plib_tcc1.o
 .debug_abbrev  0x00003d16      0x122 build/default/production/_ext/60181570/plib_tcc0.o
 .debug_abbrev  0x00003e38       0xed build/default/production/_ext/60184501/plib_wdt.o
 .debug_abbrev  0x00003f25      0x2e9 build/default/production/_ext/1832805299/sys_console_uart.o
 .debug_abbrev  0x0000420e      0x3c1 build/default/production/_ext/1832805299/sys_console.o
 .debug_abbrev  0x000045cf       0xfd build/default/production/_ext/14461671/sys_dma.o
 .debug_abbrev  0x000046cc      0x262 build/default/production/_ext/1881668453/sys_int.o
 .debug_abbrev  0x0000492e      0x536 build/default/production/_ext/101884895/sys_time.o
 .debug_abbrev  0x00004e64       0x77 build/default/production/_ext/1171490990/tasks.o
 .debug_abbrev  0x00004edb      0x2f8 build/default/production/_ext/1171490990/initialization.o
 .debug_abbrev  0x000051d3      0x11d build/default/production/_ext/1171490990/interrupts.o
 .debug_abbrev  0x000052f0       0x49 build/default/production/_ext/1171490990/exceptions.o
 .debug_abbrev  0x00005339      0x187 build/default/production/_ext/1171490990/startup_xc32.o
 .debug_abbrev  0x000054c0      0x408 build/default/production/_ext/1360937237/can0_driver.o
 .debug_abbrev  0x000058c8      0x2b5 build/default/production/_ext/1360937237/sht4x_driver.o
 .debug_abbrev  0x00005b7d      0x240 build/default/production/_ext/1360937237/rstc_driver.o
 .debug_abbrev  0x00005dbd      0x2e5 build/default/production/_ext/1360937237/ad9954_driver.o
 .debug_abbrev  0x000060a2      0x292 build/default/production/_ext/1360937237/rtc_driver.o
 .debug_abbrev  0x00006334      0x2a9 build/default/production/_ext/1360937237/mcp9808_driver.o
 .debug_abbrev  0x000065dd      0x336 build/default/production/_ext/1360937237/bme690_driver.o
 .debug_abbrev  0x00006913      0x2ff build/default/production/_ext/1360937237/fcm360w_driver.o
 .debug_abbrev  0x00006c12      0x212 build/default/production/_ext/1360937237/console_driver.o
 .debug_abbrev  0x00006e24      0x33a build/default/production/_ext/1360937237/hdc302x_driver.o
 .debug_abbrev  0x0000715e       0xc3 build/default/production/_ext/1360937237/fan_driver.o
 .debug_abbrev  0x00007221      0x274 build/default/production/_ext/1360937237/ntc_driver.o
 .debug_abbrev  0x00007495      0x17c build/default/production/_ext/1360937237/timer_driver.o
 .debug_abbrev  0x00007611      0x24c build/default/production/_ext/1360937237/xm125_driver.o
 .debug_abbrev  0x0000785d      0x2ca build/default/production/_ext/1360937237/ws281x_driver.o
 .debug_abbrev  0x00007b27      0x2ae build/default/production/_ext/1360937237/vcnl4200_driver.o
 .debug_abbrev  0x00007dd5      0x331 build/default/production/_ext/1360937237/sen63c_driver.o
 .debug_abbrev  0x00008106      0x1df build/default/production/_ext/1360937237/app.o
 .debug_abbrev  0x000082e5       0xa2 build/default/production/_ext/1360937237/main.o
 .debug_abbrev  0x00008387      0x333 build/default/production/_ext/1360937237/ssd1306_driver.o
 .debug_abbrev  0x000086ba      0x156 C:/Applications/Microchip/XC32/bin/bin/../../lib/gcc/pic32c/13.2.1/../../../../pic32c/lib/thumb/v6-m/nofp\libpic32c.a(data_init.o)
 .debug_abbrev  0x00008810       0xbb C:/Applications/Microchip/XC32/bin/bin/../../lib/gcc/pic32c/13.2.1/../../../../pic32c/lib/thumb/v6-m/nofp\libc-size-musl.a(memcpy.o)
 .debug_abbrev  0x000088cb       0xa2 C:/Applications/Microchip/XC32/bin/bin/../../lib/gcc/pic32c/13.2.1/../../../../pic32c/lib/thumb/v6-m/nofp\libc-size-musl.a(memset.o)
 .debug_abbrev  0x0000896d       0x91 C:/Applications/Microchip/XC32/bin/bin/../../lib/gcc/pic32c/13.2.1/../../../../pic32c/lib/thumb/v6-m/nofp\libc-size-musl.a(strlen.o)
 .debug_abbrev  0x000089fe       0xa2 C:/Applications/Microchip/XC32/bin/bin/../../lib/gcc/pic32c/13.2.1/../../../../pic32c/lib/thumb/v6-m/nofp\libc-size-musl.a(strstr.o)
 .debug_abbrev  0x00008aa0       0xb5 C:/Applications/Microchip/XC32/bin/bin/../../lib/gcc/pic32c/13.2.1/../../../../pic32c/lib/thumb/v6-m/nofp\libc-size-musl.a(strchr.o)
 .debug_abbrev  0x00008b55       0xc4 C:/Applications/Microchip/XC32/bin/bin/../../lib/gcc/pic32c/13.2.1/../../../../pic32c/lib/thumb/v6-m/nofp\libc-size-musl.a(strchrnul.o)
 .debug_abbrev  0x00008c19      0x133 C:/Applications/Microchip/XC32/bin/bin/../../lib/gcc/pic32c/13.2.1/../../../../pic32c/lib/thumb/v6-m/nofp\libc-musl.a(__libc_start_main.o)
 .debug_abbrev  0x00008d4c       0xd4 C:/Applications/Microchip/XC32/bin/bin/../../lib/gcc/pic32c/13.2.1/../../../../pic32c/lib/thumb/v6-m/nofp\libc-musl.a(libc.o)
 .debug_abbrev  0x00008e20      0x198 C:/Applications/Microchip/XC32/bin/bin/../../lib/gcc/pic32c/13.2.1/../../../../pic32c/lib/thumb/v6-m/nofp\libc-musl.a(vsnprintf.o)
 .debug_abbrev  0x00008fb8      0x10e C:/Applications/Microchip/XC32/bin/bin/../../lib/gcc/pic32c/13.2.1/../../../../pic32c/lib/thumb/v6-m/nofp\libc-musl.a(sprintf.o)
 .debug_abbrev  0x000090c6       0xd3 C:/Applications/Microchip/XC32/bin/bin/../../lib/gcc/pic32c/13.2.1/../../../../pic32c/lib/thumb/v6-m/nofp\libc-musl.a(vsprintf.o)
 .debug_abbrev  0x00009199       0x62 C:/Applications/Microchip/XC32/bin/bin/../../lib/gcc/pic32c/13.2.1/../../../../pic32c/lib/thumb/v6-m/nofp\libc-musl.a(__environ.o)
 .debug_abbrev  0x000091fb       0x39 C:/Applications/Microchip/XC32/bin/bin/../../lib/gcc/pic32c/13.2.1/../../../../pic32c/lib/thumb/v6-m/nofp\libc-musl.a(__errno_location.o)
 .debug_abbrev  0x00009234      0x1a1 C:/Applications/Microchip/XC32/bin/bin/../../lib/gcc/pic32c/13.2.1/../../../../pic32c/lib/thumb/v6-m/nofp\libc-musl.a(vfprintf.o)
 .debug_abbrev  0x000093d5       0xdc C:/Applications/Microchip/XC32/bin/bin/../../lib/gcc/pic32c/13.2.1/../../../../pic32c/lib/thumb/v6-m/nofp\libc-musl.a(__pop_float.o)
 .debug_abbrev  0x000094b1       0xdc C:/Applications/Microchip/XC32/bin/bin/../../lib/gcc/pic32c/13.2.1/../../../../pic32c/lib/thumb/v6-m/nofp\libc-musl.a(__pop_int.o)
 .debug_abbrev  0x0000958d       0xdc C:/Applications/Microchip/XC32/bin/bin/../../lib/gcc/pic32c/13.2.1/../../../../pic32c/lib/thumb/v6-m/nofp\libc-musl.a(__pop_ptr.o)
 .debug_abbrev  0x00009669      0x324 C:/Applications/Microchip/XC32/bin/bin/../../lib/gcc/pic32c/13.2.1/../../../../pic32c/lib/thumb/v6-m/nofp\libc-musl.a(__printf_core.o)
 .debug_abbrev  0x0000998d       0xc6 C:/Applications/Microchip/XC32/bin/bin/../../lib/gcc/pic32c/13.2.1/../../../../pic32c/lib/thumb/v6-m/nofp\libc-musl.a(atoi.o)
 .debug_abbrev  0x00009a53       0xf4 C:/Applications/Microchip/XC32/bin/bin/../../lib/gcc/pic32c/13.2.1/../../../../pic32c/lib/thumb/v6-m/nofp\libc-musl.a(tolower.o)
 .debug_abbrev  0x00009b47      0x1eb C:/Applications/Microchip/XC32/bin/bin/../../lib/gcc/pic32c/13.2.1/../../../../pic32c/lib/thumb/v6-m/nofp\libc-musl.a(__fmt_a.o)
 .debug_abbrev  0x00009d32      0x16b C:/Applications/Microchip/XC32/bin/bin/../../lib/gcc/pic32c/13.2.1/../../../../pic32c/lib/thumb/v6-m/nofp\libc-musl.a(__fmt_d.o)
 .debug_abbrev  0x00009e9d      0x1ee C:/Applications/Microchip/XC32/bin/bin/../../lib/gcc/pic32c/13.2.1/../../../../pic32c/lib/thumb/v6-m/nofp\libc-musl.a(__fmt_fp.o)
 .debug_abbrev  0x0000a08b      0x16b C:/Applications/Microchip/XC32/bin/bin/../../lib/gcc/pic32c/13.2.1/../../../../pic32c/lib/thumb/v6-m/nofp\libc-musl.a(__fmt_o.o)
 .debug_abbrev  0x0000a1f6      0x16f C:/Applications/Microchip/XC32/bin/bin/../../lib/gcc/pic32c/13.2.1/../../../../pic32c/lib/thumb/v6-m/nofp\libc-musl.a(__fmt_s.o)
 .debug_abbrev  0x0000a365      0x16b C:/Applications/Microchip/XC32/bin/bin/../../lib/gcc/pic32c/13.2.1/../../../../pic32c/lib/thumb/v6-m/nofp\libc-musl.a(__fmt_u.o)
 .debug_abbrev  0x0000a4d0      0x15a C:/Applications/Microchip/XC32/bin/bin/../../lib/gcc/pic32c/13.2.1/../../../../pic32c/lib/thumb/v6-m/nofp\libc-musl.a(__fmt_x.o)
 .debug_abbrev  0x0000a62a       0xf4 C:/Applications/Microchip/XC32/bin/bin/../../lib/gcc/pic32c/13.2.1/../../../../pic32c/lib/thumb/v6-m/nofp\libc-musl.a(toupper.o)
 .debug_abbrev  0x0000a71e      0x10c C:/Applications/Microchip/XC32/bin/bin/../../lib/gcc/pic32c/13.2.1/../../../../pic32c/lib/thumb/v6-m/nofp\libc-musl.a(__cvt_u.o)
 .debug_abbrev  0x0000a82a       0xb5 C:/Applications/Microchip/XC32/bin/bin/../../lib/gcc/pic32c/13.2.1/../../../../pic32c/lib/thumb/v6-m/nofp\libc-size-musl.a(strcpy.o)
 .debug_abbrev  0x0000a8df       0x6e C:/Applications/Microchip/XC32/bin/bin/../../lib/gcc/pic32c/13.2.1/../../../../pic32c/lib/thumb/v6-m/nofp\libc-size-musl.a(stpcpy.o)
 .debug_abbrev  0x0000a94d       0x21 C:/Applications/Microchip/XC32/bin/bin/../../lib/gcc/pic32c/13.2.1/thumb/v6-m/nofp\libgcc.a(_thumb1_case_uqi.o)
 .debug_abbrev  0x0000a96e       0x21 C:/Applications/Microchip/XC32/bin/bin/../../lib/gcc/pic32c/13.2.1/thumb/v6-m/nofp\libgcc.a(_udivsi3.o)
 .debug_abbrev  0x0000a98f       0x21 C:/Applications/Microchip/XC32/bin/bin/../../lib/gcc/pic32c/13.2.1/thumb/v6-m/nofp\libgcc.a(_divsi3.o)
 .debug_abbrev  0x0000a9b0       0x1f C:/Applications/Microchip/XC32/bin/bin/../../lib/gcc/pic32c/13.2.1/thumb/v6-m/nofp\libgcc.a(_dvmd_tls.o)
 .debug_abbrev  0x0000a9cf       0x21 C:/Applications/Microchip/XC32/bin/bin/../../lib/gcc/pic32c/13.2.1/thumb/v6-m/nofp\libgcc.a(_aeabi_uldivmod.o)
 .debug_abbrev  0x0000a9f0      0x15d C:/Applications/Microchip/XC32/bin/bin/../../lib/gcc/pic32c/13.2.1/thumb/v6-m/nofp\libgcc.a(_muldi3.o)
 .debug_abbrev  0x0000ab4d      0x11c C:/Applications/Microchip/XC32/bin/bin/../../lib/gcc/pic32c/13.2.1/thumb/v6-m/nofp\libgcc.a(_udivmoddi4.o)
 .debug_abbrev  0x0000ac69       0x21 C:/Applications/Microchip/XC32/bin/bin/../../lib/gcc/pic32c/13.2.1/thumb/v6-m/nofp\libgcc.a(_lshrdi3.o)
 .debug_abbrev  0x0000ac8a       0x21 C:/Applications/Microchip/XC32/bin/bin/../../lib/gcc/pic32c/13.2.1/thumb/v6-m/nofp\libgcc.a(_ashldi3.o)
 .debug_abbrev  0x0000acab       0x14 C:/Applications/Microchip/XC32/bin/bin/../../lib/gcc/pic32c/13.2.1/thumb/v6-m/nofp\libgcc.a(_clzdi2.o)
 .debug_abbrev  0x0000acbf       0x21 C:/Applications/Microchip/XC32/bin/bin/../../lib/gcc/pic32c/13.2.1/thumb/v6-m/nofp\libgcc.a(_clzsi2.o)
 .debug_abbrev  0x0000ace0       0xa5 C:/Applications/Microchip/XC32/bin/bin/../../lib/gcc/pic32c/13.2.1/../../../../pic32c/lib/thumb/v6-m/nofp\libpic32c.a(pic32_data_init_clear.o)
 .debug_abbrev  0x0000ad85       0xb9 C:/Applications/Microchip/XC32/bin/bin/../../lib/gcc/pic32c/13.2.1/../../../../pic32c/lib/thumb/v6-m/nofp\libpic32c.a(pic32_data_init_copy.o)

.debug_loc      0x00000000    0x1a5d6
 .debug_loc     0x00000000     0x1b2f build/default/production/_ext/158385033/drv_i2c.o
 .debug_loc     0x00001b2f     0x226f build/default/production/_ext/2070931557/drv_spi.o
 .debug_loc     0x00003d9e     0x28d9 build/default/production/_ext/869808652/drv_usart.o
 .debug_loc     0x00006677      0x12f build/default/production/_ext/829343244/plib_ac.o
 .debug_loc     0x000067a6      0x17a build/default/production/_ext/60163342/plib_adc0.o
 .debug_loc     0x00006920      0xd37 build/default/production/_ext/60165182/plib_can0.o
 .debug_loc     0x00007657       0x6f build/default/production/_ext/1984496892/plib_clock.o
 .debug_loc     0x000076c6       0x25 build/default/production/_ext/60166132/plib_dac.o
 .debug_loc     0x000076eb      0xb09 build/default/production/_ext/1865161661/plib_dmac.o
 .debug_loc     0x000081f4       0xfe build/default/production/_ext/60167341/plib_eic.o
 .debug_loc     0x000082f2       0xc8 build/default/production/_ext/1986646378/plib_evsys.o
 .debug_loc     0x000083ba      0x15e build/default/production/_ext/1987437027/plib_freqm.o
 .debug_loc     0x00008518      0x3fd build/default/production/_ext/1865468468/plib_nvic.o
 .debug_loc     0x00008915      0x685 build/default/production/_ext/1593096446/plib_nvmctrl.o
 .debug_loc     0x00008f9a       0x15 build/default/production/_ext/1865510628/plib_pdec.o
 .debug_loc     0x00008faf      0x29b build/default/production/_ext/1865521619/plib_port.o
 .debug_loc     0x0000924a      0x1e6 build/default/production/_ext/60180175/plib_rtc_clock.o
 .debug_loc     0x00009430      0xcad build/default/production/_ext/508257091/plib_sercom3_i2c_master.o
 .debug_loc     0x0000a0dd      0x68a build/default/production/_ext/17022449/plib_sercom2_spi_master.o
 .debug_loc     0x0000a767      0xf01 build/default/production/_ext/504274921/plib_sercom1_usart.o
 .debug_loc     0x0000b668      0x892 build/default/production/_ext/504274921/plib_sercom0_usart.o
 .debug_loc     0x0000befa       0x39 build/default/production/_ext/1865616679/plib_supc.o
 .debug_loc     0x0000bf33      0x47f build/default/production/_ext/1827571544/plib_systick.o
 .debug_loc     0x0000c3b2       0x74 build/default/production/_ext/829342655/plib_tc0.o
 .debug_loc     0x0000c426      0x10b build/default/production/_ext/60181570/plib_tcc1.o
 .debug_loc     0x0000c531      0x155 build/default/production/_ext/60181570/plib_tcc0.o
 .debug_loc     0x0000c686      0xbf1 build/default/production/_ext/1832805299/sys_console_uart.o
 .debug_loc     0x0000d277      0xc4c build/default/production/_ext/1832805299/sys_console.o
 .debug_loc     0x0000dec3      0x186 build/default/production/_ext/14461671/sys_dma.o
 .debug_loc     0x0000e049      0x17d build/default/production/_ext/1881668453/sys_int.o
 .debug_loc     0x0000e1c6     0x208d build/default/production/_ext/101884895/sys_time.o
 .debug_loc     0x00010253       0x20 build/default/production/_ext/1171490990/tasks.o
 .debug_loc     0x00010273       0x4b build/default/production/_ext/1171490990/initialization.o
 .debug_loc     0x000102be       0x40 build/default/production/_ext/1171490990/interrupts.o
 .debug_loc     0x000102fe       0x4f build/default/production/_ext/1171490990/startup_xc32.o
 .debug_loc     0x0001034d      0x42e build/default/production/_ext/1360937237/can0_driver.o
 .debug_loc     0x0001077b      0x334 build/default/production/_ext/1360937237/sht4x_driver.o
 .debug_loc     0x00010aaf      0x173 build/default/production/_ext/1360937237/rstc_driver.o
 .debug_loc     0x00010c22     0x1042 build/default/production/_ext/1360937237/ad9954_driver.o
 .debug_loc     0x00011c64      0x179 build/default/production/_ext/1360937237/rtc_driver.o
 .debug_loc     0x00011ddd      0x482 build/default/production/_ext/1360937237/mcp9808_driver.o
 .debug_loc     0x0001225f      0xd8c build/default/production/_ext/1360937237/bme690_driver.o
 .debug_loc     0x00012feb       0xfa build/default/production/_ext/1360937237/fcm360w_driver.o
 .debug_loc     0x000130e5       0x36 build/default/production/_ext/1360937237/console_driver.o
 .debug_loc     0x0001311b     0x10bc build/default/production/_ext/1360937237/hdc302x_driver.o
 .debug_loc     0x000141d7      0x124 build/default/production/_ext/1360937237/ntc_driver.o
 .debug_loc     0x000142fb       0xe0 build/default/production/_ext/1360937237/timer_driver.o
 .debug_loc     0x000143db       0x6c build/default/production/_ext/1360937237/xm125_driver.o
 .debug_loc     0x00014447      0x2c4 build/default/production/_ext/1360937237/ws281x_driver.o
 .debug_loc     0x0001470b      0x97c build/default/production/_ext/1360937237/vcnl4200_driver.o
 .debug_loc     0x00015087      0x9b9 build/default/production/_ext/1360937237/sen63c_driver.o
 .debug_loc     0x00015a40       0x40 build/default/production/_ext/1360937237/app.o
 .debug_loc     0x00015a80       0x20 build/default/production/_ext/1360937237/main.o
 .debug_loc     0x00015aa0      0x5bb build/default/production/_ext/1360937237/ssd1306_driver.o
 .debug_loc     0x0001605b      0x113 C:/Applications/Microchip/XC32/bin/bin/../../lib/gcc/pic32c/13.2.1/../../../../pic32c/lib/thumb/v6-m/nofp\libpic32c.a(data_init.o)
 .debug_loc     0x0001616e      0x12d C:/Applications/Microchip/XC32/bin/bin/../../lib/gcc/pic32c/13.2.1/../../../../pic32c/lib/thumb/v6-m/nofp\libc-size-musl.a(memcpy.o)
 .debug_loc     0x0001629b       0xe5 C:/Applications/Microchip/XC32/bin/bin/../../lib/gcc/pic32c/13.2.1/../../../../pic32c/lib/thumb/v6-m/nofp\libc-size-musl.a(memset.o)
 .debug_loc     0x00016380       0x93 C:/Applications/Microchip/XC32/bin/bin/../../lib/gcc/pic32c/13.2.1/../../../../pic32c/lib/thumb/v6-m/nofp\libc-size-musl.a(strlen.o)
 .debug_loc     0x00016413       0xc1 C:/Applications/Microchip/XC32/bin/bin/../../lib/gcc/pic32c/13.2.1/../../../../pic32c/lib/thumb/v6-m/nofp\libc-size-musl.a(strstr.o)
 .debug_loc     0x000164d4       0x98 C:/Applications/Microchip/XC32/bin/bin/../../lib/gcc/pic32c/13.2.1/../../../../pic32c/lib/thumb/v6-m/nofp\libc-size-musl.a(strchr.o)
 .debug_loc     0x0001656c       0xdb C:/Applications/Microchip/XC32/bin/bin/../../lib/gcc/pic32c/13.2.1/../../../../pic32c/lib/thumb/v6-m/nofp\libc-size-musl.a(strchrnul.o)
 .debug_loc     0x00016647       0x5e C:/Applications/Microchip/XC32/bin/bin/../../lib/gcc/pic32c/13.2.1/../../../../pic32c/lib/thumb/v6-m/nofp\libc-musl.a(__libc_start_main.o)
 .debug_loc     0x000166a5      0x120 C:/Applications/Microchip/XC32/bin/bin/../../lib/gcc/pic32c/13.2.1/../../../../pic32c/lib/thumb/v6-m/nofp\libc-musl.a(vsnprintf.o)
 .debug_loc     0x000167c5       0x6c C:/Applications/Microchip/XC32/bin/bin/../../lib/gcc/pic32c/13.2.1/../../../../pic32c/lib/thumb/v6-m/nofp\libc-musl.a(sprintf.o)
 .debug_loc     0x00016831       0x98 C:/Applications/Microchip/XC32/bin/bin/../../lib/gcc/pic32c/13.2.1/../../../../pic32c/lib/thumb/v6-m/nofp\libc-musl.a(vsprintf.o)
 .debug_loc     0x000168c9       0xdc C:/Applications/Microchip/XC32/bin/bin/../../lib/gcc/pic32c/13.2.1/../../../../pic32c/lib/thumb/v6-m/nofp\libc-musl.a(vfprintf.o)
 .debug_loc     0x000169a5       0xfb C:/Applications/Microchip/XC32/bin/bin/../../lib/gcc/pic32c/13.2.1/../../../../pic32c/lib/thumb/v6-m/nofp\libc-musl.a(__pop_float.o)
 .debug_loc     0x00016aa0      0x374 C:/Applications/Microchip/XC32/bin/bin/../../lib/gcc/pic32c/13.2.1/../../../../pic32c/lib/thumb/v6-m/nofp\libc-musl.a(__pop_int.o)
 .debug_loc     0x00016e14      0x1a1 C:/Applications/Microchip/XC32/bin/bin/../../lib/gcc/pic32c/13.2.1/../../../../pic32c/lib/thumb/v6-m/nofp\libc-musl.a(__pop_ptr.o)
 .debug_loc     0x00016fb5      0x68c C:/Applications/Microchip/XC32/bin/bin/../../lib/gcc/pic32c/13.2.1/../../../../pic32c/lib/thumb/v6-m/nofp\libc-musl.a(__printf_core.o)
 .debug_loc     0x00017641       0xbc C:/Applications/Microchip/XC32/bin/bin/../../lib/gcc/pic32c/13.2.1/../../../../pic32c/lib/thumb/v6-m/nofp\libc-musl.a(atoi.o)
 .debug_loc     0x000176fd       0xa1 C:/Applications/Microchip/XC32/bin/bin/../../lib/gcc/pic32c/13.2.1/../../../../pic32c/lib/thumb/v6-m/nofp\libc-musl.a(tolower.o)
 .debug_loc     0x0001779e      0xd70 C:/Applications/Microchip/XC32/bin/bin/../../lib/gcc/pic32c/13.2.1/../../../../pic32c/lib/thumb/v6-m/nofp\libc-musl.a(__fmt_a.o)
 .debug_loc     0x0001850e      0x2b3 C:/Applications/Microchip/XC32/bin/bin/../../lib/gcc/pic32c/13.2.1/../../../../pic32c/lib/thumb/v6-m/nofp\libc-musl.a(__fmt_d.o)
 .debug_loc     0x000187c1      0xc86 C:/Applications/Microchip/XC32/bin/bin/../../lib/gcc/pic32c/13.2.1/../../../../pic32c/lib/thumb/v6-m/nofp\libc-musl.a(__fmt_fp.o)
 .debug_loc     0x00019447      0x13e C:/Applications/Microchip/XC32/bin/bin/../../lib/gcc/pic32c/13.2.1/../../../../pic32c/lib/thumb/v6-m/nofp\libc-musl.a(__fmt_o.o)
 .debug_loc     0x00019585      0x150 C:/Applications/Microchip/XC32/bin/bin/../../lib/gcc/pic32c/13.2.1/../../../../pic32c/lib/thumb/v6-m/nofp\libc-musl.a(__fmt_s.o)
 .debug_loc     0x000196d5      0x13e C:/Applications/Microchip/XC32/bin/bin/../../lib/gcc/pic32c/13.2.1/../../../../pic32c/lib/thumb/v6-m/nofp\libc-musl.a(__fmt_u.o)
 .debug_loc     0x00019813      0x3d5 C:/Applications/Microchip/XC32/bin/bin/../../lib/gcc/pic32c/13.2.1/../../../../pic32c/lib/thumb/v6-m/nofp\libc-musl.a(__fmt_x.o)
 .debug_loc     0x00019be8       0xa1 C:/Applications/Microchip/XC32/bin/bin/../../lib/gcc/pic32c/13.2.1/../../../../pic32c/lib/thumb/v6-m/nofp\libc-musl.a(toupper.o)
 .debug_loc     0x00019c89      0x1d9 C:/Applications/Microchip/XC32/bin/bin/../../lib/gcc/pic32c/13.2.1/../../../../pic32c/lib/thumb/v6-m/nofp\libc-musl.a(__cvt_u.o)
 .debug_loc     0x00019e62       0x7a C:/Applications/Microchip/XC32/bin/bin/../../lib/gcc/pic32c/13.2.1/../../../../pic32c/lib/thumb/v6-m/nofp\libc-size-musl.a(strcpy.o)
 .debug_loc     0x00019edc       0xb5 C:/Applications/Microchip/XC32/bin/bin/../../lib/gcc/pic32c/13.2.1/../../../../pic32c/lib/thumb/v6-m/nofp\libc-size-musl.a(stpcpy.o)
 .debug_loc     0x00019f91      0x12d C:/Applications/Microchip/XC32/bin/bin/../../lib/gcc/pic32c/13.2.1/thumb/v6-m/nofp\libgcc.a(_muldi3.o)
 .debug_loc     0x0001a0be      0x28a C:/Applications/Microchip/XC32/bin/bin/../../lib/gcc/pic32c/13.2.1/thumb/v6-m/nofp\libgcc.a(_udivmoddi4.o)
 .debug_loc     0x0001a348       0xf7 C:/Applications/Microchip/XC32/bin/bin/../../lib/gcc/pic32c/13.2.1/../../../../pic32c/lib/thumb/v6-m/nofp\libpic32c.a(pic32_data_init_clear.o)
 .debug_loc     0x0001a43f      0x197 C:/Applications/Microchip/XC32/bin/bin/../../lib/gcc/pic32c/13.2.1/../../../../pic32c/lib/thumb/v6-m/nofp\libpic32c.a(pic32_data_init_copy.o)

.debug_aranges  0x00000000     0x2680
 .debug_aranges
                0x00000000       0xc0 build/default/production/_ext/158385033/drv_i2c.o
 .debug_aranges
                0x000000c0       0xb8 build/default/production/_ext/2070931557/drv_spi.o
 .debug_aranges
                0x00000178      0x110 build/default/production/_ext/869808652/drv_usart.o
 .debug_aranges
                0x00000288       0x50 build/default/production/_ext/829343244/plib_ac.o
 .debug_aranges
                0x000002d8       0x88 build/default/production/_ext/60163342/plib_adc0.o
 .debug_aranges
                0x00000360       0xa0 build/default/production/_ext/60165182/plib_can0.o
 .debug_aranges
                0x00000400       0x20 build/default/production/_ext/60165242/plib_ccl.o
 .debug_aranges
                0x00000420       0x30 build/default/production/_ext/1984496892/plib_clock.o
 .debug_aranges
                0x00000450       0x30 build/default/production/_ext/60166132/plib_dac.o
 .debug_aranges
                0x00000480       0x98 build/default/production/_ext/1865161661/plib_dmac.o
 .debug_aranges
                0x00000518       0x40 build/default/production/_ext/60167341/plib_eic.o
 .debug_aranges
                0x00000558       0x40 build/default/production/_ext/1986646378/plib_evsys.o
 .debug_aranges
                0x00000598       0x50 build/default/production/_ext/1987437027/plib_freqm.o
 .debug_aranges
                0x000005e8       0x48 build/default/production/_ext/1865468468/plib_nvic.o
 .debug_aranges
                0x00000630       0xb0 build/default/production/_ext/1593096446/plib_nvmctrl.o
 .debug_aranges
                0x000006e0       0x50 build/default/production/_ext/1865510628/plib_pdec.o
 .debug_aranges
                0x00000730       0x30 build/default/production/_ext/829342769/plib_pm.o
 .debug_aranges
                0x00000760       0x68 build/default/production/_ext/1865521619/plib_port.o
 .debug_aranges
                0x000007c8       0x20 build/default/production/_ext/1865585090/plib_rstc.o
 .debug_aranges
                0x000007e8       0x58 build/default/production/_ext/60180175/plib_rtc_clock.o
 .debug_aranges
                0x00000840       0x78 build/default/production/_ext/508257091/plib_sercom3_i2c_master.o
 .debug_aranges
                0x000008b8       0x60 build/default/production/_ext/17022449/plib_sercom2_spi_master.o
 .debug_aranges
                0x00000918       0xe8 build/default/production/_ext/504274921/plib_sercom1_usart.o
 .debug_aranges
                0x00000a00       0xe0 build/default/production/_ext/504274921/plib_sercom0_usart.o
 .debug_aranges
                0x00000ae0       0x20 build/default/production/_ext/1865616679/plib_supc.o
 .debug_aranges
                0x00000b00       0xb0 build/default/production/_ext/1827571544/plib_systick.o
 .debug_aranges
                0x00000bb0       0x60 build/default/production/_ext/829342655/plib_tc0.o
 .debug_aranges
                0x00000c10       0x78 build/default/production/_ext/60181570/plib_tcc1.o
 .debug_aranges
                0x00000c88       0x80 build/default/production/_ext/60181570/plib_tcc0.o
 .debug_aranges
                0x00000d08       0x68 build/default/production/_ext/60184501/plib_wdt.o
 .debug_aranges
                0x00000d70       0x68 build/default/production/_ext/1832805299/sys_console_uart.o
 .debug_aranges
                0x00000dd8       0x88 build/default/production/_ext/1832805299/sys_console.o
 .debug_aranges
                0x00000e60       0x28 build/default/production/_ext/14461671/sys_dma.o
 .debug_aranges
                0x00000e88       0x40 build/default/production/_ext/1881668453/sys_int.o
 .debug_aranges
                0x00000ec8      0x108 build/default/production/_ext/101884895/sys_time.o
 .debug_aranges
                0x00000fd0       0x20 build/default/production/_ext/1171490990/tasks.o
 .debug_aranges
                0x00000ff0       0x20 build/default/production/_ext/1171490990/initialization.o
 .debug_aranges
                0x00001010       0x30 build/default/production/_ext/1171490990/interrupts.o
 .debug_aranges
                0x00001040       0x28 build/default/production/_ext/1171490990/exceptions.o
 .debug_aranges
                0x00001068       0x28 build/default/production/_ext/1171490990/startup_xc32.o
 .debug_aranges
                0x00001090       0x78 build/default/production/_ext/1360937237/can0_driver.o
 .debug_aranges
                0x00001108       0x98 build/default/production/_ext/1360937237/sht4x_driver.o
 .debug_aranges
                0x000011a0       0x50 build/default/production/_ext/1360937237/rstc_driver.o
 .debug_aranges
                0x000011f0      0x190 build/default/production/_ext/1360937237/ad9954_driver.o
 .debug_aranges
                0x00001380       0x78 build/default/production/_ext/1360937237/rtc_driver.o
 .debug_aranges
                0x000013f8       0xc8 build/default/production/_ext/1360937237/mcp9808_driver.o
 .debug_aranges
                0x000014c0      0x3d8 build/default/production/_ext/1360937237/bme690_driver.o
 .debug_aranges
                0x00001898       0x68 build/default/production/_ext/1360937237/fcm360w_driver.o
 .debug_aranges
                0x00001900       0x48 build/default/production/_ext/1360937237/console_driver.o
 .debug_aranges
                0x00001948      0x1d8 build/default/production/_ext/1360937237/hdc302x_driver.o
 .debug_aranges
                0x00001b20       0x28 build/default/production/_ext/1360937237/fan_driver.o
 .debug_aranges
                0x00001b48       0x60 build/default/production/_ext/1360937237/ntc_driver.o
 .debug_aranges
                0x00001ba8       0x98 build/default/production/_ext/1360937237/timer_driver.o
 .debug_aranges