Archive member included to satisfy reference by file (symbol)

c:/applications/microchip/xc32/bin/bin/../../lib/gcc/pic32c/8.3.1/../../../../pic32c/lib/thumb/v6-m/nofp\libpic32c.a(data_init.o)
                              build/default/production/_ext/1171490990/startup_xc32.o (__pic32c_data_initialization)
c:/applications/microchip/xc32/bin/bin/../../lib/gcc/pic32c/8.3.1/../../../../pic32c/lib/thumb/v6-m/nofp\libc-size-musl.a(memcpy.o)
                              build/default/production/_ext/1593096446/plib_nvmctrl.o (memcpy)
c:/applications/microchip/xc32/bin/bin/../../lib/gcc/pic32c/8.3.1/../../../../pic32c/lib/thumb/v6-m/nofp\libc-size-musl.a(memset.o)
                              build/default/production/_ext/101884895/sys_time.o (memset)
c:/applications/microchip/xc32/bin/bin/../../lib/gcc/pic32c/8.3.1/../../../../pic32c/lib/thumb/v6-m/nofp\libc-size-musl.a(strlen.o)
                              build/default/production/_ext/1832805299/sys_console.o (strlen)
c:/applications/microchip/xc32/bin/bin/../../lib/gcc/pic32c/8.3.1/../../../../pic32c/lib/thumb/v6-m/nofp\libm-fast-emfloat.a(__aeabi_fadd.o)
                              build/default/production/_ext/508257091/plib_sercom0_i2c_master.o (__aeabi_fadd)
c:/applications/microchip/xc32/bin/bin/../../lib/gcc/pic32c/8.3.1/../../../../pic32c/lib/thumb/v6-m/nofp\libm-fast-emfloat.a(__aeabi_dadd.o)
                              build/default/production/_ext/1360937237/mcp9808_driver.o (__aeabi_dadd)
c:/applications/microchip/xc32/bin/bin/../../lib/gcc/pic32c/8.3.1/../../../../pic32c/lib/thumb/v6-m/nofp\libm-fast-emfloat.a(__aeabi_fsub.o)
                              build/default/production/_ext/508257091/plib_sercom0_i2c_master.o (__aeabi_fsub)
c:/applications/microchip/xc32/bin/bin/../../lib/gcc/pic32c/8.3.1/../../../../pic32c/lib/thumb/v6-m/nofp\libm-fast-emfloat.a(__aeabi_fmul.o)
                              build/default/production/_ext/508257091/plib_sercom0_i2c_master.o (__aeabi_fmul)
c:/applications/microchip/xc32/bin/bin/../../lib/gcc/pic32c/8.3.1/../../../../pic32c/lib/thumb/v6-m/nofp\libm-fast-emfloat.a(__aeabi_dmul_aux.o)
                              build/default/production/_ext/1360937237/mcp9808_driver.o (__aeabi_dmul)
c:/applications/microchip/xc32/bin/bin/../../lib/gcc/pic32c/8.3.1/../../../../pic32c/lib/thumb/v6-m/nofp\libm-fast-emfloat.a(__aeabi_fdiv.o)
                              build/default/production/_ext/508257091/plib_sercom0_i2c_master.o (__aeabi_fdiv)
c:/applications/microchip/xc32/bin/bin/../../lib/gcc/pic32c/8.3.1/../../../../pic32c/lib/thumb/v6-m/nofp\libm-fast-emfloat.a(__aeabi_fcmplt.o)
                              build/default/production/_ext/60165182/plib_can0.o (__aeabi_fcmplt)
c:/applications/microchip/xc32/bin/bin/../../lib/gcc/pic32c/8.3.1/../../../../pic32c/lib/thumb/v6-m/nofp\libm-fast-emfloat.a(__aeabi_f2iz.o)
                              build/default/production/_ext/504274921/plib_sercom3_usart.o (__aeabi_f2iz)
c:/applications/microchip/xc32/bin/bin/../../lib/gcc/pic32c/8.3.1/../../../../pic32c/lib/thumb/v6-m/nofp\libm-fast-emfloat.a(__aeabi_f2uiz.o)
                              build/default/production/_ext/508257091/plib_sercom0_i2c_master.o (__aeabi_f2uiz)
c:/applications/microchip/xc32/bin/bin/../../lib/gcc/pic32c/8.3.1/../../../../pic32c/lib/thumb/v6-m/nofp\libm-fast-emfloat.a(__aeabi_i2f.o)
                              build/default/production/_ext/504274921/plib_sercom3_usart.o (__aeabi_i2f)
c:/applications/microchip/xc32/bin/bin/../../lib/gcc/pic32c/8.3.1/../../../../pic32c/lib/thumb/v6-m/nofp\libm-fast-emfloat.a(__aeabi_ui2f.o)
                              build/default/production/_ext/508257091/plib_sercom0_i2c_master.o (__aeabi_ui2f)
c:/applications/microchip/xc32/bin/bin/../../lib/gcc/pic32c/8.3.1/../../../../pic32c/lib/thumb/v6-m/nofp\libm-fast-emfloat.a(__aeabi_f2d.o)
                              build/default/production/_ext/1360937237/bme690_driver.o (__aeabi_f2d)
c:/applications/microchip/xc32/bin/bin/../../lib/gcc/pic32c/8.3.1/../../../../pic32c/lib/thumb/v6-m/nofp\libm-fast-emfloat.a(__aeabi_d2f.o)
                              build/default/production/_ext/1360937237/mcp9808_driver.o (__aeabi_d2f)
c:/applications/microchip/xc32/bin/bin/../../lib/gcc/pic32c/8.3.1/../../../../pic32c/lib/thumb/v6-m/nofp\libc-musl.a(__libc_start_main.o)
                              build/default/production/_ext/1171490990/startup_xc32.o (__libc_init_array)
c:/applications/microchip/xc32/bin/bin/../../lib/gcc/pic32c/8.3.1/../../../../pic32c/lib/thumb/v6-m/nofp\libc-musl.a(libc.o)
                              c:/applications/microchip/xc32/bin/bin/../../lib/gcc/pic32c/8.3.1/../../../../pic32c/lib/thumb/v6-m/nofp\libc-musl.a(__libc_start_main.o) (__progname_full)
c:/applications/microchip/xc32/bin/bin/../../lib/gcc/pic32c/8.3.1/../../../../pic32c/lib/thumb/v6-m/nofp\libc-musl.a(vsnprintf.o)
                              build/default/production/_ext/1832805299/sys_console.o (vsnprintf)
[...]
Memory Configuration

Name             Origin             Length             Attributes
rom              0x0000000000000000 0x0000000000080000 xrl
ram              0x0000000020000000 0x0000000000010000 xw !r
config_00804000  0x0000000000804000 0x0000000000000004
config_00804004  0x0000000000804004 0x0000000000000004
*default*        0x0000000000000000 0xffffffffffffffff

Linker script and memory map

LOAD c:/applications/microchip/xc32/bin/bin/../../lib/gcc/pic32c/8.3.1/thumb/v6-m/nofp/crti.o
LOAD c:/applications/microchip/xc32/bin/bin/../../lib/gcc/pic32c/8.3.1/thumb/v6-m/nofp/crtbegin.o
LOAD build/default/production/_ext/1985337713/plib_divas.o
LOAD build/default/production/_ext/1865616679/plib_supc.o
LOAD build/default/production/_ext/60163342/plib_adc0.o
LOAD build/default/production/_ext/1984496892/plib_clock.o
LOAD build/default/production/_ext/508257091/plib_sercom0_i2c_master.o
LOAD build/default/production/_ext/14461671/sys_dma.o
LOAD build/default/production/_ext/829342655/plib_tc0.o
LOAD build/default/production/_ext/1987437027/plib_freqm.o
LOAD build/default/production/_ext/1171490990/tasks.o
LOAD build/default/production/_ext/163028504/xc32_monitor.o
LOAD build/default/production/_ext/1171490990/initialization.o
LOAD build/default/production/_ext/17022449/plib_sercom1_spi_master.o
LOAD build/default/production/_ext/1171490990/interrupts.o
LOAD build/default/production/_ext/829342655/plib_tc1.o
LOAD build/default/production/_ext/1832805299/sys_console.o
LOAD build/default/production/_ext/60166132/plib_dac.o
LOAD build/default/production/_ext/504274921/plib_sercom3_usart.o
LOAD build/default/production/_ext/60167341/plib_eic.o
LOAD build/default/production/_ext/1360937237/main.o
LOAD build/default/production/_ext/101884895/sys_time.o
LOAD build/default/production/_ext/829342769/plib_pm.o
LOAD build/default/production/_ext/1865161661/plib_dmac.o
LOAD build/default/production/_ext/1593096446/plib_nvmctrl.o
LOAD build/default/production/_ext/60165242/plib_ccl.o
LOAD build/default/production/_ext/60165182/plib_can0.o
LOAD build/default/production/_ext/1865468468/plib_nvic.o
LOAD build/default/production/_ext/1865521619/plib_port.o
LOAD build/default/production/_ext/1881668453/sys_int.o
LOAD build/default/production/_ext/1171490990/startup_xc32.o
LOAD build/default/production/_ext/869808652/drv_usart.o
LOAD build/default/production/_ext/1171490990/libc_syscalls.o
LOAD build/default/production/_ext/60181570/plib_tcc0.o
LOAD build/default/production/_ext/1000052432/sys_reset.o
LOAD build/default/production/_ext/158385033/drv_i2c.o
LOAD build/default/production/_ext/1865510628/plib_pdec.o
LOAD build/default/production/_ext/2070931557/drv_spi.o
LOAD build/default/production/_ext/1865585090/plib_rstc.o
LOAD build/default/production/_ext/60180175/plib_rtc_timer.o
LOAD build/default/production/_ext/1986646378/plib_evsys.o
LOAD build/default/production/_ext/1832805299/sys_console_uart.o
LOAD build/default/production/_ext/1171490990/exceptions.o
LOAD build/default/production/_ext/504274921/plib_sercom2_usart.o
LOAD build/default/production/_ext/1360937237/bme690_driver.o
LOAD build/default/production/_ext/1360937237/can0_driver.o
LOAD build/default/production/_ext/1360937237/console_driver.o
LOAD build/default/production/_ext/1360937237/fcm360w_driver.o
LOAD build/default/production/_ext/1360937237/hdc302x_driver.o
LOAD build/default/production/_ext/1360937237/mcp9808_driver.o
LOAD build/default/production/_ext/1360937237/rstc_driver.o
LOAD build/default/production/_ext/1360937237/rtc_driver.o
LOAD build/default/production/_ext/1360937237/sht4x_driver.o
LOAD build/default/production/_ext/1360937237/timer_driver.o
LOAD build/default/production/_ext/1360937237/xm125_driver.o
                0x0000000000000001                __MPLAB_BUILD = 0x1
                0x0000000000080000                __rom_end = (ORIGIN (rom) + LENGTH (rom))
                0x0000000020010000                __ram_end = (ORIGIN (ram) + LENGTH (ram))

.config_00804000
 *(.config_00804000)

.config_00804004
 *(.config_00804004)

.vectors        0x0000000000000000       0xc0
                0x0000000000000000                . = ALIGN (0x4)
                0x0000000000000000                _sfixed = .
 *(.vectors .vectors.* .vectors_default .vectors_default.*)
 .vectors.exception_table
                0x0000000000000000       0xc0 build/default/production/_ext/1171490990/interrupts.o
                0x0000000000000000                exception_table
 *(.isr_vector)
 *(.reset*)
 *(.after_vectors)

.text           0x00000000000000c0       0x20
                0x00000000000000c0                . = ALIGN (0x4)
 *(.glue_7t)
 .glue_7t       0x00000000000000c0        0x0 linker stubs
 *(.glue_7)
 .glue_7        0x00000000000000c0        0x0 linker stubs
 *(.gnu.linkonce.r.*)
 *(.ARM.extab* .gnu.linkonce.armextab.*)
                0x00000000000000c0                . = ALIGN (0x4)
 *(.init)
 .init          0x00000000000000c0        0x4 c:/applications/microchip/xc32/bin/bin/../../lib/gcc/pic32c/8.3.1/thumb/v6-m/nofp/crti.o
                0x00000000000000c0                _init
 .init          0x00000000000000c4        0x8 c:/applications/microchip/xc32/bin/bin/../../lib/gcc/pic32c/8.3.1/thumb/v6-m/nofp/crtn.o
                0x00000000000000cc                . = ALIGN (0x4)
                0x00000000000000cc                __preinit_array_start = .
 *(.preinit_array)
                0x00000000000000cc                __preinit_array_end = .
                0x00000000000000cc                . = ALIGN (0x4)
                0x00000000000000cc                __init_array_start = .
 *(SORT_BY_NAME(.init_array.*))
 *(.init_array)
 .init_array    0x00000000000000cc        0x4 c:/applications/microchip/xc32/bin/bin/../../lib/gcc/pic32c/8.3.1/thumb/v6-m/nofp/crtbegin.o
                0x00000000000000d0                __init_array_end = .
                0x00000000000000d0                . = ALIGN (0x4)
 *crtbegin.o(.ctors)
 *(EXCLUDE_FILE(*crtend.o) .ctors)
 *(SORT_BY_NAME(.ctors.*))
 *crtend.o(.ctors)
                0x00000000000000d0                . = ALIGN (0x4)
 *(.fini)
 .fini          0x00000000000000d0        0x4 c:/applications/microchip/xc32/bin/bin/../../lib/gcc/pic32c/8.3.1/thumb/v6-m/nofp/crti.o
                0x00000000000000d0                _fini
 .fini          0x00000000000000d4        0x8 c:/applications/microchip/xc32/bin/bin/../../lib/gcc/pic32c/8.3.1/thumb/v6-m/nofp/crtn.o
                0x00000000000000dc                . = ALIGN (0x4)
                0x00000000000000dc                __fini_array_start = .
 *(.fini_array)
 .fini_array    0x00000000000000dc        0x4 c:/applications/microchip/xc32/bin/bin/../../lib/gcc/pic32c/8.3.1/thumb/v6-m/nofp/crtbegin.o
 *(SORT_BY_NAME(.fini_array.*))
                0x00000000000000e0                __fini_array_end = .
 *crtbegin.o(.dtors)
 *(EXCLUDE_FILE(*crtend.o) .dtors)
 *(SORT_BY_NAME(.dtors.*))
 *crtend.o(.dtors)
                0x00000000000000e0                . = ALIGN (0x4)
                0x00000000000000e0                _efixed = .
                [!provide]                        PROVIDE (__exidx_start = .)

.ARM.exidx      0x00000000000000e0        0x8
 *(.ARM.exidx* .gnu.linkonce.armexidx.*)
 .ARM.exidx     0x00000000000000e0        0x8 c:/applications/microchip/xc32/bin/bin/../../lib/gcc/pic32c/8.3.1/thumb/v6-m/nofp\libgcc.a(_udivmoddi4.o)
                [!provide]                        PROVIDE (__exidx_end = .)
                0x00000000000000e8                . = ALIGN (0x4)
                0x00000000000000e8                _etext = .

.bss            0x0000000020000000        0x0
                0x0000000020000000                . = ALIGN (0x4)
                0x0000000020000000                __bss_start__ = .
                0x0000000020000000                _sbss = .
                0x0000000020000000                _szero = .
 *(COMMON)
                0x0000000020000000                . = ALIGN (0x4)
                0x0000000020000000                __bss_end__ = .
                0x0000000020000000                _ebss = .
                0x0000000020000000                _ezero = .
                0x0000000020000000                . = ALIGN (0x4)
                0x0000000020000000                _end = .
                0x000000002000ffff                _ram_end_ = ((ORIGIN (ram) + LENGTH (ram)) - 0x1)
                0x0000000000001000                _min_heap_size = 0x1000
START GROUP
LOAD c:/applications/microchip/xc32/bin/bin/../../lib/gcc/pic32c/8.3.1/../../../../pic32c/lib/thumb/v6-m/nofp\libpic32c.a
LOAD c:/applications/microchip/xc32/bin/bin/../../lib/gcc/pic32c/8.3.1/../../../../pic32c/lib/thumb/v6-m/nofp\libc-size-musl.a
LOAD c:/applications/microchip/xc32/bin/bin/../../lib/gcc/pic32c/8.3.1/../../../../pic32c/lib/thumb/v6-m/nofp\liblmalloc-musl.a
LOAD c:/applications/microchip/xc32/bin/bin/../../lib/gcc/pic32c/8.3.1/../../../../pic32c/lib/thumb/v6-m/nofp\libm-fast-emfloat.a
LOAD c:/applications/microchip/xc32/bin/bin/../../lib/gcc/pic32c/8.3.1/../../../../pic32c/lib/thumb/v6-m/nofp\libm-musl.a
LOAD c:/applications/microchip/xc32/bin/bin/../../lib/gcc/pic32c/8.3.1/../../../../pic32c/lib/thumb/v6-m/nofp\libc-musl.a
LOAD c:/applications/microchip/xc32/bin/bin/../../lib/gcc/pic32c/8.3.1/../../../../pic32c/lib/thumb/v6-m/nofp\libm-fast-emfloat.a
LOAD c:/applications/microchip/xc32/bin/bin/../../lib/gcc/pic32c/8.3.1/../../../../pic32c/lib/thumb/v6-m/nofp\libm-musl.a
LOAD c:/applications/microchip/xc32/bin/bin/../../lib/gcc/pic32c/8.3.1/thumb/v6-m/nofp\libgcc.a
END GROUP
LOAD c:/applications/microchip/xc32/bin/bin/../../lib/gcc/pic32c/8.3.1/thumb/v6-m/nofp/crtend.o
LOAD c:/applications/microchip/xc32/bin/bin/../../lib/gcc/pic32c/8.3.1/thumb/v6-m/nofp/crtn.o
OUTPUT(dist/default/production/PIC32CMxxxxJH01_DRIVER.X.production.elf elf32-littlearm)
LOAD data_init
LOAD stack

.ARM.attributes
                0x0000000000000000       0x2a
 .ARM.attributes
                0x0000000000000000       0x1e c:/applications/microchip/xc32/bin/bin/../../lib/gcc/pic32c/8.3.1/thumb/v6-m/nofp/crti.o
 .ARM.attributes
                0x000000000000001e       0x2c c:/applications/microchip/xc32/bin/bin/../../lib/gcc/pic32c/8.3.1/thumb/v6-m/nofp/crtbegin.o
 .ARM.attributes
                0x000000000000004a       0x2c build/default/production/_ext/1865616679/plib_supc.o
 .ARM.attributes
                0x0000000000000076       0x2c build/default/production/_ext/60163342/plib_adc0.o
 .ARM.attributes
                0x00000000000000a2       0x2c build/default/production/_ext/1984496892/plib_clock.o
 .ARM.attributes
                0x00000000000000ce       0x2c build/default/production/_ext/508257091/plib_sercom0_i2c_master.o
 .ARM.attributes
                0x00000000000000fa       0x2c build/default/production/_ext/14461671/sys_dma.o
 .ARM.attributes
                0x0000000000000126       0x2c build/default/production/_ext/829342655/plib_tc0.o
 .ARM.attributes
                0x0000000000000152       0x2c build/default/production/_ext/1987437027/plib_freqm.o
 .ARM.attributes
                0x000000000000017e       0x2c build/default/production/_ext/1171490990/tasks.o
 .ARM.attributes
                0x00000000000001aa       0x2c build/default/production/_ext/1171490990/initialization.o
 .ARM.attributes
                0x00000000000001d6       0x2c build/default/production/_ext/17022449/plib_sercom1_spi_master.o
 .ARM.attributes
                0x0000000000000202       0x2c build/default/production/_ext/1171490990/interrupts.o
 .ARM.attributes
                0x000000000000022e       0x2c build/default/production/_ext/829342655/plib_tc1.o
 .ARM.attributes
                0x000000000000025a       0x2c build/default/production/_ext/1832805299/sys_console.o
 .ARM.attributes
                0x0000000000000286       0x2c build/default/production/_ext/60166132/plib_dac.o
 .ARM.attributes
                0x00000000000002b2       0x2c build/default/production/_ext/504274921/plib_sercom3_usart.o
 .ARM.attributes
                0x00000000000002de       0x2c build/default/production/_ext/60167341/plib_eic.o
 .ARM.attributes
                0x000000000000030a       0x2c build/default/production/_ext/1360937237/main.o
 .ARM.attributes
                0x0000000000000336       0x2c build/default/production/_ext/101884895/sys_time.o
 .ARM.attributes
                0x0000000000000362       0x2c build/default/production/_ext/829342769/plib_pm.o
 .ARM.attributes
                0x000000000000038e       0x2c build/default/production/_ext/1865161661/plib_dmac.o
 .ARM.attributes
                0x00000000000003ba       0x2c build/default/production/_ext/1593096446/plib_nvmctrl.o
 .ARM.attributes
                0x00000000000003e6       0x2c build/default/production/_ext/60165242/plib_ccl.o
 .ARM.attributes
                0x0000000000000412       0x2c build/default/production/_ext/60165182/plib_can0.o
 .ARM.attributes
                0x000000000000043e       0x2c build/default/production/_ext/1865468468/plib_nvic.o
 .ARM.attributes
                0x000000000000046a       0x2c build/default/production/_ext/1865521619/plib_port.o
 .ARM.attributes
                0x0000000000000496       0x2c build/default/production/_ext/1881668453/sys_int.o
 .ARM.attributes
                0x00000000000004c2       0x2c build/default/production/_ext/1171490990/startup_xc32.o
 .ARM.attributes
                0x00000000000004ee       0x2c build/default/production/_ext/869808652/drv_usart.o
 .ARM.attributes
                0x000000000000051a       0x2c build/default/production/_ext/60181570/plib_tcc0.o
 .ARM.attributes
                0x0000000000000546       0x2c build/default/production/_ext/158385033/drv_i2c.o
 .ARM.attributes
                0x0000000000000572       0x2c build/default/production/_ext/1865510628/plib_pdec.o
 .ARM.attributes
                0x000000000000059e       0x2c build/default/production/_ext/2070931557/drv_spi.o
 .ARM.attributes
                0x00000000000005ca       0x2c build/default/production/_ext/1865585090/plib_rstc.o
 .ARM.attributes
                0x00000000000005f6       0x2c build/default/production/_ext/60180175/plib_rtc_timer.o
 .ARM.attributes
                0x0000000000000622       0x2c build/default/production/_ext/1986646378/plib_evsys.o
 .ARM.attributes
                0x000000000000064e       0x2c build/default/production/_ext/1832805299/sys_console_uart.o
 .ARM.attributes
                0x000000000000067a       0x2c build/default/production/_ext/1171490990/exceptions.o
 .ARM.attributes
                0x00000000000006a6       0x2c build/default/production/_ext/504274921/plib_sercom2_usart.o
 .ARM.attributes
                0x00000000000006d2       0x2c build/default/production/_ext/1360937237/bme690_driver.o
 .ARM.attributes
                0x00000000000006fe       0x2c build/default/production/_ext/1360937237/can0_driver.o
 .ARM.attributes
                0x000000000000072a       0x2c build/default/production/_ext/1360937237/console_driver.o
 .ARM.attributes
                0x0000000000000756       0x2c build/default/production/_ext/1360937237/fcm360w_driver.o
 .ARM.attributes
                0x0000000000000782       0x2c build/default/production/_ext/1360937237/hdc302x_driver.o
 .ARM.attributes
                0x00000000000007ae       0x2c build/default/production/_ext/1360937237/mcp9808_driver.o
 .ARM.attributes
                0x00000000000007da       0x2c build/default/production/_ext/1360937237/rstc_driver.o
 .ARM.attributes
                0x0000000000000806       0x2c build/default/production/_ext/1360937237/rtc_driver.o
 .ARM.attributes
                0x0000000000000832       0x2c build/default/production/_ext/1360937237/sht4x_driver.o
 .ARM.attributes
                0x000000000000085e       0x2c build/default/production/_ext/1360937237/timer_driver.o
 .ARM.attributes
                0x000000000000088a       0x2c build/default/production/_ext/1360937237/xm125_driver.o
 .ARM.attributes
                0x00000000000008b6       0x2c c:/applications/microchip/xc32/bin/bin/../../lib/gcc/pic32c/8.3.1/../../../../pic32c/lib/thumb/v6-m/nofp\libpic32c.a(data_init.o)
 .ARM.attributes
                0x00000000000008e2       0x2e c:/applications/microchip/xc32/bin/bin/../../lib/gcc/pic32c/8.3.1/../../../../pic32c/lib/thumb/v6-m/nofp\libc-size-musl.a(memcpy.o)
 .ARM.attributes
                0x0000000000000910       0x2e c:/applications/microchip/xc32/bin/bin/../../lib/gcc/pic32c/8.3.1/../../../../pic32c/lib/thumb/v6-m/nofp\libc-size-musl.a(memset.o)
 .ARM.attributes
                0x000000000000093e       0x1c c:/applications/microchip/xc32/bin/bin/../../lib/gcc/pic32c/8.3.1/../../../../pic32c/lib/thumb/v6-m/nofp\libm-fast-emfloat.a(__aeabi_fadd.o)
 .ARM.attributes
                0x000000000000095a       0x1c c:/applications/microchip/xc32/bin/bin/../../lib/gcc/pic32c/8.3.1/../../../../pic32c/lib/thumb/v6-m/nofp\libm-fast-emfloat.a(__aeabi_dadd.o)
 .ARM.attributes
                0x0000000000000976       0x1c c:/applications/microchip/xc32/bin/bin/../../lib/gcc/pic32c/8.3.1/../../../../pic32c/lib/thumb/v6-m/nofp\libm-fast-emfloat.a(__aeabi_fsub.o)
 .ARM.attributes
                0x0000000000000992       0x1c c:/applications/microchip/xc32/bin/bin/../../lib/gcc/pic32c/8.3.1/../../../../pic32c/lib/thumb/v6-m/nofp\libm-fast-emfloat.a(__aeabi_fmul.o)
 .ARM.attributes
                0x00000000000009ae       0x1c c:/applications/microchip/xc32/bin/bin/../../lib/gcc/pic32c/8.3.1/../../../../pic32c/lib/thumb/v6-m/nofp\libm-fast-emfloat.a(__aeabi_dmul_aux.o)
 .ARM.attributes
                0x00000000000009ca       0x1c c:/applications/microchip/xc32/bin/bin/../../lib/gcc/pic32c/8.3.1/../../../../pic32c/lib/thumb/v6-m/nofp\libm-fast-emfloat.a(__aeabi_fdiv.o)
 .ARM.attributes
                0x00000000000009e6       0x1c c:/applications/microchip/xc32/bin/bin/../../lib/gcc/pic32c/8.3.1/../../../../pic32c/lib/thumb/v6-m/nofp\libm-fast-emfloat.a(__aeabi_f2iz.o)
 .ARM.attributes
                0x0000000000000a02       0x1c c:/applications/microchip/xc32/bin/bin/../../lib/gcc/pic32c/8.3.1/../../../../pic32c/lib/thumb/v6-m/nofp\libm-fast-emfloat.a(__aeabi_f2uiz.o)
 .ARM.attributes
                0x0000000000000a1e       0x1c c:/applications/microchip/xc32/bin/bin/../../lib/gcc/pic32c/8.3.1/../../../../pic32c/lib/thumb/v6-m/nofp\libm-fast-emfloat.a(__aeabi_i2f.o)
 .ARM.attributes
                0x0000000000000a3a       0x1c c:/applications/microchip/xc32/bin/bin/../../lib/gcc/pic32c/8.3.1/../../../../pic32c/lib/thumb/v6-m/nofp\libm-fast-emfloat.a(__aeabi_ui2f.o)
 .ARM.attributes
                0x0000000000000a56       0x1c c:/applications/microchip/xc32/bin/bin/../../lib/gcc/pic32c/8.3.1/../../../../pic32c/lib/thumb/v6-m/nofp\libm-fast-emfloat.a(__aeabi_f2d.o)
 .ARM.attributes
                0x0000000000000a72       0x1c c:/applications/microchip/xc32/bin/bin/../../lib/gcc/pic32c/8.3.1/../../../../pic32c/lib/thumb/v6-m/nofp\libm-fast-emfloat.a(__aeabi_d2f.o)
 .ARM.attributes
                0x0000000000000a8e       0x2e c:/applications/microchip/xc32/bin/bin/../../lib/gcc/pic32c/8.3.1/../../../../pic32c/lib/thumb/v6-m/nofp\libc-musl.a(__libc_start_main.o)
 .ARM.attributes
                0x0000000000000abc       0x2e c:/applications/microchip/xc32/bin/bin/../../lib/gcc/pic32c/8.3.1/../../../../pic32c/lib/thumb/v6-m/nofp\libc-musl.a(libc.o)
 .ARM.attributes
                0x0000000000000aea       0x2e c:/applications/microchip/xc32/bin/bin/../../lib/gcc/pic32c/8.3.1/../../../../pic32c/lib/thumb/v6-m/nofp\libc-musl.a(__environ.o)
 .ARM.attributes
                0x0000000000000b18       0x1e c:/applications/microchip/xc32/bin/bin/../../lib/gcc/pic32c/8.3.1/thumb/v6-m/nofp\libgcc.a(_udivsi3.o)
 .ARM.attributes
                0x0000000000000b36       0x1e c:/applications/microchip/xc32/bin/bin/../../lib/gcc/pic32c/8.3.1/thumb/v6-m/nofp\libgcc.a(_dvmd_tls.o)
 .ARM.attributes
                0x0000000000000b54       0x1e c:/applications/microchip/xc32/bin/bin/../../lib/gcc/pic32c/8.3.1/thumb/v6-m/nofp\libgcc.a(_aeabi_uldivmod.o)
 .ARM.attributes
                0x0000000000000b72       0x2c c:/applications/microchip/xc32/bin/bin/../../lib/gcc/pic32c/8.3.1/thumb/v6-m/nofp\libgcc.a(_muldi3.o)
 .ARM.attributes
                0x0000000000000b9e       0x2c c:/applications/microchip/xc32/bin/bin/../../lib/gcc/pic32c/8.3.1/thumb/v6-m/nofp\libgcc.a(_udivmoddi4.o)
 .ARM.attributes
                0x0000000000000bca       0x1e c:/applications/microchip/xc32/bin/bin/../../lib/gcc/pic32c/8.3.1/thumb/v6-m/nofp\libgcc.a(_lshrdi3.o)
 .ARM.attributes
                0x0000000000000be8       0x1e c:/applications/microchip/xc32/bin/bin/../../lib/gcc/pic32c/8.3.1/thumb/v6-m/nofp\libgcc.a(_ashldi3.o)
 .ARM.attributes
                0x0000000000000c06       0x1e c:/applications/microchip/xc32/bin/bin/../../lib/gcc/pic32c/8.3.1/thumb/v6-m/nofp\libgcc.a(_clzdi2.o)
 .ARM.attributes
                0x0000000000000c24       0x1e c:/applications/microchip/xc32/bin/bin/../../lib/gcc/pic32c/8.3.1/thumb/v6-m/nofp\libgcc.a(_clzsi2.o)
 .ARM.attributes
                0x0000000000000c42       0x1e c:/applications/microchip/xc32/bin/bin/../../lib/gcc/pic32c/8.3.1/thumb/v6-m/nofp/crtn.o
 .ARM.attributes
                0x0000000000000c60       0x2c c:/applications/microchip/xc32/bin/bin/../../lib/gcc/pic32c/8.3.1/../../../../pic32c/lib/thumb/v6-m/nofp\libpic32c.a(pic32_data_init_clear.o)
 .ARM.attributes
                0x0000000000000c8c       0x2c c:/applications/microchip/xc32/bin/bin/../../lib/gcc/pic32c/8.3.1/../../../../pic32c/lib/thumb/v6-m/nofp\libpic32c.a(pic32_data_init_copy.o)

.comment        0x0000000000000000       0x2b
 .comment       0x0000000000000000       0x2b c:/applications/microchip/xc32/bin/bin/../../lib/gcc/pic32c/8.3.1/thumb/v6-m/nofp/crtbegin.o
                                         0x2c (size before relaxing)
 .comment       0x000000000000002b       0x2c build/default/production/_ext/1865616679/plib_supc.o
 .comment       0x000000000000002b       0x2c build/default/production/_ext/60163342/plib_adc0.o
 .comment       0x000000000000002b       0x2c build/default/production/_ext/1984496892/plib_clock.o
 .comment       0x000000000000002b       0x2c build/default/production/_ext/508257091/plib_sercom0_i2c_master.o
 .comment       0x000000000000002b       0x2c build/default/production/_ext/14461671/sys_dma.o
 .comment       0x000000000000002b       0x2c build/default/production/_ext/829342655/plib_tc0.o
 .comment       0x000000000000002b       0x2c build/default/production/_ext/1987437027/plib_freqm.o
 .comment       0x000000000000002b       0x2c build/default/production/_ext/1171490990/tasks.o
 .comment       0x000000000000002b       0x2c build/default/production/_ext/1171490990/initialization.o
 .comment       0x000000000000002b       0x2c build/default/production/_ext/17022449/plib_sercom1_spi_master.o
 .comment       0x000000000000002b       0x2c build/default/production/_ext/1171490990/interrupts.o
 .comment       0x000000000000002b       0x2c build/default/production/_ext/829342655/plib_tc1.o
 .comment       0x000000000000002b       0x2c build/default/production/_ext/1832805299/sys_console.o
 .comment       0x000000000000002b       0x2c build/default/production/_ext/60166132/plib_dac.o
 .comment       0x000000000000002b       0x2c build/default/production/_ext/504274921/plib_sercom3_usart.o
 .comment       0x000000000000002b       0x2c build/default/production/_ext/60167341/plib_eic.o
 .comment       0x000000000000002b       0x2c build/default/production/_ext/1360937237/main.o
 .comment       0x000000000000002b       0x2c build/default/production/_ext/101884895/sys_time.o
 .comment       0x000000000000002b       0x2c build/default/production/_ext/829342769/plib_pm.o
 .comment       0x000000000000002b       0x2c build/default/production/_ext/1865161661/plib_dmac.o
 .comment       0x000000000000002b       0x2c build/default/production/_ext/1593096446/plib_nvmctrl.o
 .comment       0x000000000000002b       0x2c build/default/production/_ext/60165242/plib_ccl.o
 .comment       0x000000000000002b       0x2c build/default/production/_ext/60165182/plib_can0.o
 .comment       0x000000000000002b       0x2c build/default/production/_ext/1865468468/plib_nvic.o
 .comment       0x000000000000002b       0x2c build/default/production/_ext/1865521619/plib_port.o
 .comment       0x000000000000002b       0x2c build/default/production/_ext/1881668453/sys_int.o
 .comment       0x000000000000002b       0x2c build/default/production/_ext/1171490990/startup_xc32.o
 .comment       0x000000000000002b       0x2c build/default/production/_ext/869808652/drv_usart.o
 .comment       0x000000000000002b       0x2c build/default/production/_ext/60181570/plib_tcc0.o
 .comment       0x000000000000002b       0x2c build/default/production/_ext/158385033/drv_i2c.o
 .comment       0x000000000000002b       0x2c build/default/production/_ext/1865510628/plib_pdec.o
 .comment       0x000000000000002b       0x2c build/default/production/_ext/2070931557/drv_spi.o
 .comment       0x000000000000002b       0x2c build/default/production/_ext/1865585090/plib_rstc.o
 .comment       0x000000000000002b       0x2c build/default/production/_ext/60180175/plib_rtc_timer.o
 .comment       0x000000000000002b       0x2c build/default/production/_ext/1986646378/plib_evsys.o
 .comment       0x000000000000002b       0x2c build/default/production/_ext/1832805299/sys_console_uart.o
 .comment       0x000000000000002b       0x2c build/default/production/_ext/1171490990/exceptions.o
 .comment       0x000000000000002b       0x2c build/default/production/_ext/504274921/plib_sercom2_usart.o
 .comment       0x000000000000002b       0x2c build/default/production/_ext/1360937237/bme690_driver.o
 .comment       0x000000000000002b       0x2c build/default/production/_ext/1360937237/can0_driver.o
 .comment       0x000000000000002b       0x2c build/default/production/_ext/1360937237/console_driver.o
 .comment       0x000000000000002b       0x2c build/default/production/_ext/1360937237/fcm360w_driver.o
 .comment       0x000000000000002b       0x2c build/default/production/_ext/1360937237/hdc302x_driver.o
 .comment       0x000000000000002b       0x2c build/default/production/_ext/1360937237/mcp9808_driver.o
 .comment       0x000000000000002b       0x2c build/default/production/_ext/1360937237/rstc_driver.o
 .comment       0x000000000000002b       0x2c build/default/production/_ext/1360937237/rtc_driver.o
 .comment       0x000000000000002b       0x2c build/default/production/_ext/1360937237/sht4x_driver.o
 .comment       0x000000000000002b       0x2c build/default/production/_ext/1360937237/timer_driver.o
 .comment       0x000000000000002b       0x2c build/default/production/_ext/1360937237/xm125_driver.o
 .comment       0x000000000000002b       0x2c c:/applications/microchip/xc32/bin/bin/../../lib/gcc/pic32c/8.3.1/../../../../pic32c/lib/thumb/v6-m/nofp\libpic32c.a(data_init.o)
 .comment       0x000000000000002b       0x2c c:/applications/microchip/xc32/bin/bin/../../lib/gcc/pic32c/8.3.1/../../../../pic32c/lib/thumb/v6-m/nofp\libc-size-musl.a(memcpy.o)
 .comment       0x000000000000002b       0x2c c:/applications/microchip/xc32/bin/bin/../../lib/gcc/pic32c/8.3.1/../../../../pic32c/lib/thumb/v6-m/nofp\libc-size-musl.a(memset.o)
 .comment       0x000000000000002b       0x2c c:/applications/microchip/xc32/bin/bin/../../lib/gcc/pic32c/8.3.1/../../../../pic32c/lib/thumb/v6-m/nofp\libc-musl.a(__libc_start_main.o)
 .comment       0x000000000000002b       0x2c c:/applications/microchip/xc32/bin/bin/../../lib/gcc/pic32c/8.3.1/../../../../pic32c/lib/thumb/v6-m/nofp\libc-musl.a(libc.o)
 .comment       0x000000000000002b       0x2c c:/applications/microchip/xc32/bin/bin/../../lib/gcc/pic32c/8.3.1/../../../../pic32c/lib/thumb/v6-m/nofp\libc-musl.a(__environ.o)
 .comment       0x000000000000002b       0x2c c:/applications/microchip/xc32/bin/bin/../../lib/gcc/pic32c/8.3.1/thumb/v6-m/nofp\libgcc.a(_muldi3.o)
 .comment       0x000000000000002b       0x2c c:/applications/microchip/xc32/bin/bin/../../lib/gcc/pic32c/8.3.1/thumb/v6-m/nofp\libgcc.a(_udivmoddi4.o)
 .comment       0x000000000000002b       0x2c c:/applications/microchip/xc32/bin/bin/../../lib/gcc/pic32c/8.3.1/../../../../pic32c/lib/thumb/v6-m/nofp\libpic32c.a(pic32_data_init_clear.o)
 .comment       0x000000000000002b       0x2c c:/applications/microchip/xc32/bin/bin/../../lib/gcc/pic32c/8.3.1/../../../../pic32c/lib/thumb/v6-m/nofp\libpic32c.a(pic32_data_init_copy.o)

.debug_info     0x0000000000000000    0x211f8
 .debug_info    0x0000000000000000      0x262 build/default/production/_ext/1865616679/plib_supc.o
 .debug_info    0x0000000000000262      0x5f1 build/default/production/_ext/60163342/plib_adc0.o
 .debug_info    0x0000000000000853      0x6ed build/default/production/_ext/1984496892/plib_clock.o
 .debug_info    0x0000000000000f40     0x12ed build/default/production/_ext/508257091/plib_sercom0_i2c_master.o
 .debug_info    0x000000000000222d      0x2f6 build/default/production/_ext/14461671/sys_dma.o
 .debug_info    0x0000000000002523      0x83d build/default/production/_ext/829342655/plib_tc0.o
 .debug_info    0x0000000000002d60      0x2e2 build/default/production/_ext/1987437027/plib_freqm.o
 .debug_info    0x0000000000003042      0x197 build/default/production/_ext/1171490990/tasks.o
 .debug_info    0x00000000000031d9     0x2db5 build/default/production/_ext/1171490990/initialization.o
 .debug_info    0x0000000000005f8e      0xf10 build/default/production/_ext/17022449/plib_sercom1_spi_master.o
 .debug_info    0x0000000000006e9e      0x4e6 build/default/production/_ext/1171490990/interrupts.o
 .debug_info    0x0000000000007384      0x814 build/default/production/_ext/829342655/plib_tc1.o
 .debug_info    0x0000000000007b98      0xc75 build/default/production/_ext/1832805299/sys_console.o
 .debug_info    0x000000000000880d      0x24b build/default/production/_ext/60166132/plib_dac.o
 .debug_info    0x0000000000008a58     0x11cc build/default/production/_ext/504274921/plib_sercom3_usart.o
 .debug_info    0x0000000000009c24      0x3c6 build/default/production/_ext/60167341/plib_eic.o
 .debug_info    0x0000000000009fea       0xeb build/default/production/_ext/1360937237/main.o
 .debug_info    0x000000000000a0d5     0x1d54 build/default/production/_ext/101884895/sys_time.o
 .debug_info    0x000000000000be29      0x175 build/default/production/_ext/829342769/plib_pm.o
 .debug_info    0x000000000000bf9e      0xc04 build/default/production/_ext/1865161661/plib_dmac.o
 .debug_info    0x000000000000cba2      0x809 build/default/production/_ext/1593096446/plib_nvmctrl.o
 .debug_info    0x000000000000d3ab      0x17b build/default/production/_ext/60165242/plib_ccl.o
 .debug_info    0x000000000000d526     0x1326 build/default/production/_ext/60165182/plib_can0.o
 .debug_info    0x000000000000e84c      0xade build/default/production/_ext/1865468468/plib_nvic.o
 .debug_info    0x000000000000f32a      0x5fe build/default/production/_ext/1865521619/plib_port.o
 .debug_info    0x000000000000f928      0x5a0 build/default/production/_ext/1881668453/sys_int.o
 .debug_info    0x000000000000fec8      0x332 build/default/production/_ext/1171490990/startup_xc32.o
 .debug_info    0x00000000000101fa     0x29ea build/default/production/_ext/869808652/drv_usart.o
 .debug_info    0x0000000000012be4      0x529 build/default/production/_ext/60181570/plib_tcc0.o
 .debug_info    0x000000000001310d     0x1eb8 build/default/production/_ext/158385033/drv_i2c.o
 .debug_info    0x0000000000014fc5      0x378 build/default/production/_ext/1865510628/plib_pdec.o
 .debug_info    0x000000000001533d     0x2935 build/default/production/_ext/2070931557/drv_spi.o
 .debug_info    0x0000000000017c72       0xf3 build/default/production/_ext/1865585090/plib_rstc.o
 .debug_info    0x0000000000017d65      0x7ea build/default/production/_ext/60180175/plib_rtc_timer.o
 .debug_info    0x000000000001854f       0x9b build/default/production/_ext/1986646378/plib_evsys.o
 .debug_info    0x00000000000185ea      0xdd1 build/default/production/_ext/1832805299/sys_console_uart.o
 .debug_info    0x00000000000193bb       0xc1 build/default/production/_ext/1171490990/exceptions.o
 .debug_info    0x000000000001947c     0x17df build/default/production/_ext/504274921/plib_sercom2_usart.o
 .debug_info    0x000000000001ac5b     0x1070 build/default/production/_ext/1360937237/bme690_driver.o
 .debug_info    0x000000000001bccb      0xc7c build/default/production/_ext/1360937237/can0_driver.o
 .debug_info    0x000000000001c947      0x13a build/default/production/_ext/1360937237/console_driver.o
 .debug_info    0x000000000001ca81      0x165 build/default/production/_ext/1360937237/fcm360w_driver.o
 .debug_info    0x000000000001cbe6     0x145d build/default/production/_ext/1360937237/hdc302x_driver.o
 .debug_info    0x000000000001e043      0xbbf build/default/production/_ext/1360937237/mcp9808_driver.o
 .debug_info    0x000000000001ec02      0x41e build/default/production/_ext/1360937237/rstc_driver.o
 .debug_info    0x000000000001f020      0x3bc build/default/production/_ext/1360937237/rtc_driver.o
 .debug_info    0x000000000001f3dc      0x9d6 build/default/production/_ext/1360937237/sht4x_driver.o
 .debug_info    0x000000000001fdb2      0x595 build/default/production/_ext/1360937237/timer_driver.o
 .debug_info    0x0000000000020347      0x13a build/default/production/_ext/1360937237/xm125_driver.o
 .debug_info    0x0000000000020481       0x68 c:/applications/microchip/xc32/bin/bin/../../lib/gcc/pic32c/8.3.1/../../../../pic32c/lib/thumb/v6-m/nofp\libpic32c.a(data_init.o)
 .debug_info    0x00000000000204e9       0xed c:/applications/microchip/xc32/bin/bin/../../lib/gcc/pic32c/8.3.1/../../../../pic32c/lib/thumb/v6-m/nofp\libc-size-musl.a(memcpy.o)
 .debug_info    0x00000000000205d6       0xbb c:/applications/microchip/xc32/bin/bin/../../lib/gcc/pic32c/8.3.1/../../../../pic32c/lib/thumb/v6-m/nofp\libc-size-musl.a(memset.o)
 .debug_info    0x0000000000020691      0x2fb c:/applications/microchip/xc32/bin/bin/../../lib/gcc/pic32c/8.3.1/../../../../pic32c/lib/thumb/v6-m/nofp\libc-musl.a(__libc_start_main.o)
 .debug_info    0x000000000002098c      0x276 c:/applications/microchip/xc32/bin/bin/../../lib/gcc/pic32c/8.3.1/../../../../pic32c/lib/thumb/v6-m/nofp\libc-musl.a(libc.o)
 .debug_info    0x0000000000020c02       0x97 c:/applications/microchip/xc32/bin/bin/../../lib/gcc/pic32c/8.3.1/../../../../pic32c/lib/thumb/v6-m/nofp\libc-musl.a(__environ.o)
 .debug_info    0x0000000000020c99       0x26 c:/applications/microchip/xc32/bin/bin/../../lib/gcc/pic32c/8.3.1/thumb/v6-m/nofp\libgcc.a(_udivsi3.o)
 .debug_info    0x0000000000020cbf       0x26 c:/applications/microchip/xc32/bin/bin/../../lib/gcc/pic32c/8.3.1/thumb/v6-m/nofp\libgcc.a(_dvmd_tls.o)
 .debug_info    0x0000000000020ce5       0x26 c:/applications/microchip/xc32/bin/bin/../../lib/gcc/pic32c/8.3.1/thumb/v6-m/nofp\libgcc.a(_aeabi_uldivmod.o)
 .debug_info    0x0000000000020d0b      0x243 c:/applications/microchip/xc32/bin/bin/../../lib/gcc/pic32c/8.3.1/thumb/v6-m/nofp\libgcc.a(_muldi3.o)
 .debug_info    0x0000000000020f4e      0x193 c:/applications/microchip/xc32/bin/bin/../../lib/gcc/pic32c/8.3.1/thumb/v6-m/nofp\libgcc.a(_udivmoddi4.o)
 .debug_info    0x00000000000210e1       0x26 c:/applications/microchip/xc32/bin/bin/../../lib/gcc/pic32c/8.3.1/thumb/v6-m/nofp\libgcc.a(_lshrdi3.o)
 .debug_info    0x0000000000021107       0x26 c:/applications/microchip/xc32/bin/bin/../../lib/gcc/pic32c/8.3.1/thumb/v6-m/nofp\libgcc.a(_ashldi3.o)
 .debug_info    0x000000000002112d       0x26 c:/applications/microchip/xc32/bin/bin/../../lib/gcc/pic32c/8.3.1/thumb/v6-m/nofp\libgcc.a(_clzdi2.o)
 .debug_info    0x0000000000021153       0x26 c:/applications/microchip/xc32/bin/bin/../../lib/gcc/pic32c/8.3.1/thumb/v6-m/nofp\libgcc.a(_clzsi2.o)
 .debug_info    0x0000000000021179       0x3f c:/applications/microchip/xc32/bin/bin/../../lib/gcc/pic32c/8.3.1/../../../../pic32c/lib/thumb/v6-m/nofp\libpic32c.a(pic32_data_init_clear.o)
 .debug_info    0x00000000000211b8       0x40 c:/applications/microchip/xc32/bin/bin/../../lib/gcc/pic32c/8.3.1/../../../../pic32c/lib/thumb/v6-m/nofp\libpic32c.a(pic32_data_init_copy.o)

.debug_abbrev   0x0000000000000000     0x6b42
 .debug_abbrev  0x0000000000000000      0x12b build/default/production/_ext/1865616679/plib_supc.o
 .debug_abbrev  0x000000000000012b      0x172 build/default/production/_ext/60163342/plib_adc0.o
 .debug_abbrev  0x000000000000029d      0x1b4 build/default/production/_ext/1984496892/plib_clock.o
 .debug_abbrev  0x0000000000000451      0x3a9 build/default/production/_ext/508257091/plib_sercom0_i2c_master.o
 .debug_abbrev  0x00000000000007fa       0xfd build/default/production/_ext/14461671/sys_dma.o
 .debug_abbrev  0x00000000000008f7      0x1be build/default/production/_ext/829342655/plib_tc0.o
 .debug_abbrev  0x0000000000000ab5      0x138 build/default/production/_ext/1987437027/plib_freqm.o
 .debug_abbrev  0x0000000000000bed       0x7b build/default/production/_ext/1171490990/tasks.o
 .debug_abbrev  0x0000000000000c68      0x284 build/default/production/_ext/1171490990/initialization.o
 .debug_abbrev  0x0000000000000eec      0x276 build/default/production/_ext/17022449/plib_sercom1_spi_master.o
 .debug_abbrev  0x0000000000001162      0x11e build/default/production/_ext/1171490990/interrupts.o
 .debug_abbrev  0x0000000000001280      0x1be build/default/production/_ext/829342655/plib_tc1.o
 .debug_abbrev  0x000000000000143e      0x3c1 build/default/production/_ext/1832805299/sys_console.o
 .debug_abbrev  0x00000000000017ff       0xf0 build/default/production/_ext/60166132/plib_dac.o
 .debug_abbrev  0x00000000000018ef      0x318 build/default/production/_ext/504274921/plib_sercom3_usart.o
 .debug_abbrev  0x0000000000001c07      0x195 build/default/production/_ext/60167341/plib_eic.o
 .debug_abbrev  0x0000000000001d9c       0x82 build/default/production/_ext/1360937237/main.o
 .debug_abbrev  0x0000000000001e1e      0x51d build/default/production/_ext/101884895/sys_time.o
 .debug_abbrev  0x000000000000233b       0xa4 build/default/production/_ext/829342769/plib_pm.o
 .debug_abbrev  0x00000000000023df      0x2b9 build/default/production/_ext/1865161661/plib_dmac.o
 .debug_abbrev  0x0000000000002698      0x1f2 build/default/production/_ext/1593096446/plib_nvmctrl.o
 .debug_abbrev  0x000000000000288a       0xa4 build/default/production/_ext/60165242/plib_ccl.o
 .debug_abbrev  0x000000000000292e      0x31b build/default/production/_ext/60165182/plib_can0.o
 .debug_abbrev  0x0000000000002c49      0x271 build/default/production/_ext/1865468468/plib_nvic.o
 .debug_abbrev  0x0000000000002eba      0x1e8 build/default/production/_ext/1865521619/plib_port.o
 .debug_abbrev  0x00000000000030a2      0x262 build/default/production/_ext/1881668453/sys_int.o
 .debug_abbrev  0x0000000000003304      0x187 build/default/production/_ext/1171490990/startup_xc32.o
 .debug_abbrev  0x000000000000348b      0x523 build/default/production/_ext/869808652/drv_usart.o
 .debug_abbrev  0x00000000000039ae      0x122 build/default/production/_ext/60181570/plib_tcc0.o
 .debug_abbrev  0x0000000000003ad0      0x4a4 build/default/production/_ext/158385033/drv_i2c.o
 .debug_abbrev  0x0000000000003f74       0xf2 build/default/production/_ext/1865510628/plib_pdec.o
 .debug_abbrev  0x0000000000004066      0x4ec build/default/production/_ext/2070931557/drv_spi.o
 .debug_abbrev  0x0000000000004552       0x94 build/default/production/_ext/1865585090/plib_rstc.o
 .debug_abbrev  0x00000000000045e6      0x1a2 build/default/production/_ext/60180175/plib_rtc_timer.o
 .debug_abbrev  0x0000000000004788       0x46 build/default/production/_ext/1986646378/plib_evsys.o
 .debug_abbrev  0x00000000000047ce      0x31c build/default/production/_ext/1832805299/sys_console_uart.o
 .debug_abbrev  0x0000000000004aea       0x49 build/default/production/_ext/1171490990/exceptions.o
 .debug_abbrev  0x0000000000004b33      0x43d build/default/production/_ext/504274921/plib_sercom2_usart.o
 .debug_abbrev  0x0000000000004f70      0x21f build/default/production/_ext/1360937237/bme690_driver.o
 .debug_abbrev  0x000000000000518f      0x3a8 build/default/production/_ext/1360937237/can0_driver.o
 .debug_abbrev  0x0000000000005537       0xdd build/default/production/_ext/1360937237/console_driver.o
 .debug_abbrev  0x0000000000005614       0xbc build/default/production/_ext/1360937237/fcm360w_driver.o
 .debug_abbrev  0x00000000000056d0      0x2c9 build/default/production/_ext/1360937237/hdc302x_driver.o
 .debug_abbrev  0x0000000000005999      0x272 build/default/production/_ext/1360937237/mcp9808_driver.o
 .debug_abbrev  0x0000000000005c0b      0x21d build/default/production/_ext/1360937237/rstc_driver.o
 .debug_abbrev  0x0000000000005e28      0x210 build/default/production/_ext/1360937237/rtc_driver.o
 .debug_abbrev  0x0000000000006038      0x258 build/default/production/_ext/1360937237/sht4x_driver.o
 .debug_abbrev  0x0000000000006290      0x13f build/default/production/_ext/1360937237/timer_driver.o
 .debug_abbrev  0x00000000000063cf       0xdd build/default/production/_ext/1360937237/xm125_driver.o
 .debug_abbrev  0x00000000000064ac       0x44 c:/applications/microchip/xc32/bin/bin/../../lib/gcc/pic32c/8.3.1/../../../../pic32c/lib/thumb/v6-m/nofp\libpic32c.a(data_init.o)
 .debug_abbrev  0x00000000000064f0       0xbb c:/applications/microchip/xc32/bin/bin/../../lib/gcc/pic32c/8.3.1/../../../../pic32c/lib/thumb/v6-m/nofp\libc-size-musl.a(memcpy.o)
 .debug_abbrev  0x00000000000065ab       0xa2 c:/applications/microchip/xc32/bin/bin/../../lib/gcc/pic32c/8.3.1/../../../../pic32c/lib/thumb/v6-m/nofp\libc-size-musl.a(memset.o)
 .debug_abbrev  0x000000000000664d      0x133 c:/applications/microchip/xc32/bin/bin/../../lib/gcc/pic32c/8.3.1/../../../../pic32c/lib/thumb/v6-m/nofp\libc-musl.a(__libc_start_main.o)
 .debug_abbrev  0x0000000000006780       0xd4 c:/applications/microchip/xc32/bin/bin/../../lib/gcc/pic32c/8.3.1/../../../../pic32c/lib/thumb/v6-m/nofp\libc-musl.a(libc.o)
 .debug_abbrev  0x0000000000006854       0x62 c:/applications/microchip/xc32/bin/bin/../../lib/gcc/pic32c/8.3.1/../../../../pic32c/lib/thumb/v6-m/nofp\libc-musl.a(__environ.o)
 .debug_abbrev  0x00000000000068b6       0x14 c:/applications/microchip/xc32/bin/bin/../../lib/gcc/pic32c/8.3.1/thumb/v6-m/nofp\libgcc.a(_udivsi3.o)
 .debug_abbrev  0x00000000000068ca       0x14 c:/applications/microchip/xc32/bin/bin/../../lib/gcc/pic32c/8.3.1/thumb/v6-m/nofp\libgcc.a(_dvmd_tls.o)
 .debug_abbrev  0x00000000000068de       0x14 c:/applications/microchip/xc32/bin/bin/../../lib/gcc/pic32c/8.3.1/thumb/v6-m/nofp\libgcc.a(_aeabi_uldivmod.o)
 .debug_abbrev  0x00000000000068f2      0x10b c:/applications/microchip/xc32/bin/bin/../../lib/gcc/pic32c/8.3.1/thumb/v6-m/nofp\libgcc.a(_muldi3.o)
 .debug_abbrev  0x00000000000069fd       0x99 c:/applications/microchip/xc32/bin/bin/../../lib/gcc/pic32c/8.3.1/thumb/v6-m/nofp\libgcc.a(_udivmoddi4.o)
 .debug_abbrev  0x0000000000006a96       0x14 c:/applications/microchip/xc32/bin/bin/../../lib/gcc/pic32c/8.3.1/thumb/v6-m/nofp\libgcc.a(_lshrdi3.o)
 .debug_abbrev  0x0000000000006aaa       0x14 c:/applications/microchip/xc32/bin/bin/../../lib/gcc/pic32c/8.3.1/thumb/v6-m/nofp\libgcc.a(_ashldi3.o)
 .debug_abbrev  0x0000000000006abe       0x14 c:/applications/microchip/xc32/bin/bin/../../lib/gcc/pic32c/8.3.1/thumb/v6-m/nofp\libgcc.a(_clzdi2.o)
 .debug_abbrev  0x0000000000006ad2       0x14 c:/applications/microchip/xc32/bin/bin/../../lib/gcc/pic32c/8.3.1/thumb/v6-m/nofp\libgcc.a(_clzsi2.o)
 .debug_abbrev  0x0000000000006ae6       0x2e c:/applications/microchip/xc32/bin/bin/../../lib/gcc/pic32c/8.3.1/../../../../pic32c/lib/thumb/v6-m/nofp\libpic32c.a(pic32_data_init_clear.o)
 .debug_abbrev  0x0000000000006b14       0x2e c:/applications/microchip/xc32/bin/bin/../../lib/gcc/pic32c/8.3.1/../../../../pic32c/lib/thumb/v6-m/nofp\libpic32c.a(pic32_data_init_copy.o)

.debug_loc      0x0000000000000000    0x121a1
 .debug_loc     0x0000000000000000       0x6e build/default/production/_ext/1865616679/plib_supc.o
 .debug_loc     0x000000000000006e      0x14d build/default/production/_ext/60163342/plib_adc0.o
 .debug_loc     0x00000000000001bb       0x6f build/default/production/_ext/1984496892/plib_clock.o
 .debug_loc     0x000000000000022a      0xcad build/default/production/_ext/508257091/plib_sercom0_i2c_master.o
 .debug_loc     0x0000000000000ed7      0x186 build/default/production/_ext/14461671/sys_dma.o
 .debug_loc     0x000000000000105d       0x74 build/default/production/_ext/829342655/plib_tc0.o
 .debug_loc     0x00000000000010d1      0x10a build/default/production/_ext/1987437027/plib_freqm.o
 .debug_loc     0x00000000000011db       0x20 build/default/production/_ext/1171490990/tasks.o
 .debug_loc     0x00000000000011fb       0x45 build/default/production/_ext/1171490990/initialization.o
 .debug_loc     0x0000000000001240      0x68a build/default/production/_ext/17022449/plib_sercom1_spi_master.o
 .debug_loc     0x00000000000018ca       0x60 build/default/production/_ext/1171490990/interrupts.o
 .debug_loc     0x000000000000192a       0x74 build/default/production/_ext/829342655/plib_tc1.o
 .debug_loc     0x000000000000199e      0xc4c build/default/production/_ext/1832805299/sys_console.o
 .debug_loc     0x00000000000025ea       0x25 build/default/production/_ext/60166132/plib_dac.o
 .debug_loc     0x000000000000260f      0x892 build/default/production/_ext/504274921/plib_sercom3_usart.o
 .debug_loc     0x0000000000002ea1       0xfe build/default/production/_ext/60167341/plib_eic.o
 .debug_loc     0x0000000000002f9f       0x20 build/default/production/_ext/1360937237/main.o
 .debug_loc     0x0000000000002fbf     0x248e build/default/production/_ext/101884895/sys_time.o
 .debug_loc     0x000000000000544d      0xb09 build/default/production/_ext/1865161661/plib_dmac.o
 .debug_loc     0x0000000000005f56      0x685 build/default/production/_ext/1593096446/plib_nvmctrl.o
 .debug_loc     0x00000000000065db      0xd37 build/default/production/_ext/60165182/plib_can0.o
 .debug_loc     0x0000000000007312      0x3bb build/default/production/_ext/1865468468/plib_nvic.o
 .debug_loc     0x00000000000076cd      0x29b build/default/production/_ext/1865521619/plib_port.o
 .debug_loc     0x0000000000007968      0x17d build/default/production/_ext/1881668453/sys_int.o
 .debug_loc     0x0000000000007ae5       0x4f build/default/production/_ext/1171490990/startup_xc32.o
 .debug_loc     0x0000000000007b34     0x28d9 build/default/production/_ext/869808652/drv_usart.o
 .debug_loc     0x000000000000a40d      0x155 build/default/production/_ext/60181570/plib_tcc0.o
 .debug_loc     0x000000000000a562     0x1b2f build/default/production/_ext/158385033/drv_i2c.o
 .debug_loc     0x000000000000c091       0x15 build/default/production/_ext/1865510628/plib_pdec.o
 .debug_loc     0x000000000000c0a6     0x226f build/default/production/_ext/2070931557/drv_spi.o
 .debug_loc     0x000000000000e315       0x94 build/default/production/_ext/60180175/plib_rtc_timer.o
 .debug_loc     0x000000000000e3a9      0x997 build/default/production/_ext/1832805299/sys_console_uart.o
 .debug_loc     0x000000000000ed40      0xf01 build/default/production/_ext/504274921/plib_sercom2_usart.o
 .debug_loc     0x000000000000fc41      0x30d build/default/production/_ext/1360937237/bme690_driver.o
 .debug_loc     0x000000000000ff4e      0x3a2 build/default/production/_ext/1360937237/can0_driver.o
 .debug_loc     0x00000000000102f0       0x16 build/default/production/_ext/1360937237/console_driver.o
 .debug_loc     0x0000000000010306      0xdbb build/default/production/_ext/1360937237/hdc302x_driver.o
 .debug_loc     0x00000000000110c1      0x433 build/default/production/_ext/1360937237/mcp9808_driver.o
 .debug_loc     0x00000000000114f4       0xe9 build/default/production/_ext/1360937237/rstc_driver.o
 .debug_loc     0x00000000000115dd       0xb1 build/default/production/_ext/1360937237/rtc_driver.o
 .debug_loc     0x000000000001168e      0x303 build/default/production/_ext/1360937237/sht4x_driver.o
 .debug_loc     0x0000000000011991      0x120 build/default/production/_ext/1360937237/timer_driver.o
 .debug_loc     0x0000000000011ab1       0x16 build/default/production/_ext/1360937237/xm125_driver.o
 .debug_loc     0x0000000000011ac7       0x14 c:/applications/microchip/xc32/bin/bin/../../lib/gcc/pic32c/8.3.1/../../../../pic32c/lib/thumb/v6-m/nofp\libpic32c.a(data_init.o)
 .debug_loc     0x0000000000011adb      0x12d c:/applications/microchip/xc32/bin/bin/../../lib/gcc/pic32c/8.3.1/../../../../pic32c/lib/thumb/v6-m/nofp\libc-size-musl.a(memcpy.o)
 .debug_loc     0x0000000000011c08       0xcd c:/applications/microchip/xc32/bin/bin/../../lib/gcc/pic32c/8.3.1/../../../../pic32c/lib/thumb/v6-m/nofp\libc-size-musl.a(memset.o)
 .debug_loc     0x0000000000011cd5       0x5e c:/applications/microchip/xc32/bin/bin/../../lib/gcc/pic32c/8.3.1/../../../../pic32c/lib/thumb/v6-m/nofp\libc-musl.a(__libc_start_main.o)
 .debug_loc     0x0000000000011d33      0x176 c:/applications/microchip/xc32/bin/bin/../../lib/gcc/pic32c/8.3.1/thumb/v6-m/nofp\libgcc.a(_muldi3.o)
 .debug_loc     0x0000000000011ea9      0x2e4 c:/applications/microchip/xc32/bin/bin/../../lib/gcc/pic32c/8.3.1/thumb/v6-m/nofp\libgcc.a(_udivmoddi4.o)
 .debug_loc     0x000000000001218d       0x14 c:/applications/microchip/xc32/bin/bin/../../lib/gcc/pic32c/8.3.1/../../../../pic32c/lib/thumb/v6-m/nofp\libpic32c.a(pic32_data_init_copy.o)

.debug_aranges  0x0000000000000000     0x1930
 .debug_aranges
                0x0000000000000000       0x30 build/default/production/_ext/1865616679/plib_supc.o
 .debug_aranges
                0x0000000000000030       0x80 build/default/production/_ext/60163342/plib_adc0.o
 .debug_aranges
                0x00000000000000b0       0x30 build/default/production/_ext/1984496892/plib_clock.o
 .debug_aranges
                0x00000000000000e0       0x78 build/default/production/_ext/508257091/plib_sercom0_i2c_master.o
 .debug_aranges
                0x0000000000000158       0x28 build/default/production/_ext/14461671/sys_dma.o
 .debug_aranges
                0x0000000000000180       0x78 build/default/production/_ext/829342655/plib_tc0.o
 .debug_aranges
                0x00000000000001f8       0x40 build/default/production/_ext/1987437027/plib_freqm.o
 .debug_aranges
                0x0000000000000238       0x20 build/default/production/_ext/1171490990/tasks.o
 .debug_aranges
                0x0000000000000258       0x20 build/default/production/_ext/1171490990/initialization.o
 .debug_aranges
                0x0000000000000278       0x60 build/default/production/_ext/17022449/plib_sercom1_spi_master.o
 .debug_aranges
                0x00000000000002d8       0x38 build/default/production/_ext/1171490990/interrupts.o
 .debug_aranges
                0x0000000000000310       0x70 build/default/production/_ext/829342655/plib_tc1.o
 .debug_aranges
                0x0000000000000380       0x88 build/default/production/_ext/1832805299/sys_console.o
 .debug_aranges
                0x0000000000000408       0x30 build/default/production/_ext/60166132/plib_dac.o
 .debug_aranges
                0x0000000000000438       0xe0 build/default/production/_ext/504274921/plib_sercom3_usart.o
 .debug_aranges
                0x0000000000000518       0x40 build/default/production/_ext/60167341/plib_eic.o
 .debug_aranges
                0x0000000000000558       0x20 build/default/production/_ext/1360937237/main.o
 .debug_aranges
                0x0000000000000578      0x128 build/default/production/_ext/101884895/sys_time.o
 .debug_aranges
                0x00000000000006a0       0x30 build/default/production/_ext/829342769/plib_pm.o
 .debug_aranges
                0x00000000000006d0       0x98 build/default/production/_ext/1865161661/plib_dmac.o
 .debug_aranges
                0x0000000000000768       0xb0 build/default/production/_ext/1593096446/plib_nvmctrl.o
 .debug_aranges
                0x0000000000000818       0x20 build/default/production/_ext/60165242/plib_ccl.o
 .debug_aranges
                0x0000000000000838       0xa0 build/default/production/_ext/60165182/plib_can0.o
 .debug_aranges
                0x00000000000008d8       0x48 build/default/production/_ext/1865468468/plib_nvic.o
 .debug_aranges
                0x0000000000000920       0x68 build/default/production/_ext/1865521619/plib_port.o
 .debug_aranges
                0x0000000000000988       0x40 build/default/production/_ext/1881668453/sys_int.o
 .debug_aranges
                0x00000000000009c8       0x28 build/default/production/_ext/1171490990/startup_xc32.o
 .debug_aranges
                0x00000000000009f0      0x110 build/default/production/_ext/869808652/drv_usart.o
 .debug_aranges
                0x0000000000000b00       0x80 build/default/production/_ext/60181570/plib_tcc0.o
 .debug_aranges
                0x0000000000000b80       0xc0 build/default/production/_ext/158385033/drv_i2c.o
 .debug_aranges
                0x0000000000000c40       0x50 build/default/production/_ext/1865510628/plib_pdec.o
 .debug_aranges
                0x0000000000000c90       0xb8 build/default/production/_ext/2070931557/drv_spi.o
 .debug_aranges
                0x0000000000000d48       0x20 build/default/production/_ext/1865585090/plib_rstc.o
 .debug_aranges
                0x0000000000000d68       0x88 build/default/production/_ext/60180175/plib_rtc_timer.o
 .debug_aranges
                0x0000000000000df0       0x20 build/default/production/_ext/1986646378/plib_evsys.o
 .debug_aranges
                0x0000000000000e10       0x68 build/default/production/_ext/1832805299/sys_console_uart.o
 .debug_aranges
                0x0000000000000e78       0x28 build/default/production/_ext/1171490990/exceptions.o
 .debug_aranges
                0x0000000000000ea0       0xe8 build/default/production/_ext/504274921/plib_sercom2_usart.o
 .debug_aranges
                0x0000000000000f88      0x1e8 build/default/production/_ext/1360937237/bme690_driver.o
 .debug_aranges
                0x0000000000001170       0x78 build/default/production/_ext/1360937237/can0_driver.o
 .debug_aranges
                0x00000000000011e8       0x28 build/default/production/_ext/1360937237/console_driver.o
 .debug_aranges
                0x0000000000001210       0x28 build/default/production/_ext/1360937237/fcm360w_driver.o
 .debug_aranges
                0x0000000000001238      0x1e8 build/default/production/_ext/1360937237/hdc302x_driver.o
 .debug_aranges
                0x0000000000001420       0xc0 build/default/production/_ext/1360937237/mcp9808_driver.o
 .debug_aranges
                0x00000000000014e0       0x50 build/default/production/_ext/1360937237/rstc_driver.o
 .debug_aranges
                0x0000000000001530       0x58 build/default/production/_ext/1360937237/rtc_driver.o
 .debug_aranges
                0x0000000000001588       0x98 build/default/production/_ext/1360937237/sht4x_driver.o
 .debug_aranges
                0x0000000000001620       0xc0 build/default/production/_ext/1360937237/timer_driver.o
 .debug_aranges
                0x00000000000016e0       0x28 build/default/production/_ext/1360937237/xm125_driver.o
 .debug_aranges
                0x0000000000001708       0x30 c:/applications/microchip/xc32/bin/bin/../../lib/gcc/pic32c/8.3.1/../../../../pic32c/lib/thumb/v6-m/nofp\libpic32c.a(data_init.o)
 .debug_aranges
                0x0000000000001738       0x20 c:/applications/microchip/xc32/bin/bin/../../lib/gcc/pic32c/8.3.1/../../../../pic32c/lib/thumb/v6-m/nofp\libc-size-musl.a(memcpy.o)
 .debug_aranges
                0x0000000000001758       0x20 c:/applications/microchip/xc32/bin/bin/../../lib/gcc/pic32c/8.3.1/../../../../pic32c/lib/thumb/v6-m/nofp\libc-size-musl.a(memset.o)
 .debug_aranges
                0x0000000000001778       0x28 c:/applications/microchip/xc32/bin/bin/../../lib/gcc/pic32c/8.3.1/../../../../pic32c/lib/thumb/v6-m/nofp\libc-musl.a(__libc_start_main.o)
 .debug_aranges
                0x00000000000017a0       0x18 c:/applications/microchip/xc32/bin/bin/../../lib/gcc/pic32c/8.3.1/../../../../pic32c/lib/thumb/v6-m/nofp\libc-musl.a(libc.o)
 .debug_aranges
                0x00000000000017b8       0x18 c:/applications/microchip/xc32/bin/bin/../../lib/gcc/pic32c/8.3.1/../../../../pic32c/lib/thumb/v6-m/nofp\libc-musl.a(__environ.o)
 .debug_aranges
                0x00000000000017d0       0x20 c:/applications/microchip/xc32/bin/bin/../../lib/gcc/pic32c/8.3.1/thumb/v6-m/nofp\libgcc.a(_udivsi3.o)
 .debug_aranges
                0x00000000000017f0       0x20 c:/applications/microchip/xc32/bin/bin/../../lib/gcc/pic32c/8.3.1/thumb/v6-m/nofp\libgcc.a(_dvmd_tls.o)
 .debug_aranges
                0x0000000000001810       0x20 c:/applications/microchip/xc32/bin/bin/../../lib/gcc/pic32c/8.3.1/thumb/v6-m/nofp\libgcc.a(_aeabi_uldivmod.o)
 .debug_aranges
                0x0000000000001830       0x20 c:/applications/microchip/xc32/bin/bin/../../lib/gcc/pic32c/8.3.1/thumb/v6-m/nofp\libgcc.a(_muldi3.o)
 .debug_aranges
                0x0000000000001850       0x20 c:/applications/microchip/xc32/bin/bin/../../lib/gcc/pic32c/8.3.1/thumb/v6-m/nofp\libgcc.a(_udivmoddi4.o)
 .debug_aranges
                0x0000000000001870       0x20 c:/applications/microchip/xc32/bin/bin/../../lib/gcc/pic32c/8.3.1/thumb/v6-m/nofp\libgcc.a(_lshrdi3.o)
 .debug_aranges
                0x0000000000001890       0x20 c:/applications/microchip/xc32/bin/bin/../../lib/gcc/pic32c/8.3.1/thumb/v6-m/nofp\libgcc.a(_ashldi3.o)
 .debug_aranges
                0x00000000000018b0       0x20 c:/applications/microchip/xc32/bin/bin/../../lib/gcc/pic32c/8.3.1/thumb/v6-m/nofp\libgcc.a(_clzdi2.o)
 .debug_aranges
                0x00000000000018d0       0x20 c:/applications/microchip/xc32/bin/bin/../../lib/gcc/pic32c/8.3.1/thumb/v6-m/nofp\libgcc.a(_clzsi2.o)
 .debug_aranges
                0x00000000000018f0       0x20 c:/applications/microchip/xc32/bin/bin/../../lib/gcc/pic32c/8.3.1/../../../../pic32c/lib/thumb/v6-m/nofp\libpic32c.a(pic32_data_init_clear.o)
 .debug_aranges
                0x0000000000001910       0x20 c:/applications/microchip/xc32/bin/bin/../../lib/gcc/pic32c/8.3.1/../../../../pic32c/lib/thumb/v6-m/nofp\libpic32c.a(pic32_data_init_copy.o)

.debug_ranges   0x0000000000000000     0x1d08
 .debug_ranges  0x0000000000000000       0x20 build/default/production/_ext/1865616679/plib_supc.o
 .debug_ranges  0x0000000000000020       0x70 build/default/production/_ext/60163342/plib_adc0.o
 .debug_ranges  0x0000000000000090       0x20 build/default/production/_ext/1984496892/plib_clock.o
 .debug_ranges  0x00000000000000b0      0x130 build/default/production/_ext/508257091/plib_sercom0_i2c_master.o
 .debug_ranges  0x00000000000001e0       0x18 build/default/production/_ext/14461671/sys_dma.o
 .debug_ranges  0x00000000000001f8       0x68 build/default/production/_ext/829342655/plib_tc0.o
 .debug_ranges  0x0000000000000260       0x48 build/default/production/_ext/1987437027/plib_freqm.o
 .debug_ranges  0x00000000000002a8       0x10 build/default/production/_ext/1171490990/tasks.o
 .debug_ranges  0x00000000000002b8       0x10 build/default/production/_ext/1171490990/initialization.o
 .debug_ranges  0x00000000000002c8       0x68 build/default/production/_ext/17022449/plib_sercom1_spi_master.o
 .debug_ranges  0x0000000000000330       0x28 build/default/production/_ext/1171490990/interrupts.o
 .debug_ranges  0x0000000000000358       0x60 build/default/production/_ext/829342655/plib_tc1.o
 .debug_ranges  0x00000000000003b8       0x90 build/default/production/_ext/1832805299/sys_console.o
 .debug_ranges  0x0000000000000448       0x20 build/default/production/_ext/60166132/plib_dac.o
 .debug_ranges  0x0000000000000468      0x120 build/default/production/_ext/504274921/plib_sercom3_usart.o
 .debug_ranges  0x0000000000000588       0x30 build/default/production/_ext/60167341/plib_eic.o
 .debug_ranges  0x00000000000005b8       0x10 build/default/production/_ext/1360937237/main.o
 .debug_ranges  0x00000000000005c8      0x1a0 build/default/production/_ext/101884895/sys_time.o
 .debug_ranges  0x0000000000000768       0x20 build/default/production/_ext/829342769/plib_pm.o
 .debug_ranges  0x0000000000000788       0xa0 build/default/production/_ext/1865161661/plib_dmac.o
 .debug_ranges  0x0000000000000828       0xa0 build/default/production/_ext/1593096446/plib_nvmctrl.o
 .debug_ranges  0x00000000000008c8       0x10 build/default/production/_ext/60165242/plib_ccl.o
 .debug_ranges  0x00000000000008d8       0x90 build/default/production/_ext/60165182/plib_can0.o
 .debug_ranges  0x0000000000000968       0x50 build/default/production/_ext/1865468468/plib_nvic.o
 .debug_ranges  0x00000000000009b8       0x58 build/default/production/_ext/1865521619/plib_port.o
 .debug_ranges  0x0000000000000a10       0x48 build/default/production/_ext/1881668453/sys_int.o
 .debug_ranges  0x0000000000000a58       0x18 build/default/production/_ext/1171490990/startup_xc32.o
 .debug_ranges  0x0000000000000a70      0x248 build/default/production/_ext/869808652/drv_usart.o
 .debug_ranges  0x0000000000000cb8       0x70 build/default/production/_ext/60181570/plib_tcc0.o
 .debug_ranges  0x0000000000000d28      0x190 build/default/production/_ext/158385033/drv_i2c.o
 .debug_ranges  0x0000000000000eb8       0x40 build/default/production/_ext/1865510628/plib_pdec.o
 .debug_ranges  0x0000000000000ef8      0x1d0 build/default/production/_ext/2070931557/drv_spi.o
 .debug_ranges  0x00000000000010c8       0x10 build/default/production/_ext/1865585090/plib_rstc.o
 .debug_ranges  0x00000000000010d8       0x78 build/default/production/_ext/60180175/plib_rtc_timer.o
 .debug_ranges  0x0000000000001150       0x10 build/default/production/_ext/1986646378/plib_evsys.o
 .debug_ranges  0x0000000000001160      0x1a8 build/default/production/_ext/1832805299/sys_console_uart.o
 .debug_ranges  0x0000000000001308       0x18 build/default/production/_ext/1171490990/exceptions.o
 .debug_ranges  0x0000000000001320      0x1e8 build/default/production/_ext/504274921/plib_sercom2_usart.o
 .debug_ranges  0x0000000000001508      0x1d8 build/default/production/_ext/1360937237/bme690_driver.o
 .debug_ranges  0x00000000000016e0       0xc8 build/default/production/_ext/1360937237/can0_driver.o
 .debug_ranges  0x00000000000017a8       0x18 build/default/production/_ext/1360937237/console_driver.o
 .debug_ranges  0x00000000000017c0       0x18 build/default/production/_ext/1360937237/fcm360w_driver.o
 .debug_ranges  0x00000000000017d8      0x1f0 build/default/production/_ext/1360937237/hdc302x_driver.o
 .debug_ranges  0x00000000000019c8       0xb0 build/default/production/_ext/1360937237/mcp9808_driver.o
 .debug_ranges  0x0000000000001a78       0x40 build/default/production/_ext/1360937237/rstc_driver.o
 .debug_ranges  0x0000000000001ab8       0x48 build/default/production/_ext/1360937237/rtc_driver.o
 .debug_ranges  0x0000000000001b00       0x88 build/default/production/_ext/1360937237/sht4x_driver.o
 .debug_ranges  0x0000000000001b88       0xb0 build/default/production/_ext/1360937237/timer_driver.o
 .debug_ranges  0x0000000000001c38       0x18 build/default/production/_ext/1360937237/xm125_driver.o
 .debug_ranges  0x0000000000001c50       0x20 c:/applications/microchip/xc32/bin/bin/../../lib/gcc/pic32c/8.3.1/../../../../pic32c/lib/thumb/v6-m/nofp\libpic32c.a(data_init.o)
 .debug_ranges  0x0000000000001c70       0x10 c:/applications/microchip/xc32/bin/bin/../../lib/gcc/pic32c/8.3.1/../../../../pic32c/lib/thumb/v6-m/nofp\libc-size-musl.a(memcpy.o)
 .debug_ranges  0x0000000000001c80       0x10 c:/applications/microchip/xc32/bin/bin/../../lib/gcc/pic32c/8.3.1/../../../../pic32c/lib/thumb/v6-m/nofp\libc-size-musl.a(memset.o)
 .debug_ranges  0x0000000000001c90       0x30 c:/applications/microchip/xc32/bin/bin/../../lib/gcc/pic32c/8.3.1/../../../../pic32c/lib/thumb/v6-m/nofp\libc-musl.a(__libc_start_main.o)
 .debug_ranges  0x0000000000001cc0       0x28 c:/applications/microchip/xc32/bin/bin/../../lib/gcc/pic32c/8.3.1/thumb/v6-m/nofp\libgcc.a(_muldi3.o)
 .debug_ranges  0x0000000000001ce8       0x10 c:/applications/microchip/xc32/bin/bin/../../lib/gcc/pic32c/8.3.1/../../../../pic32c/lib/thumb/v6-m/nofp\libpic32c.a(pic32_data_init_clear.o)
 .debug_ranges  0x0000000000001cf8       0x10 c:/applications/microchip/xc32/bin/bin/../../lib/gcc/pic32c/8.3.1/../../../../pic32c/lib/thumb/v6-m/nofp\libpic32c.a(pic32_data_init_copy.o)

.debug_line     0x0000000000000000    0x11357
 .debug_line    0x0000000000000000      0x1cc build/default/production/_ext/1865616679/plib_supc.o
 .debug_line    0x00000000000001cc      0x399 build/default/production/_ext/60163342/plib_adc0.o
 .debug_line    0x0000000000000565      0x439 build/default/production/_ext/1984496892/plib_clock.o
 .debug_line    0x000000000000099e      0x92f build/default/production/_ext/508257091/plib_sercom0_i2c_master.o
 .debug_line    0x00000000000012cd      0x141 build/default/production/_ext/14461671/sys_dma.o
 .debug_line    0x000000000000140e      0x374 build/default/production/_ext/829342655/plib_tc0.o
 .debug_line    0x0000000000001782      0x1e2 build/default/production/_ext/1987437027/plib_freqm.o
 .debug_line    0x0000000000001964      0x122 build/default/production/_ext/1171490990/tasks.o
 .debug_line    0x0000000000001a86      0xa3b build/default/production/_ext/1171490990/initialization.o
 .debug_line    0x00000000000024c1      0x791 build/default/production/_ext/17022449/plib_sercom1_spi_master.o
 .debug_line    0x0000000000002c52      0x13f build/default/production/_ext/1171490990/interrupts.o
 .debug_line    0x0000000000002d91      0x342 build/default/production/_ext/829342655/plib_tc1.o
 .debug_line    0x00000000000030d3      0x64b build/default/production/_ext/1832805299/sys_console.o
 .debug_line    0x000000000000371e      0x160 build/default/production/_ext/60166132/plib_dac.o
 .debug_line    0x000000000000387e      0x9d0 build/default/production/_ext/504274921/plib_sercom3_usart.o
 .debug_line    0x000000000000424e      0x2c0 build/default/production/_ext/60167341/plib_eic.o
 .debug_line    0x000000000000450e       0x6d build/default/production/_ext/1360937237/main.o
 .debug_line    0x000000000000457b     0x1213 build/default/production/_ext/101884895/sys_time.o
 .debug_line    0x000000000000578e      0x150 build/default/production/_ext/829342769/plib_pm.o
 .debug_line    0x00000000000058de      0x76a build/default/production/_ext/1865161661/plib_dmac.o
 .debug_line    0x0000000000006048      0x49b build/default/production/_ext/1593096446/plib_nvmctrl.o
 .debug_line    0x00000000000064e3      0x129 build/default/production/_ext/60165242/plib_ccl.o
 .debug_line    0x000000000000660c      0x8e2 build/default/production/_ext/60165182/plib_can0.o
 .debug_line    0x0000000000006eee      0x5f8 build/default/production/_ext/1865468468/plib_nvic.o
 .debug_line    0x00000000000074e6      0x28f build/default/production/_ext/1865521619/plib_port.o
 .debug_line    0x0000000000007775      0x2cc build/default/production/_ext/1881668453/sys_int.o
 .debug_line    0x0000000000007a41      0x234 build/default/production/_ext/1171490990/startup_xc32.o
 .debug_line    0x0000000000007c75     0x1432 build/default/production/_ext/869808652/drv_usart.o
 .debug_line    0x00000000000090a7      0x3b1 build/default/production/_ext/60181570/plib_tcc0.o
 .debug_line    0x0000000000009458      0xf70 build/default/production/_ext/158385033/drv_i2c.o
 .debug_line    0x000000000000a3c8      0x2da build/default/production/_ext/1865510628/plib_pdec.o
 .debug_line    0x000000000000a6a2     0x1506 build/default/production/_ext/2070931557/drv_spi.o
 .debug_line    0x000000000000bba8       0xfa build/default/production/_ext/1865585090/plib_rstc.o
 .debug_line    0x000000000000bca2      0x3b3 build/default/production/_ext/60180175/plib_rtc_timer.o
 .debug_line    0x000000000000c055       0x66 build/default/production/_ext/1986646378/plib_evsys.o
 .debug_line    0x000000000000c0bb      0x603 build/default/production/_ext/1832805299/sys_console_uart.o
 .debug_line    0x000000000000c6be       0x6f build/default/production/_ext/1171490990/exceptions.o
 .debug_line    0x000000000000c72d      0xd39 build/default/production/_ext/504274921/plib_sercom2_usart.o
 .debug_line    0x000000000000d466      0x727 build/default/production/_ext/1360937237/bme690_driver.o
 .debug_line    0x000000000000db8d      0x532 build/default/production/_ext/1360937237/can0_driver.o
 .debug_line    0x000000000000e0bf       0x96 build/default/production/_ext/1360937237/console_driver.o
 .debug_line    0x000000000000e155       0xf9 build/default/production/_ext/1360937237/fcm360w_driver.o
 .debug_line    0x000000000000e24e      0xc13 build/default/production/_ext/1360937237/hdc302x_driver.o
 .debug_line    0x000000000000ee61      0x702 build/default/production/_ext/1360937237/mcp9808_driver.o
 .debug_line    0x000000000000f563      0x3c1 build/default/production/_ext/1360937237/rstc_driver.o
 .debug_line    0x000000000000f924      0x2e4 build/default/production/_ext/1360937237/rtc_driver.o
 .debug_line    0x000000000000fc08      0x59b build/default/production/_ext/1360937237/sht4x_driver.o
 .debug_line    0x00000000000101a3      0x38d build/default/production/_ext/1360937237/timer_driver.o
 .debug_line    0x0000000000010530       0x92 build/default/production/_ext/1360937237/xm125_driver.o
 .debug_line    0x00000000000105c2       0xa5 c:/applications/microchip/xc32/bin/bin/../../lib/gcc/pic32c/8.3.1/../../../../pic32c/lib/thumb/v6-m/nofp\libpic32c.a(data_init.o)
 .debug_line    0x0000000000010667       0xee c:/applications/microchip/xc32/bin/bin/../../lib/gcc/pic32c/8.3.1/../../../../pic32c/lib/thumb/v6-m/nofp\libc-size-musl.a(memcpy.o)
 .debug_line    0x0000000000010755       0xe3 c:/applications/microchip/xc32/bin/bin/../../lib/gcc/pic32c/8.3.1/../../../../pic32c/lib/thumb/v6-m/nofp\libc-size-musl.a(memset.o)
 .debug_line    0x0000000000010838      0x1bc c:/applications/microchip/xc32/bin/bin/../../lib/gcc/pic32c/8.3.1/../../../../pic32c/lib/thumb/v6-m/nofp\libc-musl.a(__libc_start_main.o)
 .debug_line    0x00000000000109f4       0xb5 c:/applications/microchip/xc32/bin/bin/../../lib/gcc/pic32c/8.3.1/../../../../pic32c/lib/thumb/v6-m/nofp\libc-musl.a(libc.o)
 .debug_line    0x0000000000010aa9       0xfb c:/applications/microchip/xc32/bin/bin/../../lib/gcc/pic32c/8.3.1/../../../../pic32c/lib/thumb/v6-m/nofp\libc-musl.a(__environ.o)
 .debug_line    0x0000000000010ba4       0xa8 c:/applications/microchip/xc32/bin/bin/../../lib/gcc/pic32c/8.3.1/thumb/v6-m/nofp\libgcc.a(_udivsi3.o)
 .debug_line    0x0000000000010c4c       0x91 c:/applications/microchip/xc32/bin/bin/../../lib/gcc/pic32c/8.3.1/thumb/v6-m/nofp\libgcc.a(_dvmd_tls.o)
 .debug_line    0x0000000000010cdd       0x9c c:/applications/microchip/xc32/bin/bin/../../lib/gcc/pic32c/8.3.1/thumb/v6-m/nofp\libgcc.a(_aeabi_uldivmod.o)
 .debug_line    0x0000000000010d79       0xe7 c:/applications/microchip/xc32/bin/bin/../../lib/gcc/pic32c/8.3.1/thumb/v6-m/nofp\libgcc.a(_muldi3.o)
 .debug_line    0x0000000000010e60      0x188 c:/applications/microchip/xc32/bin/bin/../../lib/gcc/pic32c/8.3.1/thumb/v6-m/nofp\libgcc.a(_udivmoddi4.o)
 .debug_line    0x0000000000010fe8       0x9c c:/applications/microchip/xc32/bin/bin/../../lib/gcc/pic32c/8.3.1/thumb/v6-m/nofp\libgcc.a(_lshrdi3.o)
 .debug_line    0x0000000000011084       0x9c c:/applications/microchip/xc32/bin/bin/../../lib/gcc/pic32c/8.3.1/thumb/v6-m/nofp\libgcc.a(_ashldi3.o)
 .debug_line    0x0000000000011120       0x9b c:/applications/microchip/xc32/bin/bin/../../lib/gcc/pic32c/8.3.1/thumb/v6-m/nofp\libgcc.a(_clzdi2.o)
 .debug_line    0x00000000000111bb       0xa5 c:/applications/microchip/xc32/bin/bin/../../lib/gcc/pic32c/8.3.1/thumb/v6-m/nofp\libgcc.a(_clzsi2.o)
 .debug_line    0x0000000000011260       0x6f c:/applications/microchip/xc32/bin/bin/../../lib/gcc/pic32c/8.3.1/../../../../pic32c/lib/thumb/v6-m/nofp\libpic32c.a(pic32_data_init_clear.o)
 .debug_line    0x00000000000112cf       0x88 c:/applications/microchip/xc32/bin/bin/../../lib/gcc/pic32c/8.3.1/../../../../pic32c/lib/thumb/v6-m/nofp\libpic32c.a(pic32_data_init_copy.o)

.debug_str      0x0000000000000000    0x1e292
 .debug_str     0x0000000000000000      0x40a build/default/production/_ext/1865616679/plib_supc.o
 .debug_str     0x000000000000040a      0x7ef build/default/production/_ext/60163342/plib_adc0.o
 .debug_str     0x0000000000000bf9      0x740 build/default/production/_ext/1984496892/plib_clock.o
 .debug_str     0x0000000000001339      0x99b build/default/production/_ext/508257091/plib_sercom0_i2c_master.o
 .debug_str     0x0000000000001cd4      0x670 build/default/production/_ext/14461671/sys_dma.o
 .debug_str     0x0000000000002344      0x632 build/default/production/_ext/829342655/plib_tc0.o
 .debug_str     0x0000000000002976      0x437 build/default/production/_ext/1987437027/plib_freqm.o
 .debug_str     0x0000000000002dad      0x3a6 build/default/production/_ext/1171490990/tasks.o
 .debug_str     0x0000000000003153     0x2a78 build/default/production/_ext/1171490990/initialization.o
 .debug_str     0x0000000000005bcb      0x851 build/default/production/_ext/17022449/plib_sercom1_spi_master.o
 .debug_str     0x000000000000641c      0x781 build/default/production/_ext/1171490990/interrupts.o
 .debug_str     0x0000000000006b9d      0x611 build/default/production/_ext/829342655/plib_tc1.o
 .debug_str     0x00000000000071ae      0xa82 build/default/production/_ext/1832805299/sys_console.o
 .debug_str     0x0000000000007c30      0x3d9 build/default/production/_ext/60166132/plib_dac.o
 .debug_str     0x0000000000008009      0xac1 build/default/production/_ext/504274921/plib_sercom3_usart.o
 .debug_str     0x0000000000008aca      0x4a8 build/default/production/_ext/60167341/plib_eic.o
 .debug_str     0x0000000000008f72      0x2e7 build/default/production/_ext/1360937237/main.o
 .debug_str     0x0000000000009259      0xf5c build/default/production/_ext/101884895/sys_time.o
 .debug_str     0x000000000000a1b5      0x35c build/default/production/_ext/829342769/plib_pm.o
 .debug_str     0x000000000000a511      0x93f build/default/production/_ext/1865161661/plib_dmac.o
 .debug_str     0x000000000000ae50      0x6a7 build/default/production/_ext/1593096446/plib_nvmctrl.o
 .debug_str     0x000000000000b4f7      0x338 build/default/production/_ext/60165242/plib_ccl.o
 .debug_str     0x000000000000b82f      0xe84 build/default/production/_ext/60165182/plib_can0.o
 .debug_str     0x000000000000c6b3      0x690 build/default/production/_ext/1865468468/plib_nvic.o
 .debug_str     0x000000000000cd43      0x73f build/default/production/_ext/1865521619/plib_port.o
 .debug_str     0x000000000000d482      0x63e build/default/production/_ext/1881668453/sys_int.o
 .debug_str     0x000000000000dac0      0x40a build/default/production/_ext/1171490990/startup_xc32.o
 .debug_str     0x000000000000deca     0x1971 build/default/production/_ext/869808652/drv_usart.o
 .debug_str     0x000000000000f83b      0x5bf build/default/production/_ext/60181570/plib_tcc0.o
 .debug_str     0x000000000000fdfa     0x11f4 build/default/production/_ext/158385033/drv_i2c.o
 .debug_str     0x0000000000010fee      0x4ae build/default/production/_ext/1865510628/plib_pdec.o
 .debug_str     0x000000000001149c     0x1d65 build/default/production/_ext/2070931557/drv_spi.o
 .debug_str     0x0000000000013201      0x333 build/default/production/_ext/1865585090/plib_rstc.o
 .debug_str     0x0000000000013534      0x624 build/default/production/_ext/60180175/plib_rtc_timer.o
 .debug_str     0x0000000000013b58      0x2f4 build/default/production/_ext/1986646378/plib_evsys.o
 .debug_str     0x0000000000013e4c      0xb3d build/default/production/_ext/1832805299/sys_console_uart.o
 .debug_str     0x0000000000014989      0x307 build/default/production/_ext/1171490990/exceptions.o
 .debug_str     0x0000000000014c90      0xdef build/default/production/_ext/504274921/plib_sercom2_usart.o
 .debug_str     0x0000000000015a7f      0xfe9 build/default/production/_ext/1360937237/bme690_driver.o
 .debug_str     0x0000000000016a68      0xb76 build/default/production/_ext/1360937237/can0_driver.o
 .debug_str     0x00000000000175de      0x38b build/default/production/_ext/1360937237/console_driver.o
 .debug_str     0x0000000000017969      0x413 build/default/production/_ext/1360937237/fcm360w_driver.o
 .debug_str     0x0000000000017d7c     0x11bf build/default/production/_ext/1360937237/hdc302x_driver.o
 .debug_str     0x0000000000018f3b      0xefc build/default/production/_ext/1360937237/mcp9808_driver.o
 .debug_str     0x0000000000019e37      0x621 build/default/production/_ext/1360937237/rstc_driver.o
 .debug_str     0x000000000001a458      0x618 build/default/production/_ext/1360937237/rtc_driver.o
 .debug_str     0x000000000001aa70     0x1006 build/default/production/_ext/1360937237/sht4x_driver.o
 .debug_str     0x000000000001ba76      0x68e build/default/production/_ext/1360937237/timer_driver.o
 .debug_str     0x000000000001c104      0x37b build/default/production/_ext/1360937237/xm125_driver.o
 .debug_str     0x000000000001c47f      0x1fc c:/applications/microchip/xc32/bin/bin/../../lib/gcc/pic32c/8.3.1/../../../../pic32c/lib/thumb/v6-m/nofp\libpic32c.a(data_init.o)
 .debug_str     0x000000000001c67b      0x225 c:/applications/microchip/xc32/bin/bin/../../lib/gcc/pic32c/8.3.1/../../../../pic32c/lib/thumb/v6-m/nofp\libc-size-musl.a(memcpy.o)
 .debug_str     0x000000000001c8a0      0x211 c:/applications/microchip/xc32/bin/bin/../../lib/gcc/pic32c/8.3.1/../../../../pic32c/lib/thumb/v6-m/nofp\libc-size-musl.a(memset.o)
 .debug_str     0x000000000001cab1      0x3ca c:/applications/microchip/xc32/bin/bin/../../lib/gcc/pic32c/8.3.1/../../../../pic32c/lib/thumb/v6-m/nofp\libc-musl.a(__libc_start_main.o)
 .debug_str     0x000000000001ce7b      0x335 c:/applications/microchip/xc32/bin/bin/../../lib/gcc/pic32c/8.3.1/../../../../pic32c/lib/thumb/v6-m/nofp\libc-musl.a(libc.o)
 .debug_str     0x000000000001d1b0      0x235 c:/applications/microchip/xc32/bin/bin/../../lib/gcc/pic32c/8.3.1/../../../../pic32c/lib/thumb/v6-m/nofp\libc-musl.a(__environ.o)
 .debug_str     0x000000000001d3e5       0xd6 c:/applications/microchip/xc32/bin/bin/../../lib/gcc/pic32c/8.3.1/thumb/v6-m/nofp\libgcc.a(_udivsi3.o)
 .debug_str     0x000000000001d4bb       0xd6 c:/applications/microchip/xc32/bin/bin/../../lib/gcc/pic32c/8.3.1/thumb/v6-m/nofp\libgcc.a(_dvmd_tls.o)
 .debug_str     0x000000000001d591       0xd6 c:/applications/microchip/xc32/bin/bin/../../lib/gcc/pic32c/8.3.1/thumb/v6-m/nofp\libgcc.a(_aeabi_uldivmod.o)
 .debug_str     0x000000000001d667      0x2af c:/applications/microchip/xc32/bin/bin/../../lib/gcc/pic32c/8.3.1/thumb/v6-m/nofp\libgcc.a(_muldi3.o)
 .debug_str     0x000000000001d916      0x27c c:/applications/microchip/xc32/bin/bin/../../lib/gcc/pic32c/8.3.1/thumb/v6-m/nofp\libgcc.a(_udivmoddi4.o)
 .debug_str     0x000000000001db92       0xd6 c:/applications/microchip/xc32/bin/bin/../../lib/gcc/pic32c/8.3.1/thumb/v6-m/nofp\libgcc.a(_lshrdi3.o)
 .debug_str     0x000000000001dc68       0xd6 c:/applications/microchip/xc32/bin/bin/../../lib/gcc/pic32c/8.3.1/thumb/v6-m/nofp\libgcc.a(_ashldi3.o)
 .debug_str     0x000000000001dd3e       0xd6 c:/applications/microchip/xc32/bin/bin/../../lib/gcc/pic32c/8.3.1/thumb/v6-m/nofp\libgcc.a(_clzdi2.o)
 .debug_str     0x000000000001de14       0xd6 c:/applications/microchip/xc32/bin/bin/../../lib/gcc/pic32c/8.3.1/thumb/v6-m/nofp\libgcc.a(_clzsi2.o)
 .debug_str     0x000000000001deea      0x1d5 c:/applications/microchip/xc32/bin/bin/../../lib/gcc/pic32c/8.3.1/../../../../pic32c/lib/thumb/v6-m/nofp\libpic32c.a(pic32_data_init_clear.o)
 .debug_str     0x000000000001e0bf      0x1d3 c:/applications/microchip/xc32/bin/bin/../../lib/gcc/pic32c/8.3.1/../../../../pic32c/lib/thumb/v6-m/nofp\libpic32c.a(pic32_data_init_copy.o)

.debug_frame    0x0000000000000000     0x35c4
 .debug_frame   0x0000000000000000       0x50 build/default/production/_ext/1865616679/plib_supc.o
 .debug_frame   0x0000000000000050       0xe0 build/default/production/_ext/60163342/plib_adc0.o
 .debug_frame   0x0000000000000130       0x48 build/default/production/_ext/1984496892/plib_clock.o
 .debug_frame   0x0000000000000178      0x124 build/default/production/_ext/508257091/plib_sercom0_i2c_master.o
 .debug_frame   0x000000000000029c       0x48 build/default/production/_ext/14461671/sys_dma.o
 .debug_frame   0x00000000000002e4       0xd8 build/default/production/_ext/829342655/plib_tc0.o
 .debug_frame   0x00000000000003bc       0x68 build/default/production/_ext/1987437027/plib_freqm.o
 .debug_frame   0x0000000000000424       0x28 build/default/production/_ext/1171490990/tasks.o
 .debug_frame   0x000000000000044c       0x28 build/default/production/_ext/1171490990/initialization.o
 .debug_frame   0x0000000000000474       0xd4 build/default/production/_ext/17022449/plib_sercom1_spi_master.o
 .debug_frame   0x0000000000000548       0x68 build/default/production/_ext/1171490990/interrupts.o
 .debug_frame   0x00000000000005b0       0xc8 build/default/production/_ext/829342655/plib_tc1.o
 .debug_frame   0x0000000000000678      0x15c build/default/production/_ext/1832805299/sys_console.o
 .debug_frame   0x00000000000007d4       0x40 build/default/production/_ext/60166132/plib_dac.o
 .debug_frame   0x0000000000000814      0x1f0 build/default/production/_ext/504274921/plib_sercom3_usart.o
 .debug_frame   0x0000000000000a04       0x7c build/default/production/_ext/60167341/plib_eic.o
 .debug_frame   0x0000000000000a80       0x28 build/default/production/_ext/1360937237/main.o
 .debug_frame   0x0000000000000aa8      0x3a0 build/default/production/_ext/101884895/sys_time.o
 .debug_frame   0x0000000000000e48       0x40 build/default/production/_ext/829342769/plib_pm.o
 .debug_frame   0x0000000000000e88      0x18c build/default/production/_ext/1865161661/plib_dmac.o
 .debug_frame   0x0000000000001014      0x16c build/default/production/_ext/1593096446/plib_nvmctrl.o
 .debug_frame   0x0000000000001180       0x20 build/default/production/_ext/60165242/plib_ccl.o
 .debug_frame   0x00000000000011a0      0x180 build/default/production/_ext/60165182/plib_can0.o
 .debug_frame   0x0000000000001320       0x90 build/default/production/_ext/1865468468/plib_nvic.o
 .debug_frame   0x00000000000013b0       0xc8 build/default/production/_ext/1865521619/plib_port.o
 .debug_frame   0x0000000000001478       0x84 build/default/production/_ext/1881668453/sys_int.o
 .debug_frame   0x00000000000014fc       0x40 build/default/production/_ext/1171490990/startup_xc32.o
 .debug_frame   0x000000000000153c      0x348 build/default/production/_ext/869808652/drv_usart.o
 .debug_frame   0x0000000000001884       0xe0 build/default/production/_ext/60181570/plib_tcc0.o
 .debug_frame   0x0000000000001964      0x250 build/default/production/_ext/158385033/drv_i2c.o
 .debug_frame   0x0000000000001bb4       0x80 build/default/production/_ext/1865510628/plib_pdec.o
 .debug_frame   0x0000000000001c34      0x23c build/default/production/_ext/2070931557/drv_spi.o
 .debug_frame   0x0000000000001e70       0x20 build/default/production/_ext/1865585090/plib_rstc.o
 .debug_frame   0x0000000000001e90       0xf8 build/default/production/_ext/60180175/plib_rtc_timer.o
 .debug_frame   0x0000000000001f88       0x20 build/default/production/_ext/1986646378/plib_evsys.o
 .debug_frame   0x0000000000001fa8       0xe8 build/default/production/_ext/1832805299/sys_console_uart.o
 .debug_frame   0x0000000000002090       0x30 build/default/production/_ext/1171490990/exceptions.o
 .debug_frame   0x00000000000020c0      0x254 build/default/production/_ext/504274921/plib_sercom2_usart.o
 .debug_frame   0x0000000000002314      0x420 build/default/production/_ext/1360937237/bme690_driver.o
 .debug_frame   0x0000000000002734      0x120 build/default/production/_ext/1360937237/can0_driver.o
 .debug_frame   0x0000000000002854       0x30 build/default/production/_ext/1360937237/console_driver.o
 .debug_frame   0x0000000000002884       0x30 build/default/production/_ext/1360937237/fcm360w_driver.o
 .debug_frame   0x00000000000028b4      0x530 build/default/production/_ext/1360937237/hdc302x_driver.o
 .debug_frame   0x0000000000002de4      0x1d8 build/default/production/_ext/1360937237/mcp9808_driver.o
 .debug_frame   0x0000000000002fbc       0x90 build/default/production/_ext/1360937237/rstc_driver.o
 .debug_frame   0x000000000000304c       0xa8 build/default/production/_ext/1360937237/rtc_driver.o
 .debug_frame   0x00000000000030f4      0x160 build/default/production/_ext/1360937237/sht4x_driver.o
 .debug_frame   0x0000000000003254      0x1ac build/default/production/_ext/1360937237/timer_driver.o
 .debug_frame   0x0000000000003400       0x30 build/default/production/_ext/1360937237/xm125_driver.o
 .debug_frame   0x0000000000003430       0x48 c:/applications/microchip/xc32/bin/bin/../../lib/gcc/pic32c/8.3.1/../../../../pic32c/lib/thumb/v6-m/nofp\libpic32c.a(data_init.o)
 .debug_frame   0x0000000000003478       0x28 c:/applications/microchip/xc32/bin/bin/../../lib/gcc/pic32c/8.3.1/../../../../pic32c/lib/thumb/v6-m/nofp\libc-size-musl.a(memcpy.o)
 .debug_frame   0x00000000000034a0       0x20 c:/applications/microchip/xc32/bin/bin/../../lib/gcc/pic32c/8.3.1/../../../../pic32c/lib/thumb/v6-m/nofp\libc-size-musl.a(memset.o)
 .debug_frame   0x00000000000034c0       0x38 c:/applications/microchip/xc32/bin/bin/../../lib/gcc/pic32c/8.3.1/../../../../pic32c/lib/thumb/v6-m/nofp\libc-musl.a(__libc_start_main.o)
 .debug_frame   0x00000000000034f8       0x20 c:/applications/microchip/xc32/bin/bin/../../lib/gcc/pic32c/8.3.1/thumb/v6-m/nofp\libgcc.a(_udivsi3.o)
 .debug_frame   0x0000000000003518       0x34 c:/applications/microchip/xc32/bin/bin/../../lib/gcc/pic32c/8.3.1/thumb/v6-m/nofp\libgcc.a(_muldi3.o)
 .debug_frame   0x000000000000354c       0x30 c:/applications/microchip/xc32/bin/bin/../../lib/gcc/pic32c/8.3.1/thumb/v6-m/nofp\libgcc.a(_udivmoddi4.o)
 .debug_frame   0x000000000000357c       0x20 c:/applications/microchip/xc32/bin/bin/../../lib/gcc/pic32c/8.3.1/../../../../pic32c/lib/thumb/v6-m/nofp\libpic32c.a(pic32_data_init_clear.o)
 .debug_frame   0x000000000000359c       0x28 c:/applications/microchip/xc32/bin/bin/../../lib/gcc/pic32c/8.3.1/../../../../pic32c/lib/thumb/v6-m/nofp\libpic32c.a(pic32_data_init_copy.o)

.note.GNU-stack
                0x0000000000000000        0x0
 .note.GNU-stack
                0x0000000000000000        0x0 c:/applications/microchip/xc32/bin/bin/../../lib/gcc/pic32c/8.3.1/../../../../pic32c/lib/thumb/v6-m/nofp\libc-size-musl.a(memcpy.o)
 .note.GNU-stack
                0x0000000000000000        0x0 c:/applications/microchip/xc32/bin/bin/../../lib/gcc/pic32c/8.3.1/../../../../pic32c/lib/thumb/v6-m/nofp\libc-size-musl.a(memset.o)
 .note.GNU-stack
                0x0000000000000000        0x0 c:/applications/microchip/xc32/bin/bin/../../lib/gcc/pic32c/8.3.1/../../../../pic32c/lib/thumb/v6-m/nofp\libc-musl.a(__libc_start_main.o)
 .note.GNU-stack
                0x0000000000000000        0x0 c:/applications/microchip/xc32/bin/bin/../../lib/gcc/pic32c/8.3.1/../../../../pic32c/lib/thumb/v6-m/nofp\libc-musl.a(libc.o)
 .note.GNU-stack
                0x0000000000000000        0x0 c:/applications/microchip/xc32/bin/bin/../../lib/gcc/pic32c/8.3.1/../../../../pic32c/lib/thumb/v6-m/nofp\libc-musl.a(__environ.o)

.stack          0x0000000020008718      0x100
 .stack         0x0000000020008718      0x100 stack

.bss.can0_driverData%1
                0x0000000020000000     0x4940
 .bss.can0_driverData
                0x0000000020000000     0x4940 build/default/production/_ext/1360937237/can0_driver.o
                0x0000000020000000                can0_driverData

.bss.SERCOM2_USART_ReadBuffer%2
                0x0000000020004940     0x1000
 .bss.SERCOM2_USART_ReadBuffer
                0x0000000020004940     0x1000 build/default/production/_ext/504274921/plib_sercom2_usart.o

.bss.SERCOM2_USART_WriteBuffer%3
                0x0000000020005940     0x1000
 .bss.SERCOM2_USART_WriteBuffer
                0x0000000020005940     0x1000 build/default/production/_ext/504274921/plib_sercom2_usart.o

.bss.timers%4   0x0000000020006940      0x640
 .bss.timers    0x0000000020006940      0x640 build/default/production/_ext/101884895/sys_time.o

.bss.eicCallbackObject%5
                0x0000000020006f80       0xc0
 .bss.eicCallbackObject
                0x0000000020006f80       0xc0 build/default/production/_ext/60167341/plib_eic.o

.bss.drvUSART0BufferObjPool%6
                0x0000000020007040       0xb4
 .bss.drvUSART0BufferObjPool
                0x0000000020007040       0xb4 build/default/production/_ext/1171490990/initialization.o

.bss.drvSPI0TransferObjPool%7
                0x00000000200070f4       0x90
 .bss.drvSPI0TransferObjPool
                0x00000000200070f4       0x90 build/default/production/_ext/1171490990/initialization.o

.bss.gDrvSPIObj%8
                0x0000000020007184       0x74
 .bss.gDrvSPIObj
                0x0000000020007184       0x74 build/default/production/_ext/2070931557/drv_spi.o

.bss.gDrvUSARTObj%9
                0x00000000200071f8       0x60
 .bss.gDrvUSARTObj
                0x00000000200071f8       0x60 build/default/production/_ext/869808652/drv_usart.o

.bss.drvI2C0TransferObj%10
                0x0000000020007258       0x58
 .bss.drvI2C0TransferObj
                0x0000000020007258       0x58 build/default/production/_ext/1171490990/initialization.o

.bss%11         0x00000000200072b0       0x50
 .bss           0x00000000200072b0       0x50 c:/applications/microchip/xc32/bin/bin/../../lib/gcc/pic32c/8.3.1/../../../../pic32c/lib/thumb/v6-m/nofp\libc-musl.a(libc.o)
                0x00000000200072b0                __progname_full
                0x00000000200072b0                program_invocation_name
                0x00000000200072b4                program_invocation_short_name
                0x00000000200072b4                __progname
                0x00000000200072b8                __sysinfo
                0x00000000200072bc                __hwcap
                0x00000000200072c0                __libc

.bss.gSystemCounterObj%12
                0x0000000020007300       0x40
 .bss.gSystemCounterObj
                0x0000000020007300       0x40 build/default/production/_ext/101884895/sys_time.o

.bss.descriptor_section%13
                0x0000000020007340       0x40
 .bss.descriptor_section
                0x0000000020007340       0x40 build/default/production/_ext/1865161661/plib_dmac.o

.bss.dmacChannelObj%14
                0x0000000020007380       0x40
 .bss.dmacChannelObj
                0x0000000020007380       0x40 build/default/production/_ext/1865161661/plib_dmac.o

.bss.write_back_section%15
                0x00000000200073c0       0x40
 .bss.write_back_section
                0x00000000200073c0       0x40 build/default/production/_ext/1865161661/plib_dmac.o

.bss.sercom2USARTObj%16
                0x0000000020007400       0x40
 .bss.sercom2USARTObj
                0x0000000020007400       0x40 build/default/production/_ext/504274921/plib_sercom2_usart.o

.bss.can0DataTx%17
                0x0000000020007440       0x40
 .bss.can0DataTx
                0x0000000020007440       0x40 build/default/production/_ext/1360937237/can0_driver.o
                0x0000000020007440                can0DataTx

.bss.gDrvI2CObj%18
                0x0000000020007480       0x3c
 .bss.gDrvI2CObj
                0x0000000020007480       0x3c build/default/production/_ext/158385033/drv_i2c.o

.bss.sercom3USARTObj%19
                0x00000000200074bc       0x30
 .bss.sercom3USARTObj
                0x00000000200074bc       0x30 build/default/production/_ext/504274921/plib_sercom3_usart.o

.bss.sercom0I2CObj%20
                0x00000000200074ec       0x2c
 .bss.sercom0I2CObj
                0x00000000200074ec       0x2c build/default/production/_ext/508257091/plib_sercom0_i2c_master.o

.bss.sercom1SPIObj%21
                0x0000000020007518       0x2c
 .bss.sercom1SPIObj
                0x0000000020007518       0x2c build/default/production/_ext/17022449/plib_sercom1_spi_master.o

.bss.drvSPI0ClientObjPool%22
                0x0000000020007544       0x28
 .bss.drvSPI0ClientObjPool
                0x0000000020007544       0x28 build/default/production/_ext/1171490990/initialization.o

.bss.bme690_driverData%23
                0x000000002000756c       0x20
 .bss.bme690_driverData
                0x000000002000756c       0x20 build/default/production/_ext/1360937237/bme690_driver.o
                0x000000002000756c                bme690_driverData

.bss.hdc302x_driverData%24
                0x000000002000758c       0x20
 .bss.hdc302x_driverData
                0x000000002000758c       0x20 build/default/production/_ext/1360937237/hdc302x_driver.o
                0x000000002000758c                hdc302x_driverData

.bss.mcp9808_driverData%25
                0x00000000200075ac       0x20
 .bss.mcp9808_driverData
                0x00000000200075ac       0x20 build/default/production/_ext/1360937237/mcp9808_driver.o
                0x00000000200075ac                mcp9808_driverData

.bss.sht4x_driverData%26
                0x00000000200075cc       0x20
 .bss.sht4x_driverData
                0x00000000200075cc       0x20 build/default/production/_ext/1360937237/sht4x_driver.o
                0x00000000200075cc                sht4x_driverData

.bss%27         0x00000000200075ec       0x1c
 .bss           0x00000000200075ec       0x1c c:/applications/microchip/xc32/bin/bin/../../lib/gcc/pic32c/8.3.1/thumb/v6-m/nofp/crtbegin.o

.bss.can0Obj%28
                0x0000000020007608       0x1c
 .bss.can0Obj   0x0000000020007608       0x1c build/default/production/_ext/60165182/plib_can0.o

.bss.drvI2C0ClientObjPool%29
                0x0000000020007624       0x18
 .bss.drvI2C0ClientObjPool
                0x0000000020007624       0x18 build/default/production/_ext/1171490990/initialization.o

.bss.sysObj%30  0x000000002000763c       0x14
 .bss.sysObj    0x000000002000763c       0x14 build/default/production/_ext/1171490990/initialization.o
                0x000000002000763c                sysObj

.bss.sht4x_sensorData%31
                0x0000000020007650       0x14
 .bss.sht4x_sensorData
                0x0000000020007650       0x14 build/default/production/_ext/1360937237/sht4x_driver.o
                0x0000000020007650                sht4x_sensorData

.bss.timer_driverData%32
                0x0000000020007664       0x14
 .bss.timer_driverData
                0x0000000020007664       0x14 build/default/production/_ext/1360937237/timer_driver.o