Archive member included to satisfy reference by file (symbol)

c:/applications/microchip/xc32/bin/bin/../../lib/gcc/pic32c/8.3.1/../../../../pic32c/lib/thumb/v6-m/nofp\libpic32c.a(data_init.o)
                              build/default/production/_ext/1171490990/startup_xc32.o (__pic32c_data_initialization)
c:/applications/microchip/xc32/bin/bin/../../lib/gcc/pic32c/8.3.1/../../../../pic32c/lib/thumb/v6-m/nofp\libc-size-musl.a(memcpy.o)
                              build/default/production/_ext/60165182/plib_can0.o (memcpy)
c:/applications/microchip/xc32/bin/bin/../../lib/gcc/pic32c/8.3.1/../../../../pic32c/lib/thumb/v6-m/nofp\libc-size-musl.a(memset.o)
                              build/default/production/_ext/60165182/plib_can0.o (memset)
c:/applications/microchip/xc32/bin/bin/../../lib/gcc/pic32c/8.3.1/../../../../pic32c/lib/thumb/v6-m/nofp\libc-size-musl.a(strlen.o)
                              build/default/production/_ext/1832805299/sys_console.o (strlen)
c:/applications/microchip/xc32/bin/bin/../../lib/gcc/pic32c/8.3.1/../../../../pic32c/lib/thumb/v6-m/nofp\libc-size-musl.a(strstr.o)
                              build/default/production/_ext/1360937237/fcm360w_driver.o (strstr)
c:/applications/microchip/xc32/bin/bin/../../lib/gcc/pic32c/8.3.1/../../../../pic32c/lib/thumb/v6-m/nofp\libc-size-musl.a(strchr.o)
                              build/default/production/_ext/1360937237/fcm360w_driver.o (strchr)
c:/applications/microchip/xc32/bin/bin/../../lib/gcc/pic32c/8.3.1/../../../../pic32c/lib/thumb/v6-m/nofp\libc-size-musl.a(strchrnul.o)
                              c:/applications/microchip/xc32/bin/bin/../../lib/gcc/pic32c/8.3.1/../../../../pic32c/lib/thumb/v6-m/nofp\libc-size-musl.a(strchr.o) (__strchrnul)
c:/applications/microchip/xc32/bin/bin/../../lib/gcc/pic32c/8.3.1/../../../../pic32c/lib/thumb/v6-m/nofp\libm-fast-emfloat.a(__aeabi_fadd.o)
                              build/default/production/_ext/508257091/plib_sercom3_i2c_master.o (__aeabi_fadd)
c:/applications/microchip/xc32/bin/bin/../../lib/gcc/pic32c/8.3.1/../../../../pic32c/lib/thumb/v6-m/nofp\libm-fast-emfloat.a(__aeabi_dadd.o)
                              build/default/production/_ext/1360937237/mcp9808_driver.o (__aeabi_dadd)
c:/applications/microchip/xc32/bin/bin/../../lib/gcc/pic32c/8.3.1/../../../../pic32c/lib/thumb/v6-m/nofp\libm-fast-emfloat.a(__aeabi_fsub.o)
                              build/default/production/_ext/508257091/plib_sercom3_i2c_master.o (__aeabi_fsub)
c:/applications/microchip/xc32/bin/bin/../../lib/gcc/pic32c/8.3.1/../../../../pic32c/lib/thumb/v6-m/nofp\libm-fast-emfloat.a(__aeabi_fmul.o)
                              build/default/production/_ext/60165182/plib_can0.o (__aeabi_fmul)
c:/applications/microchip/xc32/bin/bin/../../lib/gcc/pic32c/8.3.1/../../../../pic32c/lib/thumb/v6-m/nofp\libm-fast-emfloat.a(__aeabi_dmul_aux.o)
                              build/default/production/_ext/1360937237/mcp9808_driver.o (__aeabi_dmul)
c:/applications/microchip/xc32/bin/bin/../../lib/gcc/pic32c/8.3.1/../../../../pic32c/lib/thumb/v6-m/nofp\libm-fast-emfloat.a(__aeabi_fdiv.o)
                              build/default/production/_ext/60165182/plib_can0.o (__aeabi_fdiv)
c:/applications/microchip/xc32/bin/bin/../../lib/gcc/pic32c/8.3.1/../../../../pic32c/lib/thumb/v6-m/nofp\libm-fast-emfloat.a(__aeabi_fcmplt.o)
                              build/default/production/_ext/60165182/plib_can0.o (__aeabi_fcmplt)
c:/applications/microchip/xc32/bin/bin/../../lib/gcc/pic32c/8.3.1/../../../../pic32c/lib/thumb/v6-m/nofp\libm-fast-emfloat.a(__aeabi_f2iz.o)
                              build/default/production/_ext/504274921/plib_sercom1_usart.o (__aeabi_f2iz)
c:/applications/microchip/xc32/bin/bin/../../lib/gcc/pic32c/8.3.1/../../../../pic32c/lib/thumb/v6-m/nofp\libm-fast-emfloat.a(__aeabi_f2uiz.o)
                              build/default/production/_ext/60165182/plib_can0.o (__aeabi_f2uiz)
c:/applications/microchip/xc32/bin/bin/../../lib/gcc/pic32c/8.3.1/../../../../pic32c/lib/thumb/v6-m/nofp\libm-fast-emfloat.a(__aeabi_i2f.o)
                              build/default/production/_ext/504274921/plib_sercom1_usart.o (__aeabi_i2f)
c:/applications/microchip/xc32/bin/bin/../../lib/gcc/pic32c/8.3.1/../../../../pic32c/lib/thumb/v6-m/nofp\libm-fast-emfloat.a(__aeabi_l2f.o)
                              build/default/production/_ext/1360937237/ad9954_driver.o (__aeabi_l2f)
c:/applications/microchip/xc32/bin/bin/../../lib/gcc/pic32c/8.3.1/../../../../pic32c/lib/thumb/v6-m/nofp\libm-fast-emfloat.a(__aeabi_ui2f.o)
                              build/default/production/_ext/60165182/plib_can0.o (__aeabi_ui2f)
c:/applications/microchip/xc32/bin/bin/../../lib/gcc/pic32c/8.3.1/../../../../pic32c/lib/thumb/v6-m/nofp\libm-fast-emfloat.a(__aeabi_ul2f.o)
                              c:/applications/microchip/xc32/bin/bin/../../lib/gcc/pic32c/8.3.1/../../../../pic32c/lib/thumb/v6-m/nofp\libm-fast-emfloat.a(__aeabi_l2f.o) (__aeabi_ul2f)
[...]
Memory Configuration

Name             Origin             Length             Attributes
rom              0x0000000000000000 0x0000000000080000 xrl
ram              0x0000000020000000 0x0000000000010000 xw !r
config_00804000  0x0000000000804000 0x0000000000000004
config_00804004  0x0000000000804004 0x0000000000000004
*default*        0x0000000000000000 0xffffffffffffffff

Linker script and memory map

LOAD c:/applications/microchip/xc32/bin/bin/../../lib/gcc/pic32c/8.3.1/thumb/v6-m/nofp/crti.o
LOAD c:/applications/microchip/xc32/bin/bin/../../lib/gcc/pic32c/8.3.1/thumb/v6-m/nofp/crtbegin.o
LOAD build/default/production/_ext/158385033/drv_i2c.o
LOAD build/default/production/_ext/2070931557/drv_spi.o
LOAD build/default/production/_ext/869808652/drv_usart.o
LOAD build/default/production/_ext/829343244/plib_ac.o
LOAD build/default/production/_ext/60163342/plib_adc0.o
LOAD build/default/production/_ext/60165182/plib_can0.o
LOAD build/default/production/_ext/60165242/plib_ccl.o
LOAD build/default/production/_ext/1984496892/plib_clock.o
LOAD build/default/production/_ext/60166132/plib_dac.o
LOAD build/default/production/_ext/1985337713/plib_divas.o
LOAD build/default/production/_ext/1865161661/plib_dmac.o
LOAD build/default/production/_ext/60167341/plib_eic.o
LOAD build/default/production/_ext/1986646378/plib_evsys.o
LOAD build/default/production/_ext/1987437027/plib_freqm.o
LOAD build/default/production/_ext/1865468468/plib_nvic.o
LOAD build/default/production/_ext/1593096446/plib_nvmctrl.o
LOAD build/default/production/_ext/1865510628/plib_pdec.o
LOAD build/default/production/_ext/829342769/plib_pm.o
LOAD build/default/production/_ext/1865521619/plib_port.o
LOAD build/default/production/_ext/1865585090/plib_rstc.o
LOAD build/default/production/_ext/60180175/plib_rtc_clock.o
LOAD build/default/production/_ext/508257091/plib_sercom3_i2c_master.o
LOAD build/default/production/_ext/17022449/plib_sercom2_spi_master.o
LOAD build/default/production/_ext/504274921/plib_sercom1_usart.o
LOAD build/default/production/_ext/504274921/plib_sercom0_usart.o
LOAD build/default/production/_ext/1865616679/plib_supc.o
LOAD build/default/production/_ext/829342655/plib_tc0.o
LOAD build/default/production/_ext/60181570/plib_tcc1.o
LOAD build/default/production/_ext/60181570/plib_tcc0.o
LOAD build/default/production/_ext/163028504/xc32_monitor.o
LOAD build/default/production/_ext/1832805299/sys_console_uart.o
LOAD build/default/production/_ext/1832805299/sys_console.o
LOAD build/default/production/_ext/14461671/sys_dma.o
LOAD build/default/production/_ext/1881668453/sys_int.o
LOAD build/default/production/_ext/101884895/sys_time.o
LOAD build/default/production/_ext/1171490990/tasks.o
LOAD build/default/production/_ext/1171490990/initialization.o
LOAD build/default/production/_ext/1171490990/interrupts.o
LOAD build/default/production/_ext/1171490990/exceptions.o
LOAD build/default/production/_ext/1171490990/startup_xc32.o
LOAD build/default/production/_ext/1171490990/libc_syscalls.o
LOAD build/default/production/_ext/1360937237/can0_driver.o
LOAD build/default/production/_ext/1360937237/sht4x_driver.o
LOAD build/default/production/_ext/1360937237/rstc_driver.o
LOAD build/default/production/_ext/1360937237/ad9954_driver.o
LOAD build/default/production/_ext/1360937237/rtc_driver.o
LOAD build/default/production/_ext/1360937237/mcp9808_driver.o
LOAD build/default/production/_ext/1360937237/bme690_driver.o
LOAD build/default/production/_ext/1360937237/fcm360w_driver.o
LOAD build/default/production/_ext/1360937237/console_driver.o
LOAD build/default/production/_ext/1360937237/hdc302x_driver.o
LOAD build/default/production/_ext/1360937237/fan_driver.o
LOAD build/default/production/_ext/1360937237/ntc_driver.o
LOAD build/default/production/_ext/1360937237/timer_driver.o
LOAD build/default/production/_ext/1360937237/xm125_driver.o
LOAD build/default/production/_ext/1360937237/sen6x_driver.o
LOAD build/default/production/_ext/1360937237/ws281x_driver.o
LOAD build/default/production/_ext/1360937237/app.o
LOAD build/default/production/_ext/1360937237/main.o
LOAD build/default/production/_ext/1827571544/plib_systick.o
LOAD build/default/production/_ext/60184501/plib_wdt.o
                0x0000000000000001                __MPLAB_BUILD = 0x1
                0x0000000000080000                __rom_end = (ORIGIN (rom) + LENGTH (rom))
                0x0000000020010000                __ram_end = (ORIGIN (ram) + LENGTH (ram))

.config_00804000
 *(.config_00804000)

.config_00804004
 *(.config_00804004)

.vectors        0x0000000000000000       0xc0
                0x0000000000000000                . = ALIGN (0x4)
                0x0000000000000000                _sfixed = .
 *(.vectors .vectors.* .vectors_default .vectors_default.*)
 .vectors.exception_table
                0x0000000000000000       0xc0 build/default/production/_ext/1171490990/interrupts.o
                0x0000000000000000                exception_table
 *(.isr_vector)
 *(.reset*)
 *(.after_vectors)

.text           0x00000000000000c0       0x20
                0x00000000000000c0                . = ALIGN (0x4)
 *(.glue_7t)
 .glue_7t       0x00000000000000c0        0x0 linker stubs
 *(.glue_7)
 .glue_7        0x00000000000000c0        0x0 linker stubs
 *(.gnu.linkonce.r.*)
 *(.ARM.extab* .gnu.linkonce.armextab.*)
                0x00000000000000c0                . = ALIGN (0x4)
 *(.init)
 .init          0x00000000000000c0        0x4 c:/applications/microchip/xc32/bin/bin/../../lib/gcc/pic32c/8.3.1/thumb/v6-m/nofp/crti.o
                0x00000000000000c0                _init
 .init          0x00000000000000c4        0x8 c:/applications/microchip/xc32/bin/bin/../../lib/gcc/pic32c/8.3.1/thumb/v6-m/nofp/crtn.o
                0x00000000000000cc                . = ALIGN (0x4)
                0x00000000000000cc                __preinit_array_start = .
 *(.preinit_array)
                0x00000000000000cc                __preinit_array_end = .
                0x00000000000000cc                . = ALIGN (0x4)
                0x00000000000000cc                __init_array_start = .
 *(SORT_BY_NAME(.init_array.*))
 *(.init_array)
 .init_array    0x00000000000000cc        0x4 c:/applications/microchip/xc32/bin/bin/../../lib/gcc/pic32c/8.3.1/thumb/v6-m/nofp/crtbegin.o
                0x00000000000000d0                __init_array_end = .
                0x00000000000000d0                . = ALIGN (0x4)
 *crtbegin.o(.ctors)
 *(EXCLUDE_FILE(*crtend.o) .ctors)
 *(SORT_BY_NAME(.ctors.*))
 *crtend.o(.ctors)
                0x00000000000000d0                . = ALIGN (0x4)
 *(.fini)
 .fini          0x00000000000000d0        0x4 c:/applications/microchip/xc32/bin/bin/../../lib/gcc/pic32c/8.3.1/thumb/v6-m/nofp/crti.o
                0x00000000000000d0                _fini
 .fini          0x00000000000000d4        0x8 c:/applications/microchip/xc32/bin/bin/../../lib/gcc/pic32c/8.3.1/thumb/v6-m/nofp/crtn.o
                0x00000000000000dc                . = ALIGN (0x4)
                0x00000000000000dc                __fini_array_start = .
 *(.fini_array)
 .fini_array    0x00000000000000dc        0x4 c:/applications/microchip/xc32/bin/bin/../../lib/gcc/pic32c/8.3.1/thumb/v6-m/nofp/crtbegin.o
 *(SORT_BY_NAME(.fini_array.*))
                0x00000000000000e0                __fini_array_end = .
 *crtbegin.o(.dtors)
 *(EXCLUDE_FILE(*crtend.o) .dtors)
 *(SORT_BY_NAME(.dtors.*))
 *crtend.o(.dtors)
                0x00000000000000e0                . = ALIGN (0x4)
                0x00000000000000e0                _efixed = .
                [!provide]                        PROVIDE (__exidx_start = .)

.ARM.exidx      0x00000000000000e0        0x8
 *(.ARM.exidx* .gnu.linkonce.armexidx.*)
 .ARM.exidx     0x00000000000000e0        0x8 c:/applications/microchip/xc32/bin/bin/../../lib/gcc/pic32c/8.3.1/thumb/v6-m/nofp\libgcc.a(_udivmoddi4.o)
                [!provide]                        PROVIDE (__exidx_end = .)
                0x00000000000000e8                . = ALIGN (0x4)
                0x00000000000000e8                _etext = .

.bss            0x0000000020000000        0x0
                0x0000000020000000                . = ALIGN (0x4)
                0x0000000020000000                __bss_start__ = .
                0x0000000020000000                _sbss = .
                0x0000000020000000                _szero = .
 *(COMMON)
                0x0000000020000000                . = ALIGN (0x4)
                0x0000000020000000                __bss_end__ = .
                0x0000000020000000                _ebss = .
                0x0000000020000000                _ezero = .
                0x0000000020000000                . = ALIGN (0x4)
                0x0000000020000000                _end = .
                0x000000002000ffff                _ram_end_ = ((ORIGIN (ram) + LENGTH (ram)) - 0x1)
                0x0000000000000200                _min_heap_size = 0x200
START GROUP
LOAD c:/applications/microchip/xc32/bin/bin/../../lib/gcc/pic32c/8.3.1/../../../../pic32c/lib/thumb/v6-m/nofp\libpic32c.a
LOAD c:/applications/microchip/xc32/bin/bin/../../lib/gcc/pic32c/8.3.1/../../../../pic32c/lib/thumb/v6-m/nofp\libc-size-musl.a
LOAD c:/applications/microchip/xc32/bin/bin/../../lib/gcc/pic32c/8.3.1/../../../../pic32c/lib/thumb/v6-m/nofp\liblmalloc-musl.a
LOAD c:/applications/microchip/xc32/bin/bin/../../lib/gcc/pic32c/8.3.1/../../../../pic32c/lib/thumb/v6-m/nofp\libm-fast-emfloat.a
LOAD c:/applications/microchip/xc32/bin/bin/../../lib/gcc/pic32c/8.3.1/../../../../pic32c/lib/thumb/v6-m/nofp\libm-musl.a
LOAD c:/applications/microchip/xc32/bin/bin/../../lib/gcc/pic32c/8.3.1/../../../../pic32c/lib/thumb/v6-m/nofp\libc-musl.a
LOAD c:/applications/microchip/xc32/bin/bin/../../lib/gcc/pic32c/8.3.1/../../../../pic32c/lib/thumb/v6-m/nofp\libm-fast-emfloat.a
LOAD c:/applications/microchip/xc32/bin/bin/../../lib/gcc/pic32c/8.3.1/../../../../pic32c/lib/thumb/v6-m/nofp\libm-musl.a
LOAD c:/applications/microchip/xc32/bin/bin/../../lib/gcc/pic32c/8.3.1/thumb/v6-m/nofp\libgcc.a
END GROUP
LOAD c:/applications/microchip/xc32/bin/bin/../../lib/gcc/pic32c/8.3.1/thumb/v6-m/nofp/crtend.o
LOAD c:/applications/microchip/xc32/bin/bin/../../lib/gcc/pic32c/8.3.1/thumb/v6-m/nofp/crtn.o
OUTPUT(dist/default/production/PIC32CMxxxxJH01_DRIVER.X.production.elf elf32-littlearm)
LOAD data_init
LOAD stack

.ARM.attributes
                0x0000000000000000       0x2a
 .ARM.attributes
                0x0000000000000000       0x1e c:/applications/microchip/xc32/bin/bin/../../lib/gcc/pic32c/8.3.1/thumb/v6-m/nofp/crti.o
 .ARM.attributes
                0x000000000000001e       0x2c c:/applications/microchip/xc32/bin/bin/../../lib/gcc/pic32c/8.3.1/thumb/v6-m/nofp/crtbegin.o
 .ARM.attributes
                0x000000000000004a       0x2c build/default/production/_ext/158385033/drv_i2c.o
 .ARM.attributes
                0x0000000000000076       0x2c build/default/production/_ext/2070931557/drv_spi.o
 .ARM.attributes
                0x00000000000000a2       0x2c build/default/production/_ext/869808652/drv_usart.o
 .ARM.attributes
                0x00000000000000ce       0x2c build/default/production/_ext/829343244/plib_ac.o
 .ARM.attributes
                0x00000000000000fa       0x2c build/default/production/_ext/60163342/plib_adc0.o
 .ARM.attributes
                0x0000000000000126       0x2c build/default/production/_ext/60165182/plib_can0.o
 .ARM.attributes
                0x0000000000000152       0x2c build/default/production/_ext/60165242/plib_ccl.o
 .ARM.attributes
                0x000000000000017e       0x2c build/default/production/_ext/1984496892/plib_clock.o
 .ARM.attributes
                0x00000000000001aa       0x2c build/default/production/_ext/60166132/plib_dac.o
 .ARM.attributes
                0x00000000000001d6       0x2c build/default/production/_ext/1865161661/plib_dmac.o
 .ARM.attributes
                0x0000000000000202       0x2c build/default/production/_ext/60167341/plib_eic.o
 .ARM.attributes
                0x000000000000022e       0x2c build/default/production/_ext/1986646378/plib_evsys.o
 .ARM.attributes
                0x000000000000025a       0x2c build/default/production/_ext/1987437027/plib_freqm.o
 .ARM.attributes
                0x0000000000000286       0x2c build/default/production/_ext/1865468468/plib_nvic.o
 .ARM.attributes
                0x00000000000002b2       0x2c build/default/production/_ext/1593096446/plib_nvmctrl.o
 .ARM.attributes
                0x00000000000002de       0x2c build/default/production/_ext/1865510628/plib_pdec.o
 .ARM.attributes
                0x000000000000030a       0x2c build/default/production/_ext/829342769/plib_pm.o
 .ARM.attributes
                0x0000000000000336       0x2c build/default/production/_ext/1865521619/plib_port.o
 .ARM.attributes
                0x0000000000000362       0x2c build/default/production/_ext/1865585090/plib_rstc.o
 .ARM.attributes
                0x000000000000038e       0x2c build/default/production/_ext/60180175/plib_rtc_clock.o
 .ARM.attributes
                0x00000000000003ba       0x2c build/default/production/_ext/508257091/plib_sercom3_i2c_master.o
 .ARM.attributes
                0x00000000000003e6       0x2c build/default/production/_ext/17022449/plib_sercom2_spi_master.o
 .ARM.attributes
                0x0000000000000412       0x2c build/default/production/_ext/504274921/plib_sercom1_usart.o
 .ARM.attributes
                0x000000000000043e       0x2c build/default/production/_ext/504274921/plib_sercom0_usart.o
 .ARM.attributes
                0x000000000000046a       0x2c build/default/production/_ext/1865616679/plib_supc.o
 .ARM.attributes
                0x0000000000000496       0x2c build/default/production/_ext/829342655/plib_tc0.o
 .ARM.attributes
                0x00000000000004c2       0x2c build/default/production/_ext/60181570/plib_tcc1.o
 .ARM.attributes
                0x00000000000004ee       0x2c build/default/production/_ext/60181570/plib_tcc0.o
 .ARM.attributes
                0x000000000000051a       0x2c build/default/production/_ext/1832805299/sys_console_uart.o
 .ARM.attributes
                0x0000000000000546       0x2c build/default/production/_ext/1832805299/sys_console.o
 .ARM.attributes
                0x0000000000000572       0x2c build/default/production/_ext/14461671/sys_dma.o
 .ARM.attributes
                0x000000000000059e       0x2c build/default/production/_ext/1881668453/sys_int.o
 .ARM.attributes
                0x00000000000005ca       0x2c build/default/production/_ext/101884895/sys_time.o
 .ARM.attributes
                0x00000000000005f6       0x2c build/default/production/_ext/1171490990/tasks.o
 .ARM.attributes
                0x0000000000000622       0x2c build/default/production/_ext/1171490990/initialization.o
 .ARM.attributes
                0x000000000000064e       0x2c build/default/production/_ext/1171490990/interrupts.o
 .ARM.attributes
                0x000000000000067a       0x2c build/default/production/_ext/1171490990/exceptions.o
 .ARM.attributes
                0x00000000000006a6       0x2c build/default/production/_ext/1171490990/startup_xc32.o
 .ARM.attributes
                0x00000000000006d2       0x2c build/default/production/_ext/1360937237/can0_driver.o
 .ARM.attributes
                0x00000000000006fe       0x2c build/default/production/_ext/1360937237/sht4x_driver.o
 .ARM.attributes
                0x000000000000072a       0x2c build/default/production/_ext/1360937237/rstc_driver.o
 .ARM.attributes
                0x0000000000000756       0x2c build/default/production/_ext/1360937237/ad9954_driver.o
 .ARM.attributes
                0x0000000000000782       0x2c build/default/production/_ext/1360937237/rtc_driver.o
 .ARM.attributes
                0x00000000000007ae       0x2c build/default/production/_ext/1360937237/mcp9808_driver.o
 .ARM.attributes
                0x00000000000007da       0x2c build/default/production/_ext/1360937237/bme690_driver.o
 .ARM.attributes
                0x0000000000000806       0x2c build/default/production/_ext/1360937237/fcm360w_driver.o
 .ARM.attributes
                0x0000000000000832       0x2c build/default/production/_ext/1360937237/console_driver.o
 .ARM.attributes
                0x000000000000085e       0x2c build/default/production/_ext/1360937237/hdc302x_driver.o
 .ARM.attributes
                0x000000000000088a       0x2c build/default/production/_ext/1360937237/fan_driver.o
 .ARM.attributes
                0x00000000000008b6       0x2c build/default/production/_ext/1360937237/ntc_driver.o
 .ARM.attributes
                0x00000000000008e2       0x2c build/default/production/_ext/1360937237/timer_driver.o
 .ARM.attributes
                0x000000000000090e       0x2c build/default/production/_ext/1360937237/xm125_driver.o
 .ARM.attributes
                0x000000000000093a       0x2c build/default/production/_ext/1360937237/sen6x_driver.o
 .ARM.attributes
                0x0000000000000966       0x2c build/default/production/_ext/1360937237/ws281x_driver.o
 .ARM.attributes
                0x0000000000000992       0x2c build/default/production/_ext/1360937237/app.o
 .ARM.attributes
                0x00000000000009be       0x2c build/default/production/_ext/1360937237/main.o
 .ARM.attributes
                0x00000000000009ea       0x2c build/default/production/_ext/1827571544/plib_systick.o
 .ARM.attributes
                0x0000000000000a16       0x2c build/default/production/_ext/60184501/plib_wdt.o
 .ARM.attributes
                0x0000000000000a42       0x2c c:/applications/microchip/xc32/bin/bin/../../lib/gcc/pic32c/8.3.1/../../../../pic32c/lib/thumb/v6-m/nofp\libpic32c.a(data_init.o)
 .ARM.attributes
                0x0000000000000a6e       0x2e c:/applications/microchip/xc32/bin/bin/../../lib/gcc/pic32c/8.3.1/../../../../pic32c/lib/thumb/v6-m/nofp\libc-size-musl.a(memcpy.o)
 .ARM.attributes
                0x0000000000000a9c       0x2e c:/applications/microchip/xc32/bin/bin/../../lib/gcc/pic32c/8.3.1/../../../../pic32c/lib/thumb/v6-m/nofp\libc-size-musl.a(memset.o)
 .ARM.attributes
                0x0000000000000aca       0x2e c:/applications/microchip/xc32/bin/bin/../../lib/gcc/pic32c/8.3.1/../../../../pic32c/lib/thumb/v6-m/nofp\libc-size-musl.a(strlen.o)
 .ARM.attributes
                0x0000000000000af8       0x2e c:/applications/microchip/xc32/bin/bin/../../lib/gcc/pic32c/8.3.1/../../../../pic32c/lib/thumb/v6-m/nofp\libc-size-musl.a(strstr.o)
 .ARM.attributes
                0x0000000000000b26       0x2e c:/applications/microchip/xc32/bin/bin/../../lib/gcc/pic32c/8.3.1/../../../../pic32c/lib/thumb/v6-m/nofp\libc-size-musl.a(strchr.o)
 .ARM.attributes
                0x0000000000000b54       0x2e c:/applications/microchip/xc32/bin/bin/../../lib/gcc/pic32c/8.3.1/../../../../pic32c/lib/thumb/v6-m/nofp\libc-size-musl.a(strchrnul.o)
 .ARM.attributes
                0x0000000000000b82       0x1c c:/applications/microchip/xc32/bin/bin/../../lib/gcc/pic32c/8.3.1/../../../../pic32c/lib/thumb/v6-m/nofp\libm-fast-emfloat.a(__aeabi_fadd.o)
 .ARM.attributes
                0x0000000000000b9e       0x1c c:/applications/microchip/xc32/bin/bin/../../lib/gcc/pic32c/8.3.1/../../../../pic32c/lib/thumb/v6-m/nofp\libm-fast-emfloat.a(__aeabi_dadd.o)
 .ARM.attributes
                0x0000000000000bba       0x1c c:/applications/microchip/xc32/bin/bin/../../lib/gcc/pic32c/8.3.1/../../../../pic32c/lib/thumb/v6-m/nofp\libm-fast-emfloat.a(__aeabi_fsub.o)
 .ARM.attributes
                0x0000000000000bd6       0x1c c:/applications/microchip/xc32/bin/bin/../../lib/gcc/pic32c/8.3.1/../../../../pic32c/lib/thumb/v6-m/nofp\libm-fast-emfloat.a(__aeabi_fmul.o)
 .ARM.attributes
                0x0000000000000bf2       0x1c c:/applications/microchip/xc32/bin/bin/../../lib/gcc/pic32c/8.3.1/../../../../pic32c/lib/thumb/v6-m/nofp\libm-fast-emfloat.a(__aeabi_dmul_aux.o)
 .ARM.attributes
                0x0000000000000c0e       0x1c c:/applications/microchip/xc32/bin/bin/../../lib/gcc/pic32c/8.3.1/../../../../pic32c/lib/thumb/v6-m/nofp\libm-fast-emfloat.a(__aeabi_fdiv.o)
 .ARM.attributes
                0x0000000000000c2a       0x1c c:/applications/microchip/xc32/bin/bin/../../lib/gcc/pic32c/8.3.1/../../../../pic32c/lib/thumb/v6-m/nofp\libm-fast-emfloat.a(__aeabi_f2iz.o)
 .ARM.attributes
                0x0000000000000c46       0x1c c:/applications/microchip/xc32/bin/bin/../../lib/gcc/pic32c/8.3.1/../../../../pic32c/lib/thumb/v6-m/nofp\libm-fast-emfloat.a(__aeabi_f2uiz.o)
 .ARM.attributes
                0x0000000000000c62       0x1c c:/applications/microchip/xc32/bin/bin/../../lib/gcc/pic32c/8.3.1/../../../../pic32c/lib/thumb/v6-m/nofp\libm-fast-emfloat.a(__aeabi_i2f.o)
 .ARM.attributes
                0x0000000000000c7e       0x1c c:/applications/microchip/xc32/bin/bin/../../lib/gcc/pic32c/8.3.1/../../../../pic32c/lib/thumb/v6-m/nofp\libm-fast-emfloat.a(__aeabi_ui2f.o)
 .ARM.attributes
                0x0000000000000c9a       0x1c c:/applications/microchip/xc32/bin/bin/../../lib/gcc/pic32c/8.3.1/../../../../pic32c/lib/thumb/v6-m/nofp\libm-fast-emfloat.a(__aeabi_f2d.o)
 .ARM.attributes
                0x0000000000000cb6       0x1c c:/applications/microchip/xc32/bin/bin/../../lib/gcc/pic32c/8.3.1/../../../../pic32c/lib/thumb/v6-m/nofp\libm-fast-emfloat.a(__aeabi_d2f.o)
 .ARM.attributes
                0x0000000000000cd2       0x2e c:/applications/microchip/xc32/bin/bin/../../lib/gcc/pic32c/8.3.1/../../../../pic32c/lib/thumb/v6-m/nofp\libc-musl.a(__libc_start_main.o)
 .ARM.attributes
                0x0000000000000d00       0x2e c:/applications/microchip/xc32/bin/bin/../../lib/gcc/pic32c/8.3.1/../../../../pic32c/lib/thumb/v6-m/nofp\libc-musl.a(libc.o)
 .ARM.attributes
                0x0000000000000d2e       0x2e c:/applications/microchip/xc32/bin/bin/../../lib/gcc/pic32c/8.3.1/../../../../pic32c/lib/thumb/v6-m/nofp\libc-musl.a(vsnprintf.o)
 .ARM.attributes
                0x0000000000000d5c       0x2e c:/applications/microchip/xc32/bin/bin/../../lib/gcc/pic32c/8.3.1/../../../../pic32c/lib/thumb/v6-m/nofp\libc-musl.a(sprintf.o)
 .ARM.attributes
                0x0000000000000d8a       0x2e c:/applications/microchip/xc32/bin/bin/../../lib/gcc/pic32c/8.3.1/../../../../pic32c/lib/thumb/v6-m/nofp\libc-musl.a(vsprintf.o)
 .ARM.attributes
                0x0000000000000db8       0x2e c:/applications/microchip/xc32/bin/bin/../../lib/gcc/pic32c/8.3.1/../../../../pic32c/lib/thumb/v6-m/nofp\libc-musl.a(__environ.o)
 .ARM.attributes
                0x0000000000000de6       0x2e c:/applications/microchip/xc32/bin/bin/../../lib/gcc/pic32c/8.3.1/../../../../pic32c/lib/thumb/v6-m/nofp\libc-musl.a(__errno_location.o)
 .ARM.attributes
                0x0000000000000e14       0x2e c:/applications/microchip/xc32/bin/bin/../../lib/gcc/pic32c/8.3.1/../../../../pic32c/lib/thumb/v6-m/nofp\libc-musl.a(vfprintf.o)
 .ARM.attributes
                0x0000000000000e42       0x2e c:/applications/microchip/xc32/bin/bin/../../lib/gcc/pic32c/8.3.1/../../../../pic32c/lib/thumb/v6-m/nofp\libc-musl.a(__pop_float.o)
 .ARM.attributes
                0x0000000000000e70       0x2e c:/applications/microchip/xc32/bin/bin/../../lib/gcc/pic32c/8.3.1/../../../../pic32c/lib/thumb/v6-m/nofp\libc-musl.a(__pop_int.o)
 .ARM.attributes
                0x0000000000000e9e       0x2e c:/applications/microchip/xc32/bin/bin/../../lib/gcc/pic32c/8.3.1/../../../../pic32c/lib/thumb/v6-m/nofp\libc-musl.a(__pop_ptr.o)
 .ARM.attributes
                0x0000000000000ecc       0x2e c:/applications/microchip/xc32/bin/bin/../../lib/gcc/pic32c/8.3.1/../../../../pic32c/lib/thumb/v6-m/nofp\libc-musl.a(__printf_core.o)
 .ARM.attributes
                0x0000000000000efa       0x2e c:/applications/microchip/xc32/bin/bin/../../lib/gcc/pic32c/8.3.1/../../../../pic32c/lib/thumb/v6-m/nofp\libc-musl.a(atoi.o)
 .ARM.attributes
                0x0000000000000f28       0x2e c:/applications/microchip/xc32/bin/bin/../../lib/gcc/pic32c/8.3.1/../../../../pic32c/lib/thumb/v6-m/nofp\libc-musl.a(tolower.o)
 .ARM.attributes
                0x0000000000000f56       0x2e c:/applications/microchip/xc32/bin/bin/../../lib/gcc/pic32c/8.3.1/../../../../pic32c/lib/thumb/v6-m/nofp\libc-musl.a(__fmt_a.o)
 .ARM.attributes
                0x0000000000000f84       0x2e c:/applications/microchip/xc32/bin/bin/../../lib/gcc/pic32c/8.3.1/../../../../pic32c/lib/thumb/v6-m/nofp\libc-musl.a(__fmt_d.o)
 .ARM.attributes
                0x0000000000000fb2       0x2e c:/applications/microchip/xc32/bin/bin/../../lib/gcc/pic32c/8.3.1/../../../../pic32c/lib/thumb/v6-m/nofp\libc-musl.a(__fmt_fp.o)
 .ARM.attributes
                0x0000000000000fe0       0x2e c:/applications/microchip/xc32/bin/bin/../../lib/gcc/pic32c/8.3.1/../../../../pic32c/lib/thumb/v6-m/nofp\libc-musl.a(__fmt_o.o)
 .ARM.attributes
                0x000000000000100e       0x2e c:/applications/microchip/xc32/bin/bin/../../lib/gcc/pic32c/8.3.1/../../../../pic32c/lib/thumb/v6-m/nofp\libc-musl.a(__fmt_s.o)
 .ARM.attributes
                0x000000000000103c       0x2e c:/applications/microchip/xc32/bin/bin/../../lib/gcc/pic32c/8.3.1/../../../../pic32c/lib/thumb/v6-m/nofp\libc-musl.a(__fmt_u.o)
 .ARM.attributes
                0x000000000000106a       0x2e c:/applications/microchip/xc32/bin/bin/../../lib/gcc/pic32c/8.3.1/../../../../pic32c/lib/thumb/v6-m/nofp\libc-musl.a(__fmt_x.o)
 .ARM.attributes
                0x0000000000001098       0x2e c:/applications/microchip/xc32/bin/bin/../../lib/gcc/pic32c/8.3.1/../../../../pic32c/lib/thumb/v6-m/nofp\libc-musl.a(toupper.o)
 .ARM.attributes
                0x00000000000010c6       0x2e c:/applications/microchip/xc32/bin/bin/../../lib/gcc/pic32c/8.3.1/../../../../pic32c/lib/thumb/v6-m/nofp\libc-musl.a(__cvt_u.o)
 .ARM.attributes
                0x00000000000010f4       0x2c c:/applications/microchip/xc32/bin/bin/../../lib/gcc/pic32c/8.3.1/../../../../pic32c/lib/thumb/v6-m/nofp\libm-fast-emfloat.a(fma.o)
 .ARM.attributes
                0x0000000000001120       0x2c c:/applications/microchip/xc32/bin/bin/../../lib/gcc/pic32c/8.3.1/../../../../pic32c/lib/thumb/v6-m/nofp\libm-fast-emfloat.a(floor.o)
 .ARM.attributes
                0x000000000000114c       0x1c c:/applications/microchip/xc32/bin/bin/../../lib/gcc/pic32c/8.3.1/../../../../pic32c/lib/thumb/v6-m/nofp\libm-fast-emfloat.a(__aeabi_dsub.o)
 .ARM.attributes
                0x0000000000001168       0x1c c:/applications/microchip/xc32/bin/bin/../../lib/gcc/pic32c/8.3.1/../../../../pic32c/lib/thumb/v6-m/nofp\libm-fast-emfloat.a(__aeabi_ddiv.o)
 .ARM.attributes
                0x0000000000001184       0x1c c:/applications/microchip/xc32/bin/bin/../../lib/gcc/pic32c/8.3.1/../../../../pic32c/lib/thumb/v6-m/nofp\libm-fast-emfloat.a(__aeabi_dcmple.o)
 .ARM.attributes
                0x00000000000011a0       0x1c c:/applications/microchip/xc32/bin/bin/../../lib/gcc/pic32c/8.3.1/../../../../pic32c/lib/thumb/v6-m/nofp\libm-fast-emfloat.a(__aeabi_dcmpeq.o)
 .ARM.attributes
                0x00000000000011bc       0x1c c:/applications/microchip/xc32/bin/bin/../../lib/gcc/pic32c/8.3.1/../../../../pic32c/lib/thumb/v6-m/nofp\libm-fast-emfloat.a(__aeabi_dcmpgt.o)
 .ARM.attributes
                0x00000000000011d8       0x1c c:/applications/microchip/xc32/bin/bin/../../lib/gcc/pic32c/8.3.1/../../../../pic32c/lib/thumb/v6-m/nofp\libm-fast-emfloat.a(__aeabi_dcmplt.o)
 .ARM.attributes
                0x00000000000011f4       0x1c c:/applications/microchip/xc32/bin/bin/../../lib/gcc/pic32c/8.3.1/../../../../pic32c/lib/thumb/v6-m/nofp\libm-fast-emfloat.a(__aeabi_d2iz.o)
 .ARM.attributes
                0x0000000000001210       0x1c c:/applications/microchip/xc32/bin/bin/../../lib/gcc/pic32c/8.3.1/../../../../pic32c/lib/thumb/v6-m/nofp\libm-fast-emfloat.a(__aeabi_d2uiz.o)
 .ARM.attributes
                0x000000000000122c       0x1e c:/applications/microchip/xc32/bin/bin/../../lib/gcc/pic32c/8.3.1/thumb/v6-m/nofp\libgcc.a(_udivsi3.o)
 .ARM.attributes
                0x000000000000124a       0x1e c:/applications/microchip/xc32/bin/bin/../../lib/gcc/pic32c/8.3.1/thumb/v6-m/nofp\libgcc.a(_divsi3.o)
 .ARM.attributes
                0x0000000000001268       0x1e c:/applications/microchip/xc32/bin/bin/../../lib/gcc/pic32c/8.3.1/thumb/v6-m/nofp\libgcc.a(_dvmd_tls.o)
 .ARM.attributes
                0x0000000000001286       0x1e c:/applications/microchip/xc32/bin/bin/../../lib/gcc/pic32c/8.3.1/thumb/v6-m/nofp\libgcc.a(_aeabi_uldivmod.o)
 .ARM.attributes
                0x00000000000012a4       0x2c c:/applications/microchip/xc32/bin/bin/../../lib/gcc/pic32c/8.3.1/thumb/v6-m/nofp\libgcc.a(_muldi3.o)
 .ARM.attributes
                0x00000000000012d0       0x2c c:/applications/microchip/xc32/bin/bin/../../lib/gcc/pic32c/8.3.1/thumb/v6-m/nofp\libgcc.a(_udivmoddi4.o)
 .ARM.attributes
                0x00000000000012fc       0x1e c:/applications/microchip/xc32/bin/bin/../../lib/gcc/pic32c/8.3.1/thumb/v6-m/nofp\libgcc.a(_lshrdi3.o)
 .ARM.attributes
                0x000000000000131a       0x1e c:/applications/microchip/xc32/bin/bin/../../lib/gcc/pic32c/8.3.1/thumb/v6-m/nofp\libgcc.a(_ashldi3.o)
 .ARM.attributes
                0x0000000000001338       0x1e c:/applications/microchip/xc32/bin/bin/../../lib/gcc/pic32c/8.3.1/thumb/v6-m/nofp\libgcc.a(_clzdi2.o)
 .ARM.attributes
                0x0000000000001356       0x1e c:/applications/microchip/xc32/bin/bin/../../lib/gcc/pic32c/8.3.1/thumb/v6-m/nofp\libgcc.a(_clzsi2.o)
 .ARM.attributes
                0x0000000000001374       0x2e c:/applications/microchip/xc32/bin/bin/../../lib/gcc/pic32c/8.3.1/../../../../pic32c/lib/thumb/v6-m/nofp\libc-size-musl.a(strcpy.o)
 .ARM.attributes
                0x00000000000013a2       0x2e c:/applications/microchip/xc32/bin/bin/../../lib/gcc/pic32c/8.3.1/../../../../pic32c/lib/thumb/v6-m/nofp\libc-size-musl.a(stpcpy.o)
 .ARM.attributes
                0x00000000000013d0       0x1e c:/applications/microchip/xc32/bin/bin/../../lib/gcc/pic32c/8.3.1/thumb/v6-m/nofp/crtn.o
 .ARM.attributes
                0x00000000000013ee       0x2c c:/applications/microchip/xc32/bin/bin/../../lib/gcc/pic32c/8.3.1/../../../../pic32c/lib/thumb/v6-m/nofp\libpic32c.a(pic32_data_init_clear.o)
 .ARM.attributes
                0x000000000000141a       0x2c c:/applications/microchip/xc32/bin/bin/../../lib/gcc/pic32c/8.3.1/../../../../pic32c/lib/thumb/v6-m/nofp\libpic32c.a(pic32_data_init_copy.o)

.comment        0x0000000000000000       0x2b
 .comment       0x0000000000000000       0x2b c:/applications/microchip/xc32/bin/bin/../../lib/gcc/pic32c/8.3.1/thumb/v6-m/nofp/crtbegin.o
                                         0x2c (size before relaxing)
 .comment       0x000000000000002b       0x2c build/default/production/_ext/158385033/drv_i2c.o
 .comment       0x000000000000002b       0x2c build/default/production/_ext/2070931557/drv_spi.o
 .comment       0x000000000000002b       0x2c build/default/production/_ext/869808652/drv_usart.o
 .comment       0x000000000000002b       0x2c build/default/production/_ext/829343244/plib_ac.o
 .comment       0x000000000000002b       0x2c build/default/production/_ext/60163342/plib_adc0.o
 .comment       0x000000000000002b       0x2c build/default/production/_ext/60165182/plib_can0.o
 .comment       0x000000000000002b       0x2c build/default/production/_ext/60165242/plib_ccl.o
 .comment       0x000000000000002b       0x2c build/default/production/_ext/1984496892/plib_clock.o
 .comment       0x000000000000002b       0x2c build/default/production/_ext/60166132/plib_dac.o
 .comment       0x000000000000002b       0x2c build/default/production/_ext/1865161661/plib_dmac.o
 .comment       0x000000000000002b       0x2c build/default/production/_ext/60167341/plib_eic.o
 .comment       0x000000000000002b       0x2c build/default/production/_ext/1986646378/plib_evsys.o
 .comment       0x000000000000002b       0x2c build/default/production/_ext/1987437027/plib_freqm.o
 .comment       0x000000000000002b       0x2c build/default/production/_ext/1865468468/plib_nvic.o
 .comment       0x000000000000002b       0x2c build/default/production/_ext/1593096446/plib_nvmctrl.o
 .comment       0x000000000000002b       0x2c build/default/production/_ext/1865510628/plib_pdec.o
 .comment       0x000000000000002b       0x2c build/default/production/_ext/829342769/plib_pm.o
 .comment       0x000000000000002b       0x2c build/default/production/_ext/1865521619/plib_port.o
 .comment       0x000000000000002b       0x2c build/default/production/_ext/1865585090/plib_rstc.o
 .comment       0x000000000000002b       0x2c build/default/production/_ext/60180175/plib_rtc_clock.o
 .comment       0x000000000000002b       0x2c build/default/production/_ext/508257091/plib_sercom3_i2c_master.o
 .comment       0x000000000000002b       0x2c build/default/production/_ext/17022449/plib_sercom2_spi_master.o
 .comment       0x000000000000002b       0x2c build/default/production/_ext/504274921/plib_sercom1_usart.o
 .comment       0x000000000000002b       0x2c build/default/production/_ext/504274921/plib_sercom0_usart.o
 .comment       0x000000000000002b       0x2c build/default/production/_ext/1865616679/plib_supc.o
 .comment       0x000000000000002b       0x2c build/default/production/_ext/829342655/plib_tc0.o
 .comment       0x000000000000002b       0x2c build/default/production/_ext/60181570/plib_tcc1.o
 .comment       0x000000000000002b       0x2c build/default/production/_ext/60181570/plib_tcc0.o
 .comment       0x000000000000002b       0x2c build/default/production/_ext/1832805299/sys_console_uart.o
 .comment       0x000000000000002b       0x2c build/default/production/_ext/1832805299/sys_console.o
 .comment       0x000000000000002b       0x2c build/default/production/_ext/14461671/sys_dma.o
 .comment       0x000000000000002b       0x2c build/default/production/_ext/1881668453/sys_int.o
 .comment       0x000000000000002b       0x2c build/default/production/_ext/101884895/sys_time.o
 .comment       0x000000000000002b       0x2c build/default/production/_ext/1171490990/tasks.o
 .comment       0x000000000000002b       0x2c build/default/production/_ext/1171490990/initialization.o
 .comment       0x000000000000002b       0x2c build/default/production/_ext/1171490990/interrupts.o
 .comment       0x000000000000002b       0x2c build/default/production/_ext/1171490990/exceptions.o
 .comment       0x000000000000002b       0x2c build/default/production/_ext/1171490990/startup_xc32.o
 .comment       0x000000000000002b       0x2c build/default/production/_ext/1360937237/can0_driver.o
 .comment       0x000000000000002b       0x2c build/default/production/_ext/1360937237/sht4x_driver.o
 .comment       0x000000000000002b       0x2c build/default/production/_ext/1360937237/rstc_driver.o
 .comment       0x000000000000002b       0x2c build/default/production/_ext/1360937237/ad9954_driver.o
 .comment       0x000000000000002b       0x2c build/default/production/_ext/1360937237/rtc_driver.o
 .comment       0x000000000000002b       0x2c build/default/production/_ext/1360937237/mcp9808_driver.o
 .comment       0x000000000000002b       0x2c build/default/production/_ext/1360937237/bme690_driver.o
 .comment       0x000000000000002b       0x2c build/default/production/_ext/1360937237/fcm360w_driver.o
 .comment       0x000000000000002b       0x2c build/default/production/_ext/1360937237/console_driver.o
 .comment       0x000000000000002b       0x2c build/default/production/_ext/1360937237/hdc302x_driver.o
 .comment       0x000000000000002b       0x2c build/default/production/_ext/1360937237/fan_driver.o
 .comment       0x000000000000002b       0x2c build/default/production/_ext/1360937237/ntc_driver.o
 .comment       0x000000000000002b       0x2c build/default/production/_ext/1360937237/timer_driver.o
 .comment       0x000000000000002b       0x2c build/default/production/_ext/1360937237/xm125_driver.o
 .comment       0x000000000000002b       0x2c build/default/production/_ext/1360937237/sen6x_driver.o
 .comment       0x000000000000002b       0x2c build/default/production/_ext/1360937237/ws281x_driver.o
 .comment       0x000000000000002b       0x2c build/default/production/_ext/1360937237/app.o
 .comment       0x000000000000002b       0x2c build/default/production/_ext/1360937237/main.o
 .comment       0x000000000000002b       0x2c build/default/production/_ext/1827571544/plib_systick.o
 .comment       0x000000000000002b       0x2c build/default/production/_ext/60184501/plib_wdt.o
 .comment       0x000000000000002b       0x2c c:/applications/microchip/xc32/bin/bin/../../lib/gcc/pic32c/8.3.1/../../../../pic32c/lib/thumb/v6-m/nofp\libpic32c.a(data_init.o)
 .comment       0x000000000000002b       0x2c c:/applications/microchip/xc32/bin/bin/../../lib/gcc/pic32c/8.3.1/../../../../pic32c/lib/thumb/v6-m/nofp\libc-size-musl.a(memcpy.o)
 .comment       0x000000000000002b       0x2c c:/applications/microchip/xc32/bin/bin/../../lib/gcc/pic32c/8.3.1/../../../../pic32c/lib/thumb/v6-m/nofp\libc-size-musl.a(memset.o)
 .comment       0x000000000000002b       0x2c c:/applications/microchip/xc32/bin/bin/../../lib/gcc/pic32c/8.3.1/../../../../pic32c/lib/thumb/v6-m/nofp\libc-size-musl.a(strlen.o)
 .comment       0x000000000000002b       0x2c c:/applications/microchip/xc32/bin/bin/../../lib/gcc/pic32c/8.3.1/../../../../pic32c/lib/thumb/v6-m/nofp\libc-size-musl.a(strstr.o)
 .comment       0x000000000000002b       0x2c c:/applications/microchip/xc32/bin/bin/../../lib/gcc/pic32c/8.3.1/../../../../pic32c/lib/thumb/v6-m/nofp\libc-size-musl.a(strchr.o)
 .comment       0x000000000000002b       0x2c c:/applications/microchip/xc32/bin/bin/../../lib/gcc/pic32c/8.3.1/../../../../pic32c/lib/thumb/v6-m/nofp\libc-size-musl.a(strchrnul.o)
 .comment       0x000000000000002b       0x2c c:/applications/microchip/xc32/bin/bin/../../lib/gcc/pic32c/8.3.1/../../../../pic32c/lib/thumb/v6-m/nofp\libc-musl.a(__libc_start_main.o)
 .comment       0x000000000000002b       0x2c c:/applications/microchip/xc32/bin/bin/../../lib/gcc/pic32c/8.3.1/../../../../pic32c/lib/thumb/v6-m/nofp\libc-musl.a(libc.o)
 .comment       0x000000000000002b       0x2c c:/applications/microchip/xc32/bin/bin/../../lib/gcc/pic32c/8.3.1/../../../../pic32c/lib/thumb/v6-m/nofp\libc-musl.a(vsnprintf.o)
 .comment       0x000000000000002b       0x2c c:/applications/microchip/xc32/bin/bin/../../lib/gcc/pic32c/8.3.1/../../../../pic32c/lib/thumb/v6-m/nofp\libc-musl.a(sprintf.o)
 .comment       0x000000000000002b       0x2c c:/applications/microchip/xc32/bin/bin/../../lib/gcc/pic32c/8.3.1/../../../../pic32c/lib/thumb/v6-m/nofp\libc-musl.a(vsprintf.o)
 .comment       0x000000000000002b       0x2c c:/applications/microchip/xc32/bin/bin/../../lib/gcc/pic32c/8.3.1/../../../../pic32c/lib/thumb/v6-m/nofp\libc-musl.a(__environ.o)
 .comment       0x000000000000002b       0x2c c:/applications/microchip/xc32/bin/bin/../../lib/gcc/pic32c/8.3.1/../../../../pic32c/lib/thumb/v6-m/nofp\libc-musl.a(__errno_location.o)
 .comment       0x000000000000002b       0x2c c:/applications/microchip/xc32/bin/bin/../../lib/gcc/pic32c/8.3.1/../../../../pic32c/lib/thumb/v6-m/nofp\libc-musl.a(vfprintf.o)
 .comment       0x000000000000002b       0x2c c:/applications/microchip/xc32/bin/bin/../../lib/gcc/pic32c/8.3.1/../../../../pic32c/lib/thumb/v6-m/nofp\libc-musl.a(__pop_float.o)
 .comment       0x000000000000002b       0x2c c:/applications/microchip/xc32/bin/bin/../../lib/gcc/pic32c/8.3.1/../../../../pic32c/lib/thumb/v6-m/nofp\libc-musl.a(__pop_int.o)
 .comment       0x000000000000002b       0x2c c:/applications/microchip/xc32/bin/bin/../../lib/gcc/pic32c/8.3.1/../../../../pic32c/lib/thumb/v6-m/nofp\libc-musl.a(__pop_ptr.o)
 .comment       0x000000000000002b       0x2c c:/applications/microchip/xc32/bin/bin/../../lib/gcc/pic32c/8.3.1/../../../../pic32c/lib/thumb/v6-m/nofp\libc-musl.a(__printf_core.o)
 .comment       0x000000000000002b       0x2c c:/applications/microchip/xc32/bin/bin/../../lib/gcc/pic32c/8.3.1/../../../../pic32c/lib/thumb/v6-m/nofp\libc-musl.a(atoi.o)
 .comment       0x000000000000002b       0x2c c:/applications/microchip/xc32/bin/bin/../../lib/gcc/pic32c/8.3.1/../../../../pic32c/lib/thumb/v6-m/nofp\libc-musl.a(tolower.o)
 .comment       0x000000000000002b       0x2c c:/applications/microchip/xc32/bin/bin/../../lib/gcc/pic32c/8.3.1/../../../../pic32c/lib/thumb/v6-m/nofp\libc-musl.a(__fmt_a.o)
 .comment       0x000000000000002b       0x2c c:/applications/microchip/xc32/bin/bin/../../lib/gcc/pic32c/8.3.1/../../../../pic32c/lib/thumb/v6-m/nofp\libc-musl.a(__fmt_d.o)
 .comment       0x000000000000002b       0x2c c:/applications/microchip/xc32/bin/bin/../../lib/gcc/pic32c/8.3.1/../../../../pic32c/lib/thumb/v6-m/nofp\libc-musl.a(__fmt_fp.o)
 .comment       0x000000000000002b       0x2c c:/applications/microchip/xc32/bin/bin/../../lib/gcc/pic32c/8.3.1/../../../../pic32c/lib/thumb/v6-m/nofp\libc-musl.a(__fmt_o.o)
 .comment       0x000000000000002b       0x2c c:/applications/microchip/xc32/bin/bin/../../lib/gcc/pic32c/8.3.1/../../../../pic32c/lib/thumb/v6-m/nofp\libc-musl.a(__fmt_s.o)
 .comment       0x000000000000002b       0x2c c:/applications/microchip/xc32/bin/bin/../../lib/gcc/pic32c/8.3.1/../../../../pic32c/lib/thumb/v6-m/nofp\libc-musl.a(__fmt_u.o)
 .comment       0x000000000000002b       0x2c c:/applications/microchip/xc32/bin/bin/../../lib/gcc/pic32c/8.3.1/../../../../pic32c/lib/thumb/v6-m/nofp\libc-musl.a(__fmt_x.o)
 .comment       0x000000000000002b       0x2c c:/applications/microchip/xc32/bin/bin/../../lib/gcc/pic32c/8.3.1/../../../../pic32c/lib/thumb/v6-m/nofp\libc-musl.a(toupper.o)
 .comment       0x000000000000002b       0x2c c:/applications/microchip/xc32/bin/bin/../../lib/gcc/pic32c/8.3.1/../../../../pic32c/lib/thumb/v6-m/nofp\libc-musl.a(__cvt_u.o)
 .comment       0x000000000000002b       0x2c c:/applications/microchip/xc32/bin/bin/../../lib/gcc/pic32c/8.3.1/../../../../pic32c/lib/thumb/v6-m/nofp\libm-fast-emfloat.a(fma.o)
 .comment       0x000000000000002b       0x2c c:/applications/microchip/xc32/bin/bin/../../lib/gcc/pic32c/8.3.1/../../../../pic32c/lib/thumb/v6-m/nofp\libm-fast-emfloat.a(floor.o)
 .comment       0x000000000000002b       0x2c c:/applications/microchip/xc32/bin/bin/../../lib/gcc/pic32c/8.3.1/thumb/v6-m/nofp\libgcc.a(_muldi3.o)
 .comment       0x000000000000002b       0x2c c:/applications/microchip/xc32/bin/bin/../../lib/gcc/pic32c/8.3.1/thumb/v6-m/nofp\libgcc.a(_udivmoddi4.o)
 .comment       0x000000000000002b       0x2c c:/applications/microchip/xc32/bin/bin/../../lib/gcc/pic32c/8.3.1/../../../../pic32c/lib/thumb/v6-m/nofp\libc-size-musl.a(strcpy.o)
 .comment       0x000000000000002b       0x2c c:/applications/microchip/xc32/bin/bin/../../lib/gcc/pic32c/8.3.1/../../../../pic32c/lib/thumb/v6-m/nofp\libc-size-musl.a(stpcpy.o)
 .comment       0x000000000000002b       0x2c c:/applications/microchip/xc32/bin/bin/../../lib/gcc/pic32c/8.3.1/../../../../pic32c/lib/thumb/v6-m/nofp\libpic32c.a(pic32_data_init_clear.o)
 .comment       0x000000000000002b       0x2c c:/applications/microchip/xc32/bin/bin/../../lib/gcc/pic32c/8.3.1/../../../../pic32c/lib/thumb/v6-m/nofp\libpic32c.a(pic32_data_init_copy.o)

.debug_info     0x0000000000000000    0x2eaca
 .debug_info    0x0000000000000000     0x1eb8 build/default/production/_ext/158385033/drv_i2c.o
 .debug_info    0x0000000000001eb8     0x293b build/default/production/_ext/2070931557/drv_spi.o
 .debug_info    0x00000000000047f3     0x29f0 build/default/production/_ext/869808652/drv_usart.o
 .debug_info    0x00000000000071e3      0x4e6 build/default/production/_ext/829343244/plib_ac.o
 .debug_info    0x00000000000076c9      0x6bd build/default/production/_ext/60163342/plib_adc0.o
 .debug_info    0x0000000000007d86     0x1325 build/default/production/_ext/60165182/plib_can0.o
 .debug_info    0x00000000000090ab      0x17b build/default/production/_ext/60165242/plib_ccl.o
 .debug_info    0x0000000000009226      0x6ad build/default/production/_ext/1984496892/plib_clock.o
 .debug_info    0x00000000000098d3      0x24b build/default/production/_ext/60166132/plib_dac.o
 .debug_info    0x0000000000009b1e      0xc0d build/default/production/_ext/1865161661/plib_dmac.o
 .debug_info    0x000000000000a72b      0x3c6 build/default/production/_ext/60167341/plib_eic.o
 .debug_info    0x000000000000aaf1      0x2ca build/default/production/_ext/1986646378/plib_evsys.o
 .debug_info    0x000000000000adbb      0x2e2 build/default/production/_ext/1987437027/plib_freqm.o
 .debug_info    0x000000000000b09d      0xadc build/default/production/_ext/1865468468/plib_nvic.o
 .debug_info    0x000000000000bb79      0x809 build/default/production/_ext/1593096446/plib_nvmctrl.o
 .debug_info    0x000000000000c382      0x378 build/default/production/_ext/1865510628/plib_pdec.o
 .debug_info    0x000000000000c6fa      0x175 build/default/production/_ext/829342769/plib_pm.o
 .debug_info    0x000000000000c86f      0x5fe build/default/production/_ext/1865521619/plib_port.o
 .debug_info    0x000000000000ce6d       0xf3 build/default/production/_ext/1865585090/plib_rstc.o
 .debug_info    0x000000000000cf60      0x895 build/default/production/_ext/60180175/plib_rtc_clock.o
 .debug_info    0x000000000000d7f5     0x12ed build/default/production/_ext/508257091/plib_sercom3_i2c_master.o
 .debug_info    0x000000000000eae2      0xf10 build/default/production/_ext/17022449/plib_sercom2_spi_master.o
 .debug_info    0x000000000000f9f2     0x17df build/default/production/_ext/504274921/plib_sercom1_usart.o
 .debug_info    0x00000000000111d1     0x11cc build/default/production/_ext/504274921/plib_sercom0_usart.o
 .debug_info    0x000000000001239d      0x186 build/default/production/_ext/1865616679/plib_supc.o
 .debug_info    0x0000000000012523      0x7c2 build/default/production/_ext/829342655/plib_tc0.o
 .debug_info    0x0000000000012ce5      0x4e6 build/default/production/_ext/60181570/plib_tcc1.o
 .debug_info    0x00000000000131cb      0x529 build/default/production/_ext/60181570/plib_tcc0.o
 .debug_info    0x00000000000136f4      0xdd1 build/default/production/_ext/1832805299/sys_console_uart.o
 .debug_info    0x00000000000144c5      0xc75 build/default/production/_ext/1832805299/sys_console.o
 .debug_info    0x000000000001513a      0x2fc build/default/production/_ext/14461671/sys_dma.o
 .debug_info    0x0000000000015436      0x59f build/default/production/_ext/1881668453/sys_int.o
 .debug_info    0x00000000000159d5     0x1a0f build/default/production/_ext/101884895/sys_time.o
 .debug_info    0x00000000000173e4      0x221 build/default/production/_ext/1171490990/tasks.o
 .debug_info    0x0000000000017605     0x2e74 build/default/production/_ext/1171490990/initialization.o
 .debug_info    0x000000000001a479      0x49d build/default/production/_ext/1171490990/interrupts.o
 .debug_info    0x000000000001a916       0xc1 build/default/production/_ext/1171490990/exceptions.o
 .debug_info    0x000000000001a9d7      0x332 build/default/production/_ext/1171490990/startup_xc32.o
 .debug_info    0x000000000001ad09      0xd5b build/default/production/_ext/1360937237/can0_driver.o
 .debug_info    0x000000000001ba64      0x9cd build/default/production/_ext/1360937237/sht4x_driver.o
 .debug_info    0x000000000001c431      0x508 build/default/production/_ext/1360937237/rstc_driver.o
 .debug_info    0x000000000001c939     0x155b build/default/production/_ext/1360937237/ad9954_driver.o
 .debug_info    0x000000000001de94      0x5fe build/default/production/_ext/1360937237/rtc_driver.o
 .debug_info    0x000000000001e492      0xbc1 build/default/production/_ext/1360937237/mcp9808_driver.o
 .debug_info    0x000000000001f053     0x1be7 build/default/production/_ext/1360937237/bme690_driver.o
 .debug_info    0x0000000000020c3a     0x4fed build/default/production/_ext/1360937237/fcm360w_driver.o
 .debug_info    0x0000000000025c27      0x318 build/default/production/_ext/1360937237/console_driver.o
 .debug_info    0x0000000000025f3f     0x1618 build/default/production/_ext/1360937237/hdc302x_driver.o
 .debug_info    0x0000000000027557      0x110 build/default/production/_ext/1360937237/fan_driver.o
 .debug_info    0x0000000000027667      0x44d build/default/production/_ext/1360937237/ntc_driver.o
 .debug_info    0x0000000000027ab4      0x496 build/default/production/_ext/1360937237/timer_driver.o
 .debug_info    0x0000000000027f4a      0x16b build/default/production/_ext/1360937237/xm125_driver.o
 .debug_info    0x00000000000280b5      0x522 build/default/production/_ext/1360937237/sen6x_driver.o
 .debug_info    0x00000000000285d7      0x849 build/default/production/_ext/1360937237/ws281x_driver.o
 .debug_info    0x0000000000028e20      0x55d build/default/production/_ext/1360937237/app.o
 .debug_info    0x000000000002937d       0xeb build/default/production/_ext/1360937237/main.o
 .debug_info    0x0000000000029468      0x6df build/default/production/_ext/1827571544/plib_systick.o
 .debug_info    0x0000000000029b47      0x27f build/default/production/_ext/60184501/plib_wdt.o
 .debug_info    0x0000000000029dc6       0x68 c:/applications/microchip/xc32/bin/bin/../../lib/gcc/pic32c/8.3.1/../../../../pic32c/lib/thumb/v6-m/nofp\libpic32c.a(data_init.o)
 .debug_info    0x0000000000029e2e       0xed c:/applications/microchip/xc32/bin/bin/../../lib/gcc/pic32c/8.3.1/../../../../pic32c/lib/thumb/v6-m/nofp\libc-size-musl.a(memcpy.o)
 .debug_info    0x0000000000029f1b       0xbb c:/applications/microchip/xc32/bin/bin/../../lib/gcc/pic32c/8.3.1/../../../../pic32c/lib/thumb/v6-m/nofp\libc-size-musl.a(memset.o)
 .debug_info    0x0000000000029fd6       0xa4 c:/applications/microchip/xc32/bin/bin/../../lib/gcc/pic32c/8.3.1/../../../../pic32c/lib/thumb/v6-m/nofp\libc-size-musl.a(strlen.o)
 .debug_info    0x000000000002a07a       0xc7 c:/applications/microchip/xc32/bin/bin/../../lib/gcc/pic32c/8.3.1/../../../../pic32c/lib/thumb/v6-m/nofp\libc-size-musl.a(strstr.o)
 .debug_info    0x000000000002a141       0xd2 c:/applications/microchip/xc32/bin/bin/../../lib/gcc/pic32c/8.3.1/../../../../pic32c/lib/thumb/v6-m/nofp\libc-size-musl.a(strchr.o)
 .debug_info    0x000000000002a213      0x133 c:/applications/microchip/xc32/bin/bin/../../lib/gcc/pic32c/8.3.1/../../../../pic32c/lib/thumb/v6-m/nofp\libc-size-musl.a(strchrnul.o)
 .debug_info    0x000000000002a346      0x2fb c:/applications/microchip/xc32/bin/bin/../../lib/gcc/pic32c/8.3.1/../../../../pic32c/lib/thumb/v6-m/nofp\libc-musl.a(__libc_start_main.o)
 .debug_info    0x000000000002a641      0x276 c:/applications/microchip/xc32/bin/bin/../../lib/gcc/pic32c/8.3.1/../../../../pic32c/lib/thumb/v6-m/nofp\libc-musl.a(libc.o)
 .debug_info    0x000000000002a8b7      0x43a c:/applications/microchip/xc32/bin/bin/../../lib/gcc/pic32c/8.3.1/../../../../pic32c/lib/thumb/v6-m/nofp\libc-musl.a(vsnprintf.o)
 .debug_info    0x000000000002acf1      0x116 c:/applications/microchip/xc32/bin/bin/../../lib/gcc/pic32c/8.3.1/../../../../pic32c/lib/thumb/v6-m/nofp\libc-musl.a(sprintf.o)
 .debug_info    0x000000000002ae07      0x10e c:/applications/microchip/xc32/bin/bin/../../lib/gcc/pic32c/8.3.1/../../../../pic32c/lib/thumb/v6-m/nofp\libc-musl.a(vsprintf.o)
 .debug_info    0x000000000002af15       0x97 c:/applications/microchip/xc32/bin/bin/../../lib/gcc/pic32c/8.3.1/../../../../pic32c/lib/thumb/v6-m/nofp\libc-musl.a(__environ.o)
 .debug_info    0x000000000002afac       0x5b c:/applications/microchip/xc32/bin/bin/../../lib/gcc/pic32c/8.3.1/../../../../pic32c/lib/thumb/v6-m/nofp\libc-musl.a(__errno_location.o)
 .debug_info    0x000000000002b007      0x40e c:/applications/microchip/xc32/bin/bin/../../lib/gcc/pic32c/8.3.1/../../../../pic32c/lib/thumb/v6-m/nofp\libc-musl.a(vfprintf.o)
 .debug_info    0x000000000002b415      0x162 c:/applications/microchip/xc32/bin/bin/../../lib/gcc/pic32c/8.3.1/../../../../pic32c/lib/thumb/v6-m/nofp\libc-musl.a(__pop_float.o)
 .debug_info    0x000000000002b577      0x183 c:/applications/microchip/xc32/bin/bin/../../lib/gcc/pic32c/8.3.1/../../../../pic32c/lib/thumb/v6-m/nofp\libc-musl.a(__pop_int.o)
 .debug_info    0x000000000002b6fa      0x18d c:/applications/microchip/xc32/bin/bin/../../lib/gcc/pic32c/8.3.1/../../../../pic32c/lib/thumb/v6-m/nofp\libc-musl.a(__pop_ptr.o)
 .debug_info    0x000000000002b887      0xa6f c:/applications/microchip/xc32/bin/bin/../../lib/gcc/pic32c/8.3.1/../../../../pic32c/lib/thumb/v6-m/nofp\libc-musl.a(__printf_core.o)
 .debug_info    0x000000000002c2f6       0xf4 c:/applications/microchip/xc32/bin/bin/../../lib/gcc/pic32c/8.3.1/../../../../pic32c/lib/thumb/v6-m/nofp\libc-musl.a(atoi.o)
 .debug_info    0x000000000002c3ea      0x131 c:/applications/microchip/xc32/bin/bin/../../lib/gcc/pic32c/8.3.1/../../../../pic32c/lib/thumb/v6-m/nofp\libc-musl.a(tolower.o)
 .debug_info    0x000000000002c51b      0x5fb c:/applications/microchip/xc32/bin/bin/../../lib/gcc/pic32c/8.3.1/../../../../pic32c/lib/thumb/v6-m/nofp\libc-musl.a(__fmt_a.o)
 .debug_info    0x000000000002cb16      0x330 c:/applications/microchip/xc32/bin/bin/../../lib/gcc/pic32c/8.3.1/../../../../pic32c/lib/thumb/v6-m/nofp\libc-musl.a(__fmt_d.o)
 .debug_info    0x000000000002ce46      0x676 c:/applications/microchip/xc32/bin/bin/../../lib/gcc/pic32c/8.3.1/../../../../pic32c/lib/thumb/v6-m/nofp\libc-musl.a(__fmt_fp.o)
 .debug_info    0x000000000002d4bc      0x301 c:/applications/microchip/xc32/bin/bin/../../lib/gcc/pic32c/8.3.1/../../../../pic32c/lib/thumb/v6-m/nofp\libc-musl.a(__fmt_o.o)
 .debug_info    0x000000000002d7bd      0x2e9 c:/applications/microchip/xc32/bin/bin/../../lib/gcc/pic32c/8.3.1/../../../../pic32c/lib/thumb/v6-m/nofp\libc-musl.a(__fmt_s.o)
 .debug_info    0x000000000002daa6      0x301 c:/applications/microchip/xc32/bin/bin/../../lib/gcc/pic32c/8.3.1/../../../../pic32c/lib/thumb/v6-m/nofp\libc-musl.a(__fmt_u.o)
 .debug_info    0x000000000002dda7      0x335 c:/applications/microchip/xc32/bin/bin/../../lib/gcc/pic32c/8.3.1/../../../../pic32c/lib/thumb/v6-m/nofp\libc-musl.a(__fmt_x.o)
 .debug_info    0x000000000002e0dc      0x131 c:/applications/microchip/xc32/bin/bin/../../lib/gcc/pic32c/8.3.1/../../../../pic32c/lib/thumb/v6-m/nofp\libc-musl.a(toupper.o)
 .debug_info    0x000000000002e20d      0x1cf c:/applications/microchip/xc32/bin/bin/../../lib/gcc/pic32c/8.3.1/../../../../pic32c/lib/thumb/v6-m/nofp\libc-musl.a(__cvt_u.o)
 .debug_info    0x000000000002e3dc       0x26 c:/applications/microchip/xc32/bin/bin/../../lib/gcc/pic32c/8.3.1/thumb/v6-m/nofp\libgcc.a(_udivsi3.o)
 .debug_info    0x000000000002e402       0x26 c:/applications/microchip/xc32/bin/bin/../../lib/gcc/pic32c/8.3.1/thumb/v6-m/nofp\libgcc.a(_divsi3.o)
 .debug_info    0x000000000002e428       0x26 c:/applications/microchip/xc32/bin/bin/../../lib/gcc/pic32c/8.3.1/thumb/v6-m/nofp\libgcc.a(_dvmd_tls.o)
 .debug_info    0x000000000002e44e       0x26 c:/applications/microchip/xc32/bin/bin/../../lib/gcc/pic32c/8.3.1/thumb/v6-m/nofp\libgcc.a(_aeabi_uldivmod.o)
 .debug_info    0x000000000002e474      0x243 c:/applications/microchip/xc32/bin/bin/../../lib/gcc/pic32c/8.3.1/thumb/v6-m/nofp\libgcc.a(_muldi3.o)
 .debug_info    0x000000000002e6b7      0x193 c:/applications/microchip/xc32/bin/bin/../../lib/gcc/pic32c/8.3.1/thumb/v6-m/nofp\libgcc.a(_udivmoddi4.o)
 .debug_info    0x000000000002e84a       0x26 c:/applications/microchip/xc32/bin/bin/../../lib/gcc/pic32c/8.3.1/thumb/v6-m/nofp\libgcc.a(_lshrdi3.o)
 .debug_info    0x000000000002e870       0x26 c:/applications/microchip/xc32/bin/bin/../../lib/gcc/pic32c/8.3.1/thumb/v6-m/nofp\libgcc.a(_ashldi3.o)
 .debug_info    0x000000000002e896       0x26 c:/applications/microchip/xc32/bin/bin/../../lib/gcc/pic32c/8.3.1/thumb/v6-m/nofp\libgcc.a(_clzdi2.o)
 .debug_info    0x000000000002e8bc       0x26 c:/applications/microchip/xc32/bin/bin/../../lib/gcc/pic32c/8.3.1/thumb/v6-m/nofp\libgcc.a(_clzsi2.o)
 .debug_info    0x000000000002e8e2       0xbd c:/applications/microchip/xc32/bin/bin/../../lib/gcc/pic32c/8.3.1/../../../../pic32c/lib/thumb/v6-m/nofp\libc-size-musl.a(strcpy.o)
 .debug_info    0x000000000002e99f       0xac c:/applications/microchip/xc32/bin/bin/../../lib/gcc/pic32c/8.3.1/../../../../pic32c/lib/thumb/v6-m/nofp\libc-size-musl.a(stpcpy.o)
 .debug_info    0x000000000002ea4b       0x3f c:/applications/microchip/xc32/bin/bin/../../lib/gcc/pic32c/8.3.1/../../../../pic32c/lib/thumb/v6-m/nofp\libpic32c.a(pic32_data_init_clear.o)
 .debug_info    0x000000000002ea8a       0x40 c:/applications/microchip/xc32/bin/bin/../../lib/gcc/pic32c/8.3.1/../../../../pic32c/lib/thumb/v6-m/nofp\libpic32c.a(pic32_data_init_copy.o)

.debug_abbrev   0x0000000000000000     0x9d6a
 .debug_abbrev  0x0000000000000000      0x4a4 build/default/production/_ext/158385033/drv_i2c.o
 .debug_abbrev  0x00000000000004a4      0x4ec build/default/production/_ext/2070931557/drv_spi.o
 .debug_abbrev  0x0000000000000990      0x523 build/default/production/_ext/869808652/drv_usart.o
 .debug_abbrev  0x0000000000000eb3      0x1a2 build/default/production/_ext/829343244/plib_ac.o
 .debug_abbrev  0x0000000000001055      0x1e1 build/default/production/_ext/60163342/plib_adc0.o
 .debug_abbrev  0x0000000000001236      0x31b build/default/production/_ext/60165182/plib_can0.o
 .debug_abbrev  0x0000000000001551       0xa4 build/default/production/_ext/60165242/plib_ccl.o
 .debug_abbrev  0x00000000000015f5      0x1b4 build/default/production/_ext/1984496892/plib_clock.o
 .debug_abbrev  0x00000000000017a9       0xf0 build/default/production/_ext/60166132/plib_dac.o
 .debug_abbrev  0x0000000000001899      0x2b9 build/default/production/_ext/1865161661/plib_dmac.o
 .debug_abbrev  0x0000000000001b52      0x195 build/default/production/_ext/60167341/plib_eic.o
 .debug_abbrev  0x0000000000001ce7       0xe5 build/default/production/_ext/1986646378/plib_evsys.o
 .debug_abbrev  0x0000000000001dcc      0x138 build/default/production/_ext/1987437027/plib_freqm.o
 .debug_abbrev  0x0000000000001f04      0x282 build/default/production/_ext/1865468468/plib_nvic.o
 .debug_abbrev  0x0000000000002186      0x1f2 build/default/production/_ext/1593096446/plib_nvmctrl.o
 .debug_abbrev  0x0000000000002378       0xf2 build/default/production/_ext/1865510628/plib_pdec.o
 .debug_abbrev  0x000000000000246a       0xa4 build/default/production/_ext/829342769/plib_pm.o
 .debug_abbrev  0x000000000000250e      0x1e8 build/default/production/_ext/1865521619/plib_port.o
 .debug_abbrev  0x00000000000026f6       0x94 build/default/production/_ext/1865585090/plib_rstc.o
 .debug_abbrev  0x000000000000278a      0x1ed build/default/production/_ext/60180175/plib_rtc_clock.o
 .debug_abbrev  0x0000000000002977      0x3a9 build/default/production/_ext/508257091/plib_sercom3_i2c_master.o
 .debug_abbrev  0x0000000000002d20      0x276 build/default/production/_ext/17022449/plib_sercom2_spi_master.o
 .debug_abbrev  0x0000000000002f96      0x43d build/default/production/_ext/504274921/plib_sercom1_usart.o
 .debug_abbrev  0x00000000000033d3      0x318 build/default/production/_ext/504274921/plib_sercom0_usart.o
 .debug_abbrev  0x00000000000036eb       0xb8 build/default/production/_ext/1865616679/plib_supc.o
 .debug_abbrev  0x00000000000037a3      0x1be build/default/production/_ext/829342655/plib_tc0.o
 .debug_abbrev  0x0000000000003961      0x122 build/default/production/_ext/60181570/plib_tcc1.o
 .debug_abbrev  0x0000000000003a83      0x122 build/default/production/_ext/60181570/plib_tcc0.o
 .debug_abbrev  0x0000000000003ba5      0x31c build/default/production/_ext/1832805299/sys_console_uart.o
 .debug_abbrev  0x0000000000003ec1      0x3c1 build/default/production/_ext/1832805299/sys_console.o
 .debug_abbrev  0x0000000000004282       0xfd build/default/production/_ext/14461671/sys_dma.o
 .debug_abbrev  0x000000000000437f      0x262 build/default/production/_ext/1881668453/sys_int.o
 .debug_abbrev  0x00000000000045e1      0x4f4 build/default/production/_ext/101884895/sys_time.o
 .debug_abbrev  0x0000000000004ad5       0x7b build/default/production/_ext/1171490990/tasks.o
 .debug_abbrev  0x0000000000004b50      0x271 build/default/production/_ext/1171490990/initialization.o
 .debug_abbrev  0x0000000000004dc1      0x11e build/default/production/_ext/1171490990/interrupts.o
 .debug_abbrev  0x0000000000004edf       0x49 build/default/production/_ext/1171490990/exceptions.o
 .debug_abbrev  0x0000000000004f28      0x187 build/default/production/_ext/1171490990/startup_xc32.o
 .debug_abbrev  0x00000000000050af      0x3b9 build/default/production/_ext/1360937237/can0_driver.o
 .debug_abbrev  0x0000000000005468      0x258 build/default/production/_ext/1360937237/sht4x_driver.o
 .debug_abbrev  0x00000000000056c0      0x21d build/default/production/_ext/1360937237/rstc_driver.o
 .debug_abbrev  0x00000000000058dd      0x2a2 build/default/production/_ext/1360937237/ad9954_driver.o
 .debug_abbrev  0x0000000000005b7f      0x25c build/default/production/_ext/1360937237/rtc_driver.o
 .debug_abbrev  0x0000000000005ddb      0x272 build/default/production/_ext/1360937237/mcp9808_driver.o
 .debug_abbrev  0x000000000000604d      0x2d0 build/default/production/_ext/1360937237/bme690_driver.o
 .debug_abbrev  0x000000000000631d      0x34d build/default/production/_ext/1360937237/fcm360w_driver.o
 .debug_abbrev  0x000000000000666a      0x210 build/default/production/_ext/1360937237/console_driver.o
 .debug_abbrev  0x000000000000687a      0x31f build/default/production/_ext/1360937237/hdc302x_driver.o
 .debug_abbrev  0x0000000000006b99       0xa4 build/default/production/_ext/1360937237/fan_driver.o
 .debug_abbrev  0x0000000000006c3d      0x233 build/default/production/_ext/1360937237/ntc_driver.o
 .debug_abbrev  0x0000000000006e70      0x146 build/default/production/_ext/1360937237/timer_driver.o
 .debug_abbrev  0x0000000000006fb6       0xbc build/default/production/_ext/1360937237/xm125_driver.o
 .debug_abbrev  0x0000000000007072      0x207 build/default/production/_ext/1360937237/sen6x_driver.o
 .debug_abbrev  0x0000000000007279      0x274 build/default/production/_ext/1360937237/ws281x_driver.o
 .debug_abbrev  0x00000000000074ed      0x199 build/default/production/_ext/1360937237/app.o
 .debug_abbrev  0x0000000000007686       0x82 build/default/production/_ext/1360937237/main.o
 .debug_abbrev  0x0000000000007708      0x220 build/default/production/_ext/1827571544/plib_systick.o
 .debug_abbrev  0x0000000000007928       0xed build/default/production/_ext/60184501/plib_wdt.o
 .debug_abbrev  0x0000000000007a15       0x44 c:/applications/microchip/xc32/bin/bin/../../lib/gcc/pic32c/8.3.1/../../../../pic32c/lib/thumb/v6-m/nofp\libpic32c.a(data_init.o)
 .debug_abbrev  0x0000000000007a59       0xbb c:/applications/microchip/xc32/bin/bin/../../lib/gcc/pic32c/8.3.1/../../../../pic32c/lib/thumb/v6-m/nofp\libc-size-musl.a(memcpy.o)
 .debug_abbrev  0x0000000000007b14       0xa2 c:/applications/microchip/xc32/bin/bin/../../lib/gcc/pic32c/8.3.1/../../../../pic32c/lib/thumb/v6-m/nofp\libc-size-musl.a(memset.o)
 .debug_abbrev  0x0000000000007bb6       0x91 c:/applications/microchip/xc32/bin/bin/../../lib/gcc/pic32c/8.3.1/../../../../pic32c/lib/thumb/v6-m/nofp\libc-size-musl.a(strlen.o)
 .debug_abbrev  0x0000000000007c47       0xa2 c:/applications/microchip/xc32/bin/bin/../../lib/gcc/pic32c/8.3.1/../../../../pic32c/lib/thumb/v6-m/nofp\libc-size-musl.a(strstr.o)
 .debug_abbrev  0x0000000000007ce9       0xad c:/applications/microchip/xc32/bin/bin/../../lib/gcc/pic32c/8.3.1/../../../../pic32c/lib/thumb/v6-m/nofp\libc-size-musl.a(strchr.o)
 .debug_abbrev  0x0000000000007d96       0xbc c:/applications/microchip/xc32/bin/bin/../../lib/gcc/pic32c/8.3.1/../../../../pic32c/lib/thumb/v6-m/nofp\libc-size-musl.a(strchrnul.o)
 .debug_abbrev  0x0000000000007e52      0x133 c:/applications/microchip/xc32/bin/bin/../../lib/gcc/pic32c/8.3.1/../../../../pic32c/lib/thumb/v6-m/nofp\libc-musl.a(__libc_start_main.o)
 .debug_abbrev  0x0000000000007f85       0xd4 c:/applications/microchip/xc32/bin/bin/../../lib/gcc/pic32c/8.3.1/../../../../pic32c/lib/thumb/v6-m/nofp\libc-musl.a(libc.o)
 .debug_abbrev  0x0000000000008059      0x195 c:/applications/microchip/xc32/bin/bin/../../lib/gcc/pic32c/8.3.1/../../../../pic32c/lib/thumb/v6-m/nofp\libc-musl.a(vsnprintf.o)
 .debug_abbrev  0x00000000000081ee      0x106 c:/applications/microchip/xc32/bin/bin/../../lib/gcc/pic32c/8.3.1/../../../../pic32c/lib/thumb/v6-m/nofp\libc-musl.a(sprintf.o)
 .debug_abbrev  0x00000000000082f4       0xcb c:/applications/microchip/xc32/bin/bin/../../lib/gcc/pic32c/8.3.1/../../../../pic32c/lib/thumb/v6-m/nofp\libc-musl.a(vsprintf.o)
 .debug_abbrev  0x00000000000083bf       0x62 c:/applications/microchip/xc32/bin/bin/../../lib/gcc/pic32c/8.3.1/../../../../pic32c/lib/thumb/v6-m/nofp\libc-musl.a(__environ.o)
 .debug_abbrev  0x0000000000008421       0x39 c:/applications/microchip/xc32/bin/bin/../../lib/gcc/pic32c/8.3.1/../../../../pic32c/lib/thumb/v6-m/nofp\libc-musl.a(__errno_location.o)
 .debug_abbrev  0x000000000000845a      0x18b c:/applications/microchip/xc32/bin/bin/../../lib/gcc/pic32c/8.3.1/../../../../pic32c/lib/thumb/v6-m/nofp\libc-musl.a(vfprintf.o)
 .debug_abbrev  0x00000000000085e5       0xdc c:/applications/microchip/xc32/bin/bin/../../lib/gcc/pic32c/8.3.1/../../../../pic32c/lib/thumb/v6-m/nofp\libc-musl.a(__pop_float.o)
 .debug_abbrev  0x00000000000086c1       0xdc c:/applications/microchip/xc32/bin/bin/../../lib/gcc/pic32c/8.3.1/../../../../pic32c/lib/thumb/v6-m/nofp\libc-musl.a(__pop_int.o)
 .debug_abbrev  0x000000000000879d       0xdc c:/applications/microchip/xc32/bin/bin/../../lib/gcc/pic32c/8.3.1/../../../../pic32c/lib/thumb/v6-m/nofp\libc-musl.a(__pop_ptr.o)
 .debug_abbrev  0x0000000000008879      0x317 c:/applications/microchip/xc32/bin/bin/../../lib/gcc/pic32c/8.3.1/../../../../pic32c/lib/thumb/v6-m/nofp\libc-musl.a(__printf_core.o)
 .debug_abbrev  0x0000000000008b90       0xc6 c:/applications/microchip/xc32/bin/bin/../../lib/gcc/pic32c/8.3.1/../../../../pic32c/lib/thumb/v6-m/nofp\libc-musl.a(atoi.o)
 .debug_abbrev  0x0000000000008c56       0xf4 c:/applications/microchip/xc32/bin/bin/../../lib/gcc/pic32c/8.3.1/../../../../pic32c/lib/thumb/v6-m/nofp\libc-musl.a(tolower.o)
 .debug_abbrev  0x0000000000008d4a      0x1d5 c:/applications/microchip/xc32/bin/bin/../../lib/gcc/pic32c/8.3.1/../../../../pic32c/lib/thumb/v6-m/nofp\libc-musl.a(__fmt_a.o)
 .debug_abbrev  0x0000000000008f1f      0x161 c:/applications/microchip/xc32/bin/bin/../../lib/gcc/pic32c/8.3.1/../../../../pic32c/lib/thumb/v6-m/nofp\libc-musl.a(__fmt_d.o)
 .debug_abbrev  0x0000000000009080      0x1e3 c:/applications/microchip/xc32/bin/bin/../../lib/gcc/pic32c/8.3.1/../../../../pic32c/lib/thumb/v6-m/nofp\libc-musl.a(__fmt_fp.o)
 .debug_abbrev  0x0000000000009263      0x161 c:/applications/microchip/xc32/bin/bin/../../lib/gcc/pic32c/8.3.1/../../../../pic32c/lib/thumb/v6-m/nofp\libc-musl.a(__fmt_o.o)
 .debug_abbrev  0x00000000000093c4      0x15e c:/applications/microchip/xc32/bin/bin/../../lib/gcc/pic32c/8.3.1/../../../../pic32c/lib/thumb/v6-m/nofp\libc-musl.a(__fmt_s.o)
 .debug_abbrev  0x0000000000009522      0x161 c:/applications/microchip/xc32/bin/bin/../../lib/gcc/pic32c/8.3.1/../../../../pic32c/lib/thumb/v6-m/nofp\libc-musl.a(__fmt_u.o)
 .debug_abbrev  0x0000000000009683      0x150 c:/applications/microchip/xc32/bin/bin/../../lib/gcc/pic32c/8.3.1/../../../../pic32c/lib/thumb/v6-m/nofp\libc-musl.a(__fmt_x.o)
 .debug_abbrev  0x00000000000097d3       0xf4 c:/applications/microchip/xc32/bin/bin/../../lib/gcc/pic32c/8.3.1/../../../../pic32c/lib/thumb/v6-m/nofp\libc-musl.a(toupper.o)
 .debug_abbrev  0x00000000000098c7       0xf3 c:/applications/microchip/xc32/bin/bin/../../lib/gcc/pic32c/8.3.1/../../../../pic32c/lib/thumb/v6-m/nofp\libc-musl.a(__cvt_u.o)
 .debug_abbrev  0x00000000000099ba       0x14 c:/applications/microchip/xc32/bin/bin/../../lib/gcc/pic32c/8.3.1/thumb/v6-m/nofp\libgcc.a(_udivsi3.o)
 .debug_abbrev  0x00000000000099ce       0x14 c:/applications/microchip/xc32/bin/bin/../../lib/gcc/pic32c/8.3.1/thumb/v6-m/nofp\libgcc.a(_divsi3.o)
 .debug_abbrev  0x00000000000099e2       0x14 c:/applications/microchip/xc32/bin/bin/../../lib/gcc/pic32c/8.3.1/thumb/v6-m/nofp\libgcc.a(_dvmd_tls.o)
 .debug_abbrev  0x00000000000099f6       0x14 c:/applications/microchip/xc32/bin/bin/../../lib/gcc/pic32c/8.3.1/thumb/v6-m/nofp\libgcc.a(_aeabi_uldivmod.o)
 .debug_abbrev  0x0000000000009a0a      0x10b c:/applications/microchip/xc32/bin/bin/../../lib/gcc/pic32c/8.3.1/thumb/v6-m/nofp\libgcc.a(_muldi3.o)
 .debug_abbrev  0x0000000000009b15       0x99 c:/applications/microchip/xc32/bin/bin/../../lib/gcc/pic32c/8.3.1/thumb/v6-m/nofp\libgcc.a(_udivmoddi4.o)
 .debug_abbrev  0x0000000000009bae       0x14 c:/applications/microchip/xc32/bin/bin/../../lib/gcc/pic32c/8.3.1/thumb/v6-m/nofp\libgcc.a(_lshrdi3.o)
 .debug_abbrev  0x0000000000009bc2       0x14 c:/applications/microchip/xc32/bin/bin/../../lib/gcc/pic32c/8.3.1/thumb/v6-m/nofp\libgcc.a(_ashldi3.o)
 .debug_abbrev  0x0000000000009bd6       0x14 c:/applications/microchip/xc32/bin/bin/../../lib/gcc/pic32c/8.3.1/thumb/v6-m/nofp\libgcc.a(_clzdi2.o)
 .debug_abbrev  0x0000000000009bea       0x14 c:/applications/microchip/xc32/bin/bin/../../lib/gcc/pic32c/8.3.1/thumb/v6-m/nofp\libgcc.a(_clzsi2.o)
 .debug_abbrev  0x0000000000009bfe       0xa2 c:/applications/microchip/xc32/bin/bin/../../lib/gcc/pic32c/8.3.1/../../../../pic32c/lib/thumb/v6-m/nofp\libc-size-musl.a(strcpy.o)
 .debug_abbrev  0x0000000000009ca0       0x6e c:/applications/microchip/xc32/bin/bin/../../lib/gcc/pic32c/8.3.1/../../../../pic32c/lib/thumb/v6-m/nofp\libc-size-musl.a(stpcpy.o)
 .debug_abbrev  0x0000000000009d0e       0x2e c:/applications/microchip/xc32/bin/bin/../../lib/gcc/pic32c/8.3.1/../../../../pic32c/lib/thumb/v6-m/nofp\libpic32c.a(pic32_data_init_clear.o)
 .debug_abbrev  0x0000000000009d3c       0x2e c:/applications/microchip/xc32/bin/bin/../../lib/gcc/pic32c/8.3.1/../../../../pic32c/lib/thumb/v6-m/nofp\libpic32c.a(pic32_data_init_copy.o)

.debug_loc      0x0000000000000000    0x1dd74
 .debug_loc     0x0000000000000000     0x1b2f build/default/production/_ext/158385033/drv_i2c.o
 .debug_loc     0x0000000000001b2f     0x226f build/default/production/_ext/2070931557/drv_spi.o
 .debug_loc     0x0000000000003d9e     0x28d9 build/default/production/_ext/869808652/drv_usart.o
 .debug_loc     0x0000000000006677      0x12f build/default/production/_ext/829343244/plib_ac.o
 .debug_loc     0x00000000000067a6      0x17a build/default/production/_ext/60163342/plib_adc0.o
 .debug_loc     0x0000000000006920      0xd37 build/default/production/_ext/60165182/plib_can0.o
 .debug_loc     0x0000000000007657       0x6f build/default/production/_ext/1984496892/plib_clock.o
 .debug_loc     0x00000000000076c6       0x25 build/default/production/_ext/60166132/plib_dac.o
 .debug_loc     0x00000000000076eb      0xb09 build/default/production/_ext/1865161661/plib_dmac.o
 .debug_loc     0x00000000000081f4       0xfe build/default/production/_ext/60167341/plib_eic.o
 .debug_loc     0x00000000000082f2       0xc8 build/default/production/_ext/1986646378/plib_evsys.o
 .debug_loc     0x00000000000083ba      0x10a build/default/production/_ext/1987437027/plib_freqm.o
 .debug_loc     0x00000000000084c4      0x3bb build/default/production/_ext/1865468468/plib_nvic.o
 .debug_loc     0x000000000000887f      0x685 build/default/production/_ext/1593096446/plib_nvmctrl.o
 .debug_loc     0x0000000000008f04       0x15 build/default/production/_ext/1865510628/plib_pdec.o
 .debug_loc     0x0000000000008f19      0x29b build/default/production/_ext/1865521619/plib_port.o
 .debug_loc     0x00000000000091b4      0x1e6 build/default/production/_ext/60180175/plib_rtc_clock.o
 .debug_loc     0x000000000000939a      0xcad build/default/production/_ext/508257091/plib_sercom3_i2c_master.o
 .debug_loc     0x000000000000a047      0x68a build/default/production/_ext/17022449/plib_sercom2_spi_master.o
 .debug_loc     0x000000000000a6d1      0xf01 build/default/production/_ext/504274921/plib_sercom1_usart.o
 .debug_loc     0x000000000000b5d2      0x892 build/default/production/_ext/504274921/plib_sercom0_usart.o
 .debug_loc     0x000000000000be64       0x39 build/default/production/_ext/1865616679/plib_supc.o
 .debug_loc     0x000000000000be9d       0x74 build/default/production/_ext/829342655/plib_tc0.o
 .debug_loc     0x000000000000bf11      0x10b build/default/production/_ext/60181570/plib_tcc1.o
 .debug_loc     0x000000000000c01c      0x155 build/default/production/_ext/60181570/plib_tcc0.o
 .debug_loc     0x000000000000c171      0x997 build/default/production/_ext/1832805299/sys_console_uart.o
 .debug_loc     0x000000000000cb08      0xc4c build/default/production/_ext/1832805299/sys_console.o
 .debug_loc     0x000000000000d754      0x186 build/default/production/_ext/14461671/sys_dma.o
 .debug_loc     0x000000000000d8da      0x17d build/default/production/_ext/1881668453/sys_int.o
 .debug_loc     0x000000000000da57     0x1fc2 build/default/production/_ext/101884895/sys_time.o
 .debug_loc     0x000000000000fa19       0x20 build/default/production/_ext/1171490990/tasks.o
 .debug_loc     0x000000000000fa39       0x45 build/default/production/_ext/1171490990/initialization.o
 .debug_loc     0x000000000000fa7e       0x40 build/default/production/_ext/1171490990/interrupts.o
 .debug_loc     0x000000000000fabe       0x4f build/default/production/_ext/1171490990/startup_xc32.o
 .debug_loc     0x000000000000fb0d      0x3a2 build/default/production/_ext/1360937237/can0_driver.o
 .debug_loc     0x000000000000feaf      0x303 build/default/production/_ext/1360937237/sht4x_driver.o
 .debug_loc     0x00000000000101b2      0x16d build/default/production/_ext/1360937237/rstc_driver.o
 .debug_loc     0x000000000001031f     0x1176 build/default/production/_ext/1360937237/ad9954_driver.o
 .debug_loc     0x0000000000011495      0x142 build/default/production/_ext/1360937237/rtc_driver.o
 .debug_loc     0x00000000000115d7      0x43c build/default/production/_ext/1360937237/mcp9808_driver.o
 .debug_loc     0x0000000000011a13      0x85c build/default/production/_ext/1360937237/bme690_driver.o
 .debug_loc     0x000000000001226f     0x61d2 build/default/production/_ext/1360937237/fcm360w_driver.o
 .debug_loc     0x0000000000018441       0x36 build/default/production/_ext/1360937237/console_driver.o
 .debug_loc     0x0000000000018477      0xdea build/default/production/_ext/1360937237/hdc302x_driver.o
 .debug_loc     0x0000000000019261       0xed build/default/production/_ext/1360937237/ntc_driver.o
 .debug_loc     0x000000000001934e       0xe0 build/default/production/_ext/1360937237/timer_driver.o
 .debug_loc     0x000000000001942e       0x8e build/default/production/_ext/1360937237/sen6x_driver.o
 .debug_loc     0x00000000000194bc      0x204 build/default/production/_ext/1360937237/ws281x_driver.o
 .debug_loc     0x00000000000196c0       0x40 build/default/production/_ext/1360937237/app.o
 .debug_loc     0x0000000000019700       0x20 build/default/production/_ext/1360937237/main.o
 .debug_loc     0x0000000000019720      0x47f build/default/production/_ext/1827571544/plib_systick.o
 .debug_loc     0x0000000000019b9f       0x14 c:/applications/microchip/xc32/bin/bin/../../lib/gcc/pic32c/8.3.1/../../../../pic32c/lib/thumb/v6-m/nofp\libpic32c.a(data_init.o)
 .debug_loc     0x0000000000019bb3      0x12d c:/applications/microchip/xc32/bin/bin/../../lib/gcc/pic32c/8.3.1/../../../../pic32c/lib/thumb/v6-m/nofp\libc-size-musl.a(memcpy.o)
 .debug_loc     0x0000000000019ce0       0xcd c:/applications/microchip/xc32/bin/bin/../../lib/gcc/pic32c/8.3.1/../../../../pic32c/lib/thumb/v6-m/nofp\libc-size-musl.a(memset.o)
 .debug_loc     0x0000000000019dad       0x81 c:/applications/microchip/xc32/bin/bin/../../lib/gcc/pic32c/8.3.1/../../../../pic32c/lib/thumb/v6-m/nofp\libc-size-musl.a(strlen.o)
 .debug_loc     0x0000000000019e2e       0xa2 c:/applications/microchip/xc32/bin/bin/../../lib/gcc/pic32c/8.3.1/../../../../pic32c/lib/thumb/v6-m/nofp\libc-size-musl.a(strstr.o)
 .debug_loc     0x0000000000019ed0       0x8c c:/applications/microchip/xc32/bin/bin/../../lib/gcc/pic32c/8.3.1/../../../../pic32c/lib/thumb/v6-m/nofp\libc-size-musl.a(strchr.o)
 .debug_loc     0x0000000000019f5c       0xd5 c:/applications/microchip/xc32/bin/bin/../../lib/gcc/pic32c/8.3.1/../../../../pic32c/lib/thumb/v6-m/nofp\libc-size-musl.a(strchrnul.o)
 .debug_loc     0x000000000001a031       0x5e c:/applications/microchip/xc32/bin/bin/../../lib/gcc/pic32c/8.3.1/../../../../pic32c/lib/thumb/v6-m/nofp\libc-musl.a(__libc_start_main.o)
 .debug_loc     0x000000000001a08f      0x10c c:/applications/microchip/xc32/bin/bin/../../lib/gcc/pic32c/8.3.1/../../../../pic32c/lib/thumb/v6-m/nofp\libc-musl.a(vsnprintf.o)
 .debug_loc     0x000000000001a19b       0x66 c:/applications/microchip/xc32/bin/bin/../../lib/gcc/pic32c/8.3.1/../../../../pic32c/lib/thumb/v6-m/nofp\libc-musl.a(sprintf.o)
 .debug_loc     0x000000000001a201       0x8c c:/applications/microchip/xc32/bin/bin/../../lib/gcc/pic32c/8.3.1/../../../../pic32c/lib/thumb/v6-m/nofp\libc-musl.a(vsprintf.o)
 .debug_loc     0x000000000001a28d       0xd0 c:/applications/microchip/xc32/bin/bin/../../lib/gcc/pic32c/8.3.1/../../../../pic32c/lib/thumb/v6-m/nofp\libc-musl.a(vfprintf.o)
 .debug_loc     0x000000000001a35d       0x6f c:/applications/microchip/xc32/bin/bin/../../lib/gcc/pic32c/8.3.1/../../../../pic32c/lib/thumb/v6-m/nofp\libc-musl.a(__pop_float.o)
 .debug_loc     0x000000000001a3cc      0x34c c:/applications/microchip/xc32/bin/bin/../../lib/gcc/pic32c/8.3.1/../../../../pic32c/lib/thumb/v6-m/nofp\libc-musl.a(__pop_int.o)
 .debug_loc     0x000000000001a718      0x1fe c:/applications/microchip/xc32/bin/bin/../../lib/gcc/pic32c/8.3.1/../../../../pic32c/lib/thumb/v6-m/nofp\libc-musl.a(__pop_ptr.o)
 .debug_loc     0x000000000001a916      0x6d9 c:/applications/microchip/xc32/bin/bin/../../lib/gcc/pic32c/8.3.1/../../../../pic32c/lib/thumb/v6-m/nofp\libc-musl.a(__printf_core.o)
 .debug_loc     0x000000000001afef       0xdc c:/applications/microchip/xc32/bin/bin/../../lib/gcc/pic32c/8.3.1/../../../../pic32c/lib/thumb/v6-m/nofp\libc-musl.a(atoi.o)
 .debug_loc     0x000000000001b0cb       0x8f c:/applications/microchip/xc32/bin/bin/../../lib/gcc/pic32c/8.3.1/../../../../pic32c/lib/thumb/v6-m/nofp\libc-musl.a(tolower.o)
 .debug_loc     0x000000000001b15a      0xdb0 c:/applications/microchip/xc32/bin/bin/../../lib/gcc/pic32c/8.3.1/../../../../pic32c/lib/thumb/v6-m/nofp\libc-musl.a(__fmt_a.o)
 .debug_loc     0x000000000001bf0a      0x2a6 c:/applications/microchip/xc32/bin/bin/../../lib/gcc/pic32c/8.3.1/../../../../pic32c/lib/thumb/v6-m/nofp\libc-musl.a(__fmt_d.o)
 .debug_loc     0x000000000001c1b0      0xc94 c:/applications/microchip/xc32/bin/bin/../../lib/gcc/pic32c/8.3.1/../../../../pic32c/lib/thumb/v6-m/nofp\libc-musl.a(__fmt_fp.o)
 .debug_loc     0x000000000001ce44      0x12d c:/applications/microchip/xc32/bin/bin/../../lib/gcc/pic32c/8.3.1/../../../../pic32c/lib/thumb/v6-m/nofp\libc-musl.a(__fmt_o.o)
 .debug_loc     0x000000000001cf71      0x144 c:/applications/microchip/xc32/bin/bin/../../lib/gcc/pic32c/8.3.1/../../../../pic32c/lib/thumb/v6-m/nofp\libc-musl.a(__fmt_s.o)
 .debug_loc     0x000000000001d0b5      0x12d c:/applications/microchip/xc32/bin/bin/../../lib/gcc/pic32c/8.3.1/../../../../pic32c/lib/thumb/v6-m/nofp\libc-musl.a(__fmt_u.o)
 .debug_loc     0x000000000001d1e2      0x3be c:/applications/microchip/xc32/bin/bin/../../lib/gcc/pic32c/8.3.1/../../../../pic32c/lib/thumb/v6-m/nofp\libc-musl.a(__fmt_x.o)
 .debug_loc     0x000000000001d5a0       0x8f c:/applications/microchip/xc32/bin/bin/../../lib/gcc/pic32c/8.3.1/../../../../pic32c/lib/thumb/v6-m/nofp\libc-musl.a(toupper.o)
 .debug_loc     0x000000000001d62f      0x1d3 c:/applications/microchip/xc32/bin/bin/../../lib/gcc/pic32c/8.3.1/../../../../pic32c/lib/thumb/v6-m/nofp\libc-musl.a(__cvt_u.o)
 .debug_loc     0x000000000001d802      0x176 c:/applications/microchip/xc32/bin/bin/../../lib/gcc/pic32c/8.3.1/thumb/v6-m/nofp\libgcc.a(_muldi3.o)
 .debug_loc     0x000000000001d978      0x2e4 c:/applications/microchip/xc32/bin/bin/../../lib/gcc/pic32c/8.3.1/thumb/v6-m/nofp\libgcc.a(_udivmoddi4.o)
 .debug_loc     0x000000000001dc5c       0x74 c:/applications/microchip/xc32/bin/bin/../../lib/gcc/pic32c/8.3.1/../../../../pic32c/lib/thumb/v6-m/nofp\libc-size-musl.a(strcpy.o)
 .debug_loc     0x000000000001dcd0       0x90 c:/applications/microchip/xc32/bin/bin/../../lib/gcc/pic32c/8.3.1/../../../../pic32c/lib/thumb/v6-m/nofp\libc-size-musl.a(stpcpy.o)
 .debug_loc     0x000000000001dd60       0x14 c:/applications/microchip/xc32/bin/bin/../../lib/gcc/pic32c/8.3.1/../../../../pic32c/lib/thumb/v6-m/nofp\libpic32c.a(pic32_data_init_copy.o)

.debug_aranges  0x0000000000000000     0x25b8
 .debug_aranges
                0x0000000000000000       0xc0 build/default/production/_ext/158385033/drv_i2c.o
 .debug_aranges
                0x00000000000000c0       0xb8 build/default/production/_ext/2070931557/drv_spi.o
 .debug_aranges
                0x0000000000000178      0x110 build/default/production/_ext/869808652/drv_usart.o
 .debug_aranges
                0x0000000000000288       0x50 build/default/production/_ext/829343244/plib_ac.o
 .debug_aranges
                0x00000000000002d8       0x88 build/default/production/_ext/60163342/plib_adc0.o
 .debug_aranges
                0x0000000000000360       0xa0 build/default/production/_ext/60165182/plib_can0.o
 .debug_aranges
                0x0000000000000400       0x20 build/default/production/_ext/60165242/plib_ccl.o
 .debug_aranges
                0x0000000000000420       0x30 build/default/production/_ext/1984496892/plib_clock.o
 .debug_aranges
                0x0000000000000450       0x30 build/default/production/_ext/60166132/plib_dac.o
 .debug_aranges
                0x0000000000000480       0x98 build/default/production/_ext/1865161661/plib_dmac.o
 .debug_aranges
                0x0000000000000518       0x40 build/default/production/_ext/60167341/plib_eic.o
 .debug_aranges
                0x0000000000000558       0x40 build/default/production/_ext/1986646378/plib_evsys.o
 .debug_aranges
                0x0000000000000598       0x40 build/default/production/_ext/1987437027/plib_freqm.o
 .debug_aranges
                0x00000000000005d8       0x48 build/default/production/_ext/1865468468/plib_nvic.o
 .debug_aranges
                0x0000000000000620       0xb0 build/default/production/_ext/1593096446/plib_nvmctrl.o
 .debug_aranges
                0x00000000000006d0       0x50 build/default/production/_ext/1865510628/plib_pdec.o
 .debug_aranges
                0x0000000000000720       0x30 build/default/production/_ext/829342769/plib_pm.o
 .debug_aranges
                0x0000000000000750       0x68 build/default/production/_ext/1865521619/plib_port.o
 .debug_aranges
                0x00000000000007b8       0x20 build/default/production/_ext/1865585090/plib_rstc.o
 .debug_aranges
                0x00000000000007d8       0x58 build/default/production/_ext/60180175/plib_rtc_clock.o
 .debug_aranges
                0x0000000000000830       0x78 build/default/production/_ext/508257091/plib_sercom3_i2c_master.o
 .debug_aranges
                0x00000000000008a8       0x60 build/default/production/_ext/17022449/plib_sercom2_spi_master.o
 .debug_aranges
                0x0000000000000908       0xe8 build/default/production/_ext/504274921/plib_sercom1_usart.o
 .debug_aranges
                0x00000000000009f0       0xe0 build/default/production/_ext/504274921/plib_sercom0_usart.o
 .debug_aranges
                0x0000000000000ad0       0x20 build/default/production/_ext/1865616679/plib_supc.o
 .debug_aranges
                0x0000000000000af0       0x60 build/default/production/_ext/829342655/plib_tc0.o
 .debug_aranges
                0x0000000000000b50       0x78 build/default/production/_ext/60181570/plib_tcc1.o
 .debug_aranges
                0x0000000000000bc8       0x80 build/default/production/_ext/60181570/plib_tcc0.o
 .debug_aranges
                0x0000000000000c48       0x68 build/default/production/_ext/1832805299/sys_console_uart.o
 .debug_aranges
                0x0000000000000cb0       0x88 build/default/production/_ext/1832805299/sys_console.o
 .debug_aranges
                0x0000000000000d38       0x28 build/default/production/_ext/14461671/sys_dma.o
 .debug_aranges
                0x0000000000000d60       0x40 build/default/production/_ext/1881668453/sys_int.o
 .debug_aranges
                0x0000000000000da0      0x108 build/default/production/_ext/101884895/sys_time.o
 .debug_aranges
                0x0000000000000ea8       0x20 build/default/production/_ext/1171490990/tasks.o
 .debug_aranges
                0x0000000000000ec8       0x20 build/default/production/_ext/1171490990/initialization.o
 .debug_aranges
                0x0000000000000ee8       0x30 build/default/production/_ext/1171490990/interrupts.o
 .debug_aranges
                0x0000000000000f18       0x28 build/default/production/_ext/1171490990/exceptions.o
 .debug_aranges
                0x0000000000000f40       0x28 build/default/production/_ext/1171490990/startup_xc32.o
 .debug_aranges
                0x0000000000000f68       0x78 build/default/production/_ext/1360937237/can0_driver.o
 .debug_aranges
                0x0000000000000fe0       0x98 build/default/production/_ext/1360937237/sht4x_driver.o
 .debug_aranges
                0x0000000000001078       0x50 build/default/production/_ext/1360937237/rstc_driver.o
 .debug_aranges
                0x00000000000010c8      0x198 build/default/production/_ext/1360937237/ad9954_driver.o
 .debug_aranges
                0x0000000000001260       0x78 build/default/production/_ext/1360937237/rtc_driver.o
 .debug_aranges
                0x00000000000012d8       0xc8 build/default/production/_ext/1360937237/mcp9808_driver.o
 .debug_aranges
                0x00000000000013a0      0x3d8 build/default/production/_ext/1360937237/bme690_driver.o
 .debug_aranges
                0x0000000000001778      0x2a0 build/default/production/_ext/1360937237/fcm360w_driver.o
 .debug_aranges
                0x0000000000001a18       0x48 build/default/production/_ext/1360937237/console_driver.o
 .debug_aranges
                0x0000000000001a60      0x1e0 build/default/production/_ext/1360937237/hdc302x_driver.o
 .debug_aranges
                0x0000000000001c40       0x28 build/default/production/_ext/1360937237/fan_driver.o
 .debug_aranges
                0x0000000000001c68       0x60 build/default/production/_ext/1360937237/ntc_driver.o
 .debug_aranges
                0x0000000000001cc8       0x98 build/default/production/_ext/1360937237/timer_driver.o
 .debug_aranges
                0x0000000000001d60       0x28 build/default/production/_ext/1360937237/xm125_driver.o
 .debug_aranges
                0x0000000000001d88       0x58 build/default/production/_ext/1360937237/sen6x_driver.o
 .debug_aranges
                0x0000000000001de0       0x70 build/default/production/_ext/1360937237/ws281x_driver.o
 .debug_aranges
                0x0000000000001e50       0x68 build/default/production/_ext/1360937237/app.o
 .debug_aranges
                0x0000000000001eb8       0x20 build/default/production/_ext/1360937237/main.o
 .debug_aranges
                0x0000000000001ed8       0xb0 build/default/production/_ext/1827571544/plib_systick.o
 .debug_aranges
                0x0000000000001f88       0x68 build/default/production/_ext/60184501/plib_wdt.o
 .debug_aranges
                0x0000000000001ff0       0x30 c:/applications/microchip/xc32/bin/bin/../../lib/gcc/pic32c/8.3.1/../../../../pic32c/lib/thumb/v6-m/nofp\libpic32c.a(data_init.o)
 .debug_aranges
                0x0000000000002020       0x20 c:/applications/microchip/xc32/bin/bin/../../lib/gcc/pic32c/8.3.1/../../../../pic32c/lib/thumb/v6-m/nofp\libc-size-musl.a(memcpy.o)
 .debug_aranges
                0x0000000000002040       0x20 c:/applications/microchip/xc32/bin/bin/../../lib/gcc/pic32c/8.3.1/../../../../pic32c/lib/thumb/v6-m/nofp\libc-size-musl.a(memset.o)
 .debug_aranges
                0x0000000000002060       0x20 c:/applications/microchip/xc32/bin/bin/../../lib/gcc/pic32c/8.3.1/../../../../pic32c/lib/thumb/v6-m/nofp\libc-size-musl.a(strlen.o)
 .debug_aranges
                0x0000000000002080       0x20 c:/applications/microchip/xc32/bin/bin/../../lib/gcc/pic32c/8.3.1/../../../../pic32c/lib/thumb/v6-m/nofp\libc-size-musl.a(strstr.o)
 .debug_aranges
                0x00000000000020a0       0x20 c:/applications/microchip/xc32/bin/bin/../../lib/gcc/pic32c/8.3.1/../../../../pic32c/lib/thumb/v6-m/nofp\libc-size-musl.a(strchr.o)
 .debug_aranges
                0x00000000000020c0       0x20 c:/applications/microchip/xc32/bin/bin/../../lib/gcc/pic32c/8.3.1/../../../../pic32c/lib/thumb/v6-m/nofp\libc-size-musl.a(strchrnul.o)
 .debug_aranges
                0x00000000000020e0       0x28 c:/applications/microchip/xc32/bin/bin/../../lib/gcc/pic32c/8.3.1/../../../../pic32c/lib/thumb/v6-m/nofp\libc-musl.a(__libc_start_main.o)
 .debug_aranges
                0x0000000000002108       0x18 c:/applications/microchip/xc32/bin/bin/../../lib/gcc/pic32c/8.3.1/../../../../pic32c/lib/thumb/v6-m/nofp\libc-musl.a(libc.o)
 .debug_aranges
                0x0000000000002120       0x20 c:/applications/microchip/xc32/bin/bin/../../lib/gcc/pic32c/8.3.1/../../../../pic32c/lib/thumb/v6-m/nofp\libc-musl.a(vsnprintf.o)
 .debug_aranges
                0x0000000000002140       0x20 c:/applications/microchip/xc32/bin/bin/../../lib/gcc/pic32c/8.3.1/../../../../pic32c/lib/thumb/v6-m/nofp\libc-musl.a(sprintf.o)
 .debug_aranges
                0x0000000000002160       0x20 c:/applications/microchip/xc32/bin/bin/../../lib/gcc/pic32c/8.3.1/../../../../pic32c/lib/thumb/v6-m/nofp\libc-musl.a(vsprintf.o)
 .debug_aranges
                0x0000000000002180       0x18 c:/applications/microchip/xc32/bin/bin/../../lib/gcc/pic32c/8.3.1/../../../../pic32c/lib/thumb/v6-m/nofp\libc-musl.a(__environ.o)
 .debug_aranges
                0x0000000000002198       0x18 c:/applications/microchip/xc32/bin/bin/../../lib/gcc/pic32c/8.3.1/../../../../pic32c/lib/thumb/v6-m/nofp\libc-musl.a(__errno_location.o)
 .debug_aranges
                0x00000000000021b0       0x28 c:/applications/microchip/xc32/bin/bin/../../lib/gcc/pic32c/8.3.1/../../../../pic32c/lib/thumb/v6-m/nofp\libc-musl.a(vfprintf.o)
 .debug_aranges
                0x00000000000021d8       0x20 c:/applications/microchip/xc32/bin/bin/../../lib/gcc/pic32c/8.3.1/../../../../pic32c/lib/thumb/v6-m/nofp\libc-musl.a(__pop_float.o)
 .debug_aranges
                0x00000000000021f8       0x20 c:/applications/microchip/xc32/bin/bin/../../lib/gcc/pic32c/8.3.1/../../../../pic32c/lib/thumb/v6-m/nofp\libc-musl.a(__pop_int.o)
 .debug_aranges
                0x0000000000002218       0x20 c:/applications/microchip/xc32/bin/bin/../../lib/gcc/pic32c/8.3.1/../../../../pic32c/lib/thumb/v6-m/nofp\libc-musl.a(__pop_ptr.o)
 .debug_aranges
                0x0000000000002238       0x50 c:/applications/microchip/xc32/bin/bin/../../lib/gcc/pic32c/8.3.1/../../../../pic32c/lib/thumb/v6-m/nofp\libc-musl.a(__printf_core.o)
 .debug_aranges
                0x0000000000002288       0x20 c:/applications/microchip/xc32/bin/bin/../../lib/gcc/pic32c/8.3.1/../../../../pic32c/lib/thumb/v6-m/nofp\libc-musl.a(atoi.o)
 .debug_aranges
                0x00000000000022a8       0x28 c:/applications/microchip/xc32/bin/bin/../../lib/gcc/pic32c/8.3.1/../../../../pic32c/lib/thumb/v6-m/nofp\libc-musl.a(tolower.o)
 .debug_aranges
                0x00000000000022d0       0x20 c:/applications/microchip/xc32/bin/bin/../../lib/gcc/pic32c/8.3.1/../../../../pic32c/lib/thumb/v6-m/nofp\libc-musl.a(__fmt_a.o)
 .debug_aranges
                0x00000000000022f0       0x20 c:/applications/microchip/xc32/bin/bin/../../lib/gcc/pic32c/8.3.1/../../../../pic32c/lib/thumb/v6-m/nofp\libc-musl.a(__fmt_d.o)
 .debug_aranges
                0x0000000000002310       0x20 c:/applications/microchip/xc32/bin/bin/../../lib/gcc/pic32c/8.3.1/../../../../pic32c/lib/thumb/v6-m/nofp\libc-musl.a(__fmt_fp.o)
 .debug_aranges
                0x0000000000002330       0x20 c:/applications/microchip/xc32/bin/bin/../../lib/gcc/pic32c/8.3.1/../../../../pic32c/lib/thumb/v6-m/nofp\libc-musl.a(__fmt_o.o)
 .debug_aranges
                0x0000000000002350       0x20 c:/applications/microchip/xc32/bin/bin/../../lib/gcc/pic32c/8.3.1/../../../../pic32c/lib/thumb/v6-m/nofp\libc-musl.a(__fmt_s.o)
 .debug_aranges
                0x0000000000002370       0x20 c:/applications/microchip/xc32/bin/bin/../../lib/gcc/pic32c/8.3.1/../../../../pic32c/lib/thumb/v6-m/nofp\libc-musl.a(__fmt_u.o)
 .debug_aranges
                0x0000000000002390       0x20 c:/applications/microchip/xc32/bin/bin/../../lib/gcc/pic32c/8.3.1/../../../../pic32c/lib/thumb/v6-m/nofp\libc-musl.a(__fmt_x.o)
 .debug_aranges
                0x00000000000023b0       0x28 c:/applications/microchip/xc32/bin/bin/../../lib/gcc/pic32c/8.3.1/../../../../pic32c/lib/thumb/v6-m/nofp\libc-musl.a(toupper.o)
 .debug_aranges
                0x00000000000023d8       0x20 c:/applications/microchip/xc32/bin/bin/../../lib/gcc/pic32c/8.3.1/../../../../pic32c/lib/thumb/v6-m/nofp\libc-musl.a(__cvt_u.o)
 .debug_aranges
                0x00000000000023f8       0x20 c:/applications/microchip/xc32/bin/bin/../../lib/gcc/pic32c/8.3.1/thumb/v6-m/nofp\libgcc.a(_udivsi3.o)
 .debug_aranges
                0x0000000000002418       0x20 c:/applications/microchip/xc32/bin/bin/../../lib/gcc/pic32c/8.3.1/thumb/v6-m/nofp\libgcc.a(_divsi3.o)
 .debug_aranges
                0x0000000000002438       0x20 c:/applications/microchip/xc32/bin/bin/../../lib/gcc/pic32c/8.3.1/thumb/v6-m/nofp\libgcc.a(_dvmd_tls.o)
 .debug_aranges
                0x0000000000002458       0x20 c:/applications/microchip/xc32/bin/bin/../../lib/gcc/pic32c/8.3.1/thumb/v6-m/nofp\libgcc.a(_aeabi_uldivmod.o)
 .debug_aranges
                0x0000000000002478       0x20 c:/applications/microchip/xc32/bin/bin/../../lib/gcc/pic32c/8.3.1/thumb/v6-m/nofp\libgcc.a(_muldi3.o)
 .debug_aranges
                0x0000000000002498       0x20 c:/applications/microchip/xc32/bin/bin/../../lib/gcc/pic32c/8.3.1/thumb/v6-m/nofp\libgcc.a(_udivmoddi4.o)
 .debug_aranges
                0x00000000000024b8       0x20 c:/applications/microchip/xc32/bin/bin/../../lib/gcc/pic32c/8.3.1/thumb/v6-m/nofp\libgcc.a(_lshrdi3.o)
 .debug_aranges
                0x00000000000024d8       0x20 c:/applications/microchip/xc32/bin/bin/../../lib/gcc/pic32c/8.3.1/thumb/v6-m/nofp\libgcc.a(_ashldi3.o)
 .debug_aranges
                0x00000000000024f8       0x20 c:/applications/microchip/xc32/bin/bin/../../lib/gcc/pic32c/8.3.1/thumb/v6-m/nofp\libgcc.a(_clzdi2.o)
 .debug_aranges
                0x0000000000002518       0x20 c:/applications/microchip/xc32/bin/bin/../../lib/gcc/pic32c/8.3.1/thumb/v6-m/nofp\libgcc.a(_clzsi2.o)
 .debug_aranges