Archive member included to satisfy reference by file (symbol)

c:/applications/microchip/xc32/bin/bin/../../lib/gcc/pic32c/8.3.1/../../../../pic32c/lib/thumb/v6-m/nofp\libpic32c.a(data_init.o)
                              build/default/production/_ext/1171490990/startup_xc32.o (__pic32c_data_initialization)
c:/applications/microchip/xc32/bin/bin/../../lib/gcc/pic32c/8.3.1/../../../../pic32c/lib/thumb/v6-m/nofp\libc-size-musl.a(memcpy.o)
                              build/default/production/_ext/1593096446/plib_nvmctrl.o (memcpy)
c:/applications/microchip/xc32/bin/bin/../../lib/gcc/pic32c/8.3.1/../../../../pic32c/lib/thumb/v6-m/nofp\libc-size-musl.a(memset.o)
                              build/default/production/_ext/101884895/sys_time.o (memset)
c:/applications/microchip/xc32/bin/bin/../../lib/gcc/pic32c/8.3.1/../../../../pic32c/lib/thumb/v6-m/nofp\libc-size-musl.a(strlen.o)
                              build/default/production/_ext/1832805299/sys_console.o (strlen)
c:/applications/microchip/xc32/bin/bin/../../lib/gcc/pic32c/8.3.1/../../../../pic32c/lib/thumb/v6-m/nofp\libm-fast-emfloat.a(__aeabi_fadd.o)
                              build/default/production/_ext/508257091/plib_sercom0_i2c_master.o (__aeabi_fadd)
c:/applications/microchip/xc32/bin/bin/../../lib/gcc/pic32c/8.3.1/../../../../pic32c/lib/thumb/v6-m/nofp\libm-fast-emfloat.a(__aeabi_dadd.o)
                              build/default/production/_ext/1360937237/mcp9808_driver.o (__aeabi_dadd)
c:/applications/microchip/xc32/bin/bin/../../lib/gcc/pic32c/8.3.1/../../../../pic32c/lib/thumb/v6-m/nofp\libm-fast-emfloat.a(__aeabi_fsub.o)
                              build/default/production/_ext/508257091/plib_sercom0_i2c_master.o (__aeabi_fsub)
c:/applications/microchip/xc32/bin/bin/../../lib/gcc/pic32c/8.3.1/../../../../pic32c/lib/thumb/v6-m/nofp\libm-fast-emfloat.a(__aeabi_fmul.o)
                              build/default/production/_ext/508257091/plib_sercom0_i2c_master.o (__aeabi_fmul)
c:/applications/microchip/xc32/bin/bin/../../lib/gcc/pic32c/8.3.1/../../../../pic32c/lib/thumb/v6-m/nofp\libm-fast-emfloat.a(__aeabi_dmul_aux.o)
                              build/default/production/_ext/1360937237/mcp9808_driver.o (__aeabi_dmul)
c:/applications/microchip/xc32/bin/bin/../../lib/gcc/pic32c/8.3.1/../../../../pic32c/lib/thumb/v6-m/nofp\libm-fast-emfloat.a(__aeabi_fdiv.o)
                              build/default/production/_ext/508257091/plib_sercom0_i2c_master.o (__aeabi_fdiv)
c:/applications/microchip/xc32/bin/bin/../../lib/gcc/pic32c/8.3.1/../../../../pic32c/lib/thumb/v6-m/nofp\libm-fast-emfloat.a(__aeabi_fcmplt.o)
                              build/default/production/_ext/60165182/plib_can0.o (__aeabi_fcmplt)
c:/applications/microchip/xc32/bin/bin/../../lib/gcc/pic32c/8.3.1/../../../../pic32c/lib/thumb/v6-m/nofp\libm-fast-emfloat.a(__aeabi_f2iz.o)
                              build/default/production/_ext/504274921/plib_sercom3_usart.o (__aeabi_f2iz)
c:/applications/microchip/xc32/bin/bin/../../lib/gcc/pic32c/8.3.1/../../../../pic32c/lib/thumb/v6-m/nofp\libm-fast-emfloat.a(__aeabi_f2uiz.o)
                              build/default/production/_ext/508257091/plib_sercom0_i2c_master.o (__aeabi_f2uiz)
c:/applications/microchip/xc32/bin/bin/../../lib/gcc/pic32c/8.3.1/../../../../pic32c/lib/thumb/v6-m/nofp\libm-fast-emfloat.a(__aeabi_i2f.o)
                              build/default/production/_ext/504274921/plib_sercom3_usart.o (__aeabi_i2f)
c:/applications/microchip/xc32/bin/bin/../../lib/gcc/pic32c/8.3.1/../../../../pic32c/lib/thumb/v6-m/nofp\libm-fast-emfloat.a(__aeabi_ui2f.o)
                              build/default/production/_ext/508257091/plib_sercom0_i2c_master.o (__aeabi_ui2f)
c:/applications/microchip/xc32/bin/bin/../../lib/gcc/pic32c/8.3.1/../../../../pic32c/lib/thumb/v6-m/nofp\libm-fast-emfloat.a(__aeabi_f2d.o)
                              build/default/production/_ext/1360937237/bme690_driver.o (__aeabi_f2d)
c:/applications/microchip/xc32/bin/bin/../../lib/gcc/pic32c/8.3.1/../../../../pic32c/lib/thumb/v6-m/nofp\libm-fast-emfloat.a(__aeabi_d2f.o)
                              build/default/production/_ext/1360937237/mcp9808_driver.o (__aeabi_d2f)
c:/applications/microchip/xc32/bin/bin/../../lib/gcc/pic32c/8.3.1/../../../../pic32c/lib/thumb/v6-m/nofp\libc-musl.a(__libc_start_main.o)
                              build/default/production/_ext/1171490990/startup_xc32.o (__libc_init_array)
c:/applications/microchip/xc32/bin/bin/../../lib/gcc/pic32c/8.3.1/../../../../pic32c/lib/thumb/v6-m/nofp\libc-musl.a(libc.o)
                              c:/applications/microchip/xc32/bin/bin/../../lib/gcc/pic32c/8.3.1/../../../../pic32c/lib/thumb/v6-m/nofp\libc-musl.a(__libc_start_main.o) (__progname_full)
c:/applications/microchip/xc32/bin/bin/../../lib/gcc/pic32c/8.3.1/../../../../pic32c/lib/thumb/v6-m/nofp\libc-musl.a(vsnprintf.o)
                              build/default/production/_ext/1832805299/sys_console.o (vsnprintf)
[...]
Memory Configuration

Name             Origin             Length             Attributes
rom              0x0000000000000000 0x0000000000080000 xrl
ram              0x0000000020000000 0x0000000000010000 xw !r
config_00804000  0x0000000000804000 0x0000000000000004
config_00804004  0x0000000000804004 0x0000000000000004
*default*        0x0000000000000000 0xffffffffffffffff

Linker script and memory map

LOAD c:/applications/microchip/xc32/bin/bin/../../lib/gcc/pic32c/8.3.1/thumb/v6-m/nofp/crti.o
LOAD c:/applications/microchip/xc32/bin/bin/../../lib/gcc/pic32c/8.3.1/thumb/v6-m/nofp/crtbegin.o
LOAD build/default/production/_ext/1360937237/bme690_driver.o
LOAD build/default/production/_ext/1985337713/plib_divas.o
LOAD build/default/production/_ext/1865616679/plib_supc.o
LOAD build/default/production/_ext/60163342/plib_adc0.o
LOAD build/default/production/_ext/1984496892/plib_clock.o
LOAD build/default/production/_ext/508257091/plib_sercom0_i2c_master.o
LOAD build/default/production/_ext/14461671/sys_dma.o
LOAD build/default/production/_ext/829342655/plib_tc0.o
LOAD build/default/production/_ext/1987437027/plib_freqm.o
LOAD build/default/production/_ext/1171490990/tasks.o
LOAD build/default/production/_ext/163028504/xc32_monitor.o
LOAD build/default/production/_ext/1171490990/initialization.o
LOAD build/default/production/_ext/17022449/plib_sercom1_spi_master.o
LOAD build/default/production/_ext/1171490990/interrupts.o
LOAD build/default/production/_ext/829342655/plib_tc1.o
LOAD build/default/production/_ext/1832805299/sys_console.o
LOAD build/default/production/_ext/60166132/plib_dac.o
LOAD build/default/production/_ext/504274921/plib_sercom3_usart.o
LOAD build/default/production/_ext/60167341/plib_eic.o
LOAD build/default/production/_ext/1360937237/main.o
LOAD build/default/production/_ext/101884895/sys_time.o
LOAD build/default/production/_ext/1360937237/sht4x_driver.o
LOAD build/default/production/_ext/1360937237/fcm360w_driver.o
LOAD build/default/production/_ext/829342769/plib_pm.o
LOAD build/default/production/_ext/1360937237/mcp9808_driver.o
LOAD build/default/production/_ext/1865161661/plib_dmac.o
LOAD build/default/production/_ext/1593096446/plib_nvmctrl.o
LOAD build/default/production/_ext/60165242/plib_ccl.o
LOAD build/default/production/_ext/60165182/plib_can0.o
LOAD build/default/production/_ext/1865468468/plib_nvic.o
LOAD build/default/production/_ext/1360937237/rtc_driver.o
LOAD build/default/production/_ext/1360937237/timer_driver.o
LOAD build/default/production/_ext/1865521619/plib_port.o
LOAD build/default/production/_ext/1881668453/sys_int.o
LOAD build/default/production/_ext/1360937237/xm125_driver.o
LOAD build/default/production/_ext/1171490990/startup_xc32.o
LOAD build/default/production/_ext/1360937237/hdc302x_driver.o
LOAD build/default/production/_ext/869808652/drv_usart.o
LOAD build/default/production/_ext/1171490990/libc_syscalls.o
LOAD build/default/production/_ext/60181570/plib_tcc0.o
LOAD build/default/production/_ext/1360937237/rstc_driver.o
LOAD build/default/production/_ext/1000052432/sys_reset.o
LOAD build/default/production/_ext/158385033/drv_i2c.o
LOAD build/default/production/_ext/1865510628/plib_pdec.o
LOAD build/default/production/_ext/1360937237/console_driver.o
LOAD build/default/production/_ext/1360937237/can0_driver.o
LOAD build/default/production/_ext/2070931557/drv_spi.o
LOAD build/default/production/_ext/1865585090/plib_rstc.o
LOAD build/default/production/_ext/60180175/plib_rtc_timer.o
LOAD build/default/production/_ext/1986646378/plib_evsys.o
LOAD build/default/production/_ext/1832805299/sys_console_uart.o
LOAD build/default/production/_ext/1171490990/exceptions.o
LOAD build/default/production/_ext/504274921/plib_sercom2_usart.o
                0x0000000000000001                __MPLAB_BUILD = 0x1
                0x0000000000080000                __rom_end = (ORIGIN (rom) + LENGTH (rom))
                0x0000000020010000                __ram_end = (ORIGIN (ram) + LENGTH (ram))

.config_00804000
 *(.config_00804000)

.config_00804004
 *(.config_00804004)

.vectors        0x0000000000000000       0xc0
                0x0000000000000000                . = ALIGN (0x4)
                0x0000000000000000                _sfixed = .
 *(.vectors .vectors.* .vectors_default .vectors_default.*)
 .vectors.exception_table
                0x0000000000000000       0xc0 build/default/production/_ext/1171490990/interrupts.o
                0x0000000000000000                exception_table
 *(.isr_vector)
 *(.reset*)
 *(.after_vectors)

.text           0x00000000000000c0       0x20
                0x00000000000000c0                . = ALIGN (0x4)
 *(.glue_7t)
 .glue_7t       0x00000000000000c0        0x0 linker stubs
 *(.glue_7)
 .glue_7        0x00000000000000c0        0x0 linker stubs
 *(.gnu.linkonce.r.*)
 *(.ARM.extab* .gnu.linkonce.armextab.*)
                0x00000000000000c0                . = ALIGN (0x4)
 *(.init)
 .init          0x00000000000000c0        0x4 c:/applications/microchip/xc32/bin/bin/../../lib/gcc/pic32c/8.3.1/thumb/v6-m/nofp/crti.o
                0x00000000000000c0                _init
 .init          0x00000000000000c4        0x8 c:/applications/microchip/xc32/bin/bin/../../lib/gcc/pic32c/8.3.1/thumb/v6-m/nofp/crtn.o
                0x00000000000000cc                . = ALIGN (0x4)
                0x00000000000000cc                __preinit_array_start = .
 *(.preinit_array)
                0x00000000000000cc                __preinit_array_end = .
                0x00000000000000cc                . = ALIGN (0x4)
                0x00000000000000cc                __init_array_start = .
 *(SORT_BY_NAME(.init_array.*))
 *(.init_array)
 .init_array    0x00000000000000cc        0x4 c:/applications/microchip/xc32/bin/bin/../../lib/gcc/pic32c/8.3.1/thumb/v6-m/nofp/crtbegin.o
                0x00000000000000d0                __init_array_end = .
                0x00000000000000d0                . = ALIGN (0x4)
 *crtbegin.o(.ctors)
 *(EXCLUDE_FILE(*crtend.o) .ctors)
 *(SORT_BY_NAME(.ctors.*))
 *crtend.o(.ctors)
                0x00000000000000d0                . = ALIGN (0x4)
 *(.fini)
 .fini          0x00000000000000d0        0x4 c:/applications/microchip/xc32/bin/bin/../../lib/gcc/pic32c/8.3.1/thumb/v6-m/nofp/crti.o
                0x00000000000000d0                _fini
 .fini          0x00000000000000d4        0x8 c:/applications/microchip/xc32/bin/bin/../../lib/gcc/pic32c/8.3.1/thumb/v6-m/nofp/crtn.o
                0x00000000000000dc                . = ALIGN (0x4)
                0x00000000000000dc                __fini_array_start = .
 *(.fini_array)
 .fini_array    0x00000000000000dc        0x4 c:/applications/microchip/xc32/bin/bin/../../lib/gcc/pic32c/8.3.1/thumb/v6-m/nofp/crtbegin.o
 *(SORT_BY_NAME(.fini_array.*))
                0x00000000000000e0                __fini_array_end = .
 *crtbegin.o(.dtors)
 *(EXCLUDE_FILE(*crtend.o) .dtors)
 *(SORT_BY_NAME(.dtors.*))
 *crtend.o(.dtors)
                0x00000000000000e0                . = ALIGN (0x4)
                0x00000000000000e0                _efixed = .
                [!provide]                        PROVIDE (__exidx_start = .)

.ARM.exidx      0x00000000000000e0        0x8
 *(.ARM.exidx* .gnu.linkonce.armexidx.*)
 .ARM.exidx     0x00000000000000e0        0x8 c:/applications/microchip/xc32/bin/bin/../../lib/gcc/pic32c/8.3.1/thumb/v6-m/nofp\libgcc.a(_udivmoddi4.o)
                [!provide]                        PROVIDE (__exidx_end = .)
                0x00000000000000e8                . = ALIGN (0x4)
                0x00000000000000e8                _etext = .

.bss            0x0000000020000000        0x0
                0x0000000020000000                . = ALIGN (0x4)
                0x0000000020000000                __bss_start__ = .
                0x0000000020000000                _sbss = .
                0x0000000020000000                _szero = .
 *(COMMON)
                0x0000000020000000                . = ALIGN (0x4)
                0x0000000020000000                __bss_end__ = .
                0x0000000020000000                _ebss = .
                0x0000000020000000                _ezero = .
                0x0000000020000000                . = ALIGN (0x4)
                0x0000000020000000                _end = .
                0x000000002000ffff                _ram_end_ = ((ORIGIN (ram) + LENGTH (ram)) - 0x1)
                0x0000000000001000                _min_heap_size = 0x1000
START GROUP
LOAD c:/applications/microchip/xc32/bin/bin/../../lib/gcc/pic32c/8.3.1/../../../../pic32c/lib/thumb/v6-m/nofp\libpic32c.a
LOAD c:/applications/microchip/xc32/bin/bin/../../lib/gcc/pic32c/8.3.1/../../../../pic32c/lib/thumb/v6-m/nofp\libc-size-musl.a
LOAD c:/applications/microchip/xc32/bin/bin/../../lib/gcc/pic32c/8.3.1/../../../../pic32c/lib/thumb/v6-m/nofp\liblmalloc-musl.a
LOAD c:/applications/microchip/xc32/bin/bin/../../lib/gcc/pic32c/8.3.1/../../../../pic32c/lib/thumb/v6-m/nofp\libm-fast-emfloat.a
LOAD c:/applications/microchip/xc32/bin/bin/../../lib/gcc/pic32c/8.3.1/../../../../pic32c/lib/thumb/v6-m/nofp\libm-musl.a
LOAD c:/applications/microchip/xc32/bin/bin/../../lib/gcc/pic32c/8.3.1/../../../../pic32c/lib/thumb/v6-m/nofp\libc-musl.a
LOAD c:/applications/microchip/xc32/bin/bin/../../lib/gcc/pic32c/8.3.1/../../../../pic32c/lib/thumb/v6-m/nofp\libm-fast-emfloat.a
LOAD c:/applications/microchip/xc32/bin/bin/../../lib/gcc/pic32c/8.3.1/../../../../pic32c/lib/thumb/v6-m/nofp\libm-musl.a
LOAD c:/applications/microchip/xc32/bin/bin/../../lib/gcc/pic32c/8.3.1/thumb/v6-m/nofp\libgcc.a
END GROUP
LOAD c:/applications/microchip/xc32/bin/bin/../../lib/gcc/pic32c/8.3.1/thumb/v6-m/nofp/crtend.o
LOAD c:/applications/microchip/xc32/bin/bin/../../lib/gcc/pic32c/8.3.1/thumb/v6-m/nofp/crtn.o
OUTPUT(dist/default/production/PIC32CMxxxxJH01_DRIVER.X.production.elf elf32-littlearm)
LOAD data_init
LOAD stack

.ARM.attributes
                0x0000000000000000       0x2a
 .ARM.attributes
                0x0000000000000000       0x1e c:/applications/microchip/xc32/bin/bin/../../lib/gcc/pic32c/8.3.1/thumb/v6-m/nofp/crti.o
 .ARM.attributes
                0x000000000000001e       0x2c c:/applications/microchip/xc32/bin/bin/../../lib/gcc/pic32c/8.3.1/thumb/v6-m/nofp/crtbegin.o
 .ARM.attributes
                0x000000000000004a       0x2c build/default/production/_ext/1360937237/bme690_driver.o
 .ARM.attributes
                0x0000000000000076       0x2c build/default/production/_ext/1865616679/plib_supc.o
 .ARM.attributes
                0x00000000000000a2       0x2c build/default/production/_ext/60163342/plib_adc0.o
 .ARM.attributes
                0x00000000000000ce       0x2c build/default/production/_ext/1984496892/plib_clock.o
 .ARM.attributes
                0x00000000000000fa       0x2c build/default/production/_ext/508257091/plib_sercom0_i2c_master.o
 .ARM.attributes
                0x0000000000000126       0x2c build/default/production/_ext/14461671/sys_dma.o
 .ARM.attributes
                0x0000000000000152       0x2c build/default/production/_ext/829342655/plib_tc0.o
 .ARM.attributes
                0x000000000000017e       0x2c build/default/production/_ext/1987437027/plib_freqm.o
 .ARM.attributes
                0x00000000000001aa       0x2c build/default/production/_ext/1171490990/tasks.o
 .ARM.attributes
                0x00000000000001d6       0x2c build/default/production/_ext/1171490990/initialization.o
 .ARM.attributes
                0x0000000000000202       0x2c build/default/production/_ext/17022449/plib_sercom1_spi_master.o
 .ARM.attributes
                0x000000000000022e       0x2c build/default/production/_ext/1171490990/interrupts.o
 .ARM.attributes
                0x000000000000025a       0x2c build/default/production/_ext/829342655/plib_tc1.o
 .ARM.attributes
                0x0000000000000286       0x2c build/default/production/_ext/1832805299/sys_console.o
 .ARM.attributes
                0x00000000000002b2       0x2c build/default/production/_ext/60166132/plib_dac.o
 .ARM.attributes
                0x00000000000002de       0x2c build/default/production/_ext/504274921/plib_sercom3_usart.o
 .ARM.attributes
                0x000000000000030a       0x2c build/default/production/_ext/60167341/plib_eic.o
 .ARM.attributes
                0x0000000000000336       0x2c build/default/production/_ext/1360937237/main.o
 .ARM.attributes
                0x0000000000000362       0x2c build/default/production/_ext/101884895/sys_time.o
 .ARM.attributes
                0x000000000000038e       0x2c build/default/production/_ext/1360937237/sht4x_driver.o
 .ARM.attributes
                0x00000000000003ba       0x2c build/default/production/_ext/1360937237/fcm360w_driver.o
 .ARM.attributes
                0x00000000000003e6       0x2c build/default/production/_ext/829342769/plib_pm.o
 .ARM.attributes
                0x0000000000000412       0x2c build/default/production/_ext/1360937237/mcp9808_driver.o
 .ARM.attributes
                0x000000000000043e       0x2c build/default/production/_ext/1865161661/plib_dmac.o
 .ARM.attributes
                0x000000000000046a       0x2c build/default/production/_ext/1593096446/plib_nvmctrl.o
 .ARM.attributes
                0x0000000000000496       0x2c build/default/production/_ext/60165242/plib_ccl.o
 .ARM.attributes
                0x00000000000004c2       0x2c build/default/production/_ext/60165182/plib_can0.o
 .ARM.attributes
                0x00000000000004ee       0x2c build/default/production/_ext/1865468468/plib_nvic.o
 .ARM.attributes
                0x000000000000051a       0x2c build/default/production/_ext/1360937237/rtc_driver.o
 .ARM.attributes
                0x0000000000000546       0x2c build/default/production/_ext/1360937237/timer_driver.o
 .ARM.attributes
                0x0000000000000572       0x2c build/default/production/_ext/1865521619/plib_port.o
 .ARM.attributes
                0x000000000000059e       0x2c build/default/production/_ext/1881668453/sys_int.o
 .ARM.attributes
                0x00000000000005ca       0x2c build/default/production/_ext/1360937237/xm125_driver.o
 .ARM.attributes
                0x00000000000005f6       0x2c build/default/production/_ext/1171490990/startup_xc32.o
 .ARM.attributes
                0x0000000000000622       0x2c build/default/production/_ext/1360937237/hdc302x_driver.o
 .ARM.attributes
                0x000000000000064e       0x2c build/default/production/_ext/869808652/drv_usart.o
 .ARM.attributes
                0x000000000000067a       0x2c build/default/production/_ext/60181570/plib_tcc0.o
 .ARM.attributes
                0x00000000000006a6       0x2c build/default/production/_ext/1360937237/rstc_driver.o
 .ARM.attributes
                0x00000000000006d2       0x2c build/default/production/_ext/158385033/drv_i2c.o
 .ARM.attributes
                0x00000000000006fe       0x2c build/default/production/_ext/1865510628/plib_pdec.o
 .ARM.attributes
                0x000000000000072a       0x2c build/default/production/_ext/1360937237/console_driver.o
 .ARM.attributes
                0x0000000000000756       0x2c build/default/production/_ext/1360937237/can0_driver.o
 .ARM.attributes
                0x0000000000000782       0x2c build/default/production/_ext/2070931557/drv_spi.o
 .ARM.attributes
                0x00000000000007ae       0x2c build/default/production/_ext/60180175/plib_rtc_timer.o
 .ARM.attributes
                0x00000000000007da       0x2c build/default/production/_ext/1986646378/plib_evsys.o
 .ARM.attributes
                0x0000000000000806       0x2c build/default/production/_ext/1832805299/sys_console_uart.o
 .ARM.attributes
                0x0000000000000832       0x2c build/default/production/_ext/1171490990/exceptions.o
 .ARM.attributes
                0x000000000000085e       0x2c build/default/production/_ext/504274921/plib_sercom2_usart.o
 .ARM.attributes
                0x000000000000088a       0x2c c:/applications/microchip/xc32/bin/bin/../../lib/gcc/pic32c/8.3.1/../../../../pic32c/lib/thumb/v6-m/nofp\libpic32c.a(data_init.o)
 .ARM.attributes
                0x00000000000008b6       0x2e c:/applications/microchip/xc32/bin/bin/../../lib/gcc/pic32c/8.3.1/../../../../pic32c/lib/thumb/v6-m/nofp\libc-size-musl.a(memcpy.o)
 .ARM.attributes
                0x00000000000008e4       0x2e c:/applications/microchip/xc32/bin/bin/../../lib/gcc/pic32c/8.3.1/../../../../pic32c/lib/thumb/v6-m/nofp\libc-size-musl.a(memset.o)
 .ARM.attributes
                0x0000000000000912       0x1c c:/applications/microchip/xc32/bin/bin/../../lib/gcc/pic32c/8.3.1/../../../../pic32c/lib/thumb/v6-m/nofp\libm-fast-emfloat.a(__aeabi_fadd.o)
 .ARM.attributes
                0x000000000000092e       0x1c c:/applications/microchip/xc32/bin/bin/../../lib/gcc/pic32c/8.3.1/../../../../pic32c/lib/thumb/v6-m/nofp\libm-fast-emfloat.a(__aeabi_dadd.o)
 .ARM.attributes
                0x000000000000094a       0x1c c:/applications/microchip/xc32/bin/bin/../../lib/gcc/pic32c/8.3.1/../../../../pic32c/lib/thumb/v6-m/nofp\libm-fast-emfloat.a(__aeabi_fsub.o)
 .ARM.attributes
                0x0000000000000966       0x1c c:/applications/microchip/xc32/bin/bin/../../lib/gcc/pic32c/8.3.1/../../../../pic32c/lib/thumb/v6-m/nofp\libm-fast-emfloat.a(__aeabi_fmul.o)
 .ARM.attributes
                0x0000000000000982       0x1c c:/applications/microchip/xc32/bin/bin/../../lib/gcc/pic32c/8.3.1/../../../../pic32c/lib/thumb/v6-m/nofp\libm-fast-emfloat.a(__aeabi_dmul_aux.o)
 .ARM.attributes
                0x000000000000099e       0x1c c:/applications/microchip/xc32/bin/bin/../../lib/gcc/pic32c/8.3.1/../../../../pic32c/lib/thumb/v6-m/nofp\libm-fast-emfloat.a(__aeabi_fdiv.o)
 .ARM.attributes
                0x00000000000009ba       0x1c c:/applications/microchip/xc32/bin/bin/../../lib/gcc/pic32c/8.3.1/../../../../pic32c/lib/thumb/v6-m/nofp\libm-fast-emfloat.a(__aeabi_f2iz.o)
 .ARM.attributes
                0x00000000000009d6       0x1c c:/applications/microchip/xc32/bin/bin/../../lib/gcc/pic32c/8.3.1/../../../../pic32c/lib/thumb/v6-m/nofp\libm-fast-emfloat.a(__aeabi_f2uiz.o)
 .ARM.attributes
                0x00000000000009f2       0x1c c:/applications/microchip/xc32/bin/bin/../../lib/gcc/pic32c/8.3.1/../../../../pic32c/lib/thumb/v6-m/nofp\libm-fast-emfloat.a(__aeabi_i2f.o)
 .ARM.attributes
                0x0000000000000a0e       0x1c c:/applications/microchip/xc32/bin/bin/../../lib/gcc/pic32c/8.3.1/../../../../pic32c/lib/thumb/v6-m/nofp\libm-fast-emfloat.a(__aeabi_ui2f.o)
 .ARM.attributes
                0x0000000000000a2a       0x1c c:/applications/microchip/xc32/bin/bin/../../lib/gcc/pic32c/8.3.1/../../../../pic32c/lib/thumb/v6-m/nofp\libm-fast-emfloat.a(__aeabi_f2d.o)
 .ARM.attributes
                0x0000000000000a46       0x1c c:/applications/microchip/xc32/bin/bin/../../lib/gcc/pic32c/8.3.1/../../../../pic32c/lib/thumb/v6-m/nofp\libm-fast-emfloat.a(__aeabi_d2f.o)
 .ARM.attributes
                0x0000000000000a62       0x2e c:/applications/microchip/xc32/bin/bin/../../lib/gcc/pic32c/8.3.1/../../../../pic32c/lib/thumb/v6-m/nofp\libc-musl.a(__libc_start_main.o)
 .ARM.attributes
                0x0000000000000a90       0x2e c:/applications/microchip/xc32/bin/bin/../../lib/gcc/pic32c/8.3.1/../../../../pic32c/lib/thumb/v6-m/nofp\libc-musl.a(libc.o)
 .ARM.attributes
                0x0000000000000abe       0x2e c:/applications/microchip/xc32/bin/bin/../../lib/gcc/pic32c/8.3.1/../../../../pic32c/lib/thumb/v6-m/nofp\libc-musl.a(__environ.o)
 .ARM.attributes
                0x0000000000000aec       0x1e c:/applications/microchip/xc32/bin/bin/../../lib/gcc/pic32c/8.3.1/thumb/v6-m/nofp\libgcc.a(_udivsi3.o)
 .ARM.attributes
                0x0000000000000b0a       0x1e c:/applications/microchip/xc32/bin/bin/../../lib/gcc/pic32c/8.3.1/thumb/v6-m/nofp\libgcc.a(_dvmd_tls.o)
 .ARM.attributes
                0x0000000000000b28       0x1e c:/applications/microchip/xc32/bin/bin/../../lib/gcc/pic32c/8.3.1/thumb/v6-m/nofp\libgcc.a(_aeabi_uldivmod.o)
 .ARM.attributes
                0x0000000000000b46       0x2c c:/applications/microchip/xc32/bin/bin/../../lib/gcc/pic32c/8.3.1/thumb/v6-m/nofp\libgcc.a(_muldi3.o)
 .ARM.attributes
                0x0000000000000b72       0x2c c:/applications/microchip/xc32/bin/bin/../../lib/gcc/pic32c/8.3.1/thumb/v6-m/nofp\libgcc.a(_udivmoddi4.o)
 .ARM.attributes
                0x0000000000000b9e       0x1e c:/applications/microchip/xc32/bin/bin/../../lib/gcc/pic32c/8.3.1/thumb/v6-m/nofp\libgcc.a(_lshrdi3.o)
 .ARM.attributes
                0x0000000000000bbc       0x1e c:/applications/microchip/xc32/bin/bin/../../lib/gcc/pic32c/8.3.1/thumb/v6-m/nofp\libgcc.a(_ashldi3.o)
 .ARM.attributes
                0x0000000000000bda       0x1e c:/applications/microchip/xc32/bin/bin/../../lib/gcc/pic32c/8.3.1/thumb/v6-m/nofp\libgcc.a(_clzdi2.o)
 .ARM.attributes
                0x0000000000000bf8       0x1e c:/applications/microchip/xc32/bin/bin/../../lib/gcc/pic32c/8.3.1/thumb/v6-m/nofp\libgcc.a(_clzsi2.o)
 .ARM.attributes
                0x0000000000000c16       0x1e c:/applications/microchip/xc32/bin/bin/../../lib/gcc/pic32c/8.3.1/thumb/v6-m/nofp/crtn.o
 .ARM.attributes
                0x0000000000000c34       0x2c c:/applications/microchip/xc32/bin/bin/../../lib/gcc/pic32c/8.3.1/../../../../pic32c/lib/thumb/v6-m/nofp\libpic32c.a(pic32_data_init_clear.o)
 .ARM.attributes
                0x0000000000000c60       0x2c c:/applications/microchip/xc32/bin/bin/../../lib/gcc/pic32c/8.3.1/../../../../pic32c/lib/thumb/v6-m/nofp\libpic32c.a(pic32_data_init_copy.o)

.comment        0x0000000000000000       0x2b
 .comment       0x0000000000000000       0x2b c:/applications/microchip/xc32/bin/bin/../../lib/gcc/pic32c/8.3.1/thumb/v6-m/nofp/crtbegin.o
                                         0x2c (size before relaxing)
 .comment       0x000000000000002b       0x2c build/default/production/_ext/1360937237/bme690_driver.o
 .comment       0x000000000000002b       0x2c build/default/production/_ext/1865616679/plib_supc.o
 .comment       0x000000000000002b       0x2c build/default/production/_ext/60163342/plib_adc0.o
 .comment       0x000000000000002b       0x2c build/default/production/_ext/1984496892/plib_clock.o
 .comment       0x000000000000002b       0x2c build/default/production/_ext/508257091/plib_sercom0_i2c_master.o
 .comment       0x000000000000002b       0x2c build/default/production/_ext/14461671/sys_dma.o
 .comment       0x000000000000002b       0x2c build/default/production/_ext/829342655/plib_tc0.o
 .comment       0x000000000000002b       0x2c build/default/production/_ext/1987437027/plib_freqm.o
 .comment       0x000000000000002b       0x2c build/default/production/_ext/1171490990/tasks.o
 .comment       0x000000000000002b       0x2c build/default/production/_ext/1171490990/initialization.o
 .comment       0x000000000000002b       0x2c build/default/production/_ext/17022449/plib_sercom1_spi_master.o
 .comment       0x000000000000002b       0x2c build/default/production/_ext/1171490990/interrupts.o
 .comment       0x000000000000002b       0x2c build/default/production/_ext/829342655/plib_tc1.o
 .comment       0x000000000000002b       0x2c build/default/production/_ext/1832805299/sys_console.o
 .comment       0x000000000000002b       0x2c build/default/production/_ext/60166132/plib_dac.o
 .comment       0x000000000000002b       0x2c build/default/production/_ext/504274921/plib_sercom3_usart.o
 .comment       0x000000000000002b       0x2c build/default/production/_ext/60167341/plib_eic.o
 .comment       0x000000000000002b       0x2c build/default/production/_ext/1360937237/main.o
 .comment       0x000000000000002b       0x2c build/default/production/_ext/101884895/sys_time.o
 .comment       0x000000000000002b       0x2c build/default/production/_ext/1360937237/sht4x_driver.o
 .comment       0x000000000000002b       0x2c build/default/production/_ext/1360937237/fcm360w_driver.o
 .comment       0x000000000000002b       0x2c build/default/production/_ext/829342769/plib_pm.o
 .comment       0x000000000000002b       0x2c build/default/production/_ext/1360937237/mcp9808_driver.o
 .comment       0x000000000000002b       0x2c build/default/production/_ext/1865161661/plib_dmac.o
 .comment       0x000000000000002b       0x2c build/default/production/_ext/1593096446/plib_nvmctrl.o
 .comment       0x000000000000002b       0x2c build/default/production/_ext/60165242/plib_ccl.o
 .comment       0x000000000000002b       0x2c build/default/production/_ext/60165182/plib_can0.o
 .comment       0x000000000000002b       0x2c build/default/production/_ext/1865468468/plib_nvic.o
 .comment       0x000000000000002b       0x2c build/default/production/_ext/1360937237/rtc_driver.o
 .comment       0x000000000000002b       0x2c build/default/production/_ext/1360937237/timer_driver.o
 .comment       0x000000000000002b       0x2c build/default/production/_ext/1865521619/plib_port.o
 .comment       0x000000000000002b       0x2c build/default/production/_ext/1881668453/sys_int.o
 .comment       0x000000000000002b       0x2c build/default/production/_ext/1360937237/xm125_driver.o
 .comment       0x000000000000002b       0x2c build/default/production/_ext/1171490990/startup_xc32.o
 .comment       0x000000000000002b       0x2c build/default/production/_ext/1360937237/hdc302x_driver.o
 .comment       0x000000000000002b       0x2c build/default/production/_ext/869808652/drv_usart.o
 .comment       0x000000000000002b       0x2c build/default/production/_ext/60181570/plib_tcc0.o
 .comment       0x000000000000002b       0x2c build/default/production/_ext/1360937237/rstc_driver.o
 .comment       0x000000000000002b       0x2c build/default/production/_ext/158385033/drv_i2c.o
 .comment       0x000000000000002b       0x2c build/default/production/_ext/1865510628/plib_pdec.o
 .comment       0x000000000000002b       0x2c build/default/production/_ext/1360937237/console_driver.o
 .comment       0x000000000000002b       0x2c build/default/production/_ext/1360937237/can0_driver.o
 .comment       0x000000000000002b       0x2c build/default/production/_ext/2070931557/drv_spi.o
 .comment       0x000000000000002b       0x2c build/default/production/_ext/60180175/plib_rtc_timer.o
 .comment       0x000000000000002b       0x2c build/default/production/_ext/1986646378/plib_evsys.o
 .comment       0x000000000000002b       0x2c build/default/production/_ext/1832805299/sys_console_uart.o
 .comment       0x000000000000002b       0x2c build/default/production/_ext/1171490990/exceptions.o
 .comment       0x000000000000002b       0x2c build/default/production/_ext/504274921/plib_sercom2_usart.o
 .comment       0x000000000000002b       0x2c c:/applications/microchip/xc32/bin/bin/../../lib/gcc/pic32c/8.3.1/../../../../pic32c/lib/thumb/v6-m/nofp\libpic32c.a(data_init.o)
 .comment       0x000000000000002b       0x2c c:/applications/microchip/xc32/bin/bin/../../lib/gcc/pic32c/8.3.1/../../../../pic32c/lib/thumb/v6-m/nofp\libc-size-musl.a(memcpy.o)
 .comment       0x000000000000002b       0x2c c:/applications/microchip/xc32/bin/bin/../../lib/gcc/pic32c/8.3.1/../../../../pic32c/lib/thumb/v6-m/nofp\libc-size-musl.a(memset.o)
 .comment       0x000000000000002b       0x2c c:/applications/microchip/xc32/bin/bin/../../lib/gcc/pic32c/8.3.1/../../../../pic32c/lib/thumb/v6-m/nofp\libc-musl.a(__libc_start_main.o)
 .comment       0x000000000000002b       0x2c c:/applications/microchip/xc32/bin/bin/../../lib/gcc/pic32c/8.3.1/../../../../pic32c/lib/thumb/v6-m/nofp\libc-musl.a(libc.o)
 .comment       0x000000000000002b       0x2c c:/applications/microchip/xc32/bin/bin/../../lib/gcc/pic32c/8.3.1/../../../../pic32c/lib/thumb/v6-m/nofp\libc-musl.a(__environ.o)
 .comment       0x000000000000002b       0x2c c:/applications/microchip/xc32/bin/bin/../../lib/gcc/pic32c/8.3.1/thumb/v6-m/nofp\libgcc.a(_muldi3.o)
 .comment       0x000000000000002b       0x2c c:/applications/microchip/xc32/bin/bin/../../lib/gcc/pic32c/8.3.1/thumb/v6-m/nofp\libgcc.a(_udivmoddi4.o)
 .comment       0x000000000000002b       0x2c c:/applications/microchip/xc32/bin/bin/../../lib/gcc/pic32c/8.3.1/../../../../pic32c/lib/thumb/v6-m/nofp\libpic32c.a(pic32_data_init_clear.o)
 .comment       0x000000000000002b       0x2c c:/applications/microchip/xc32/bin/bin/../../lib/gcc/pic32c/8.3.1/../../../../pic32c/lib/thumb/v6-m/nofp\libpic32c.a(pic32_data_init_copy.o)

.debug_info     0x0000000000000000    0x20798
 .debug_info    0x0000000000000000     0x1070 build/default/production/_ext/1360937237/bme690_driver.o
 .debug_info    0x0000000000001070      0x262 build/default/production/_ext/1865616679/plib_supc.o
 .debug_info    0x00000000000012d2      0x5f1 build/default/production/_ext/60163342/plib_adc0.o
 .debug_info    0x00000000000018c3      0x6ed build/default/production/_ext/1984496892/plib_clock.o
 .debug_info    0x0000000000001fb0     0x12ed build/default/production/_ext/508257091/plib_sercom0_i2c_master.o
 .debug_info    0x000000000000329d      0x2f6 build/default/production/_ext/14461671/sys_dma.o
 .debug_info    0x0000000000003593      0x83d build/default/production/_ext/829342655/plib_tc0.o
 .debug_info    0x0000000000003dd0      0x2e2 build/default/production/_ext/1987437027/plib_freqm.o
 .debug_info    0x00000000000040b2      0x197 build/default/production/_ext/1171490990/tasks.o
 .debug_info    0x0000000000004249     0x2db5 build/default/production/_ext/1171490990/initialization.o
 .debug_info    0x0000000000006ffe      0xf10 build/default/production/_ext/17022449/plib_sercom1_spi_master.o
 .debug_info    0x0000000000007f0e      0x4e6 build/default/production/_ext/1171490990/interrupts.o
 .debug_info    0x00000000000083f4      0x814 build/default/production/_ext/829342655/plib_tc1.o
 .debug_info    0x0000000000008c08      0xc75 build/default/production/_ext/1832805299/sys_console.o
 .debug_info    0x000000000000987d      0x24b build/default/production/_ext/60166132/plib_dac.o
 .debug_info    0x0000000000009ac8     0x11cc build/default/production/_ext/504274921/plib_sercom3_usart.o
 .debug_info    0x000000000000ac94      0x3c6 build/default/production/_ext/60167341/plib_eic.o
 .debug_info    0x000000000000b05a       0xeb build/default/production/_ext/1360937237/main.o
 .debug_info    0x000000000000b145     0x1d54 build/default/production/_ext/101884895/sys_time.o
 .debug_info    0x000000000000ce99      0x5fa build/default/production/_ext/1360937237/sht4x_driver.o
 .debug_info    0x000000000000d493      0x13a build/default/production/_ext/1360937237/fcm360w_driver.o
 .debug_info    0x000000000000d5cd      0x175 build/default/production/_ext/829342769/plib_pm.o
 .debug_info    0x000000000000d742      0xbbf build/default/production/_ext/1360937237/mcp9808_driver.o
 .debug_info    0x000000000000e301      0xc04 build/default/production/_ext/1865161661/plib_dmac.o
 .debug_info    0x000000000000ef05      0x809 build/default/production/_ext/1593096446/plib_nvmctrl.o
 .debug_info    0x000000000000f70e      0x17b build/default/production/_ext/60165242/plib_ccl.o
 .debug_info    0x000000000000f889     0x1326 build/default/production/_ext/60165182/plib_can0.o
 .debug_info    0x0000000000010baf      0xade build/default/production/_ext/1865468468/plib_nvic.o
 .debug_info    0x000000000001168d      0x13a build/default/production/_ext/1360937237/rtc_driver.o
 .debug_info    0x00000000000117c7      0x595 build/default/production/_ext/1360937237/timer_driver.o
 .debug_info    0x0000000000011d5c      0x5fe build/default/production/_ext/1865521619/plib_port.o
 .debug_info    0x000000000001235a      0x5a0 build/default/production/_ext/1881668453/sys_int.o
 .debug_info    0x00000000000128fa      0x13a build/default/production/_ext/1360937237/xm125_driver.o
 .debug_info    0x0000000000012a34      0x332 build/default/production/_ext/1171490990/startup_xc32.o
 .debug_info    0x0000000000012d66     0x145d build/default/production/_ext/1360937237/hdc302x_driver.o
 .debug_info    0x00000000000141c3     0x29ea build/default/production/_ext/869808652/drv_usart.o
 .debug_info    0x0000000000016bad      0x529 build/default/production/_ext/60181570/plib_tcc0.o
 .debug_info    0x00000000000170d6      0x13a build/default/production/_ext/1360937237/rstc_driver.o
 .debug_info    0x0000000000017210     0x1eb8 build/default/production/_ext/158385033/drv_i2c.o
 .debug_info    0x00000000000190c8      0x378 build/default/production/_ext/1865510628/plib_pdec.o
 .debug_info    0x0000000000019440      0x13a build/default/production/_ext/1360937237/console_driver.o
 .debug_info    0x000000000001957a      0xc7c build/default/production/_ext/1360937237/can0_driver.o
 .debug_info    0x000000000001a1f6     0x2935 build/default/production/_ext/2070931557/drv_spi.o
 .debug_info    0x000000000001cb2b      0x7ea build/default/production/_ext/60180175/plib_rtc_timer.o
 .debug_info    0x000000000001d315       0x9b build/default/production/_ext/1986646378/plib_evsys.o
 .debug_info    0x000000000001d3b0      0xdd1 build/default/production/_ext/1832805299/sys_console_uart.o
 .debug_info    0x000000000001e181       0xc1 build/default/production/_ext/1171490990/exceptions.o
 .debug_info    0x000000000001e242     0x17df build/default/production/_ext/504274921/plib_sercom2_usart.o
 .debug_info    0x000000000001fa21       0x68 c:/applications/microchip/xc32/bin/bin/../../lib/gcc/pic32c/8.3.1/../../../../pic32c/lib/thumb/v6-m/nofp\libpic32c.a(data_init.o)
 .debug_info    0x000000000001fa89       0xed c:/applications/microchip/xc32/bin/bin/../../lib/gcc/pic32c/8.3.1/../../../../pic32c/lib/thumb/v6-m/nofp\libc-size-musl.a(memcpy.o)
 .debug_info    0x000000000001fb76       0xbb c:/applications/microchip/xc32/bin/bin/../../lib/gcc/pic32c/8.3.1/../../../../pic32c/lib/thumb/v6-m/nofp\libc-size-musl.a(memset.o)
 .debug_info    0x000000000001fc31      0x2fb c:/applications/microchip/xc32/bin/bin/../../lib/gcc/pic32c/8.3.1/../../../../pic32c/lib/thumb/v6-m/nofp\libc-musl.a(__libc_start_main.o)
 .debug_info    0x000000000001ff2c      0x276 c:/applications/microchip/xc32/bin/bin/../../lib/gcc/pic32c/8.3.1/../../../../pic32c/lib/thumb/v6-m/nofp\libc-musl.a(libc.o)
 .debug_info    0x00000000000201a2       0x97 c:/applications/microchip/xc32/bin/bin/../../lib/gcc/pic32c/8.3.1/../../../../pic32c/lib/thumb/v6-m/nofp\libc-musl.a(__environ.o)
 .debug_info    0x0000000000020239       0x26 c:/applications/microchip/xc32/bin/bin/../../lib/gcc/pic32c/8.3.1/thumb/v6-m/nofp\libgcc.a(_udivsi3.o)
 .debug_info    0x000000000002025f       0x26 c:/applications/microchip/xc32/bin/bin/../../lib/gcc/pic32c/8.3.1/thumb/v6-m/nofp\libgcc.a(_dvmd_tls.o)
 .debug_info    0x0000000000020285       0x26 c:/applications/microchip/xc32/bin/bin/../../lib/gcc/pic32c/8.3.1/thumb/v6-m/nofp\libgcc.a(_aeabi_uldivmod.o)
 .debug_info    0x00000000000202ab      0x243 c:/applications/microchip/xc32/bin/bin/../../lib/gcc/pic32c/8.3.1/thumb/v6-m/nofp\libgcc.a(_muldi3.o)
 .debug_info    0x00000000000204ee      0x193 c:/applications/microchip/xc32/bin/bin/../../lib/gcc/pic32c/8.3.1/thumb/v6-m/nofp\libgcc.a(_udivmoddi4.o)
 .debug_info    0x0000000000020681       0x26 c:/applications/microchip/xc32/bin/bin/../../lib/gcc/pic32c/8.3.1/thumb/v6-m/nofp\libgcc.a(_lshrdi3.o)
 .debug_info    0x00000000000206a7       0x26 c:/applications/microchip/xc32/bin/bin/../../lib/gcc/pic32c/8.3.1/thumb/v6-m/nofp\libgcc.a(_ashldi3.o)
 .debug_info    0x00000000000206cd       0x26 c:/applications/microchip/xc32/bin/bin/../../lib/gcc/pic32c/8.3.1/thumb/v6-m/nofp\libgcc.a(_clzdi2.o)
 .debug_info    0x00000000000206f3       0x26 c:/applications/microchip/xc32/bin/bin/../../lib/gcc/pic32c/8.3.1/thumb/v6-m/nofp\libgcc.a(_clzsi2.o)
 .debug_info    0x0000000000020719       0x3f c:/applications/microchip/xc32/bin/bin/../../lib/gcc/pic32c/8.3.1/../../../../pic32c/lib/thumb/v6-m/nofp\libpic32c.a(pic32_data_init_clear.o)
 .debug_info    0x0000000000020758       0x40 c:/applications/microchip/xc32/bin/bin/../../lib/gcc/pic32c/8.3.1/../../../../pic32c/lib/thumb/v6-m/nofp\libpic32c.a(pic32_data_init_copy.o)

.debug_abbrev   0x0000000000000000     0x67ac
 .debug_abbrev  0x0000000000000000      0x21f build/default/production/_ext/1360937237/bme690_driver.o
 .debug_abbrev  0x000000000000021f      0x12b build/default/production/_ext/1865616679/plib_supc.o
 .debug_abbrev  0x000000000000034a      0x172 build/default/production/_ext/60163342/plib_adc0.o
 .debug_abbrev  0x00000000000004bc      0x1b4 build/default/production/_ext/1984496892/plib_clock.o
 .debug_abbrev  0x0000000000000670      0x3a9 build/default/production/_ext/508257091/plib_sercom0_i2c_master.o
 .debug_abbrev  0x0000000000000a19       0xfd build/default/production/_ext/14461671/sys_dma.o
 .debug_abbrev  0x0000000000000b16      0x1be build/default/production/_ext/829342655/plib_tc0.o
 .debug_abbrev  0x0000000000000cd4      0x138 build/default/production/_ext/1987437027/plib_freqm.o
 .debug_abbrev  0x0000000000000e0c       0x7b build/default/production/_ext/1171490990/tasks.o
 .debug_abbrev  0x0000000000000e87      0x284 build/default/production/_ext/1171490990/initialization.o
 .debug_abbrev  0x000000000000110b      0x276 build/default/production/_ext/17022449/plib_sercom1_spi_master.o
 .debug_abbrev  0x0000000000001381      0x11e build/default/production/_ext/1171490990/interrupts.o
 .debug_abbrev  0x000000000000149f      0x1be build/default/production/_ext/829342655/plib_tc1.o
 .debug_abbrev  0x000000000000165d      0x3c1 build/default/production/_ext/1832805299/sys_console.o
 .debug_abbrev  0x0000000000001a1e       0xf0 build/default/production/_ext/60166132/plib_dac.o
 .debug_abbrev  0x0000000000001b0e      0x318 build/default/production/_ext/504274921/plib_sercom3_usart.o
 .debug_abbrev  0x0000000000001e26      0x195 build/default/production/_ext/60167341/plib_eic.o
 .debug_abbrev  0x0000000000001fbb       0x82 build/default/production/_ext/1360937237/main.o
 .debug_abbrev  0x000000000000203d      0x51d build/default/production/_ext/101884895/sys_time.o
 .debug_abbrev  0x000000000000255a      0x1a8 build/default/production/_ext/1360937237/sht4x_driver.o
 .debug_abbrev  0x0000000000002702       0xdd build/default/production/_ext/1360937237/fcm360w_driver.o
 .debug_abbrev  0x00000000000027df       0xa4 build/default/production/_ext/829342769/plib_pm.o
 .debug_abbrev  0x0000000000002883      0x272 build/default/production/_ext/1360937237/mcp9808_driver.o
 .debug_abbrev  0x0000000000002af5      0x2b9 build/default/production/_ext/1865161661/plib_dmac.o
 .debug_abbrev  0x0000000000002dae      0x1f2 build/default/production/_ext/1593096446/plib_nvmctrl.o
 .debug_abbrev  0x0000000000002fa0       0xa4 build/default/production/_ext/60165242/plib_ccl.o
 .debug_abbrev  0x0000000000003044      0x31b build/default/production/_ext/60165182/plib_can0.o
 .debug_abbrev  0x000000000000335f      0x271 build/default/production/_ext/1865468468/plib_nvic.o
 .debug_abbrev  0x00000000000035d0       0xdd build/default/production/_ext/1360937237/rtc_driver.o
 .debug_abbrev  0x00000000000036ad      0x13f build/default/production/_ext/1360937237/timer_driver.o
 .debug_abbrev  0x00000000000037ec      0x1e8 build/default/production/_ext/1865521619/plib_port.o
 .debug_abbrev  0x00000000000039d4      0x262 build/default/production/_ext/1881668453/sys_int.o
 .debug_abbrev  0x0000000000003c36       0xdd build/default/production/_ext/1360937237/xm125_driver.o
 .debug_abbrev  0x0000000000003d13      0x187 build/default/production/_ext/1171490990/startup_xc32.o
 .debug_abbrev  0x0000000000003e9a      0x2c9 build/default/production/_ext/1360937237/hdc302x_driver.o
 .debug_abbrev  0x0000000000004163      0x523 build/default/production/_ext/869808652/drv_usart.o
 .debug_abbrev  0x0000000000004686      0x122 build/default/production/_ext/60181570/plib_tcc0.o
 .debug_abbrev  0x00000000000047a8       0xdd build/default/production/_ext/1360937237/rstc_driver.o
 .debug_abbrev  0x0000000000004885      0x4a4 build/default/production/_ext/158385033/drv_i2c.o
 .debug_abbrev  0x0000000000004d29       0xf2 build/default/production/_ext/1865510628/plib_pdec.o
 .debug_abbrev  0x0000000000004e1b       0xdd build/default/production/_ext/1360937237/console_driver.o
 .debug_abbrev  0x0000000000004ef8      0x3a8 build/default/production/_ext/1360937237/can0_driver.o
 .debug_abbrev  0x00000000000052a0      0x4ec build/default/production/_ext/2070931557/drv_spi.o
 .debug_abbrev  0x000000000000578c      0x1a2 build/default/production/_ext/60180175/plib_rtc_timer.o
 .debug_abbrev  0x000000000000592e       0x46 build/default/production/_ext/1986646378/plib_evsys.o
 .debug_abbrev  0x0000000000005974      0x31c build/default/production/_ext/1832805299/sys_console_uart.o
 .debug_abbrev  0x0000000000005c90       0x49 build/default/production/_ext/1171490990/exceptions.o
 .debug_abbrev  0x0000000000005cd9      0x43d build/default/production/_ext/504274921/plib_sercom2_usart.o
 .debug_abbrev  0x0000000000006116       0x44 c:/applications/microchip/xc32/bin/bin/../../lib/gcc/pic32c/8.3.1/../../../../pic32c/lib/thumb/v6-m/nofp\libpic32c.a(data_init.o)
 .debug_abbrev  0x000000000000615a       0xbb c:/applications/microchip/xc32/bin/bin/../../lib/gcc/pic32c/8.3.1/../../../../pic32c/lib/thumb/v6-m/nofp\libc-size-musl.a(memcpy.o)
 .debug_abbrev  0x0000000000006215       0xa2 c:/applications/microchip/xc32/bin/bin/../../lib/gcc/pic32c/8.3.1/../../../../pic32c/lib/thumb/v6-m/nofp\libc-size-musl.a(memset.o)
 .debug_abbrev  0x00000000000062b7      0x133 c:/applications/microchip/xc32/bin/bin/../../lib/gcc/pic32c/8.3.1/../../../../pic32c/lib/thumb/v6-m/nofp\libc-musl.a(__libc_start_main.o)
 .debug_abbrev  0x00000000000063ea       0xd4 c:/applications/microchip/xc32/bin/bin/../../lib/gcc/pic32c/8.3.1/../../../../pic32c/lib/thumb/v6-m/nofp\libc-musl.a(libc.o)
 .debug_abbrev  0x00000000000064be       0x62 c:/applications/microchip/xc32/bin/bin/../../lib/gcc/pic32c/8.3.1/../../../../pic32c/lib/thumb/v6-m/nofp\libc-musl.a(__environ.o)
 .debug_abbrev  0x0000000000006520       0x14 c:/applications/microchip/xc32/bin/bin/../../lib/gcc/pic32c/8.3.1/thumb/v6-m/nofp\libgcc.a(_udivsi3.o)
 .debug_abbrev  0x0000000000006534       0x14 c:/applications/microchip/xc32/bin/bin/../../lib/gcc/pic32c/8.3.1/thumb/v6-m/nofp\libgcc.a(_dvmd_tls.o)
 .debug_abbrev  0x0000000000006548       0x14 c:/applications/microchip/xc32/bin/bin/../../lib/gcc/pic32c/8.3.1/thumb/v6-m/nofp\libgcc.a(_aeabi_uldivmod.o)
 .debug_abbrev  0x000000000000655c      0x10b c:/applications/microchip/xc32/bin/bin/../../lib/gcc/pic32c/8.3.1/thumb/v6-m/nofp\libgcc.a(_muldi3.o)
 .debug_abbrev  0x0000000000006667       0x99 c:/applications/microchip/xc32/bin/bin/../../lib/gcc/pic32c/8.3.1/thumb/v6-m/nofp\libgcc.a(_udivmoddi4.o)
 .debug_abbrev  0x0000000000006700       0x14 c:/applications/microchip/xc32/bin/bin/../../lib/gcc/pic32c/8.3.1/thumb/v6-m/nofp\libgcc.a(_lshrdi3.o)
 .debug_abbrev  0x0000000000006714       0x14 c:/applications/microchip/xc32/bin/bin/../../lib/gcc/pic32c/8.3.1/thumb/v6-m/nofp\libgcc.a(_ashldi3.o)
 .debug_abbrev  0x0000000000006728       0x14 c:/applications/microchip/xc32/bin/bin/../../lib/gcc/pic32c/8.3.1/thumb/v6-m/nofp\libgcc.a(_clzdi2.o)
 .debug_abbrev  0x000000000000673c       0x14 c:/applications/microchip/xc32/bin/bin/../../lib/gcc/pic32c/8.3.1/thumb/v6-m/nofp\libgcc.a(_clzsi2.o)
 .debug_abbrev  0x0000000000006750       0x2e c:/applications/microchip/xc32/bin/bin/../../lib/gcc/pic32c/8.3.1/../../../../pic32c/lib/thumb/v6-m/nofp\libpic32c.a(pic32_data_init_clear.o)
 .debug_abbrev  0x000000000000677e       0x2e c:/applications/microchip/xc32/bin/bin/../../lib/gcc/pic32c/8.3.1/../../../../pic32c/lib/thumb/v6-m/nofp\libpic32c.a(pic32_data_init_copy.o)

.debug_loc      0x0000000000000000    0x11f9d
 .debug_loc     0x0000000000000000      0x30d build/default/production/_ext/1360937237/bme690_driver.o
 .debug_loc     0x000000000000030d       0x6e build/default/production/_ext/1865616679/plib_supc.o
 .debug_loc     0x000000000000037b      0x14d build/default/production/_ext/60163342/plib_adc0.o
 .debug_loc     0x00000000000004c8       0x6f build/default/production/_ext/1984496892/plib_clock.o
 .debug_loc     0x0000000000000537      0xcad build/default/production/_ext/508257091/plib_sercom0_i2c_master.o
 .debug_loc     0x00000000000011e4      0x186 build/default/production/_ext/14461671/sys_dma.o
 .debug_loc     0x000000000000136a       0x74 build/default/production/_ext/829342655/plib_tc0.o
 .debug_loc     0x00000000000013de      0x10a build/default/production/_ext/1987437027/plib_freqm.o
 .debug_loc     0x00000000000014e8       0x20 build/default/production/_ext/1171490990/tasks.o
 .debug_loc     0x0000000000001508       0x45 build/default/production/_ext/1171490990/initialization.o
 .debug_loc     0x000000000000154d      0x68a build/default/production/_ext/17022449/plib_sercom1_spi_master.o
 .debug_loc     0x0000000000001bd7       0x60 build/default/production/_ext/1171490990/interrupts.o
 .debug_loc     0x0000000000001c37       0x74 build/default/production/_ext/829342655/plib_tc1.o
 .debug_loc     0x0000000000001cab      0xc4c build/default/production/_ext/1832805299/sys_console.o
 .debug_loc     0x00000000000028f7       0x25 build/default/production/_ext/60166132/plib_dac.o
 .debug_loc     0x000000000000291c      0x892 build/default/production/_ext/504274921/plib_sercom3_usart.o
 .debug_loc     0x00000000000031ae       0xfe build/default/production/_ext/60167341/plib_eic.o
 .debug_loc     0x00000000000032ac       0x20 build/default/production/_ext/1360937237/main.o
 .debug_loc     0x00000000000032cc     0x248e build/default/production/_ext/101884895/sys_time.o
 .debug_loc     0x000000000000575a      0x257 build/default/production/_ext/1360937237/sht4x_driver.o
 .debug_loc     0x00000000000059b1       0x16 build/default/production/_ext/1360937237/fcm360w_driver.o
 .debug_loc     0x00000000000059c7      0x433 build/default/production/_ext/1360937237/mcp9808_driver.o
 .debug_loc     0x0000000000005dfa      0xb09 build/default/production/_ext/1865161661/plib_dmac.o
 .debug_loc     0x0000000000006903      0x685 build/default/production/_ext/1593096446/plib_nvmctrl.o
 .debug_loc     0x0000000000006f88      0xd37 build/default/production/_ext/60165182/plib_can0.o
 .debug_loc     0x0000000000007cbf      0x3bb build/default/production/_ext/1865468468/plib_nvic.o
 .debug_loc     0x000000000000807a       0x16 build/default/production/_ext/1360937237/rtc_driver.o
 .debug_loc     0x0000000000008090      0x120 build/default/production/_ext/1360937237/timer_driver.o
 .debug_loc     0x00000000000081b0      0x29b build/default/production/_ext/1865521619/plib_port.o
 .debug_loc     0x000000000000844b      0x17d build/default/production/_ext/1881668453/sys_int.o
 .debug_loc     0x00000000000085c8       0x16 build/default/production/_ext/1360937237/xm125_driver.o
 .debug_loc     0x00000000000085de       0x4f build/default/production/_ext/1171490990/startup_xc32.o
 .debug_loc     0x000000000000862d      0xdbb build/default/production/_ext/1360937237/hdc302x_driver.o
 .debug_loc     0x00000000000093e8     0x28d9 build/default/production/_ext/869808652/drv_usart.o
 .debug_loc     0x000000000000bcc1      0x155 build/default/production/_ext/60181570/plib_tcc0.o
 .debug_loc     0x000000000000be16       0x16 build/default/production/_ext/1360937237/rstc_driver.o
 .debug_loc     0x000000000000be2c     0x1b2f build/default/production/_ext/158385033/drv_i2c.o
 .debug_loc     0x000000000000d95b       0x15 build/default/production/_ext/1865510628/plib_pdec.o
 .debug_loc     0x000000000000d970       0x16 build/default/production/_ext/1360937237/console_driver.o
 .debug_loc     0x000000000000d986      0x3a2 build/default/production/_ext/1360937237/can0_driver.o
 .debug_loc     0x000000000000dd28     0x226f build/default/production/_ext/2070931557/drv_spi.o
 .debug_loc     0x000000000000ff97       0x94 build/default/production/_ext/60180175/plib_rtc_timer.o
 .debug_loc     0x000000000001002b      0x997 build/default/production/_ext/1832805299/sys_console_uart.o
 .debug_loc     0x00000000000109c2      0xf01 build/default/production/_ext/504274921/plib_sercom2_usart.o
 .debug_loc     0x00000000000118c3       0x14 c:/applications/microchip/xc32/bin/bin/../../lib/gcc/pic32c/8.3.1/../../../../pic32c/lib/thumb/v6-m/nofp\libpic32c.a(data_init.o)
 .debug_loc     0x00000000000118d7      0x12d c:/applications/microchip/xc32/bin/bin/../../lib/gcc/pic32c/8.3.1/../../../../pic32c/lib/thumb/v6-m/nofp\libc-size-musl.a(memcpy.o)
 .debug_loc     0x0000000000011a04       0xcd c:/applications/microchip/xc32/bin/bin/../../lib/gcc/pic32c/8.3.1/../../../../pic32c/lib/thumb/v6-m/nofp\libc-size-musl.a(memset.o)
 .debug_loc     0x0000000000011ad1       0x5e c:/applications/microchip/xc32/bin/bin/../../lib/gcc/pic32c/8.3.1/../../../../pic32c/lib/thumb/v6-m/nofp\libc-musl.a(__libc_start_main.o)
 .debug_loc     0x0000000000011b2f      0x176 c:/applications/microchip/xc32/bin/bin/../../lib/gcc/pic32c/8.3.1/thumb/v6-m/nofp\libgcc.a(_muldi3.o)
 .debug_loc     0x0000000000011ca5      0x2e4 c:/applications/microchip/xc32/bin/bin/../../lib/gcc/pic32c/8.3.1/thumb/v6-m/nofp\libgcc.a(_udivmoddi4.o)
 .debug_loc     0x0000000000011f89       0x14 c:/applications/microchip/xc32/bin/bin/../../lib/gcc/pic32c/8.3.1/../../../../pic32c/lib/thumb/v6-m/nofp\libpic32c.a(pic32_data_init_copy.o)

.debug_aranges  0x0000000000000000     0x18b8
 .debug_aranges
                0x0000000000000000      0x1e8 build/default/production/_ext/1360937237/bme690_driver.o
 .debug_aranges
                0x00000000000001e8       0x30 build/default/production/_ext/1865616679/plib_supc.o
 .debug_aranges
                0x0000000000000218       0x80 build/default/production/_ext/60163342/plib_adc0.o
 .debug_aranges
                0x0000000000000298       0x30 build/default/production/_ext/1984496892/plib_clock.o
 .debug_aranges
                0x00000000000002c8       0x78 build/default/production/_ext/508257091/plib_sercom0_i2c_master.o
 .debug_aranges
                0x0000000000000340       0x28 build/default/production/_ext/14461671/sys_dma.o
 .debug_aranges
                0x0000000000000368       0x78 build/default/production/_ext/829342655/plib_tc0.o
 .debug_aranges
                0x00000000000003e0       0x40 build/default/production/_ext/1987437027/plib_freqm.o
 .debug_aranges
                0x0000000000000420       0x20 build/default/production/_ext/1171490990/tasks.o
 .debug_aranges
                0x0000000000000440       0x20 build/default/production/_ext/1171490990/initialization.o
 .debug_aranges
                0x0000000000000460       0x60 build/default/production/_ext/17022449/plib_sercom1_spi_master.o
 .debug_aranges
                0x00000000000004c0       0x38 build/default/production/_ext/1171490990/interrupts.o
 .debug_aranges
                0x00000000000004f8       0x70 build/default/production/_ext/829342655/plib_tc1.o
 .debug_aranges
                0x0000000000000568       0x88 build/default/production/_ext/1832805299/sys_console.o
 .debug_aranges
                0x00000000000005f0       0x30 build/default/production/_ext/60166132/plib_dac.o
 .debug_aranges
                0x0000000000000620       0xe0 build/default/production/_ext/504274921/plib_sercom3_usart.o
 .debug_aranges
                0x0000000000000700       0x40 build/default/production/_ext/60167341/plib_eic.o
 .debug_aranges
                0x0000000000000740       0x20 build/default/production/_ext/1360937237/main.o
 .debug_aranges
                0x0000000000000760      0x128 build/default/production/_ext/101884895/sys_time.o
 .debug_aranges
                0x0000000000000888       0x98 build/default/production/_ext/1360937237/sht4x_driver.o
 .debug_aranges
                0x0000000000000920       0x28 build/default/production/_ext/1360937237/fcm360w_driver.o
 .debug_aranges
                0x0000000000000948       0x30 build/default/production/_ext/829342769/plib_pm.o
 .debug_aranges
                0x0000000000000978       0xc0 build/default/production/_ext/1360937237/mcp9808_driver.o
 .debug_aranges
                0x0000000000000a38       0x98 build/default/production/_ext/1865161661/plib_dmac.o
 .debug_aranges
                0x0000000000000ad0       0xb0 build/default/production/_ext/1593096446/plib_nvmctrl.o
 .debug_aranges
                0x0000000000000b80       0x20 build/default/production/_ext/60165242/plib_ccl.o
 .debug_aranges
                0x0000000000000ba0       0xa0 build/default/production/_ext/60165182/plib_can0.o
 .debug_aranges
                0x0000000000000c40       0x48 build/default/production/_ext/1865468468/plib_nvic.o
 .debug_aranges
                0x0000000000000c88       0x28 build/default/production/_ext/1360937237/rtc_driver.o
 .debug_aranges
                0x0000000000000cb0       0xc0 build/default/production/_ext/1360937237/timer_driver.o
 .debug_aranges
                0x0000000000000d70       0x68 build/default/production/_ext/1865521619/plib_port.o
 .debug_aranges
                0x0000000000000dd8       0x40 build/default/production/_ext/1881668453/sys_int.o
 .debug_aranges
                0x0000000000000e18       0x28 build/default/production/_ext/1360937237/xm125_driver.o
 .debug_aranges
                0x0000000000000e40       0x28 build/default/production/_ext/1171490990/startup_xc32.o
 .debug_aranges
                0x0000000000000e68      0x1e8 build/default/production/_ext/1360937237/hdc302x_driver.o
 .debug_aranges
                0x0000000000001050      0x110 build/default/production/_ext/869808652/drv_usart.o
 .debug_aranges
                0x0000000000001160       0x80 build/default/production/_ext/60181570/plib_tcc0.o
 .debug_aranges
                0x00000000000011e0       0x28 build/default/production/_ext/1360937237/rstc_driver.o
 .debug_aranges
                0x0000000000001208       0xc0 build/default/production/_ext/158385033/drv_i2c.o
 .debug_aranges
                0x00000000000012c8       0x50 build/default/production/_ext/1865510628/plib_pdec.o
 .debug_aranges
                0x0000000000001318       0x28 build/default/production/_ext/1360937237/console_driver.o
 .debug_aranges
                0x0000000000001340       0x78 build/default/production/_ext/1360937237/can0_driver.o
 .debug_aranges
                0x00000000000013b8       0xb8 build/default/production/_ext/2070931557/drv_spi.o
 .debug_aranges
                0x0000000000001470       0x88 build/default/production/_ext/60180175/plib_rtc_timer.o
 .debug_aranges
                0x00000000000014f8       0x20 build/default/production/_ext/1986646378/plib_evsys.o
 .debug_aranges
                0x0000000000001518       0x68 build/default/production/_ext/1832805299/sys_console_uart.o
 .debug_aranges
                0x0000000000001580       0x28 build/default/production/_ext/1171490990/exceptions.o
 .debug_aranges
                0x00000000000015a8       0xe8 build/default/production/_ext/504274921/plib_sercom2_usart.o
 .debug_aranges
                0x0000000000001690       0x30 c:/applications/microchip/xc32/bin/bin/../../lib/gcc/pic32c/8.3.1/../../../../pic32c/lib/thumb/v6-m/nofp\libpic32c.a(data_init.o)
 .debug_aranges
                0x00000000000016c0       0x20 c:/applications/microchip/xc32/bin/bin/../../lib/gcc/pic32c/8.3.1/../../../../pic32c/lib/thumb/v6-m/nofp\libc-size-musl.a(memcpy.o)
 .debug_aranges
                0x00000000000016e0       0x20 c:/applications/microchip/xc32/bin/bin/../../lib/gcc/pic32c/8.3.1/../../../../pic32c/lib/thumb/v6-m/nofp\libc-size-musl.a(memset.o)
 .debug_aranges
                0x0000000000001700       0x28 c:/applications/microchip/xc32/bin/bin/../../lib/gcc/pic32c/8.3.1/../../../../pic32c/lib/thumb/v6-m/nofp\libc-musl.a(__libc_start_main.o)
 .debug_aranges
                0x0000000000001728       0x18 c:/applications/microchip/xc32/bin/bin/../../lib/gcc/pic32c/8.3.1/../../../../pic32c/lib/thumb/v6-m/nofp\libc-musl.a(libc.o)
 .debug_aranges
                0x0000000000001740       0x18 c:/applications/microchip/xc32/bin/bin/../../lib/gcc/pic32c/8.3.1/../../../../pic32c/lib/thumb/v6-m/nofp\libc-musl.a(__environ.o)
 .debug_aranges
                0x0000000000001758       0x20 c:/applications/microchip/xc32/bin/bin/../../lib/gcc/pic32c/8.3.1/thumb/v6-m/nofp\libgcc.a(_udivsi3.o)
 .debug_aranges
                0x0000000000001778       0x20 c:/applications/microchip/xc32/bin/bin/../../lib/gcc/pic32c/8.3.1/thumb/v6-m/nofp\libgcc.a(_dvmd_tls.o)
 .debug_aranges
                0x0000000000001798       0x20 c:/applications/microchip/xc32/bin/bin/../../lib/gcc/pic32c/8.3.1/thumb/v6-m/nofp\libgcc.a(_aeabi_uldivmod.o)
 .debug_aranges
                0x00000000000017b8       0x20 c:/applications/microchip/xc32/bin/bin/../../lib/gcc/pic32c/8.3.1/thumb/v6-m/nofp\libgcc.a(_muldi3.o)
 .debug_aranges
                0x00000000000017d8       0x20 c:/applications/microchip/xc32/bin/bin/../../lib/gcc/pic32c/8.3.1/thumb/v6-m/nofp\libgcc.a(_udivmoddi4.o)
 .debug_aranges
                0x00000000000017f8       0x20 c:/applications/microchip/xc32/bin/bin/../../lib/gcc/pic32c/8.3.1/thumb/v6-m/nofp\libgcc.a(_lshrdi3.o)
 .debug_aranges
                0x0000000000001818       0x20 c:/applications/microchip/xc32/bin/bin/../../lib/gcc/pic32c/8.3.1/thumb/v6-m/nofp\libgcc.a(_ashldi3.o)
 .debug_aranges
                0x0000000000001838       0x20 c:/applications/microchip/xc32/bin/bin/../../lib/gcc/pic32c/8.3.1/thumb/v6-m/nofp\libgcc.a(_clzdi2.o)
 .debug_aranges
                0x0000000000001858       0x20 c:/applications/microchip/xc32/bin/bin/../../lib/gcc/pic32c/8.3.1/thumb/v6-m/nofp\libgcc.a(_clzsi2.o)
 .debug_aranges
                0x0000000000001878       0x20 c:/applications/microchip/xc32/bin/bin/../../lib/gcc/pic32c/8.3.1/../../../../pic32c/lib/thumb/v6-m/nofp\libpic32c.a(pic32_data_init_clear.o)
 .debug_aranges
                0x0000000000001898       0x20 c:/applications/microchip/xc32/bin/bin/../../lib/gcc/pic32c/8.3.1/../../../../pic32c/lib/thumb/v6-m/nofp\libpic32c.a(pic32_data_init_copy.o)

.debug_ranges   0x0000000000000000     0x1ca0
 .debug_ranges  0x0000000000000000      0x1d8 build/default/production/_ext/1360937237/bme690_driver.o
 .debug_ranges  0x00000000000001d8       0x20 build/default/production/_ext/1865616679/plib_supc.o
 .debug_ranges  0x00000000000001f8       0x70 build/default/production/_ext/60163342/plib_adc0.o
 .debug_ranges  0x0000000000000268       0x20 build/default/production/_ext/1984496892/plib_clock.o
 .debug_ranges  0x0000000000000288      0x130 build/default/production/_ext/508257091/plib_sercom0_i2c_master.o
 .debug_ranges  0x00000000000003b8       0x18 build/default/production/_ext/14461671/sys_dma.o
 .debug_ranges  0x00000000000003d0       0x68 build/default/production/_ext/829342655/plib_tc0.o
 .debug_ranges  0x0000000000000438       0x48 build/default/production/_ext/1987437027/plib_freqm.o
 .debug_ranges  0x0000000000000480       0x10 build/default/production/_ext/1171490990/tasks.o
 .debug_ranges  0x0000000000000490       0x10 build/default/production/_ext/1171490990/initialization.o
 .debug_ranges  0x00000000000004a0       0x68 build/default/production/_ext/17022449/plib_sercom1_spi_master.o
 .debug_ranges  0x0000000000000508       0x28 build/default/production/_ext/1171490990/interrupts.o
 .debug_ranges  0x0000000000000530       0x60 build/default/production/_ext/829342655/plib_tc1.o
 .debug_ranges  0x0000000000000590       0x90 build/default/production/_ext/1832805299/sys_console.o
 .debug_ranges  0x0000000000000620       0x20 build/default/production/_ext/60166132/plib_dac.o
 .debug_ranges  0x0000000000000640      0x120 build/default/production/_ext/504274921/plib_sercom3_usart.o
 .debug_ranges  0x0000000000000760       0x30 build/default/production/_ext/60167341/plib_eic.o
 .debug_ranges  0x0000000000000790       0x10 build/default/production/_ext/1360937237/main.o
 .debug_ranges  0x00000000000007a0      0x1a0 build/default/production/_ext/101884895/sys_time.o
 .debug_ranges  0x0000000000000940       0x88 build/default/production/_ext/1360937237/sht4x_driver.o
 .debug_ranges  0x00000000000009c8       0x18 build/default/production/_ext/1360937237/fcm360w_driver.o
 .debug_ranges  0x00000000000009e0       0x20 build/default/production/_ext/829342769/plib_pm.o
 .debug_ranges  0x0000000000000a00       0xb0 build/default/production/_ext/1360937237/mcp9808_driver.o
 .debug_ranges  0x0000000000000ab0       0xa0 build/default/production/_ext/1865161661/plib_dmac.o
 .debug_ranges  0x0000000000000b50       0xa0 build/default/production/_ext/1593096446/plib_nvmctrl.o
 .debug_ranges  0x0000000000000bf0       0x10 build/default/production/_ext/60165242/plib_ccl.o
 .debug_ranges  0x0000000000000c00       0x90 build/default/production/_ext/60165182/plib_can0.o
 .debug_ranges  0x0000000000000c90       0x50 build/default/production/_ext/1865468468/plib_nvic.o
 .debug_ranges  0x0000000000000ce0       0x18 build/default/production/_ext/1360937237/rtc_driver.o
 .debug_ranges  0x0000000000000cf8       0xb0 build/default/production/_ext/1360937237/timer_driver.o
 .debug_ranges  0x0000000000000da8       0x58 build/default/production/_ext/1865521619/plib_port.o
 .debug_ranges  0x0000000000000e00       0x48 build/default/production/_ext/1881668453/sys_int.o
 .debug_ranges  0x0000000000000e48       0x18 build/default/production/_ext/1360937237/xm125_driver.o
 .debug_ranges  0x0000000000000e60       0x18 build/default/production/_ext/1171490990/startup_xc32.o
 .debug_ranges  0x0000000000000e78      0x1f0 build/default/production/_ext/1360937237/hdc302x_driver.o
 .debug_ranges  0x0000000000001068      0x248 build/default/production/_ext/869808652/drv_usart.o
 .debug_ranges  0x00000000000012b0       0x70 build/default/production/_ext/60181570/plib_tcc0.o
 .debug_ranges  0x0000000000001320       0x18 build/default/production/_ext/1360937237/rstc_driver.o
 .debug_ranges  0x0000000000001338      0x190 build/default/production/_ext/158385033/drv_i2c.o
 .debug_ranges  0x00000000000014c8       0x40 build/default/production/_ext/1865510628/plib_pdec.o
 .debug_ranges  0x0000000000001508       0x18 build/default/production/_ext/1360937237/console_driver.o
 .debug_ranges  0x0000000000001520       0xc8 build/default/production/_ext/1360937237/can0_driver.o
 .debug_ranges  0x00000000000015e8      0x1d0 build/default/production/_ext/2070931557/drv_spi.o
 .debug_ranges  0x00000000000017b8       0x78 build/default/production/_ext/60180175/plib_rtc_timer.o
 .debug_ranges  0x0000000000001830       0x10 build/default/production/_ext/1986646378/plib_evsys.o
 .debug_ranges  0x0000000000001840      0x1a8 build/default/production/_ext/1832805299/sys_console_uart.o
 .debug_ranges  0x00000000000019e8       0x18 build/default/production/_ext/1171490990/exceptions.o
 .debug_ranges  0x0000000000001a00      0x1e8 build/default/production/_ext/504274921/plib_sercom2_usart.o
 .debug_ranges  0x0000000000001be8       0x20 c:/applications/microchip/xc32/bin/bin/../../lib/gcc/pic32c/8.3.1/../../../../pic32c/lib/thumb/v6-m/nofp\libpic32c.a(data_init.o)
 .debug_ranges  0x0000000000001c08       0x10 c:/applications/microchip/xc32/bin/bin/../../lib/gcc/pic32c/8.3.1/../../../../pic32c/lib/thumb/v6-m/nofp\libc-size-musl.a(memcpy.o)
 .debug_ranges  0x0000000000001c18       0x10 c:/applications/microchip/xc32/bin/bin/../../lib/gcc/pic32c/8.3.1/../../../../pic32c/lib/thumb/v6-m/nofp\libc-size-musl.a(memset.o)
 .debug_ranges  0x0000000000001c28       0x30 c:/applications/microchip/xc32/bin/bin/../../lib/gcc/pic32c/8.3.1/../../../../pic32c/lib/thumb/v6-m/nofp\libc-musl.a(__libc_start_main.o)
 .debug_ranges  0x0000000000001c58       0x28 c:/applications/microchip/xc32/bin/bin/../../lib/gcc/pic32c/8.3.1/thumb/v6-m/nofp\libgcc.a(_muldi3.o)
 .debug_ranges  0x0000000000001c80       0x10 c:/applications/microchip/xc32/bin/bin/../../lib/gcc/pic32c/8.3.1/../../../../pic32c/lib/thumb/v6-m/nofp\libpic32c.a(pic32_data_init_clear.o)
 .debug_ranges  0x0000000000001c90       0x10 c:/applications/microchip/xc32/bin/bin/../../lib/gcc/pic32c/8.3.1/../../../../pic32c/lib/thumb/v6-m/nofp\libpic32c.a(pic32_data_init_copy.o)

.debug_line     0x0000000000000000    0x10a9d
 .debug_line    0x0000000000000000      0x727 build/default/production/_ext/1360937237/bme690_driver.o
 .debug_line    0x0000000000000727      0x1cc build/default/production/_ext/1865616679/plib_supc.o
 .debug_line    0x00000000000008f3      0x399 build/default/production/_ext/60163342/plib_adc0.o
 .debug_line    0x0000000000000c8c      0x439 build/default/production/_ext/1984496892/plib_clock.o
 .debug_line    0x00000000000010c5      0x92f build/default/production/_ext/508257091/plib_sercom0_i2c_master.o
 .debug_line    0x00000000000019f4      0x141 build/default/production/_ext/14461671/sys_dma.o
 .debug_line    0x0000000000001b35      0x374 build/default/production/_ext/829342655/plib_tc0.o
 .debug_line    0x0000000000001ea9      0x1e2 build/default/production/_ext/1987437027/plib_freqm.o
 .debug_line    0x000000000000208b      0x122 build/default/production/_ext/1171490990/tasks.o
 .debug_line    0x00000000000021ad      0xa3b build/default/production/_ext/1171490990/initialization.o
 .debug_line    0x0000000000002be8      0x791 build/default/production/_ext/17022449/plib_sercom1_spi_master.o
 .debug_line    0x0000000000003379      0x13f build/default/production/_ext/1171490990/interrupts.o
 .debug_line    0x00000000000034b8      0x342 build/default/production/_ext/829342655/plib_tc1.o
 .debug_line    0x00000000000037fa      0x64b build/default/production/_ext/1832805299/sys_console.o
 .debug_line    0x0000000000003e45      0x160 build/default/production/_ext/60166132/plib_dac.o
 .debug_line    0x0000000000003fa5      0x9d0 build/default/production/_ext/504274921/plib_sercom3_usart.o
 .debug_line    0x0000000000004975      0x2c0 build/default/production/_ext/60167341/plib_eic.o
 .debug_line    0x0000000000004c35       0x6d build/default/production/_ext/1360937237/main.o
 .debug_line    0x0000000000004ca2     0x1213 build/default/production/_ext/101884895/sys_time.o
 .debug_line    0x0000000000005eb5      0x3c5 build/default/production/_ext/1360937237/sht4x_driver.o
 .debug_line    0x000000000000627a       0x96 build/default/production/_ext/1360937237/fcm360w_driver.o
 .debug_line    0x0000000000006310      0x150 build/default/production/_ext/829342769/plib_pm.o
 .debug_line    0x0000000000006460      0x702 build/default/production/_ext/1360937237/mcp9808_driver.o
 .debug_line    0x0000000000006b62      0x76a build/default/production/_ext/1865161661/plib_dmac.o
 .debug_line    0x00000000000072cc      0x49b build/default/production/_ext/1593096446/plib_nvmctrl.o
 .debug_line    0x0000000000007767      0x129 build/default/production/_ext/60165242/plib_ccl.o
 .debug_line    0x0000000000007890      0x8e2 build/default/production/_ext/60165182/plib_can0.o
 .debug_line    0x0000000000008172      0x5f8 build/default/production/_ext/1865468468/plib_nvic.o
 .debug_line    0x000000000000876a       0x8e build/default/production/_ext/1360937237/rtc_driver.o
 .debug_line    0x00000000000087f8      0x38d build/default/production/_ext/1360937237/timer_driver.o
 .debug_line    0x0000000000008b85      0x28f build/default/production/_ext/1865521619/plib_port.o
 .debug_line    0x0000000000008e14      0x2cc build/default/production/_ext/1881668453/sys_int.o
 .debug_line    0x00000000000090e0       0x92 build/default/production/_ext/1360937237/xm125_driver.o
 .debug_line    0x0000000000009172      0x234 build/default/production/_ext/1171490990/startup_xc32.o
 .debug_line    0x00000000000093a6      0xc13 build/default/production/_ext/1360937237/hdc302x_driver.o
 .debug_line    0x0000000000009fb9     0x1432 build/default/production/_ext/869808652/drv_usart.o
 .debug_line    0x000000000000b3eb      0x3b1 build/default/production/_ext/60181570/plib_tcc0.o
 .debug_line    0x000000000000b79c       0x90 build/default/production/_ext/1360937237/rstc_driver.o
 .debug_line    0x000000000000b82c      0xf70 build/default/production/_ext/158385033/drv_i2c.o
 .debug_line    0x000000000000c79c      0x2da build/default/production/_ext/1865510628/plib_pdec.o
 .debug_line    0x000000000000ca76       0x96 build/default/production/_ext/1360937237/console_driver.o
 .debug_line    0x000000000000cb0c      0x532 build/default/production/_ext/1360937237/can0_driver.o
 .debug_line    0x000000000000d03e     0x1506 build/default/production/_ext/2070931557/drv_spi.o
 .debug_line    0x000000000000e544      0x3b3 build/default/production/_ext/60180175/plib_rtc_timer.o
 .debug_line    0x000000000000e8f7       0x66 build/default/production/_ext/1986646378/plib_evsys.o
 .debug_line    0x000000000000e95d      0x603 build/default/production/_ext/1832805299/sys_console_uart.o
 .debug_line    0x000000000000ef60       0x6f build/default/production/_ext/1171490990/exceptions.o
 .debug_line    0x000000000000efcf      0xd39 build/default/production/_ext/504274921/plib_sercom2_usart.o
 .debug_line    0x000000000000fd08       0xa5 c:/applications/microchip/xc32/bin/bin/../../lib/gcc/pic32c/8.3.1/../../../../pic32c/lib/thumb/v6-m/nofp\libpic32c.a(data_init.o)
 .debug_line    0x000000000000fdad       0xee c:/applications/microchip/xc32/bin/bin/../../lib/gcc/pic32c/8.3.1/../../../../pic32c/lib/thumb/v6-m/nofp\libc-size-musl.a(memcpy.o)
 .debug_line    0x000000000000fe9b       0xe3 c:/applications/microchip/xc32/bin/bin/../../lib/gcc/pic32c/8.3.1/../../../../pic32c/lib/thumb/v6-m/nofp\libc-size-musl.a(memset.o)
 .debug_line    0x000000000000ff7e      0x1bc c:/applications/microchip/xc32/bin/bin/../../lib/gcc/pic32c/8.3.1/../../../../pic32c/lib/thumb/v6-m/nofp\libc-musl.a(__libc_start_main.o)
 .debug_line    0x000000000001013a       0xb5 c:/applications/microchip/xc32/bin/bin/../../lib/gcc/pic32c/8.3.1/../../../../pic32c/lib/thumb/v6-m/nofp\libc-musl.a(libc.o)
 .debug_line    0x00000000000101ef       0xfb c:/applications/microchip/xc32/bin/bin/../../lib/gcc/pic32c/8.3.1/../../../../pic32c/lib/thumb/v6-m/nofp\libc-musl.a(__environ.o)
 .debug_line    0x00000000000102ea       0xa8 c:/applications/microchip/xc32/bin/bin/../../lib/gcc/pic32c/8.3.1/thumb/v6-m/nofp\libgcc.a(_udivsi3.o)
 .debug_line    0x0000000000010392       0x91 c:/applications/microchip/xc32/bin/bin/../../lib/gcc/pic32c/8.3.1/thumb/v6-m/nofp\libgcc.a(_dvmd_tls.o)
 .debug_line    0x0000000000010423       0x9c c:/applications/microchip/xc32/bin/bin/../../lib/gcc/pic32c/8.3.1/thumb/v6-m/nofp\libgcc.a(_aeabi_uldivmod.o)
 .debug_line    0x00000000000104bf       0xe7 c:/applications/microchip/xc32/bin/bin/../../lib/gcc/pic32c/8.3.1/thumb/v6-m/nofp\libgcc.a(_muldi3.o)
 .debug_line    0x00000000000105a6      0x188 c:/applications/microchip/xc32/bin/bin/../../lib/gcc/pic32c/8.3.1/thumb/v6-m/nofp\libgcc.a(_udivmoddi4.o)
 .debug_line    0x000000000001072e       0x9c c:/applications/microchip/xc32/bin/bin/../../lib/gcc/pic32c/8.3.1/thumb/v6-m/nofp\libgcc.a(_lshrdi3.o)
 .debug_line    0x00000000000107ca       0x9c c:/applications/microchip/xc32/bin/bin/../../lib/gcc/pic32c/8.3.1/thumb/v6-m/nofp\libgcc.a(_ashldi3.o)
 .debug_line    0x0000000000010866       0x9b c:/applications/microchip/xc32/bin/bin/../../lib/gcc/pic32c/8.3.1/thumb/v6-m/nofp\libgcc.a(_clzdi2.o)
 .debug_line    0x0000000000010901       0xa5 c:/applications/microchip/xc32/bin/bin/../../lib/gcc/pic32c/8.3.1/thumb/v6-m/nofp\libgcc.a(_clzsi2.o)
 .debug_line    0x00000000000109a6       0x6f c:/applications/microchip/xc32/bin/bin/../../lib/gcc/pic32c/8.3.1/../../../../pic32c/lib/thumb/v6-m/nofp\libpic32c.a(pic32_data_init_clear.o)
 .debug_line    0x0000000000010a15       0x88 c:/applications/microchip/xc32/bin/bin/../../lib/gcc/pic32c/8.3.1/../../../../pic32c/lib/thumb/v6-m/nofp\libpic32c.a(pic32_data_init_copy.o)

.debug_str      0x0000000000000000    0x1d21b
 .debug_str     0x0000000000000000      0xfe9 build/default/production/_ext/1360937237/bme690_driver.o
 .debug_str     0x0000000000000fe9      0x40a build/default/production/_ext/1865616679/plib_supc.o
 .debug_str     0x00000000000013f3      0x7ef build/default/production/_ext/60163342/plib_adc0.o
 .debug_str     0x0000000000001be2      0x740 build/default/production/_ext/1984496892/plib_clock.o
 .debug_str     0x0000000000002322      0x99b build/default/production/_ext/508257091/plib_sercom0_i2c_master.o
 .debug_str     0x0000000000002cbd      0x670 build/default/production/_ext/14461671/sys_dma.o
 .debug_str     0x000000000000332d      0x632 build/default/production/_ext/829342655/plib_tc0.o
 .debug_str     0x000000000000395f      0x437 build/default/production/_ext/1987437027/plib_freqm.o
 .debug_str     0x0000000000003d96      0x3a6 build/default/production/_ext/1171490990/tasks.o
 .debug_str     0x000000000000413c     0x2a78 build/default/production/_ext/1171490990/initialization.o
 .debug_str     0x0000000000006bb4      0x851 build/default/production/_ext/17022449/plib_sercom1_spi_master.o
 .debug_str     0x0000000000007405      0x781 build/default/production/_ext/1171490990/interrupts.o
 .debug_str     0x0000000000007b86      0x611 build/default/production/_ext/829342655/plib_tc1.o
 .debug_str     0x0000000000008197      0xa82 build/default/production/_ext/1832805299/sys_console.o
 .debug_str     0x0000000000008c19      0x3d9 build/default/production/_ext/60166132/plib_dac.o
 .debug_str     0x0000000000008ff2      0xac1 build/default/production/_ext/504274921/plib_sercom3_usart.o
 .debug_str     0x0000000000009ab3      0x4a8 build/default/production/_ext/60167341/plib_eic.o
 .debug_str     0x0000000000009f5b      0x2e7 build/default/production/_ext/1360937237/main.o
 .debug_str     0x000000000000a242      0xf5c build/default/production/_ext/101884895/sys_time.o
 .debug_str     0x000000000000b19e      0x8a5 build/default/production/_ext/1360937237/sht4x_driver.o
 .debug_str     0x000000000000ba43      0x38b build/default/production/_ext/1360937237/fcm360w_driver.o
 .debug_str     0x000000000000bdce      0x35c build/default/production/_ext/829342769/plib_pm.o
 .debug_str     0x000000000000c12a      0xefc build/default/production/_ext/1360937237/mcp9808_driver.o
 .debug_str     0x000000000000d026      0x93f build/default/production/_ext/1865161661/plib_dmac.o
 .debug_str     0x000000000000d965      0x6a7 build/default/production/_ext/1593096446/plib_nvmctrl.o
 .debug_str     0x000000000000e00c      0x338 build/default/production/_ext/60165242/plib_ccl.o
 .debug_str     0x000000000000e344      0xe84 build/default/production/_ext/60165182/plib_can0.o
 .debug_str     0x000000000000f1c8      0x690 build/default/production/_ext/1865468468/plib_nvic.o
 .debug_str     0x000000000000f858      0x36b build/default/production/_ext/1360937237/rtc_driver.o
 .debug_str     0x000000000000fbc3      0x68e build/default/production/_ext/1360937237/timer_driver.o
 .debug_str     0x0000000000010251      0x73f build/default/production/_ext/1865521619/plib_port.o
 .debug_str     0x0000000000010990      0x63e build/default/production/_ext/1881668453/sys_int.o
 .debug_str     0x0000000000010fce      0x37b build/default/production/_ext/1360937237/xm125_driver.o
 .debug_str     0x0000000000011349      0x40a build/default/production/_ext/1171490990/startup_xc32.o
 .debug_str     0x0000000000011753     0x11bf build/default/production/_ext/1360937237/hdc302x_driver.o
 .debug_str     0x0000000000012912     0x1971 build/default/production/_ext/869808652/drv_usart.o
 .debug_str     0x0000000000014283      0x5bf build/default/production/_ext/60181570/plib_tcc0.o
 .debug_str     0x0000000000014842      0x373 build/default/production/_ext/1360937237/rstc_driver.o
 .debug_str     0x0000000000014bb5     0x11f4 build/default/production/_ext/158385033/drv_i2c.o
 .debug_str     0x0000000000015da9      0x4ae build/default/production/_ext/1865510628/plib_pdec.o
 .debug_str     0x0000000000016257      0x38b build/default/production/_ext/1360937237/console_driver.o
 .debug_str     0x00000000000165e2      0xb76 build/default/production/_ext/1360937237/can0_driver.o
 .debug_str     0x0000000000017158     0x1d65 build/default/production/_ext/2070931557/drv_spi.o
 .debug_str     0x0000000000018ebd      0x624 build/default/production/_ext/60180175/plib_rtc_timer.o
 .debug_str     0x00000000000194e1      0x2f4 build/default/production/_ext/1986646378/plib_evsys.o
 .debug_str     0x00000000000197d5      0xb3d build/default/production/_ext/1832805299/sys_console_uart.o
 .debug_str     0x000000000001a312      0x307 build/default/production/_ext/1171490990/exceptions.o
 .debug_str     0x000000000001a619      0xdef build/default/production/_ext/504274921/plib_sercom2_usart.o
 .debug_str     0x000000000001b408      0x1fc c:/applications/microchip/xc32/bin/bin/../../lib/gcc/pic32c/8.3.1/../../../../pic32c/lib/thumb/v6-m/nofp\libpic32c.a(data_init.o)
 .debug_str     0x000000000001b604      0x225 c:/applications/microchip/xc32/bin/bin/../../lib/gcc/pic32c/8.3.1/../../../../pic32c/lib/thumb/v6-m/nofp\libc-size-musl.a(memcpy.o)
 .debug_str     0x000000000001b829      0x211 c:/applications/microchip/xc32/bin/bin/../../lib/gcc/pic32c/8.3.1/../../../../pic32c/lib/thumb/v6-m/nofp\libc-size-musl.a(memset.o)
 .debug_str     0x000000000001ba3a      0x3ca c:/applications/microchip/xc32/bin/bin/../../lib/gcc/pic32c/8.3.1/../../../../pic32c/lib/thumb/v6-m/nofp\libc-musl.a(__libc_start_main.o)
 .debug_str     0x000000000001be04      0x335 c:/applications/microchip/xc32/bin/bin/../../lib/gcc/pic32c/8.3.1/../../../../pic32c/lib/thumb/v6-m/nofp\libc-musl.a(libc.o)
 .debug_str     0x000000000001c139      0x235 c:/applications/microchip/xc32/bin/bin/../../lib/gcc/pic32c/8.3.1/../../../../pic32c/lib/thumb/v6-m/nofp\libc-musl.a(__environ.o)
 .debug_str     0x000000000001c36e       0xd6 c:/applications/microchip/xc32/bin/bin/../../lib/gcc/pic32c/8.3.1/thumb/v6-m/nofp\libgcc.a(_udivsi3.o)
 .debug_str     0x000000000001c444       0xd6 c:/applications/microchip/xc32/bin/bin/../../lib/gcc/pic32c/8.3.1/thumb/v6-m/nofp\libgcc.a(_dvmd_tls.o)
 .debug_str     0x000000000001c51a       0xd6 c:/applications/microchip/xc32/bin/bin/../../lib/gcc/pic32c/8.3.1/thumb/v6-m/nofp\libgcc.a(_aeabi_uldivmod.o)
 .debug_str     0x000000000001c5f0      0x2af c:/applications/microchip/xc32/bin/bin/../../lib/gcc/pic32c/8.3.1/thumb/v6-m/nofp\libgcc.a(_muldi3.o)
 .debug_str     0x000000000001c89f      0x27c c:/applications/microchip/xc32/bin/bin/../../lib/gcc/pic32c/8.3.1/thumb/v6-m/nofp\libgcc.a(_udivmoddi4.o)
 .debug_str     0x000000000001cb1b       0xd6 c:/applications/microchip/xc32/bin/bin/../../lib/gcc/pic32c/8.3.1/thumb/v6-m/nofp\libgcc.a(_lshrdi3.o)
 .debug_str     0x000000000001cbf1       0xd6 c:/applications/microchip/xc32/bin/bin/../../lib/gcc/pic32c/8.3.1/thumb/v6-m/nofp\libgcc.a(_ashldi3.o)
 .debug_str     0x000000000001ccc7       0xd6 c:/applications/microchip/xc32/bin/bin/../../lib/gcc/pic32c/8.3.1/thumb/v6-m/nofp\libgcc.a(_clzdi2.o)
 .debug_str     0x000000000001cd9d       0xd6 c:/applications/microchip/xc32/bin/bin/../../lib/gcc/pic32c/8.3.1/thumb/v6-m/nofp\libgcc.a(_clzsi2.o)
 .debug_str     0x000000000001ce73      0x1d5 c:/applications/microchip/xc32/bin/bin/../../lib/gcc/pic32c/8.3.1/../../../../pic32c/lib/thumb/v6-m/nofp\libpic32c.a(pic32_data_init_clear.o)
 .debug_str     0x000000000001d048      0x1d3 c:/applications/microchip/xc32/bin/bin/../../lib/gcc/pic32c/8.3.1/../../../../pic32c/lib/thumb/v6-m/nofp\libpic32c.a(pic32_data_init_copy.o)

.debug_frame    0x0000000000000000     0x34c4
 .debug_frame   0x0000000000000000      0x420 build/default/production/_ext/1360937237/bme690_driver.o
 .debug_frame   0x0000000000000420       0x50 build/default/production/_ext/1865616679/plib_supc.o
 .debug_frame   0x0000000000000470       0xe0 build/default/production/_ext/60163342/plib_adc0.o
 .debug_frame   0x0000000000000550       0x48 build/default/production/_ext/1984496892/plib_clock.o
 .debug_frame   0x0000000000000598      0x124 build/default/production/_ext/508257091/plib_sercom0_i2c_master.o
 .debug_frame   0x00000000000006bc       0x48 build/default/production/_ext/14461671/sys_dma.o
 .debug_frame   0x0000000000000704       0xd8 build/default/production/_ext/829342655/plib_tc0.o
 .debug_frame   0x00000000000007dc       0x68 build/default/production/_ext/1987437027/plib_freqm.o
 .debug_frame   0x0000000000000844       0x28 build/default/production/_ext/1171490990/tasks.o
 .debug_frame   0x000000000000086c       0x28 build/default/production/_ext/1171490990/initialization.o
 .debug_frame   0x0000000000000894       0xd4 build/default/production/_ext/17022449/plib_sercom1_spi_master.o
 .debug_frame   0x0000000000000968       0x68 build/default/production/_ext/1171490990/interrupts.o
 .debug_frame   0x00000000000009d0       0xc8 build/default/production/_ext/829342655/plib_tc1.o
 .debug_frame   0x0000000000000a98      0x15c build/default/production/_ext/1832805299/sys_console.o
 .debug_frame   0x0000000000000bf4       0x40 build/default/production/_ext/60166132/plib_dac.o
 .debug_frame   0x0000000000000c34      0x1f0 build/default/production/_ext/504274921/plib_sercom3_usart.o
 .debug_frame   0x0000000000000e24       0x7c build/default/production/_ext/60167341/plib_eic.o
 .debug_frame   0x0000000000000ea0       0x28 build/default/production/_ext/1360937237/main.o
 .debug_frame   0x0000000000000ec8      0x3a0 build/default/production/_ext/101884895/sys_time.o
 .debug_frame   0x0000000000001268      0x158 build/default/production/_ext/1360937237/sht4x_driver.o
 .debug_frame   0x00000000000013c0       0x30 build/default/production/_ext/1360937237/fcm360w_driver.o
 .debug_frame   0x00000000000013f0       0x40 build/default/production/_ext/829342769/plib_pm.o
 .debug_frame   0x0000000000001430      0x1d8 build/default/production/_ext/1360937237/mcp9808_driver.o
 .debug_frame   0x0000000000001608      0x18c build/default/production/_ext/1865161661/plib_dmac.o
 .debug_frame   0x0000000000001794      0x16c build/default/production/_ext/1593096446/plib_nvmctrl.o
 .debug_frame   0x0000000000001900       0x20 build/default/production/_ext/60165242/plib_ccl.o
 .debug_frame   0x0000000000001920      0x180 build/default/production/_ext/60165182/plib_can0.o
 .debug_frame   0x0000000000001aa0       0x90 build/default/production/_ext/1865468468/plib_nvic.o
 .debug_frame   0x0000000000001b30       0x30 build/default/production/_ext/1360937237/rtc_driver.o
 .debug_frame   0x0000000000001b60      0x1ac build/default/production/_ext/1360937237/timer_driver.o
 .debug_frame   0x0000000000001d0c       0xc8 build/default/production/_ext/1865521619/plib_port.o
 .debug_frame   0x0000000000001dd4       0x84 build/default/production/_ext/1881668453/sys_int.o
 .debug_frame   0x0000000000001e58       0x30 build/default/production/_ext/1360937237/xm125_driver.o
 .debug_frame   0x0000000000001e88       0x40 build/default/production/_ext/1171490990/startup_xc32.o
 .debug_frame   0x0000000000001ec8      0x530 build/default/production/_ext/1360937237/hdc302x_driver.o
 .debug_frame   0x00000000000023f8      0x348 build/default/production/_ext/869808652/drv_usart.o
 .debug_frame   0x0000000000002740       0xe0 build/default/production/_ext/60181570/plib_tcc0.o
 .debug_frame   0x0000000000002820       0x30 build/default/production/_ext/1360937237/rstc_driver.o
 .debug_frame   0x0000000000002850      0x250 build/default/production/_ext/158385033/drv_i2c.o
 .debug_frame   0x0000000000002aa0       0x80 build/default/production/_ext/1865510628/plib_pdec.o
 .debug_frame   0x0000000000002b20       0x30 build/default/production/_ext/1360937237/console_driver.o
 .debug_frame   0x0000000000002b50      0x120 build/default/production/_ext/1360937237/can0_driver.o
 .debug_frame   0x0000000000002c70      0x23c build/default/production/_ext/2070931557/drv_spi.o
 .debug_frame   0x0000000000002eac       0xf8 build/default/production/_ext/60180175/plib_rtc_timer.o
 .debug_frame   0x0000000000002fa4       0x20 build/default/production/_ext/1986646378/plib_evsys.o
 .debug_frame   0x0000000000002fc4       0xe8 build/default/production/_ext/1832805299/sys_console_uart.o
 .debug_frame   0x00000000000030ac       0x30 build/default/production/_ext/1171490990/exceptions.o
 .debug_frame   0x00000000000030dc      0x254 build/default/production/_ext/504274921/plib_sercom2_usart.o
 .debug_frame   0x0000000000003330       0x48 c:/applications/microchip/xc32/bin/bin/../../lib/gcc/pic32c/8.3.1/../../../../pic32c/lib/thumb/v6-m/nofp\libpic32c.a(data_init.o)
 .debug_frame   0x0000000000003378       0x28 c:/applications/microchip/xc32/bin/bin/../../lib/gcc/pic32c/8.3.1/../../../../pic32c/lib/thumb/v6-m/nofp\libc-size-musl.a(memcpy.o)
 .debug_frame   0x00000000000033a0       0x20 c:/applications/microchip/xc32/bin/bin/../../lib/gcc/pic32c/8.3.1/../../../../pic32c/lib/thumb/v6-m/nofp\libc-size-musl.a(memset.o)
 .debug_frame   0x00000000000033c0       0x38 c:/applications/microchip/xc32/bin/bin/../../lib/gcc/pic32c/8.3.1/../../../../pic32c/lib/thumb/v6-m/nofp\libc-musl.a(__libc_start_main.o)
 .debug_frame   0x00000000000033f8       0x20 c:/applications/microchip/xc32/bin/bin/../../lib/gcc/pic32c/8.3.1/thumb/v6-m/nofp\libgcc.a(_udivsi3.o)
 .debug_frame   0x0000000000003418       0x34 c:/applications/microchip/xc32/bin/bin/../../lib/gcc/pic32c/8.3.1/thumb/v6-m/nofp\libgcc.a(_muldi3.o)
 .debug_frame   0x000000000000344c       0x30 c:/applications/microchip/xc32/bin/bin/../../lib/gcc/pic32c/8.3.1/thumb/v6-m/nofp\libgcc.a(_udivmoddi4.o)
 .debug_frame   0x000000000000347c       0x20 c:/applications/microchip/xc32/bin/bin/../../lib/gcc/pic32c/8.3.1/../../../../pic32c/lib/thumb/v6-m/nofp\libpic32c.a(pic32_data_init_clear.o)
 .debug_frame   0x000000000000349c       0x28 c:/applications/microchip/xc32/bin/bin/../../lib/gcc/pic32c/8.3.1/../../../../pic32c/lib/thumb/v6-m/nofp\libpic32c.a(pic32_data_init_copy.o)

.note.GNU-stack
                0x0000000000000000        0x0
 .note.GNU-stack
                0x0000000000000000        0x0 c:/applications/microchip/xc32/bin/bin/../../lib/gcc/pic32c/8.3.1/../../../../pic32c/lib/thumb/v6-m/nofp\libc-size-musl.a(memcpy.o)
 .note.GNU-stack
                0x0000000000000000        0x0 c:/applications/microchip/xc32/bin/bin/../../lib/gcc/pic32c/8.3.1/../../../../pic32c/lib/thumb/v6-m/nofp\libc-size-musl.a(memset.o)
 .note.GNU-stack
                0x0000000000000000        0x0 c:/applications/microchip/xc32/bin/bin/../../lib/gcc/pic32c/8.3.1/../../../../pic32c/lib/thumb/v6-m/nofp\libc-musl.a(__libc_start_main.o)
 .note.GNU-stack
                0x0000000000000000        0x0 c:/applications/microchip/xc32/bin/bin/../../lib/gcc/pic32c/8.3.1/../../../../pic32c/lib/thumb/v6-m/nofp\libc-musl.a(libc.o)
 .note.GNU-stack
                0x0000000000000000        0x0 c:/applications/microchip/xc32/bin/bin/../../lib/gcc/pic32c/8.3.1/../../../../pic32c/lib/thumb/v6-m/nofp\libc-musl.a(__environ.o)

.stack          0x0000000020008700      0x100
 .stack         0x0000000020008700      0x100 stack

.bss.can0_driverData%1
                0x0000000020000000     0x4940
 .bss.can0_driverData
                0x0000000020000000     0x4940 build/default/production/_ext/1360937237/can0_driver.o
                0x0000000020000000                can0_driverData

.bss.SERCOM2_USART_ReadBuffer%2
                0x0000000020004940     0x1000
 .bss.SERCOM2_USART_ReadBuffer
                0x0000000020004940     0x1000 build/default/production/_ext/504274921/plib_sercom2_usart.o

.bss.SERCOM2_USART_WriteBuffer%3
                0x0000000020005940     0x1000
 .bss.SERCOM2_USART_WriteBuffer
                0x0000000020005940     0x1000 build/default/production/_ext/504274921/plib_sercom2_usart.o

.bss.timers%4   0x0000000020006940      0x640
 .bss.timers    0x0000000020006940      0x640 build/default/production/_ext/101884895/sys_time.o

.bss.eicCallbackObject%5
                0x0000000020006f80       0xc0
 .bss.eicCallbackObject
                0x0000000020006f80       0xc0 build/default/production/_ext/60167341/plib_eic.o

.bss.drvUSART0BufferObjPool%6
                0x0000000020007040       0xb4
 .bss.drvUSART0BufferObjPool
                0x0000000020007040       0xb4 build/default/production/_ext/1171490990/initialization.o

.bss.drvSPI0TransferObjPool%7
                0x00000000200070f4       0x90
 .bss.drvSPI0TransferObjPool
                0x00000000200070f4       0x90 build/default/production/_ext/1171490990/initialization.o

.bss.gDrvSPIObj%8
                0x0000000020007184       0x74
 .bss.gDrvSPIObj
                0x0000000020007184       0x74 build/default/production/_ext/2070931557/drv_spi.o

.bss.gDrvUSARTObj%9
                0x00000000200071f8       0x60
 .bss.gDrvUSARTObj
                0x00000000200071f8       0x60 build/default/production/_ext/869808652/drv_usart.o

.bss.drvI2C0TransferObj%10
                0x0000000020007258       0x58
 .bss.drvI2C0TransferObj
                0x0000000020007258       0x58 build/default/production/_ext/1171490990/initialization.o

.bss%11         0x00000000200072b0       0x50
 .bss           0x00000000200072b0       0x50 c:/applications/microchip/xc32/bin/bin/../../lib/gcc/pic32c/8.3.1/../../../../pic32c/lib/thumb/v6-m/nofp\libc-musl.a(libc.o)
                0x00000000200072b0                __progname_full
                0x00000000200072b0                program_invocation_name
                0x00000000200072b4                program_invocation_short_name
                0x00000000200072b4                __progname
                0x00000000200072b8                __sysinfo
                0x00000000200072bc                __hwcap
                0x00000000200072c0                __libc

.bss.gSystemCounterObj%12
                0x0000000020007300       0x40
 .bss.gSystemCounterObj
                0x0000000020007300       0x40 build/default/production/_ext/101884895/sys_time.o

.bss.descriptor_section%13
                0x0000000020007340       0x40
 .bss.descriptor_section
                0x0000000020007340       0x40 build/default/production/_ext/1865161661/plib_dmac.o

.bss.dmacChannelObj%14
                0x0000000020007380       0x40
 .bss.dmacChannelObj
                0x0000000020007380       0x40 build/default/production/_ext/1865161661/plib_dmac.o

.bss.write_back_section%15
                0x00000000200073c0       0x40
 .bss.write_back_section
                0x00000000200073c0       0x40 build/default/production/_ext/1865161661/plib_dmac.o

.bss.can0DataTx%16
                0x0000000020007400       0x40
 .bss.can0DataTx
                0x0000000020007400       0x40 build/default/production/_ext/1360937237/can0_driver.o
                0x0000000020007400                can0DataTx

.bss.sercom2USARTObj%17
                0x0000000020007440       0x40
 .bss.sercom2USARTObj
                0x0000000020007440       0x40 build/default/production/_ext/504274921/plib_sercom2_usart.o

.bss.gDrvI2CObj%18
                0x0000000020007480       0x3c
 .bss.gDrvI2CObj
                0x0000000020007480       0x3c build/default/production/_ext/158385033/drv_i2c.o

.bss.sercom3USARTObj%19
                0x00000000200074bc       0x30
 .bss.sercom3USARTObj
                0x00000000200074bc       0x30 build/default/production/_ext/504274921/plib_sercom3_usart.o

.bss.sercom0I2CObj%20
                0x00000000200074ec       0x2c
 .bss.sercom0I2CObj
                0x00000000200074ec       0x2c build/default/production/_ext/508257091/plib_sercom0_i2c_master.o

.bss.sercom1SPIObj%21
                0x0000000020007518       0x2c
 .bss.sercom1SPIObj
                0x0000000020007518       0x2c build/default/production/_ext/17022449/plib_sercom1_spi_master.o

.bss.drvSPI0ClientObjPool%22
                0x0000000020007544       0x28
 .bss.drvSPI0ClientObjPool
                0x0000000020007544       0x28 build/default/production/_ext/1171490990/initialization.o

.bss.bme690_driverData%23
                0x000000002000756c       0x20
 .bss.bme690_driverData
                0x000000002000756c       0x20 build/default/production/_ext/1360937237/bme690_driver.o
                0x000000002000756c                bme690_driverData

.bss.sht4x_driverData%24
                0x000000002000758c       0x20
 .bss.sht4x_driverData
                0x000000002000758c       0x20 build/default/production/_ext/1360937237/sht4x_driver.o
                0x000000002000758c                sht4x_driverData

.bss.mcp9808_driverData%25
                0x00000000200075ac       0x20
 .bss.mcp9808_driverData
                0x00000000200075ac       0x20 build/default/production/_ext/1360937237/mcp9808_driver.o
                0x00000000200075ac                mcp9808_driverData

.bss.hdc302x_driverData%26
                0x00000000200075cc       0x20
 .bss.hdc302x_driverData
                0x00000000200075cc       0x20 build/default/production/_ext/1360937237/hdc302x_driver.o
                0x00000000200075cc                hdc302x_driverData

.bss%27         0x00000000200075ec       0x1c
 .bss           0x00000000200075ec       0x1c c:/applications/microchip/xc32/bin/bin/../../lib/gcc/pic32c/8.3.1/thumb/v6-m/nofp/crtbegin.o

.bss.can0Obj%28
                0x0000000020007608       0x1c
 .bss.can0Obj   0x0000000020007608       0x1c build/default/production/_ext/60165182/plib_can0.o

.bss.drvI2C0ClientObjPool%29
                0x0000000020007624       0x18
 .bss.drvI2C0ClientObjPool
                0x0000000020007624       0x18 build/default/production/_ext/1171490990/initialization.o

.bss.sysObj%30  0x000000002000763c       0x14
 .bss.sysObj    0x000000002000763c       0x14 build/default/production/_ext/1171490990/initialization.o
                0x000000002000763c                sysObj

.bss.timer_driverData%31
                0x0000000020007650       0x14
 .bss.timer_driverData
                0x0000000020007650       0x14 build/default/production/_ext/1360937237/timer_driver.o
                0x0000000020007650                timer_driverData

.bss.drvUSART0ClientObjPool%32
                0x0000000020007664       0x10
 .bss.drvUSART0ClientObjPool
                0x0000000020007664       0x10 build/default/production/_ext/1171490990/initialization.o

.bss.mcp9808_sensorData%33
                0x0000000020007674       0x10
 .bss.mcp9808_sensorData
                0x0000000020007674       0x10 build/default/production/_ext/1360937237/mcp9808_driver.o
                0x0000000020007674                mcp9808_sensorData

.bss.consoleDeviceInstance%34
                0x0000000020007684        0xc
 .bss.consoleDeviceInstance
                0x0000000020007684        0xc build/default/production/_ext/1832805299/sys_console.o

.bss.rtcObj%35  0x0000000020007690        0xc
 .bss.rtcObj    0x0000000020007690        0xc build/default/production/_ext/60180175/plib_rtc_timer.o

.bss.supcCallbackObject%36
                0x000000002000769c        0x8
 .bss.supcCallbackObject